darts-linear-solvers built on Jan 26 2024 15:02:02 by shahr@Calmking from debc197feab3b468796bcb4389d9fb14f8ac27d2
darts-engines built on Jan 26 2024 15:02:01 by shahr@Calmking from debc197feab3b468796bcb4389d9fb14f8ac27d2
darts-discretizer built on Jan 26 2024 15:02:02 by shahr@Calmking from debc197feab3b468796bcb4389d9fb14f8ac27d2
Processing mesh: 300 reservoir blocks, 4 well blocks, 744 connections
3-phase 3-component isothermal flow with kinetic reaction and diffusion CPU engine
Sim params: 
	First ts: 	1e-06
	Max ts: 	10
	Mult ts: 	2
	Max i newton: 	10
	Max i linear: 	50
	Tol newton: 	0.001
	Tol linear: 	1e-07

START SIMULATION
-------------------------------------------------------------------------------------------------------------
Well I1 initialized with BHP injector
Well P1 initialized with BHP producer
	 #1 (2.8623e-08, 4.8377e-01): lin 1 (0.0e+00)
Composition correction applied in 1 block(s)
-------------------------------------------------------------------------------------------------------------
 T = 1e-06, DT = 1e-06, NI = 1, LI = 1, RES = 3.8e-15 (1.3e-02), CFL=0.000 (ELAPSED 69:29:51 )
-------------------------------------------------------------------------------------------------------------
	 #1 (5.7222e-08, 1.0304e-01): lin 1 (0.0e+00)
Composition correction applied in 1 block(s)
-------------------------------------------------------------------------------------------------------------
 T = 3e-06, DT = 2e-06, NI = 1, LI = 1, RES = 1.3e-13 (2.7e-02), CFL=0.000 (ELAPSED 69:29:52 )
-------------------------------------------------------------------------------------------------------------
	 #1 (1.1441e-07, 2.0602e-01): lin 1 (0.0e+00)
Composition correction applied in 1 block(s)
	 #2 (6.0878e-14, 1.3630e-01): lin 1 (0.0e+00)
Composition correction applied in 1 block(s)
-------------------------------------------------------------------------------------------------------------
 T = 7e-06, DT = 4e-06, NI = 2, LI = 2, RES = 2.0e-16 (5.8e-02), CFL=0.000 (ELAPSED 69:29:52 )
-------------------------------------------------------------------------------------------------------------
	 #1 (2.2867e-07, 4.0708e-01): lin 1 (0.0e+00)
Composition correction applied in 1 block(s)
	 #2 (2.4286e-13, 4.1405e-01): lin 1 (0.0e+00)
Composition correction applied in 1 block(s)
	 #3 (1.7759e-16, 5.7310e-01): lin 1 (0.0e+00)
Composition correction applied in 1 block(s)
	 #4 (1.8026e-16, 7.0784e-01): lin 1 (0.0e+00)
Composition correction applied in 1 block(s)
	 #5 (2.6972e-16, 2.6695e+00): lin 1 (0.0e+00)
Composition correction applied in 1 block(s)
	 #6 (2.9093e-16, 5.2734e-01): lin 1 (0.0e+00)
Composition correction applied in 1 block(s)
	 #7 (1.8058e-16, 2.2304e-01): lin 1 (0.0e+00)
Composition correction applied in 1 block(s)
-------------------------------------------------------------------------------------------------------------
 T = 1.5e-05, DT = 8e-06, NI = 7, LI = 7, RES = 1.8e-16 (6.1e-02), CFL=0.000 (ELAPSED 69:29:53 )
-------------------------------------------------------------------------------------------------------------
	 #1 (4.5674e-07, 5.7979e-01): lin 1 (0.0e+00)
Composition correction applied in 1 block(s)
	 #2 (9.6648e-13, 3.9653e-01): lin 1 (0.0e+00)
Composition correction applied in 1 block(s)
-------------------------------------------------------------------------------------------------------------
 T = 3.1e-05, DT = 1.6e-05, NI = 2, LI = 2, RES = 1.6e-16 (3.9e-02), CFL=0.000 (ELAPSED 69:29:53 )
-------------------------------------------------------------------------------------------------------------
	 #1 (9.1115e-07, 2.8142e-01): lin 1 (0.0e+00)
Composition correction applied in 1 block(s)
-------------------------------------------------------------------------------------------------------------
 T = 6.3e-05, DT = 3.2e-05, NI = 1, LI = 1, RES = 3.8e-12 (3.3e-02), CFL=0.000 (ELAPSED 69:29:53 )
-------------------------------------------------------------------------------------------------------------
	 #1 (1.8132e-06, 6.1585e-02): lin 1 (0.0e+00)
Composition correction applied in 1 block(s)
-------------------------------------------------------------------------------------------------------------
 T = 0.000127, DT = 6.4e-05, NI = 1, LI = 1, RES = 2.3e-11 (2.9e-04), CFL=0.000 (ELAPSED 69:29:53 )
-------------------------------------------------------------------------------------------------------------
	 #1 (3.5913e-06, 1.7001e-03): lin 1 (0.0e+00)
Composition correction applied in 1 block(s)
-------------------------------------------------------------------------------------------------------------
 T = 0.000255, DT = 0.000128, NI = 1, LI = 1, RES = 7.0e-11 (2.4e-07), CFL=0.000 (ELAPSED 69:29:54 )
-------------------------------------------------------------------------------------------------------------
	 #1 (7.0537e-06, 3.5264e-05): lin 1 (0.0e+00)
Composition correction applied in 1 block(s)
-------------------------------------------------------------------------------------------------------------
 T = 0.000511, DT = 0.000256, NI = 1, LI = 1, RES = 2.2e-10 (7.8e-08), CFL=0.000 (ELAPSED 69:29:54 )
-------------------------------------------------------------------------------------------------------------
	 #1 (1.3667e-05, 3.0878e-06): lin 1 (0.0e+00)
Composition correction applied in 1 block(s)
-------------------------------------------------------------------------------------------------------------
 T = 0.001023, DT = 0.000512, NI = 1, LI = 1, RES = 8.3e-10 (1.7e-07), CFL=0.000 (ELAPSED 69:29:54 )
-------------------------------------------------------------------------------------------------------------
	 #1 (2.6016e-05, 6.1758e-06): lin 1 (0.0e+00)
Composition correction applied in 1 block(s)
-------------------------------------------------------------------------------------------------------------
 T = 0.002047, DT = 0.001024, NI = 1, LI = 1, RES = 3.0e-09 (2.5e-06), CFL=0.000 (ELAPSED 69:29:54 )
-------------------------------------------------------------------------------------------------------------
	 #1 (4.8758e-05, 1.2352e-05): lin 1 (0.0e+00)
Composition correction applied in 1 block(s)
-------------------------------------------------------------------------------------------------------------
 T = 0.004095, DT = 0.002048, NI = 1, LI = 1, RES = 1.0e-08 (2.2e-05), CFL=0.000 (ELAPSED 69:29:54 )
-------------------------------------------------------------------------------------------------------------
	 #1 (9.0793e-05, 4.7565e-05): lin 1 (0.0e+00)
Composition correction applied in 1 block(s)
-------------------------------------------------------------------------------------------------------------
 T = 0.008191, DT = 0.004096, NI = 1, LI = 1, RES = 3.0e-08 (1.4e-04), CFL=0.000 (ELAPSED 69:29:54 )
-------------------------------------------------------------------------------------------------------------
	 #1 (1.6855e-04, 2.8983e-04): lin 1 (0.0e+00)
Composition correction applied in 1 block(s)
-------------------------------------------------------------------------------------------------------------
 T = 0.016383, DT = 0.008192, NI = 1, LI = 1, RES = 1.1e-07 (8.2e-04), CFL=0.001 (ELAPSED 69:29:55 )
-------------------------------------------------------------------------------------------------------------
	 #1 (3.1046e-04, 1.6572e-03): lin 1 (0.0e+00)
Composition correction applied in 1 block(s)
-------------------------------------------------------------------------------------------------------------
 T = 0.032767, DT = 0.016384, NI = 1, LI = 1, RES = 3.6e-07 (5.2e-03), CFL=0.002 (ELAPSED 69:29:55 )
-------------------------------------------------------------------------------------------------------------
	 #1 (5.6354e-04, 1.0388e-02): lin 1 (0.0e+00)
Composition correction applied in 1 block(s)
-------------------------------------------------------------------------------------------------------------
 T = 0.065535, DT = 0.032768, NI = 1, LI = 1, RES = 1.2e-06 (3.2e-02), CFL=0.004 (ELAPSED 69:29:56 )
-------------------------------------------------------------------------------------------------------------
	 #1 (9.8863e-04, 6.3454e-02): lin 1 (0.0e+00)
Composition correction applied in 1 block(s)
	 #2 (4.5094e-06, 2.0599e-01): lin 1 (0.0e+00)
Composition correction applied in 1 block(s)
-------------------------------------------------------------------------------------------------------------
 T = 0.131071, DT = 0.065536, NI = 2, LI = 2, RES = 3.8e-11 (1.4e-07), CFL=0.006 (ELAPSED 69:29:56 )
-------------------------------------------------------------------------------------------------------------
	 #1 (1.6102e-03, 7.9168e-04): lin 1 (0.0e+00)
Composition correction applied in 1 block(s)
	 #2 (2.7889e-05, 1.7266e+01): lin 1 (0.0e+00)
Composition correction applied in 1 block(s)
-------------------------------------------------------------------------------------------------------------
 T = 0.262143, DT = 0.131072, NI = 2, LI = 2, RES = 2.1e-08 (7.9e-03), CFL=0.009 (ELAPSED 69:29:57 )
-------------------------------------------------------------------------------------------------------------
	 #1 (2.3614e-03, 1.5827e-02): lin 1 (0.0e+00)
Composition correction applied in 1 block(s)
	 #2 (1.1201e-04, 4.8840e+00): lin 1 (0.0e+00)
Composition correction applied in 1 block(s)
	 #3 (1.1096e-07, 1.9106e-01): lin 1 (0.0e+00)
Composition correction applied in 1 block(s)
-------------------------------------------------------------------------------------------------------------
 T = 0.524287, DT = 0.262144, NI = 3, LI = 3, RES = 1.3e-13 (4.5e-07), CFL=0.012 (ELAPSED 69:29:59 )
-------------------------------------------------------------------------------------------------------------
	 #1 (3.1839e-03, 3.4812e-03): lin 1 (0.0e+00)
Composition correction applied in 1 block(s)
	 #2 (1.4159e-04, 3.0011e+02): lin 1 (0.0e+00)
Composition correction applied in 1 block(s)
	 #3 (2.4082e-07, 6.2923e-01): lin 1 (0.0e+00)
Composition correction applied in 1 block(s)
-------------------------------------------------------------------------------------------------------------
 T = 1.04858, DT = 0.524288, NI = 3, LI = 3, RES = 5.6e-13 (8.3e-07), CFL=0.015 (ELAPSED 69:30:00 )
-------------------------------------------------------------------------------------------------------------
	 #1 (4.4021e-03, 7.6307e-03): lin 1 (0.0e+00)
Composition correction applied in 1 block(s)
