darts-linear-solvers built on May 28 2024 00:49:14 by shahr@Calmking from 247eda4af813de1342018beb06a9e30ede12319d
darts-engines built on May 28 2024 00:49:14 by shahr@Calmking from 247eda4af813de1342018beb06a9e30ede12319d
darts-discretizer built on May 28 2024 00:49:14 by shahr@Calmking from 247eda4af813de1342018beb06a9e30ede12319d
Processing mesh: 5 reservoir blocks, 4 well blocks, 8 connections
2-phase 3-component isothermal flow with kinetic reaction and diffusion CPU engine
Sim params: 
	First ts: 	0.001
	Max ts: 	1
	Mult ts: 	2
	Max i newton: 	10
	Max i linear: 	50
	Tol newton: 	0.01
	Tol linear: 	0.001

START SIMULATION
-------------------------------------------------------------------------------------------------------------
Well I1 initialized with BHP injector
Well P1 initialized with BHP producer
csr_matrix_base::write_matrix_to_file will be deprecated in the future.
	 #1 (1.1276e+00, 3.0267e+02): lin 1 (0.0e+00)
Composition correction applied in 2 block(s)
csr_matrix_base::write_matrix_to_file will be deprecated in the future.
-------------------------------------------------------------------------------------------------------------
 T = 0.001, DT = 0.001, NI = 1, LI = 1, RES = 6.1e-03 (2.7e-03), CFL=0.075 (ELAPSED 00:00:00 )
-------------------------------------------------------------------------------------------------------------
csr_matrix_base::write_matrix_to_file will be deprecated in the future.
	 #1 (1.8187e-01, 5.3347e-03): lin 1 (0.0e+00)
Composition correction applied in 2 block(s)
csr_matrix_base::write_matrix_to_file will be deprecated in the future.
	 #2 (9.3753e-02, 1.7253e-06): lin 1 (0.0e+00)
Composition correction applied in 1 block(s)
csr_matrix_base::write_matrix_to_file will be deprecated in the future.
-------------------------------------------------------------------------------------------------------------
 T = 0.003, DT = 0.002, NI = 2, LI = 2, RES = 7.7e-03 (2.7e-05), CFL=0.177 (ELAPSED 00:00:00 )
-------------------------------------------------------------------------------------------------------------
csr_matrix_base::write_matrix_to_file will be deprecated in the future.
	 #1 (1.0786e-01, 1.0466e-04): lin 1 (0.0e+00)
Composition correction applied in 1 block(s)
csr_matrix_base::write_matrix_to_file will be deprecated in the future.
	 #2 (1.0984e-01, 2.4440e-05): lin 1 (0.0e+00)
Composition correction applied in 2 block(s)
csr_matrix_base::write_matrix_to_file will be deprecated in the future.
-------------------------------------------------------------------------------------------------------------
 T = 0.006, DT = 0.004, NI = 2, LI = 2, RES = 4.0e-03 (1.8e-05), CFL=0.423 (ELAPSED 00:00:00 )
-------------------------------------------------------------------------------------------------------------
csr_matrix_base::write_matrix_to_file will be deprecated in the future.
	 #1 (1.9656e-01, 2.8273e-03): lin 1 (0.0e+00)
Composition correction applied in 2 block(s)
csr_matrix_base::write_matrix_to_file will be deprecated in the future.
	 #2 (2.9993e-01, 1.1939e-04): lin 1 (0.0e+00)
Composition correction applied in 2 block(s)
csr_matrix_base::write_matrix_to_file will be deprecated in the future.
	 #3 (7.3861e-02, 1.6331e-04): lin 1 (0.0e+00)
Composition correction applied in 2 block(s)
csr_matrix_base::write_matrix_to_file will be deprecated in the future.
-------------------------------------------------------------------------------------------------------------
 T = 0.011, DT = 0.008, NI = 3, LI = 3, RES = 8.8e-04 (1.7e-05), CFL=0.740 (ELAPSED 00:00:00 )
-------------------------------------------------------------------------------------------------------------
csr_matrix_base::write_matrix_to_file will be deprecated in the future.
	 #1 (3.2844e-01, 4.4751e-02): lin 1 (0.0e+00)
Composition correction applied in 2 block(s)
csr_matrix_base::write_matrix_to_file will be deprecated in the future.
	 #2 (1.1331e+00, 2.1891e-01): lin 1 (0.0e+00)
Composition correction applied in 2 block(s)
csr_matrix_base::write_matrix_to_file will be deprecated in the future.
	 #3 (1.7506e-01, 9.4587e-01): lin 1 (0.0e+00)
Composition correction applied in 2 block(s)
csr_matrix_base::write_matrix_to_file will be deprecated in the future.
-------------------------------------------------------------------------------------------------------------
 T = 0.02, DT = 0.016, NI = 3, LI = 3, RES = 7.3e-03 (7.3e-03), CFL=1.446 (ELAPSED 00:00:00 )
-------------------------------------------------------------------------------------------------------------
csr_matrix_base::write_matrix_to_file will be deprecated in the future.
	 #1 (6.3761e-01, 4.1290e-01): lin 1 (0.0e+00)
Composition correction applied in 2 block(s)
csr_matrix_base::write_matrix_to_file will be deprecated in the future.
	 #2 (7.3284e-01, 3.7142e+01): lin 1 (0.0e+00)
csr_matrix_base::write_matrix_to_file will be deprecated in the future.
	 #3 (1.2573e-01, 2.6720e+00): lin 1 (0.0e+00)
Composition correction applied in 2 block(s)
csr_matrix_base::write_matrix_to_file will be deprecated in the future.
	 #4 (2.8744e-03, 1.6385e+00): lin 1 (0.0e+00)
Composition correction applied in 2 block(s)
csr_matrix_base::write_matrix_to_file will be deprecated in the future.
-------------------------------------------------------------------------------------------------------------
 T = 0.037, DT = 0.032, NI = 4, LI = 4, RES = 5.2e-07 (6.7e-04), CFL=4.654 (ELAPSED 00:00:00 )
-------------------------------------------------------------------------------------------------------------
csr_matrix_base::write_matrix_to_file will be deprecated in the future.
	 #1 (2.2066e+00, 2.0929e+00): lin 1 (0.0e+00)
Composition correction applied in 3 block(s)
Local chop applied in 7 block(s)
csr_matrix_base::write_matrix_to_file will be deprecated in the future.
	 #2 (1.5169e+00, 1.2800e+01): lin 1 (0.0e+00)
Composition correction applied in 2 block(s)
Local chop applied in 1 block(s)
csr_matrix_base::write_matrix_to_file will be deprecated in the future.
	 #3 (1.8232e+00, 4.5186e+00): lin 1 (0.0e+00)
Composition correction applied in 2 block(s)
Local chop applied in 1 block(s)
csr_matrix_base::write_matrix_to_file will be deprecated in the future.
	 #4 (1.6135e+00, 3.1734e-01): lin 1 (0.0e+00)
Composition correction applied in 2 block(s)
Local chop applied in 1 block(s)
csr_matrix_base::write_matrix_to_file will be deprecated in the future.
	 #5 (1.1800e+00, 2.8986e-03): lin 1 (0.0e+00)
Composition correction applied in 3 block(s)
Local chop applied in 1 block(s)
csr_matrix_base::write_matrix_to_file will be deprecated in the future.
	 #6 (8.2584e-01, 1.1467e-04): lin 1 (0.0e+00)
Composition correction applied in 2 block(s)
csr_matrix_base::write_matrix_to_file will be deprecated in the future.
	 #7 (2.5074e-02, 1.0357e-01): lin 1 (0.0e+00)
Composition correction applied in 2 block(s)
csr_matrix_base::write_matrix_to_file will be deprecated in the future.
-------------------------------------------------------------------------------------------------------------
 T = 0.07, DT = 0.064, NI = 7, LI = 7, RES = 1.3e-04 (6.6e-05), CFL=15.631 (ELAPSED 00:00:01 )
-------------------------------------------------------------------------------------------------------------
csr_matrix_base::write_matrix_to_file will be deprecated in the future.
	 #1 (9.2517e+00, 1.2549e+01): lin 1 (0.0e+00)
Composition correction applied in 9 block(s)
Local chop applied in 6 block(s)
csr_matrix_base::write_matrix_to_file will be deprecated in the future.
	 #2 (1.1420e+01, 5.0026e+02): lin 1 (0.0e+00)
Composition correction applied in 3 block(s)
Local chop applied in 2 block(s)
csr_matrix_base::write_matrix_to_file will be deprecated in the future.
	 #3 (2.2498e+01, 4.8649e+02): lin 1 (0.0e+00)
Composition correction applied in 3 block(s)
Local chop applied in 2 block(s)
csr_matrix_base::write_matrix_to_file will be deprecated in the future.
	 #4 (1.8351e+01, 4.5583e+00): lin 1 (0.0e+00)
Composition correction applied in 3 block(s)
Local chop applied in 2 block(s)
csr_matrix_base::write_matrix_to_file will be deprecated in the future.
	 #5 (1.7408e+01, 4.6869e+00): lin 1 (0.0e+00)
Composition correction applied in 3 block(s)
csr_matrix_base::write_matrix_to_file will be deprecated in the future.
	 #6 (1.8476e+01, 2.0648e+00): lin 1 (0.0e+00)
Composition correction applied in 3 block(s)
Local chop applied in 2 block(s)
csr_matrix_base::write_matrix_to_file will be deprecated in the future.
	 #7 (1.4172e+01, 5.9444e+00): lin 1 (0.0e+00)
Composition correction applied in 3 block(s)
Local chop applied in 5 block(s)
csr_matrix_base::write_matrix_to_file will be deprecated in the future.
	 #8 (4.8780e+01, 4.6497e+01): lin 1 (0.0e+00)
Composition correction applied in 3 block(s)
csr_matrix_base::write_matrix_to_file will be deprecated in the future.
	 #9 (9.2552e+00, 7.2175e+00): lin 1 (0.0e+00)
Composition correction applied in 2 block(s)
Local chop applied in 2 block(s)
csr_matrix_base::write_matrix_to_file will be deprecated in the future.
	 #10 (1.1551e+01, 1.0410e+01): lin 1 (0.0e+00)
Composition correction applied in 3 block(s)
Local chop applied in 2 block(s)
csr_matrix_base::write_matrix_to_file will be deprecated in the future.
FAILED TO CONVERGE WITH DT = 0.128 (newton residual reservoir) 
csr_matrix_base::write_matrix_to_file will be deprecated in the future.
	 #1 (4.6259e+00, 6.2744e+00): lin 1 (0.0e+00)
Composition correction applied in 3 block(s)
Local chop applied in 2 block(s)
csr_matrix_base::write_matrix_to_file will be deprecated in the future.
	 #2 (1.2922e+01, 1.4280e+02): lin 1 (0.0e+00)
Composition correction applied in 2 block(s)
Local chop applied in 1 block(s)
csr_matrix_base::write_matrix_to_file will be deprecated in the future.
	 #3 (4.6386e+00, 1.1391e+01): lin 1 (0.0e+00)
Composition correction applied in 3 block(s)
Local chop applied in 1 block(s)
csr_matrix_base::write_matrix_to_file will be deprecated in the future.
	 #4 (4.0906e+00, 2.1511e-01): lin 1 (0.0e+00)
Composition correction applied in 3 block(s)
Local chop applied in 1 block(s)
csr_matrix_base::write_matrix_to_file will be deprecated in the future.
	 #5 (3.7843e+00, 4.8528e-01): lin 1 (0.0e+00)
Composition correction applied in 3 block(s)
csr_matrix_base::write_matrix_to_file will be deprecated in the future.
	 #6 (3.7385e+00, 1.4347e-01): lin 1 (0.0e+00)
Composition correction applied in 2 block(s)
Local chop applied in 1 block(s)
csr_matrix_base::write_matrix_to_file will be deprecated in the future.
	 #7 (8.0858e-01, 3.6613e+00): lin 1 (0.0e+00)
Composition correction applied in 3 block(s)
Local chop applied in 1 block(s)
csr_matrix_base::write_matrix_to_file will be deprecated in the future.
	 #8 (5.7623e+00, 3.9711e+00): lin 1 (0.0e+00)
Composition correction applied in 2 block(s)
Local chop applied in 1 block(s)
csr_matrix_base::write_matrix_to_file will be deprecated in the future.
	 #9 (8.5755e-01, 2.0012e+00): lin 1 (0.0e+00)
Composition correction applied in 3 block(s)
Local chop applied in 1 block(s)
csr_matrix_base::write_matrix_to_file will be deprecated in the future.
	 #10 (5.6752e+00, 2.9697e+00): lin 1 (0.0e+00)
Composition correction applied in 2 block(s)
Local chop applied in 1 block(s)
csr_matrix_base::write_matrix_to_file will be deprecated in the future.
FAILED TO CONVERGE WITH DT = 0.064 (newton residual reservoir) 
csr_matrix_base::write_matrix_to_file will be deprecated in the future.
	 #1 (2.3129e+00, 3.1372e+00): lin 1 (0.0e+00)
Composition correction applied in 2 block(s)
Local chop applied in 1 block(s)
csr_matrix_base::write_matrix_to_file will be deprecated in the future.
	 #2 (1.5599e+00, 1.6347e+01): lin 1 (0.0e+00)
Composition correction applied in 2 block(s)
Local chop applied in 1 block(s)
csr_matrix_base::write_matrix_to_file will be deprecated in the future.
	 #3 (4.3867e-01, 1.1170e-01): lin 1 (0.0e+00)
Composition correction applied in 2 block(s)
csr_matrix_base::write_matrix_to_file will be deprecated in the future.
	 #4 (6.4362e-02, 1.5296e-03): lin 1 (0.0e+00)
Composition correction applied in 2 block(s)
csr_matrix_base::write_matrix_to_file will be deprecated in the future.
-------------------------------------------------------------------------------------------------------------
 T = 0.039, DT = 0.032, NI = 4, LI = 4, RES = 2.0e-03 (2.7e-05), CFL=9.640 (ELAPSED 00:00:02 )
-------------------------------------------------------------------------------------------------------------
csr_matrix_base::write_matrix_to_file will be deprecated in the future.
	 #1 (6.7780e+00, 1.1418e+01): lin 1 (0.0e+00)
Composition correction applied in 5 block(s)
Local chop applied in 1 block(s)
csr_matrix_base::write_matrix_to_file will be deprecated in the future.
	 #2 (1.5730e+01, 2.5308e+02): lin 1 (0.0e+00)
Composition correction applied in 3 block(s)
Local chop applied in 1 block(s)
csr_matrix_base::write_matrix_to_file will be deprecated in the future.
	 #3 (4.1130e+00, 5.6410e+00): lin 1 (0.0e+00)
Composition correction applied in 3 block(s)
Local chop applied in 1 block(s)
csr_matrix_base::write_matrix_to_file will be deprecated in the future.
	 #4 (5.1884e+00, 1.0532e+00): lin 1 (0.0e+00)
Composition correction applied in 3 block(s)
Local chop applied in 1 block(s)
csr_matrix_base::write_matrix_to_file will be deprecated in the future.
	 #5 (4.6366e+00, 2.1887e+00): lin 1 (0.0e+00)
Composition correction applied in 3 block(s)
csr_matrix_base::write_matrix_to_file will be deprecated in the future.
	 #6 (4.7294e+00, 1.0008e+00): lin 1 (0.0e+00)
Composition correction applied in 2 block(s)
Local chop applied in 1 block(s)
csr_matrix_base::write_matrix_to_file will be deprecated in the future.
	 #7 (1.5955e+00, 7.9997e+00): lin 1 (0.0e+00)
Composition correction applied in 2 block(s)
Local chop applied in 1 block(s)
csr_matrix_base::write_matrix_to_file will be deprecated in the future.
	 #8 (5.1399e-01, 1.0722e-01): lin 1 (0.0e+00)
Composition correction applied in 2 block(s)
csr_matrix_base::write_matrix_to_file will be deprecated in the future.
	 #9 (6.2794e-02, 4.3434e-01): lin 1 (0.0e+00)
Composition correction applied in 2 block(s)
csr_matrix_base::write_matrix_to_file will be deprecated in the future.
-------------------------------------------------------------------------------------------------------------
 T = 0.072, DT = 0.064, NI = 9, LI = 9, RES = 1.4e-03 (6.4e-04), CFL=25.836 (ELAPSED 00:00:02 )
-------------------------------------------------------------------------------------------------------------
csr_matrix_base::write_matrix_to_file will be deprecated in the future.
	 #1 (2.3916e+01, 4.8199e+01): lin 1 (0.0e+00)
Composition correction applied in 9 block(s)
Local chop applied in 4 block(s)
csr_matrix_base::write_matrix_to_file will be deprecated in the future.
	 #2 (6.5931e+01, 1.5163e+02): lin 1 (0.0e+00)
Composition correction applied in 3 block(s)
csr_matrix_base::write_matrix_to_file will be deprecated in the future.
	 #3 (4.3985e+01, 5.8209e+01): lin 1 (0.0e+00)
Composition correction applied in 5 block(s)
Local chop applied in 3 block(s)
csr_matrix_base::write_matrix_to_file will be deprecated in the future.
	 #4 (2.8573e+01, 3.2337e+02): lin 1 (0.0e+00)
Composition correction applied in 5 block(s)
Local chop applied in 3 block(s)
csr_matrix_base::write_matrix_to_file will be deprecated in the future.
	 #5 (2.7211e+01, 5.4603e+02): lin 1 (0.0e+00)
Composition correction applied in 5 block(s)
Local chop applied in 3 block(s)
csr_matrix_base::write_matrix_to_file will be deprecated in the future.
	 #6 (5.1943e+01, 9.2514e+02): lin 1 (0.0e+00)
Composition correction applied in 3 block(s)
csr_matrix_base::write_matrix_to_file will be deprecated in the future.
	 #7 (3.0357e+02, 7.1068e+05): lin 1 (0.0e+00)
Composition correction applied in 4 block(s)
csr_matrix_base::write_matrix_to_file will be deprecated in the future.
	 #8 (1.3555e+00, 2.8031e+04): lin 1 (0.0e+00)
Composition correction applied in 2 block(s)
csr_matrix_base::write_matrix_to_file will be deprecated in the future.
	 #9 (1.3832e-04, 2.5845e+03): lin 1 (0.0e+00)
Composition correction applied in 2 block(s)
csr_matrix_base::write_matrix_to_file will be deprecated in the future.
	 #10 (5.0991e-13, 1.8774e+00): lin 1 (0.0e+00)
Composition correction applied in 2 block(s)
csr_matrix_base::write_matrix_to_file will be deprecated in the future.
-------------------------------------------------------------------------------------------------------------
 T = 0.137, DT = 0.128, NI = 10, LI = 10, RES = 3.4e-13 (1.3e-08), CFL=60.097 (ELAPSED 00:00:03 )
-------------------------------------------------------------------------------------------------------------
csr_matrix_base::write_matrix_to_file will be deprecated in the future.
	 #1 (9.3868e+01, 2.5344e+02): lin 1 (0.0e+00)
Composition correction applied in 2 block(s)
csr_matrix_base::write_matrix_to_file will be deprecated in the future.
	 #2 (7.8056e+01, 2.6348e+02): lin 1 (0.0e+00)
Composition correction applied in 2 block(s)
csr_matrix_base::write_matrix_to_file will be deprecated in the future.
	 #3 (3.1202e-02, 2.1534e-01): lin 1 (0.0e+00)
Composition correction applied in 2 block(s)
csr_matrix_base::write_matrix_to_file will be deprecated in the future.
-------------------------------------------------------------------------------------------------------------
 T = 0.266, DT = 0.256, NI = 3, LI = 3, RES = 1.3e-09 (1.2e-08), CFL=121.032 (ELAPSED 00:00:03 )
-------------------------------------------------------------------------------------------------------------
csr_matrix_base::write_matrix_to_file will be deprecated in the future.
	 #1 (1.8855e+02, 5.0766e+02): lin 1 (0.0e+00)
Composition correction applied in 2 block(s)
csr_matrix_base::write_matrix_to_file will be deprecated in the future.
	 #2 (6.5503e+00, 2.7473e+01): lin 1 (0.0e+00)
Composition correction applied in 2 block(s)
csr_matrix_base::write_matrix_to_file will be deprecated in the future.
-------------------------------------------------------------------------------------------------------------
 T = 0.523, DT = 0.512, NI = 2, LI = 2, RES = 2.0e-07 (5.0e-07), CFL=240.354 (ELAPSED 00:00:03 )
-------------------------------------------------------------------------------------------------------------
csr_matrix_base::write_matrix_to_file will be deprecated in the future.
	 #1 (3.6683e+02, 9.6820e+02): lin 1 (0.0e+00)
Composition correction applied in 2 block(s)
csr_matrix_base::write_matrix_to_file will be deprecated in the future.
	 #2 (1.6148e-02, 3.8745e-02): lin 1 (0.0e+00)
Composition correction applied in 2 block(s)
csr_matrix_base::write_matrix_to_file will be deprecated in the future.
-------------------------------------------------------------------------------------------------------------
 T = 1.012, DT = 1, NI = 2, LI = 2, RES = 3.2e-06 (5.4e-04), CFL=469.441 (ELAPSED 00:00:03 )
-------------------------------------------------------------------------------------------------------------
csr_matrix_base::write_matrix_to_file will be deprecated in the future.
	 #1 (3.9121e+01, 5.9149e+01): lin 1 (0.0e+00)
Composition correction applied in 2 block(s)
csr_matrix_base::write_matrix_to_file will be deprecated in the future.
-------------------------------------------------------------------------------------------------------------
 T = 1.013, DT = 1, NI = 1, LI = 1, RES = 1.8e-06 (1.4e-04), CFL=469.441 (ELAPSED 00:00:03 )
-------------------------------------------------------------------------------------------------------------
csr_matrix_base::write_matrix_to_file will be deprecated in the future.
	 #1 (1.1054e-01, 1.6705e-01): lin 1 (0.0e+00)
Composition correction applied in 4 block(s)
csr_matrix_base::write_matrix_to_file will be deprecated in the future.
-------------------------------------------------------------------------------------------------------------
 T = 1.014, DT = 1, NI = 1, LI = 1, RES = 2.1e-06 (1.8e-04), CFL=469.441 (ELAPSED 00:00:03 )
-------------------------------------------------------------------------------------------------------------
csr_matrix_base::write_matrix_to_file will be deprecated in the future.
	 #1 (2.9065e-04, 6.2138e-04): lin 1 (0.0e+00)
Composition correction applied in 9 block(s)
csr_matrix_base::write_matrix_to_file will be deprecated in the future.
-------------------------------------------------------------------------------------------------------------
 T = 1.015, DT = 1, NI = 1, LI = 1, RES = 7.5e-07 (4.7e-06), CFL=469.441 (ELAPSED 00:00:03 )
-------------------------------------------------------------------------------------------------------------
csr_matrix_base::write_matrix_to_file will be deprecated in the future.
	 #1 (1.8907e-08, 4.6479e-06): lin 1 (0.0e+00)
Composition correction applied in 9 block(s)
csr_matrix_base::write_matrix_to_file will be deprecated in the future.
-------------------------------------------------------------------------------------------------------------
 T = 1.016, DT = 1, NI = 1, LI = 1, RES = 1.9e-08 (4.6e-06), CFL=469.441 (ELAPSED 00:00:03 )
-------------------------------------------------------------------------------------------------------------
csr_matrix_base::write_matrix_to_file will be deprecated in the future.
	 #1 (1.8907e-08, 4.6479e-06): lin 1 (0.0e+00)
Composition correction applied in 9 block(s)
csr_matrix_base::write_matrix_to_file will be deprecated in the future.
-------------------------------------------------------------------------------------------------------------
 T = 1.017, DT = 1, NI = 1, LI = 1, RES = 1.9e-08 (4.6e-06), CFL=469.441 (ELAPSED 00:00:03 )
-------------------------------------------------------------------------------------------------------------
csr_matrix_base::write_matrix_to_file will be deprecated in the future.
	 #1 (1.8907e-08, 4.6479e-06): lin 1 (0.0e+00)
Composition correction applied in 9 block(s)
csr_matrix_base::write_matrix_to_file will be deprecated in the future.
-------------------------------------------------------------------------------------------------------------
 T = 1.018, DT = 1, NI = 1, LI = 1, RES = 1.9e-08 (4.6e-06), CFL=469.441 (ELAPSED 00:00:03 )
-------------------------------------------------------------------------------------------------------------
csr_matrix_base::write_matrix_to_file will be deprecated in the future.
	 #1 (1.8907e-08, 4.6479e-06): lin 1 (0.0e+00)
Composition correction applied in 9 block(s)
csr_matrix_base::write_matrix_to_file will be deprecated in the future.
-------------------------------------------------------------------------------------------------------------
 T = 1.019, DT = 1, NI = 1, LI = 1, RES = 1.9e-08 (4.6e-06), CFL=469.441 (ELAPSED 00:00:03 )
-------------------------------------------------------------------------------------------------------------
csr_matrix_base::write_matrix_to_file will be deprecated in the future.
	 #1 (1.6657e-08, 4.0948e-06): lin 1 (0.0e+00)
Composition correction applied in 9 block(s)
csr_matrix_base::write_matrix_to_file will be deprecated in the future.
-------------------------------------------------------------------------------------------------------------
 T = 0.901, DT = 0.881, NI = 1, LI = 1, RES = 1.7e-08 (4.1e-06), CFL=413.578 (ELAPSED 00:00:03 )
-------------------------------------------------------------------------------------------------------------

Total steps 21 (2) newton 60 (20) linear 60 (20)
---OBL Statistics---
Number of operators: 28
Number of points: 200
Number of interpolations: 14560 
Number of points used: 1398 (0.017%)
Total elapsed 3.338000 sec
	jacobian assembly 3.105000 sec
		interpolation 2.879000 sec
			property 0 interpolation 0.000000 sec
			reservoir 0 interpolation 4.025000 sec
				body generation 4.021000 sec
					point generation 4.010000 sec
			well controls interpolation 0.029000 sec
				body generation 0.029000 sec
					point generation 0.020000 sec
			wellbore interpolation 0.418000 sec
				body generation 0.415000 sec
					point generation 0.415000 sec
	linear solver setup 0.000000 sec
		SUPERLU 0.000000 sec
	linear solver solve 0.007000 sec
		SUPERLU 0.004000 sec
	newton update 0.000000 sec
		composition correction 0.004000 sec
