case:mandel, scheme:non_stabilized, mesh: wedge, overwrite: 0
darts-linear-solvers built on May  1 2023 11:41:06 by lorozco@login04 from GITDIR-NOTFOUND
darts-engines built on 15/05/2023, 14:52:47 by lorozco@login03 from 8e8f836-dirty
darts-package built on 15/05/2023 14:56:21 by lorozco@login03 from 8e8f836-dirty

Pressure gradients depend on displacements with a max coefficient: 4.615e-20
Gradient reconstruction was done!
Calculation of fluxes was done!
Processing mesh: 944 reservoir blocks including 4720 connections
Single phase 1-component isothermal poromechanics CPU engine
Sim params: 
	First ts: 	1e-05
	Max ts: 	0.1
	Mult ts: 	1.5
	Max i newton: 	10
	Max i linear: 	5000
	Tol newton: 	1e-06
	Tol linear: 	1e-10

START SIMULATION
-------------------------------------------------------------------------------------------------------------
0: rp = 0.10734003994894917	ru = 299.96569291426704	rg = 0.0	rwell = 0.0	CFL = 0.0
	 #1 (1.0734e-01, 2.9997e+02, 0.0000e+00): lin 1 (0.0e+00)
1: rp = 5.547972374382873e-05	ru = 5.815785489064276e-11	rg = 0.0	rwell = 0.0	CFL = 0.0
	 #2 (5.5480e-05, 5.8158e-11, 0.0000e+00): lin 1 (0.0e+00)
2: rp = 1.0250181056450112e-09	ru = 4.873001267377719e-13	rg = 0.0	rwell = 0.0	CFL = 0.0
-------------------------------------------------------------------------------------------------------------
 T = 0.001, DT = 0.001, NI = 2, LI = 2, RES = 1.0e-09 (inf), CFL=0.000 (ELAPSED 00:00:00 )
-------------------------------------------------------------------------------------------------------------
# 1 	T = 0.001	DT = 0.001	NI = 2	LI=2
TS = 1(0), NI = 2(0), LI = 2(0)
0: rp = 0.0004713672837336535	ru = 0.2360847825270455	rg = 0.0	rwell = 0.0	CFL = 0.0
	 #1 (4.7137e-04, 2.3608e-01, 0.0000e+00): lin 1 (0.0e+00)
1: rp = 1.1035880634744202e-07	ru = 3.669952246643387e-12	rg = 0.0	rwell = 0.0	CFL = 0.0
-------------------------------------------------------------------------------------------------------------
 T = 0.00290109, DT = 0.00190109, NI = 1, LI = 1, RES = 1.1e-07 (inf), CFL=0.000 (ELAPSED 00:00:00 )
-------------------------------------------------------------------------------------------------------------
# 1 	T = 0.00290109	DT = 0.00190109	NI = 1	LI=1
TS = 2(0), NI = 3(0), LI = 3(0)
0: rp = 0.0004992845221112305	ru = 0.2856061420552459	rg = 0.0	rwell = 0.0	CFL = 0.0
	 #1 (4.9928e-04, 2.8561e-01, 0.0000e+00): lin 1 (0.0e+00)
1: rp = 1.0796969920142545e-07	ru = 2.1183805978928213e-12	rg = 0.0	rwell = 0.0	CFL = 0.0
-------------------------------------------------------------------------------------------------------------
 T = 0.00651521, DT = 0.00361412, NI = 1, LI = 1, RES = 1.1e-07 (inf), CFL=0.000 (ELAPSED 00:00:00 )
-------------------------------------------------------------------------------------------------------------
# 1 	T = 0.00651521	DT = 0.00361412	NI = 1	LI=1
TS = 3(0), NI = 4(0), LI = 4(0)
0: rp = 0.0004596506482676659	ru = 0.37266456995219926	rg = 0.0	rwell = 0.0	CFL = 0.0
	 #1 (4.5965e-04, 3.7266e-01, 0.0000e+00): lin 1 (0.0e+00)
1: rp = 5.346317141608425e-08	ru = 9.906823113372958e-13	rg = 0.0	rwell = 0.0	CFL = 0.0
-------------------------------------------------------------------------------------------------------------
 T = 0.013386, DT = 0.00687076, NI = 1, LI = 1, RES = 5.3e-08 (inf), CFL=0.000 (ELAPSED 00:00:00 )
-------------------------------------------------------------------------------------------------------------
# 1 	T = 0.013386	DT = 0.00687076	NI = 1	LI=1
TS = 4(0), NI = 5(0), LI = 5(0)
0: rp = 0.00046342543247032507	ru = 0.5011063291430414	rg = 0.0	rwell = 0.0	CFL = 0.0
	 #1 (4.6343e-04, 5.0111e-01, 0.0000e+00): lin 1 (0.0e+00)
1: rp = 3.811967445683302e-08	ru = 7.579364748494142e-13	rg = 0.0	rwell = 0.0	CFL = 0.0
-------------------------------------------------------------------------------------------------------------
 T = 0.0264479, DT = 0.0130619, NI = 1, LI = 1, RES = 3.8e-08 (inf), CFL=0.000 (ELAPSED 00:00:00 )
-------------------------------------------------------------------------------------------------------------
# 1 	T = 0.0264479	DT = 0.0130619	NI = 1	LI=1
TS = 5(0), NI = 6(0), LI = 6(0)
0: rp = 0.0005578205187268671	ru = 0.683576991770386	rg = 0.0	rwell = 0.0	CFL = 0.0
	 #1 (5.5782e-04, 6.8358e-01, 0.0000e+00): lin 1 (0.0e+00)
1: rp = 3.735829198689079e-08	ru = 8.183038962734944e-13	rg = 0.0	rwell = 0.0	CFL = 0.0
-------------------------------------------------------------------------------------------------------------
 T = 0.0512797, DT = 0.0248318, NI = 1, LI = 1, RES = 3.7e-08 (inf), CFL=0.000 (ELAPSED 00:00:00 )
-------------------------------------------------------------------------------------------------------------
# 1 	T = 0.0512797	DT = 0.0248318	NI = 1	LI=1
TS = 6(0), NI = 7(0), LI = 7(0)
0: rp = 0.0006776163118407076	ru = 0.9398102080284239	rg = 0.0	rwell = 0.0	CFL = 0.0
	 #1 (6.7762e-04, 9.3981e-01, 0.0000e+00): lin 1 (0.0e+00)
1: rp = 4.1776192045451316e-08	ru = 1.3711447304432413e-12	rg = 0.0	rwell = 0.0	CFL = 0.0
-------------------------------------------------------------------------------------------------------------
 T = 0.098487, DT = 0.0472073, NI = 1, LI = 1, RES = 4.2e-08 (inf), CFL=0.000 (ELAPSED 00:00:00 )
-------------------------------------------------------------------------------------------------------------
# 1 	T = 0.098487	DT = 0.0472073	NI = 1	LI=1
TS = 7(0), NI = 8(0), LI = 8(0)
0: rp = 0.000802520885370253	ru = 1.2985369602825987	rg = 0.0	rwell = 0.0	CFL = 0.0
	 #1 (8.0252e-04, 1.2985e+00, 0.0000e+00): lin 1 (0.0e+00)
1: rp = 4.186360710163567e-08	ru = 1.4891070157343915e-12	rg = 0.0	rwell = 0.0	CFL = 0.0
-------------------------------------------------------------------------------------------------------------
 T = 0.188232, DT = 0.0897452, NI = 1, LI = 1, RES = 4.2e-08 (inf), CFL=0.000 (ELAPSED 00:00:00 )
-------------------------------------------------------------------------------------------------------------
# 1 	T = 0.188232	DT = 0.0897452	NI = 1	LI=1
TS = 8(0), NI = 9(0), LI = 9(0)
0: rp = 0.0009733725137185315	ru = 1.8012842840642331	rg = 0.0	rwell = 0.0	CFL = 0.0
	 #1 (9.7337e-04, 1.8013e+00, 0.0000e+00): lin 1 (0.0e+00)
1: rp = 4.4632197979939986e-08	ru = 1.7921516416351249e-12	rg = 0.0	rwell = 0.0	CFL = 0.0
-------------------------------------------------------------------------------------------------------------
 T = 0.358845, DT = 0.170613, NI = 1, LI = 1, RES = 4.5e-08 (inf), CFL=0.000 (ELAPSED 00:00:00 )
-------------------------------------------------------------------------------------------------------------
# 1 	T = 0.358845	DT = 0.170613	NI = 1	LI=1
TS = 9(0), NI = 10(0), LI = 10(0)
0: rp = 0.0012232879511594368	ru = 2.5085734617290463	rg = 0.0	rwell = 0.0	CFL = 0.0
	 #1 (1.2233e-03, 2.5086e+00, 0.0000e+00): lin 1 (0.0e+00)
1: rp = 5.2851977833249264e-08	ru = 2.661237949742353e-12	rg = 0.0	rwell = 0.0	CFL = 0.0
-------------------------------------------------------------------------------------------------------------
 T = 0.683196, DT = 0.32435, NI = 1, LI = 1, RES = 5.3e-08 (inf), CFL=0.000 (ELAPSED 00:00:01 )
-------------------------------------------------------------------------------------------------------------
# 1 	T = 0.683196	DT = 0.32435	NI = 1	LI=1
TS = 10(0), NI = 11(0), LI = 11(0)
0: rp = 0.0015772634188310052	ru = 3.510032543442621	rg = 0.0	rwell = 0.0	CFL = 0.0
	 #1 (1.5773e-03, 3.5100e+00, 0.0000e+00): lin 1 (0.0e+00)
1: rp = 6.574392644758282e-08	ru = 4.110341872686173e-12	rg = 0.0	rwell = 0.0	CFL = 0.0
-------------------------------------------------------------------------------------------------------------
 T = 1.29981, DT = 0.616617, NI = 1, LI = 1, RES = 6.6e-08 (inf), CFL=0.000 (ELAPSED 00:00:01 )
-------------------------------------------------------------------------------------------------------------
# 1 	T = 1.29981	DT = 0.616617	NI = 1	LI=1
TS = 11(0), NI = 12(0), LI = 12(0)
0: rp = 0.002076827978015739	ru = 4.94143816703445	rg = 0.0	rwell = 0.0	CFL = 0.0
	 #1 (2.0768e-03, 4.9414e+00, 0.0000e+00): lin 1 (0.0e+00)
1: rp = 8.522772548158669e-08	ru = 6.435277044951424e-12	rg = 0.0	rwell = 0.0	CFL = 0.0
-------------------------------------------------------------------------------------------------------------
 T = 2.47206, DT = 1.17224, NI = 1, LI = 1, RES = 8.5e-08 (inf), CFL=0.000 (ELAPSED 00:00:01 )
-------------------------------------------------------------------------------------------------------------
# 1 	T = 2.47206	DT = 1.17224	NI = 1	LI=1
TS = 12(0), NI = 13(0), LI = 13(0)
0: rp = 0.0027928769943850536	ru = 7.0147237792158466	rg = 0.0	rwell = 0.0	CFL = 0.0
	 #1 (2.7929e-03, 7.0147e+00, 0.0000e+00): lin 1 (0.0e+00)
1: rp = 1.1650262796720013e-07	ru = 9.174132988475168e-12	rg = 0.0	rwell = 0.0	CFL = 0.0
-------------------------------------------------------------------------------------------------------------
 T = 4.70059, DT = 2.22853, NI = 1, LI = 1, RES = 1.2e-07 (inf), CFL=0.000 (ELAPSED 00:00:01 )
-------------------------------------------------------------------------------------------------------------
# 1 	T = 4.70059	DT = 2.22853	NI = 1	LI=1
TS = 13(0), NI = 14(0), LI = 14(0)
0: rp = 0.003843435677406334	ru = 10.073523448769313	rg = 0.0	rwell = 0.0	CFL = 0.0
	 #1 (3.8434e-03, 1.0074e+01, 0.0000e+00): lin 1 (0.0e+00)
1: rp = 1.7292896360762742e-07	ru = 8.816132325763424e-12	rg = 0.0	rwell = 0.0	CFL = 0.0
-------------------------------------------------------------------------------------------------------------
 T = 8.93722, DT = 4.23663, NI = 1, LI = 1, RES = 1.7e-07 (inf), CFL=0.000 (ELAPSED 00:00:01 )
-------------------------------------------------------------------------------------------------------------
# 1 	T = 8.93722	DT = 4.23663	NI = 1	LI=1
TS = 14(0), NI = 15(0), LI = 15(0)
0: rp = 0.00544246633844144	ru = 14.669584653407513	rg = 0.0	rwell = 0.0	CFL = 0.0
	 #1 (5.4425e-03, 1.4670e+01, 0.0000e+00): lin 1 (0.0e+00)
1: rp = 3.118542474973241e-07	ru = 1.0292761732187684e-11	rg = 0.0	rwell = 0.0	CFL = 0.0
-------------------------------------------------------------------------------------------------------------
 T = 16.9914, DT = 8.05419, NI = 1, LI = 1, RES = 3.1e-07 (inf), CFL=0.000 (ELAPSED 00:00:01 )
-------------------------------------------------------------------------------------------------------------
# 1 	T = 16.9914	DT = 8.05419	NI = 1	LI=1
TS = 15(0), NI = 16(0), LI = 16(0)
0: rp = 0.007727564158405756	ru = 20.95333325984047	rg = 0.0	rwell = 0.0	CFL = 0.0
	 #1 (7.7276e-03, 2.0953e+01, 0.0000e+00): lin 1 (0.0e+00)
1: rp = 6.163115113043507e-07	ru = 1.2597259262435097e-11	rg = 0.0	rwell = 0.0	CFL = 0.0
-------------------------------------------------------------------------------------------------------------
 T = 32.3031, DT = 15.3117, NI = 1, LI = 1, RES = 6.2e-07 (inf), CFL=0.000 (ELAPSED 00:00:01 )
-------------------------------------------------------------------------------------------------------------
# 1 	T = 32.3031	DT = 15.3117	NI = 1	LI=1
TS = 16(0), NI = 17(0), LI = 17(0)
0: rp = 0.009617027626006828	ru = 25.569161699250564	rg = 0.0	rwell = 0.0	CFL = 0.0
	 #1 (9.6170e-03, 2.5569e+01, 0.0000e+00): lin 1 (0.0e+00)
1: rp = 9.365346507260767e-07	ru = 1.2012341475098048e-11	rg = 0.0	rwell = 0.0	CFL = 0.0
-------------------------------------------------------------------------------------------------------------
 T = 61.412, DT = 29.1089, NI = 1, LI = 1, RES = 9.4e-07 (inf), CFL=0.000 (ELAPSED 00:00:01 )
-------------------------------------------------------------------------------------------------------------
# 1 	T = 61.412	DT = 29.1089	NI = 1	LI=1
TS = 17(0), NI = 18(0), LI = 18(0)
0: rp = 0.008805695409399121	ru = 21.563631821072462	rg = 0.0	rwell = 0.0	CFL = 0.0
	 #1 (8.8057e-03, 2.1564e+01, 0.0000e+00): lin 1 (0.0e+00)
1: rp = 8.235348339275088e-07	ru = 3.135942815526738e-12	rg = 0.0	rwell = 0.0	CFL = 0.0
-------------------------------------------------------------------------------------------------------------
 T = 116.75, DT = 55.3384, NI = 1, LI = 1, RES = 8.2e-07 (inf), CFL=0.000 (ELAPSED 00:00:01 )
-------------------------------------------------------------------------------------------------------------
# 1 	T = 116.75	DT = 55.3384	NI = 1	LI=1
TS = 18(0), NI = 19(0), LI = 19(0)
0: rp = 0.005543485776495622	ru = 9.276117628349065	rg = 0.0	rwell = 0.0	CFL = 0.0
	 #1 (5.5435e-03, 9.2761e+00, 0.0000e+00): lin 1 (0.0e+00)
1: rp = 3.610944440331728e-07	ru = 1.6873524339781834e-13	rg = 0.0	rwell = 0.0	CFL = 0.0
-------------------------------------------------------------------------------------------------------------
 T = 221.953, DT = 105.203, NI = 1, LI = 1, RES = 3.6e-07 (inf), CFL=0.000 (ELAPSED 00:00:01 )
-------------------------------------------------------------------------------------------------------------
# 1 	T = 221.953	DT = 105.203	NI = 1	LI=1
TS = 19(0), NI = 20(0), LI = 20(0)
0: rp = 0.002810667181371952	ru = 1.247408507242139	rg = 0.0	rwell = 0.0	CFL = 0.0
	 #1 (2.8107e-03, 1.2474e+00, 0.0000e+00): lin 1 (0.0e+00)
1: rp = 7.354810638448985e-08	ru = 1.6562384705529476e-13	rg = 0.0	rwell = 0.0	CFL = 0.0
-------------------------------------------------------------------------------------------------------------
 T = 421.953, DT = 200, NI = 1, LI = 1, RES = 7.4e-08 (inf), CFL=0.000 (ELAPSED 00:00:01 )
-------------------------------------------------------------------------------------------------------------
# 1 	T = 421.953	DT = 200	NI = 1	LI=1
TS = 20(0), NI = 21(0), LI = 21(0)
