case:terzaghi, scheme:non_stabilized, mesh: rect, overwrite: 0
darts-linear-solvers built on May  1 2023 11:41:06 by lorozco@login04 from GITDIR-NOTFOUND
darts-engines built on 15/05/2023, 14:52:47 by lorozco@login03 from 8e8f836-dirty
darts-package built on 15/05/2023 14:56:21 by lorozco@login03 from 8e8f836-dirty

Pressure gradients depend on displacements with a max coefficient: 3.331e-21
Gradient reconstruction was done!
Calculation of fluxes was done!
Processing mesh: 900 reservoir blocks including 5400 connections
Single phase 1-component isothermal poromechanics CPU engine
Sim params: 
	First ts: 	1e-05
	Max ts: 	0.1
	Mult ts: 	1.5
	Max i newton: 	10
	Max i linear: 	5000
	Tol newton: 	1e-06
	Tol linear: 	1e-10

START SIMULATION
-------------------------------------------------------------------------------------------------------------
0: rp = 3.737987160765796e-17	ru = 5.33442843128222	rg = 0.0	rwell = 0.0	CFL = 0.0
	 #1 (3.7380e-17, 5.3344e+00, 0.0000e+00): lin 1 (0.0e+00)
1: rp = 8.921513448811058e-07	ru = 2.0943730025520106e-10	rg = 0.0	rwell = 0.0	CFL = 0.0
-------------------------------------------------------------------------------------------------------------
 T = 0.001, DT = 0.001, NI = 1, LI = 1, RES = 8.9e-07 (inf), CFL=0.000 (ELAPSED 00:00:00 )
-------------------------------------------------------------------------------------------------------------
# 1 	T = 0.001	DT = 0.001	NI = 1	LI=1
TS = 1(0), NI = 1(0), LI = 1(0)
0: rp = 7.891531191783547e-05	ru = 2.0943730025520106e-10	rg = 0.0	rwell = 0.0	CFL = 0.0
	 #1 (7.8915e-05, 2.0944e-10, 0.0000e+00): lin 1 (0.0e+00)
1: rp = 2.2445204713621173e-09	ru = 2.6784844519355767e-13	rg = 0.0	rwell = 0.0	CFL = 0.0
-------------------------------------------------------------------------------------------------------------
 T = 0.00290109, DT = 0.00190109, NI = 1, LI = 1, RES = 2.2e-09 (inf), CFL=0.000 (ELAPSED 00:00:00 )
-------------------------------------------------------------------------------------------------------------
# 1 	T = 0.00290109	DT = 0.00190109	NI = 1	LI=1
TS = 2(0), NI = 2(0), LI = 2(0)
0: rp = 0.00013763795965594344	ru = 2.6784844519355767e-13	rg = 0.0	rwell = 0.0	CFL = 0.0
	 #1 (1.3764e-04, 2.6785e-13, 0.0000e+00): lin 1 (0.0e+00)
1: rp = 5.655139965465386e-09	ru = 3.92217596725702e-13	rg = 0.0	rwell = 0.0	CFL = 0.0
-------------------------------------------------------------------------------------------------------------
 T = 0.00651521, DT = 0.00361412, NI = 1, LI = 1, RES = 5.7e-09 (inf), CFL=0.000 (ELAPSED 00:00:00 )
-------------------------------------------------------------------------------------------------------------
# 1 	T = 0.00651521	DT = 0.00361412	NI = 1	LI=1
TS = 3(0), NI = 3(0), LI = 3(0)
0: rp = 0.00022901123697909018	ru = 3.92217596725702e-13	rg = 0.0	rwell = 0.0	CFL = 0.0
	 #1 (2.2901e-04, 3.9222e-13, 0.0000e+00): lin 1 (0.0e+00)
1: rp = 1.2556567853637854e-08	ru = 5.792461161779357e-13	rg = 0.0	rwell = 0.0	CFL = 0.0
-------------------------------------------------------------------------------------------------------------
 T = 0.013386, DT = 0.00687076, NI = 1, LI = 1, RES = 1.3e-08 (inf), CFL=0.000 (ELAPSED 00:00:00 )
-------------------------------------------------------------------------------------------------------------
# 1 	T = 0.013386	DT = 0.00687076	NI = 1	LI=1
TS = 4(0), NI = 4(0), LI = 4(0)
0: rp = 0.00036018688201236004	ru = 5.792461161779357e-13	rg = 0.0	rwell = 0.0	CFL = 0.0
	 #1 (3.6019e-04, 5.7925e-13, 0.0000e+00): lin 1 (0.0e+00)
1: rp = 2.4477662744416663e-08	ru = 1.0053125476802472e-12	rg = 0.0	rwell = 0.0	CFL = 0.0
-------------------------------------------------------------------------------------------------------------
 T = 0.0264479, DT = 0.0130619, NI = 1, LI = 1, RES = 2.4e-08 (inf), CFL=0.000 (ELAPSED 00:00:00 )
-------------------------------------------------------------------------------------------------------------
# 1 	T = 0.0264479	DT = 0.0130619	NI = 1	LI=1
TS = 5(0), NI = 5(0), LI = 5(0)
0: rp = 0.0005336868132738469	ru = 1.0053125476802472e-12	rg = 0.0	rwell = 0.0	CFL = 0.0
	 #1 (5.3369e-04, 1.0053e-12, 0.0000e+00): lin 1 (0.0e+00)
1: rp = 4.1727614382487095e-08	ru = 1.4389215800736048e-12	rg = 0.0	rwell = 0.0	CFL = 0.0
-------------------------------------------------------------------------------------------------------------
 T = 0.0512797, DT = 0.0248318, NI = 1, LI = 1, RES = 4.2e-08 (inf), CFL=0.000 (ELAPSED 00:00:00 )
-------------------------------------------------------------------------------------------------------------
# 1 	T = 0.0512797	DT = 0.0248318	NI = 1	LI=1
TS = 6(0), NI = 6(0), LI = 6(0)
0: rp = 0.0007461986719705793	ru = 1.4389215800736048e-12	rg = 0.0	rwell = 0.0	CFL = 0.0
	 #1 (7.4620e-04, 1.4389e-12, 0.0000e+00): lin 1 (0.0e+00)
1: rp = 6.85697513027188e-08	ru = 1.2611097292579487e-12	rg = 0.0	rwell = 0.0	CFL = 0.0
-------------------------------------------------------------------------------------------------------------
 T = 0.098487, DT = 0.0472073, NI = 1, LI = 1, RES = 6.9e-08 (inf), CFL=0.000 (ELAPSED 00:00:00 )
-------------------------------------------------------------------------------------------------------------
# 1 	T = 0.098487	DT = 0.0472073	NI = 1	LI=1
TS = 7(0), NI = 7(0), LI = 7(0)
0: rp = 0.0009902652712362443	ru = 1.2611097292579487e-12	rg = 0.0	rwell = 0.0	CFL = 0.0
	 #1 (9.9027e-04, 1.2611e-12, 0.0000e+00): lin 1 (0.0e+00)
1: rp = 1.0059588982985225e-07	ru = 2.1479900086423253e-12	rg = 0.0	rwell = 0.0	CFL = 0.0
-------------------------------------------------------------------------------------------------------------
 T = 0.188232, DT = 0.0897452, NI = 1, LI = 1, RES = 1.0e-07 (inf), CFL=0.000 (ELAPSED 00:00:01 )
-------------------------------------------------------------------------------------------------------------
# 1 	T = 0.188232	DT = 0.0897452	NI = 1	LI=1
TS = 8(0), NI = 8(0), LI = 8(0)
0: rp = 0.0012591744570867585	ru = 2.1479900086423253e-12	rg = 0.0	rwell = 0.0	CFL = 0.0
	 #1 (1.2592e-03, 2.1480e-12, 0.0000e+00): lin 1 (0.0e+00)
1: rp = 1.3423874397165247e-07	ru = 3.96222544403625e-12	rg = 0.0	rwell = 0.0	CFL = 0.0
-------------------------------------------------------------------------------------------------------------
 T = 0.358845, DT = 0.170613, NI = 1, LI = 1, RES = 1.3e-07 (inf), CFL=0.000 (ELAPSED 00:00:01 )
-------------------------------------------------------------------------------------------------------------
# 1 	T = 0.358845	DT = 0.170613	NI = 1	LI=1
TS = 9(0), NI = 9(0), LI = 9(0)
0: rp = 0.0015517554717761515	ru = 3.96222544403625e-12	rg = 0.0	rwell = 0.0	CFL = 0.0
	 #1 (1.5518e-03, 3.9622e-12, 0.0000e+00): lin 1 (0.0e+00)
1: rp = 1.6911199901381747e-07	ru = 8.205181490456627e-12	rg = 0.0	rwell = 0.0	CFL = 0.0
-------------------------------------------------------------------------------------------------------------
 T = 0.683196, DT = 0.32435, NI = 1, LI = 1, RES = 1.7e-07 (inf), CFL=0.000 (ELAPSED 00:00:01 )
-------------------------------------------------------------------------------------------------------------
# 1 	T = 0.683196	DT = 0.32435	NI = 1	LI=1
TS = 10(0), NI = 10(0), LI = 10(0)
0: rp = 0.0018734143273622487	ru = 8.205181490456627e-12	rg = 0.0	rwell = 0.0	CFL = 0.0
	 #1 (1.8734e-03, 8.2052e-12, 0.0000e+00): lin 1 (0.0e+00)
1: rp = 2.0610979204791263e-07	ru = 1.0968882505241341e-11	rg = 0.0	rwell = 0.0	CFL = 0.0
-------------------------------------------------------------------------------------------------------------
 T = 1.29981, DT = 0.616617, NI = 1, LI = 1, RES = 2.1e-07 (inf), CFL=0.000 (ELAPSED 00:00:01 )
-------------------------------------------------------------------------------------------------------------
# 1 	T = 1.29981	DT = 0.616617	NI = 1	LI=1
TS = 11(0), NI = 11(0), LI = 11(0)
0: rp = 0.002233969124516741	ru = 1.0968882505241341e-11	rg = 0.0	rwell = 0.0	CFL = 0.0
	 #1 (2.2340e-03, 1.0969e-11, 0.0000e+00): lin 1 (0.0e+00)
1: rp = 2.46640618121236e-07	ru = 8.481112029755021e-12	rg = 0.0	rwell = 0.0	CFL = 0.0
-------------------------------------------------------------------------------------------------------------
 T = 2.47206, DT = 1.17224, NI = 1, LI = 1, RES = 2.5e-07 (inf), CFL=0.000 (ELAPSED 00:00:01 )
-------------------------------------------------------------------------------------------------------------
# 1 	T = 2.47206	DT = 1.17224	NI = 1	LI=1
TS = 12(0), NI = 12(0), LI = 12(0)
0: rp = 0.002645401095944031	ru = 8.481112029755021e-12	rg = 0.0	rwell = 0.0	CFL = 0.0
	 #1 (2.6454e-03, 8.4811e-12, 0.0000e+00): lin 1 (0.0e+00)
1: rp = 2.9241552945228034e-07	ru = 8.531724260679618e-12	rg = 0.0	rwell = 0.0	CFL = 0.0
-------------------------------------------------------------------------------------------------------------
 T = 4.70059, DT = 2.22853, NI = 1, LI = 1, RES = 2.9e-07 (inf), CFL=0.000 (ELAPSED 00:00:01 )
-------------------------------------------------------------------------------------------------------------
# 1 	T = 4.70059	DT = 2.22853	NI = 1	LI=1
TS = 13(0), NI = 13(0), LI = 13(0)
0: rp = 0.003128386623372648	ru = 8.531724260679618e-12	rg = 0.0	rwell = 0.0	CFL = 0.0
	 #1 (3.1284e-03, 8.5317e-12, 0.0000e+00): lin 1 (0.0e+00)
1: rp = 3.5016796789803513e-07	ru = 9.6971665443665e-12	rg = 0.0	rwell = 0.0	CFL = 0.0
-------------------------------------------------------------------------------------------------------------
 T = 8.93722, DT = 4.23663, NI = 1, LI = 1, RES = 3.5e-07 (inf), CFL=0.000 (ELAPSED 00:00:01 )
-------------------------------------------------------------------------------------------------------------
# 1 	T = 8.93722	DT = 4.23663	NI = 1	LI=1
TS = 14(0), NI = 14(0), LI = 14(0)
0: rp = 0.003812525192884843	ru = 9.6971665443665e-12	rg = 0.0	rwell = 0.0	CFL = 0.0
	 #1 (3.8125e-03, 9.6972e-12, 0.0000e+00): lin 1 (0.0e+00)
1: rp = 4.801083743697562e-07	ru = 2.3950176030945114e-11	rg = 0.0	rwell = 0.0	CFL = 0.0
-------------------------------------------------------------------------------------------------------------
 T = 16.9914, DT = 8.05419, NI = 1, LI = 1, RES = 4.8e-07 (inf), CFL=0.000 (ELAPSED 00:00:01 )
-------------------------------------------------------------------------------------------------------------
# 1 	T = 16.9914	DT = 8.05419	NI = 1	LI=1
TS = 15(0), NI = 15(0), LI = 15(0)
0: rp = 0.005046023881598696	ru = 2.3950176030945114e-11	rg = 0.0	rwell = 0.0	CFL = 0.0
	 #1 (5.0460e-03, 2.3950e-11, 0.0000e+00): lin 1 (0.0e+00)
1: rp = 8.42326638382338e-07	ru = 2.1113447174549076e-11	rg = 0.0	rwell = 0.0	CFL = 0.0
-------------------------------------------------------------------------------------------------------------
 T = 32.3031, DT = 15.3117, NI = 1, LI = 1, RES = 8.4e-07 (inf), CFL=0.000 (ELAPSED 00:00:01 )
-------------------------------------------------------------------------------------------------------------
# 1 	T = 32.3031	DT = 15.3117	NI = 1	LI=1
TS = 16(0), NI = 16(0), LI = 16(0)
0: rp = 0.0065438771794701775	ru = 2.1113447174549076e-11	rg = 0.0	rwell = 0.0	CFL = 0.0
	 #1 (6.5439e-03, 2.1113e-11, 0.0000e+00): lin 1 (0.0e+00)
1: rp = 1.252189660792103e-06	ru = 1.4767178298704255e-11	rg = 0.0	rwell = 0.0	CFL = 0.0
	 #2 (1.2522e-06, 1.4767e-11, 0.0000e+00): lin 1 (0.0e+00)
2: rp = 4.1695567006779153e-14	ru = 9.412733205563896e-14	rg = 0.0	rwell = 0.0	CFL = 0.0
-------------------------------------------------------------------------------------------------------------
 T = 61.412, DT = 29.1089, NI = 2, LI = 2, RES = 1.0e-13 (inf), CFL=0.000 (ELAPSED 00:00:02 )
-------------------------------------------------------------------------------------------------------------
# 1 	T = 61.412	DT = 29.1089	NI = 2	LI=2
TS = 17(0), NI = 18(0), LI = 18(0)
0: rp = 0.006928672292278605	ru = 9.412733205563896e-14	rg = 0.0	rwell = 0.0	CFL = 0.0
	 #1 (6.9287e-03, 9.4127e-14, 0.0000e+00): lin 1 (0.0e+00)
1: rp = 1.0745675578675947e-06	ru = 5.7077744634485926e-12	rg = 0.0	rwell = 0.0	CFL = 0.0
	 #2 (1.0746e-06, 5.7078e-12, 0.0000e+00): lin 1 (0.0e+00)
2: rp = 1.9540252268578054e-14	ru = 1.0818572252552804e-13	rg = 0.0	rwell = 0.0	CFL = 0.0
-------------------------------------------------------------------------------------------------------------
 T = 116.75, DT = 55.3384, NI = 2, LI = 2, RES = 1.1e-13 (inf), CFL=0.000 (ELAPSED 00:00:02 )
-------------------------------------------------------------------------------------------------------------
# 1 	T = 116.75	DT = 55.3384	NI = 2	LI=2
TS = 18(0), NI = 20(0), LI = 20(0)
0: rp = 0.005265128368665483	ru = 1.0818572252552804e-13	rg = 0.0	rwell = 0.0	CFL = 0.0
	 #1 (5.2651e-03, 1.0819e-13, 0.0000e+00): lin 1 (0.0e+00)
1: rp = 4.2669012713737853e-07	ru = 2.764198144169478e-13	rg = 0.0	rwell = 0.0	CFL = 0.0
-------------------------------------------------------------------------------------------------------------
 T = 221.953, DT = 105.203, NI = 1, LI = 1, RES = 4.3e-07 (inf), CFL=0.000 (ELAPSED 00:00:02 )
-------------------------------------------------------------------------------------------------------------
# 1 	T = 221.953	DT = 105.203	NI = 1	LI=1
TS = 19(0), NI = 21(0), LI = 21(0)
0: rp = 0.0025969913218856218	ru = 2.764198144169478e-13	rg = 0.0	rwell = 0.0	CFL = 0.0
	 #1 (2.5970e-03, 2.7642e-13, 0.0000e+00): lin 1 (0.0e+00)
1: rp = 6.524869534251499e-08	ru = 1.2723573674036911e-13	rg = 0.0	rwell = 0.0	CFL = 0.0
-------------------------------------------------------------------------------------------------------------
 T = 421.953, DT = 200, NI = 1, LI = 1, RES = 6.5e-08 (inf), CFL=0.000 (ELAPSED 00:00:02 )
-------------------------------------------------------------------------------------------------------------
# 1 	T = 421.953	DT = 200	NI = 1	LI=1
TS = 20(0), NI = 22(0), LI = 22(0)
