case:terzaghi, scheme:stabilized, mesh: hex, overwrite: 0
darts-linear-solvers built on May  1 2023 11:41:06 by lorozco@login04 from GITDIR-NOTFOUND
darts-engines built on 15/05/2023, 14:52:47 by lorozco@login03 from 8e8f836-dirty
darts-package built on 15/05/2023 14:56:21 by lorozco@login03 from 8e8f836-dirty

Pressure gradients depend on displacements with a max coefficient: 5.056e-20
Gradient reconstruction was done!
Calculation of fluxes was done!
Processing mesh: 226 reservoir blocks including 1356 connections
Single phase 1-component isothermal poromechanics CPU engine
Sim params: 
	First ts: 	1e-05
	Max ts: 	0.1
	Mult ts: 	1.5
	Max i newton: 	10
	Max i linear: 	5000
	Tol newton: 	1e-06
	Tol linear: 	1e-10

START SIMULATION
-------------------------------------------------------------------------------------------------------------
0: rp = 3.738418392392996e-17	ru = 4.049007972053392	rg = 0.0	rwell = 0.0	CFL = 0.0
	 #1 (3.7384e-17, 4.0490e+00, 0.0000e+00): lin 1 (0.0e+00)
1: rp = 1.4149107093352541e-06	ru = 5.608699783792207e-11	rg = 0.0	rwell = 0.0	CFL = 0.0
	 #2 (1.4149e-06, 5.6087e-11, 0.0000e+00): lin 1 (0.0e+00)
2: rp = 1.330433520609597e-13	ru = 9.420949869965562e-15	rg = 0.0	rwell = 0.0	CFL = 0.0
-------------------------------------------------------------------------------------------------------------
 T = 0.001, DT = 0.001, NI = 2, LI = 2, RES = 1.3e-13 (inf), CFL=0.000 (ELAPSED 00:00:00 )
-------------------------------------------------------------------------------------------------------------
# 1 	T = 0.001	DT = 0.001	NI = 2	LI=2
TS = 1(0), NI = 2(0), LI = 2(0)
0: rp = 7.32941568783803e-06	ru = 9.420949869965562e-15	rg = 0.0	rwell = 0.0	CFL = 0.0
	 #1 (7.3294e-06, 9.4209e-15, 0.0000e+00): lin 1 (0.0e+00)
1: rp = 4.642393781068574e-12	ru = 1.627225106685507e-14	rg = 0.0	rwell = 0.0	CFL = 0.0
-------------------------------------------------------------------------------------------------------------
 T = 0.00290109, DT = 0.00190109, NI = 1, LI = 1, RES = 4.6e-12 (inf), CFL=0.000 (ELAPSED 00:00:00 )
-------------------------------------------------------------------------------------------------------------
# 1 	T = 0.00290109	DT = 0.00190109	NI = 1	LI=1
TS = 2(0), NI = 3(0), LI = 3(0)
0: rp = 1.392161925411889e-05	ru = 1.627225106685507e-14	rg = 0.0	rwell = 0.0	CFL = 0.0
	 #1 (1.3922e-05, 1.6272e-14, 0.0000e+00): lin 1 (0.0e+00)
1: rp = 1.673612069483635e-11	ru = 2.6771939430327947e-14	rg = 0.0	rwell = 0.0	CFL = 0.0
-------------------------------------------------------------------------------------------------------------
 T = 0.00651521, DT = 0.00361412, NI = 1, LI = 1, RES = 1.7e-11 (inf), CFL=0.000 (ELAPSED 00:00:00 )
-------------------------------------------------------------------------------------------------------------
# 1 	T = 0.00651521	DT = 0.00361412	NI = 1	LI=1
TS = 3(0), NI = 4(0), LI = 4(0)
0: rp = 2.6422079686122842e-05	ru = 2.6771939430327947e-14	rg = 0.0	rwell = 0.0	CFL = 0.0
	 #1 (2.6422e-05, 2.6772e-14, 0.0000e+00): lin 1 (0.0e+00)
1: rp = 6.019826629548443e-11	ru = 7.800285450488045e-14	rg = 0.0	rwell = 0.0	CFL = 0.0
-------------------------------------------------------------------------------------------------------------
 T = 0.013386, DT = 0.00687076, NI = 1, LI = 1, RES = 6.0e-11 (inf), CFL=0.000 (ELAPSED 00:00:00 )
-------------------------------------------------------------------------------------------------------------
# 1 	T = 0.013386	DT = 0.00687076	NI = 1	LI=1
TS = 4(0), NI = 5(0), LI = 5(0)
0: rp = 5.007174502975537e-05	ru = 7.800285450488045e-14	rg = 0.0	rwell = 0.0	CFL = 0.0
	 #1 (5.0072e-05, 7.8003e-14, 0.0000e+00): lin 1 (0.0e+00)
1: rp = 2.155986923231675e-10	ru = 1.0974950349874507e-13	rg = 0.0	rwell = 0.0	CFL = 0.0
-------------------------------------------------------------------------------------------------------------
 T = 0.0264479, DT = 0.0130619, NI = 1, LI = 1, RES = 2.2e-10 (inf), CFL=0.000 (ELAPSED 00:00:00 )
-------------------------------------------------------------------------------------------------------------
# 1 	T = 0.0264479	DT = 0.0130619	NI = 1	LI=1
TS = 5(0), NI = 6(0), LI = 6(0)
0: rp = 9.461999493909632e-05	ru = 1.0974950349874507e-13	rg = 0.0	rwell = 0.0	CFL = 0.0
	 #1 (9.4620e-05, 1.0975e-13, 0.0000e+00): lin 1 (0.0e+00)
1: rp = 7.659002730729894e-10	ru = 1.6508173264970383e-13	rg = 0.0	rwell = 0.0	CFL = 0.0
-------------------------------------------------------------------------------------------------------------
 T = 0.0512797, DT = 0.0248318, NI = 1, LI = 1, RES = 7.7e-10 (inf), CFL=0.000 (ELAPSED 00:00:00 )
-------------------------------------------------------------------------------------------------------------
# 1 	T = 0.0512797	DT = 0.0248318	NI = 1	LI=1
TS = 6(0), NI = 7(0), LI = 7(0)
0: rp = 0.00017784239044228253	ru = 1.6508173264970383e-13	rg = 0.0	rwell = 0.0	CFL = 0.0
	 #1 (1.7784e-04, 1.6508e-13, 0.0000e+00): lin 1 (0.0e+00)
1: rp = 2.6793050798700598e-09	ru = 4.2724904885192443e-13	rg = 0.0	rwell = 0.0	CFL = 0.0
-------------------------------------------------------------------------------------------------------------
 T = 0.098487, DT = 0.0472073, NI = 1, LI = 1, RES = 2.7e-09 (inf), CFL=0.000 (ELAPSED 00:00:00 )
-------------------------------------------------------------------------------------------------------------
# 1 	T = 0.098487	DT = 0.0472073	NI = 1	LI=1
TS = 7(0), NI = 8(0), LI = 8(0)
0: rp = 0.0003308895800882601	ru = 4.2724904885192443e-13	rg = 0.0	rwell = 0.0	CFL = 0.0
	 #1 (3.3089e-04, 4.2725e-13, 0.0000e+00): lin 1 (0.0e+00)
1: rp = 9.105815408295634e-09	ru = 6.258738519773158e-13	rg = 0.0	rwell = 0.0	CFL = 0.0
-------------------------------------------------------------------------------------------------------------
 T = 0.188232, DT = 0.0897452, NI = 1, LI = 1, RES = 9.1e-09 (inf), CFL=0.000 (ELAPSED 00:00:00 )
-------------------------------------------------------------------------------------------------------------
# 1 	T = 0.188232	DT = 0.0897452	NI = 1	LI=1
TS = 8(0), NI = 9(0), LI = 9(0)
0: rp = 0.0006040895485251841	ru = 6.258738519773158e-13	rg = 0.0	rwell = 0.0	CFL = 0.0
	 #1 (6.0409e-04, 6.2587e-13, 0.0000e+00): lin 1 (0.0e+00)
1: rp = 2.9326971898459152e-08	ru = 1.5951459087529395e-12	rg = 0.0	rwell = 0.0	CFL = 0.0
-------------------------------------------------------------------------------------------------------------
 T = 0.358845, DT = 0.170613, NI = 1, LI = 1, RES = 2.9e-08 (inf), CFL=0.000 (ELAPSED 00:00:00 )
-------------------------------------------------------------------------------------------------------------
# 1 	T = 0.358845	DT = 0.170613	NI = 1	LI=1
TS = 9(0), NI = 10(0), LI = 10(0)
0: rp = 0.001065109226394575	ru = 1.5951459087529395e-12	rg = 0.0	rwell = 0.0	CFL = 0.0
	 #1 (1.0651e-03, 1.5951e-12, 0.0000e+00): lin 1 (0.0e+00)
1: rp = 8.564209415550611e-08	ru = 1.5391625384062704e-12	rg = 0.0	rwell = 0.0	CFL = 0.0
-------------------------------------------------------------------------------------------------------------
 T = 0.683196, DT = 0.32435, NI = 1, LI = 1, RES = 8.6e-08 (inf), CFL=0.000 (ELAPSED 00:00:00 )
-------------------------------------------------------------------------------------------------------------
# 1 	T = 0.683196	DT = 0.32435	NI = 1	LI=1
TS = 10(0), NI = 11(0), LI = 11(0)
0: rp = 0.0017652866437549274	ru = 1.5391625384062704e-12	rg = 0.0	rwell = 0.0	CFL = 0.0
	 #1 (1.7653e-03, 1.5392e-12, 0.0000e+00): lin 1 (0.0e+00)
1: rp = 2.1016339840103271e-07	ru = 2.2385595398993725e-12	rg = 0.0	rwell = 0.0	CFL = 0.0
-------------------------------------------------------------------------------------------------------------
 T = 1.29981, DT = 0.616617, NI = 1, LI = 1, RES = 2.1e-07 (inf), CFL=0.000 (ELAPSED 00:00:00 )
-------------------------------------------------------------------------------------------------------------
# 1 	T = 1.29981	DT = 0.616617	NI = 1	LI=1
TS = 11(0), NI = 12(0), LI = 12(0)
0: rp = 0.0026426402176297327	ru = 2.2385595398993725e-12	rg = 0.0	rwell = 0.0	CFL = 0.0
	 #1 (2.6426e-03, 2.2386e-12, 0.0000e+00): lin 1 (0.0e+00)
1: rp = 3.861061625744944e-07	ru = 4.660651482609771e-12	rg = 0.0	rwell = 0.0	CFL = 0.0
-------------------------------------------------------------------------------------------------------------
 T = 2.47206, DT = 1.17224, NI = 1, LI = 1, RES = 3.9e-07 (inf), CFL=0.000 (ELAPSED 00:00:00 )
-------------------------------------------------------------------------------------------------------------
# 1 	T = 2.47206	DT = 1.17224	NI = 1	LI=1
TS = 12(0), NI = 13(0), LI = 13(0)
0: rp = 0.003455289233112961	ru = 4.660651482609771e-12	rg = 0.0	rwell = 0.0	CFL = 0.0
	 #1 (3.4553e-03, 4.6607e-12, 0.0000e+00): lin 1 (0.0e+00)
1: rp = 4.699431619985113e-07	ru = 5.42287716040965e-12	rg = 0.0	rwell = 0.0	CFL = 0.0
-------------------------------------------------------------------------------------------------------------
 T = 4.70059, DT = 2.22853, NI = 1, LI = 1, RES = 4.7e-07 (inf), CFL=0.000 (ELAPSED 00:00:00 )
-------------------------------------------------------------------------------------------------------------
# 1 	T = 4.70059	DT = 2.22853	NI = 1	LI=1
TS = 13(0), NI = 14(0), LI = 14(0)
0: rp = 0.0041765298897229455	ru = 5.42287716040965e-12	rg = 0.0	rwell = 0.0	CFL = 0.0
	 #1 (4.1765e-03, 5.4229e-12, 0.0000e+00): lin 1 (0.0e+00)
1: rp = 4.747224601344681e-07	ru = 6.6729068000463074e-12	rg = 0.0	rwell = 0.0	CFL = 0.0
-------------------------------------------------------------------------------------------------------------
 T = 8.93722, DT = 4.23663, NI = 1, LI = 1, RES = 4.7e-07 (inf), CFL=0.000 (ELAPSED 00:00:00 )
-------------------------------------------------------------------------------------------------------------
# 1 	T = 8.93722	DT = 4.23663	NI = 1	LI=1
TS = 14(0), NI = 15(0), LI = 15(0)
0: rp = 0.005347125359668249	ru = 6.6729068000463074e-12	rg = 0.0	rwell = 0.0	CFL = 0.0
	 #1 (5.3471e-03, 6.6729e-12, 0.0000e+00): lin 1 (0.0e+00)
1: rp = 8.378802939044404e-07	ru = 1.0584731813721649e-11	rg = 0.0	rwell = 0.0	CFL = 0.0
-------------------------------------------------------------------------------------------------------------
 T = 16.9914, DT = 8.05419, NI = 1, LI = 1, RES = 8.4e-07 (inf), CFL=0.000 (ELAPSED 00:00:00 )
-------------------------------------------------------------------------------------------------------------
# 1 	T = 16.9914	DT = 8.05419	NI = 1	LI=1
TS = 15(0), NI = 16(0), LI = 16(0)
0: rp = 0.0066732247304882334	ru = 1.0584731813721649e-11	rg = 0.0	rwell = 0.0	CFL = 0.0
	 #1 (6.6732e-03, 1.0585e-11, 0.0000e+00): lin 1 (0.0e+00)
1: rp = 1.4196763444021739e-06	ru = 8.19928765732742e-12	rg = 0.0	rwell = 0.0	CFL = 0.0
	 #2 (1.4197e-06, 8.1993e-12, 0.0000e+00): lin 1 (0.0e+00)
2: rp = 7.608381759124912e-14	ru = 3.942018324996655e-14	rg = 0.0	rwell = 0.0	CFL = 0.0
-------------------------------------------------------------------------------------------------------------
 T = 32.3031, DT = 15.3117, NI = 2, LI = 2, RES = 8.6e-14 (inf), CFL=0.000 (ELAPSED 00:00:00 )
-------------------------------------------------------------------------------------------------------------
# 1 	T = 32.3031	DT = 15.3117	NI = 2	LI=2
TS = 16(0), NI = 18(0), LI = 18(0)
0: rp = 0.00739317589805024	ru = 3.942018324996655e-14	rg = 0.0	rwell = 0.0	CFL = 0.0
	 #1 (7.3932e-03, 3.9420e-14, 0.0000e+00): lin 1 (0.0e+00)
1: rp = 1.5805666767215831e-06	ru = 7.243445731485768e-12	rg = 0.0	rwell = 0.0	CFL = 0.0
	 #2 (1.5806e-06, 7.2434e-12, 0.0000e+00): lin 1 (0.0e+00)
2: rp = 6.812806940303467e-14	ru = 5.1229587100406587e-14	rg = 0.0	rwell = 0.0	CFL = 0.0
-------------------------------------------------------------------------------------------------------------
 T = 61.412, DT = 29.1089, NI = 2, LI = 2, RES = 8.5e-14 (inf), CFL=0.000 (ELAPSED 00:00:00 )
-------------------------------------------------------------------------------------------------------------
# 1 	T = 61.412	DT = 29.1089	NI = 2	LI=2
TS = 17(0), NI = 20(0), LI = 20(0)
0: rp = 0.007111238021941328	ru = 5.1229587100406587e-14	rg = 0.0	rwell = 0.0	CFL = 0.0
	 #1 (7.1112e-03, 5.1230e-14, 0.0000e+00): lin 1 (0.0e+00)
1: rp = 1.0962236277955114e-06	ru = 3.5175658390702064e-12	rg = 0.0	rwell = 0.0	CFL = 0.0
	 #2 (1.0962e-06, 3.5176e-12, 0.0000e+00): lin 1 (0.0e+00)
2: rp = 1.970098979261519e-14	ru = 5.401853795710874e-14	rg = 0.0	rwell = 0.0	CFL = 0.0
-------------------------------------------------------------------------------------------------------------
 T = 116.75, DT = 55.3384, NI = 2, LI = 2, RES = 5.7e-14 (inf), CFL=0.000 (ELAPSED 00:00:00 )
-------------------------------------------------------------------------------------------------------------
# 1 	T = 116.75	DT = 55.3384	NI = 2	LI=2
TS = 18(0), NI = 22(0), LI = 22(0)
0: rp = 0.005680167671179109	ru = 5.401853795710874e-14	rg = 0.0	rwell = 0.0	CFL = 0.0
	 #1 (5.6802e-03, 5.4019e-14, 0.0000e+00): lin 1 (0.0e+00)
1: rp = 3.920828876769326e-07	ru = 6.743295896845057e-13	rg = 0.0	rwell = 0.0	CFL = 0.0
-------------------------------------------------------------------------------------------------------------
 T = 221.953, DT = 105.203, NI = 1, LI = 1, RES = 3.9e-07 (inf), CFL=0.000 (ELAPSED 00:00:00 )
-------------------------------------------------------------------------------------------------------------
# 1 	T = 221.953	DT = 105.203	NI = 1	LI=1
TS = 19(0), NI = 23(0), LI = 23(0)
0: rp = 0.0038186443370539303	ru = 6.743295896845057e-13	rg = 0.0	rwell = 0.0	CFL = 0.0
	 #1 (3.8186e-03, 6.7433e-13, 0.0000e+00): lin 1 (0.0e+00)
1: rp = 6.219527368951186e-08	ru = 6.352326877534665e-14	rg = 0.0	rwell = 0.0	CFL = 0.0
-------------------------------------------------------------------------------------------------------------
 T = 421.953, DT = 200, NI = 1, LI = 1, RES = 6.2e-08 (inf), CFL=0.000 (ELAPSED 00:00:00 )
-------------------------------------------------------------------------------------------------------------
# 1 	T = 421.953	DT = 200	NI = 1	LI=1
TS = 20(0), NI = 24(0), LI = 24(0)
