case:terzaghi_two_layers, scheme:non_stabilized, mesh: rect, overwrite: 0
darts-linear-solvers built on May  1 2023 11:41:06 by lorozco@login04 from GITDIR-NOTFOUND
darts-engines built on 15/05/2023, 14:52:47 by lorozco@login03 from 8e8f836-dirty
darts-package built on 15/05/2023 14:56:21 by lorozco@login03 from 8e8f836-dirty

Pressure gradients depend on displacements with a max coefficient: 6.607e-06
Gradient reconstruction was done!
Calculation of fluxes was done!
Processing mesh: 1600 reservoir blocks including 9600 connections
Single phase 1-component isothermal poromechanics CPU engine
Sim params: 
	First ts: 	1e-05
	Max ts: 	0.1
	Mult ts: 	1.5
	Max i newton: 	10
	Max i linear: 	5000
	Tol newton: 	1e-06
	Tol linear: 	1e-10

START SIMULATION
-------------------------------------------------------------------------------------------------------------
0: rp = 7.452928039818423e-17	ru = 6.324555320336773	rg = 0.0	rwell = 0.0	CFL = 0.0
	 #1 (7.4529e-17, 6.3246e+00, 0.0000e+00): lin 1 (0.0e+00)
1: rp = 5.441072899389972e-13	ru = 6.897145764136842e-10	rg = 0.0	rwell = 0.0	CFL = 0.0
-------------------------------------------------------------------------------------------------------------
 T = 0.001, DT = 0.001, NI = 1, LI = 1, RES = 6.9e-10 (inf), CFL=0.000 (ELAPSED 00:00:00 )
-------------------------------------------------------------------------------------------------------------
# 1 	T = 0.001	DT = 0.001	NI = 1	LI=1
TS = 1(0), NI = 1(0), LI = 1(0)
0: rp = 0.0005604732438567989	ru = 6.897145764136842e-10	rg = 0.0	rwell = 0.0	CFL = 0.0
	 #1 (5.6047e-04, 6.8971e-10, 0.0000e+00): lin 1 (0.0e+00)
1: rp = 2.0875919015380727e-13	ru = 4.585888280553419e-13	rg = 0.0	rwell = 0.0	CFL = 0.0
-------------------------------------------------------------------------------------------------------------
 T = 0.00290109, DT = 0.00190109, NI = 1, LI = 1, RES = 5.0e-13 (inf), CFL=0.000 (ELAPSED 00:00:00 )
-------------------------------------------------------------------------------------------------------------
# 1 	T = 0.00290109	DT = 0.00190109	NI = 1	LI=1
TS = 2(0), NI = 2(0), LI = 2(0)
0: rp = 0.0009526404718439562	ru = 4.585888280553419e-13	rg = 0.0	rwell = 0.0	CFL = 0.0
	 #1 (9.5264e-04, 4.5859e-13, 0.0000e+00): lin 1 (0.0e+00)
1: rp = 4.94808544481949e-13	ru = 9.266328471016049e-13	rg = 0.0	rwell = 0.0	CFL = 0.0
-------------------------------------------------------------------------------------------------------------
 T = 0.00651521, DT = 0.00361412, NI = 1, LI = 1, RES = 1.1e-12 (inf), CFL=0.000 (ELAPSED 00:00:01 )
-------------------------------------------------------------------------------------------------------------
# 1 	T = 0.00651521	DT = 0.00361412	NI = 1	LI=1
TS = 3(0), NI = 3(0), LI = 3(0)
0: rp = 0.001530635395210613	ru = 9.266328471016049e-13	rg = 0.0	rwell = 0.0	CFL = 0.0
	 #1 (1.5306e-03, 9.2663e-13, 0.0000e+00): lin 1 (0.0e+00)
1: rp = 1.0407505977478642e-12	ru = 9.25900056368939e-13	rg = 0.0	rwell = 0.0	CFL = 0.0
-------------------------------------------------------------------------------------------------------------
 T = 0.013386, DT = 0.00687076, NI = 1, LI = 1, RES = 1.4e-12 (inf), CFL=0.000 (ELAPSED 00:00:01 )
-------------------------------------------------------------------------------------------------------------
# 1 	T = 0.013386	DT = 0.00687076	NI = 1	LI=1
TS = 4(0), NI = 4(0), LI = 4(0)
0: rp = 0.0023100233982528617	ru = 9.25900056368939e-13	rg = 0.0	rwell = 0.0	CFL = 0.0
	 #1 (2.3100e-03, 9.2590e-13, 0.0000e+00): lin 1 (0.0e+00)
1: rp = 1.7720063436049507e-12	ru = 1.3357427815995494e-12	rg = 0.0	rwell = 0.0	CFL = 0.0
-------------------------------------------------------------------------------------------------------------
 T = 0.0264479, DT = 0.0130619, NI = 1, LI = 1, RES = 2.2e-12 (inf), CFL=0.000 (ELAPSED 00:00:01 )
-------------------------------------------------------------------------------------------------------------
# 1 	T = 0.0264479	DT = 0.0130619	NI = 1	LI=1
TS = 5(0), NI = 5(0), LI = 5(0)
0: rp = 0.0032801958337831338	ru = 1.3357427815995494e-12	rg = 0.0	rwell = 0.0	CFL = 0.0
	 #1 (3.2802e-03, 1.3357e-12, 0.0000e+00): lin 1 (0.0e+00)
1: rp = 2.9738148536922263e-12	ru = 1.3733062120488446e-12	rg = 0.0	rwell = 0.0	CFL = 0.0
-------------------------------------------------------------------------------------------------------------
 T = 0.0512797, DT = 0.0248318, NI = 1, LI = 1, RES = 3.3e-12 (inf), CFL=0.000 (ELAPSED 00:00:02 )
-------------------------------------------------------------------------------------------------------------
# 1 	T = 0.0512797	DT = 0.0248318	NI = 1	LI=1
TS = 6(0), NI = 6(0), LI = 6(0)
0: rp = 0.004413105731735091	ru = 1.3733062120488446e-12	rg = 0.0	rwell = 0.0	CFL = 0.0
	 #1 (4.4131e-03, 1.3733e-12, 0.0000e+00): lin 1 (0.0e+00)
1: rp = 4.475308368128798e-12	ru = 2.437238244199073e-12	rg = 0.0	rwell = 0.0	CFL = 0.0
-------------------------------------------------------------------------------------------------------------
 T = 0.098487, DT = 0.0472073, NI = 1, LI = 1, RES = 5.1e-12 (inf), CFL=0.000 (ELAPSED 00:00:02 )
-------------------------------------------------------------------------------------------------------------
# 1 	T = 0.098487	DT = 0.0472073	NI = 1	LI=1
TS = 7(0), NI = 7(0), LI = 7(0)
0: rp = 0.005679671192420902	ru = 2.437238244199073e-12	rg = 0.0	rwell = 0.0	CFL = 0.0
	 #1 (5.6797e-03, 2.4372e-12, 0.0000e+00): lin 1 (0.0e+00)
1: rp = 6.076537827399304e-12	ru = 4.718466638871518e-12	rg = 0.0	rwell = 0.0	CFL = 0.0
-------------------------------------------------------------------------------------------------------------
 T = 0.188232, DT = 0.0897452, NI = 1, LI = 1, RES = 7.7e-12 (inf), CFL=0.000 (ELAPSED 00:00:02 )
-------------------------------------------------------------------------------------------------------------
# 1 	T = 0.188232	DT = 0.0897452	NI = 1	LI=1
TS = 8(0), NI = 8(0), LI = 8(0)
0: rp = 0.007068401842997511	ru = 4.718466638871518e-12	rg = 0.0	rwell = 0.0	CFL = 0.0
	 #1 (7.0684e-03, 4.7185e-12, 0.0000e+00): lin 1 (0.0e+00)
1: rp = 7.737352355417431e-12	ru = 8.201369265301552e-12	rg = 0.0	rwell = 0.0	CFL = 0.0
-------------------------------------------------------------------------------------------------------------
 T = 0.358845, DT = 0.170613, NI = 1, LI = 1, RES = 1.1e-11 (inf), CFL=0.000 (ELAPSED 00:00:02 )
-------------------------------------------------------------------------------------------------------------
# 1 	T = 0.358845	DT = 0.170613	NI = 1	LI=1
TS = 9(0), NI = 9(0), LI = 9(0)
0: rp = 0.00861729798893613	ru = 8.201369265301552e-12	rg = 0.0	rwell = 0.0	CFL = 0.0
	 #1 (8.6173e-03, 8.2014e-12, 0.0000e+00): lin 1 (0.0e+00)
1: rp = 9.667034408336678e-12	ru = 2.105630948240386e-11	rg = 0.0	rwell = 0.0	CFL = 0.0
-------------------------------------------------------------------------------------------------------------
 T = 0.683196, DT = 0.32435, NI = 1, LI = 1, RES = 2.3e-11 (inf), CFL=0.000 (ELAPSED 00:00:03 )
-------------------------------------------------------------------------------------------------------------
# 1 	T = 0.683196	DT = 0.32435	NI = 1	LI=1
TS = 10(0), NI = 10(0), LI = 10(0)
0: rp = 0.01069853173192099	ru = 2.105630948240386e-11	rg = 0.0	rwell = 0.0	CFL = 0.0
	 #1 (1.0699e-02, 2.1056e-11, 0.0000e+00): lin 1 (0.0e+00)
1: rp = 1.370918762047766e-11	ru = 9.75277384980483e-11	rg = 0.0	rwell = 0.0	CFL = 0.0
-------------------------------------------------------------------------------------------------------------
 T = 1.29981, DT = 0.616617, NI = 1, LI = 1, RES = 9.8e-11 (inf), CFL=0.000 (ELAPSED 00:00:03 )
-------------------------------------------------------------------------------------------------------------
# 1 	T = 1.29981	DT = 0.616617	NI = 1	LI=1
TS = 11(0), NI = 11(0), LI = 11(0)
0: rp = 0.014255309468677787	ru = 9.75277384980483e-11	rg = 0.0	rwell = 0.0	CFL = 0.0
	 #1 (1.4255e-02, 9.7528e-11, 0.0000e+00): lin 1 (0.0e+00)
1: rp = 2.4185468595102684e-11	ru = 1.7506230225638635e-11	rg = 0.0	rwell = 0.0	CFL = 0.0
-------------------------------------------------------------------------------------------------------------
 T = 2.47206, DT = 1.17224, NI = 1, LI = 1, RES = 3.0e-11 (inf), CFL=0.000 (ELAPSED 00:00:03 )
-------------------------------------------------------------------------------------------------------------
# 1 	T = 2.47206	DT = 1.17224	NI = 1	LI=1
TS = 12(0), NI = 12(0), LI = 12(0)
0: rp = 0.01843777074681595	ru = 1.7506230225638635e-11	rg = 0.0	rwell = 0.0	CFL = 0.0
	 #1 (1.8438e-02, 1.7506e-11, 0.0000e+00): lin 1 (0.0e+00)
1: rp = 3.535326882630044e-11	ru = 1.559348865827774e-11	rg = 0.0	rwell = 0.0	CFL = 0.0
-------------------------------------------------------------------------------------------------------------
 T = 4.70059, DT = 2.22853, NI = 1, LI = 1, RES = 3.9e-11 (inf), CFL=0.000 (ELAPSED 00:00:03 )
-------------------------------------------------------------------------------------------------------------
# 1 	T = 4.70059	DT = 2.22853	NI = 1	LI=1
TS = 13(0), NI = 13(0), LI = 13(0)
0: rp = 0.01945884890148022	ru = 1.559348865827774e-11	rg = 0.0	rwell = 0.0	CFL = 0.0
	 #1 (1.9459e-02, 1.5593e-11, 0.0000e+00): lin 1 (0.0e+00)
1: rp = 2.98348082904105e-11	ru = 1.2668903750831144e-11	rg = 0.0	rwell = 0.0	CFL = 0.0
-------------------------------------------------------------------------------------------------------------
 T = 8.93722, DT = 4.23663, NI = 1, LI = 1, RES = 3.2e-11 (inf), CFL=0.000 (ELAPSED 00:00:04 )
-------------------------------------------------------------------------------------------------------------
# 1 	T = 8.93722	DT = 4.23663	NI = 1	LI=1
TS = 14(0), NI = 14(0), LI = 14(0)
0: rp = 0.014751124035642634	ru = 1.2668903750831144e-11	rg = 0.0	rwell = 0.0	CFL = 0.0
	 #1 (1.4751e-02, 1.2669e-11, 0.0000e+00): lin 1 (0.0e+00)
1: rp = 1.168401491267172e-11	ru = 7.579084079161416e-12	rg = 0.0	rwell = 0.0	CFL = 0.0
-------------------------------------------------------------------------------------------------------------
 T = 16.9914, DT = 8.05419, NI = 1, LI = 1, RES = 1.4e-11 (inf), CFL=0.000 (ELAPSED 00:00:04 )
-------------------------------------------------------------------------------------------------------------
# 1 	T = 16.9914	DT = 8.05419	NI = 1	LI=1
TS = 15(0), NI = 15(0), LI = 15(0)
0: rp = 0.007258180615808616	ru = 7.579084079161416e-12	rg = 0.0	rwell = 0.0	CFL = 0.0
	 #1 (7.2582e-03, 7.5791e-12, 0.0000e+00): lin 1 (0.0e+00)
1: rp = 1.7667526254226774e-12	ru = 1.252145292344908e-12	rg = 0.0	rwell = 0.0	CFL = 0.0
-------------------------------------------------------------------------------------------------------------
 T = 32.3031, DT = 15.3117, NI = 1, LI = 1, RES = 2.2e-12 (inf), CFL=0.000 (ELAPSED 00:00:04 )
-------------------------------------------------------------------------------------------------------------
# 1 	T = 32.3031	DT = 15.3117	NI = 1	LI=1
TS = 16(0), NI = 16(0), LI = 16(0)
0: rp = 0.0021414739666998405	ru = 1.252145292344908e-12	rg = 0.0	rwell = 0.0	CFL = 0.0
	 #1 (2.1415e-03, 1.2521e-12, 0.0000e+00): lin 1 (0.0e+00)
1: rp = 8.985543629121854e-14	ru = 2.4563138491719763e-13	rg = 0.0	rwell = 0.0	CFL = 0.0
-------------------------------------------------------------------------------------------------------------
 T = 61.412, DT = 29.1089, NI = 1, LI = 1, RES = 2.6e-13 (inf), CFL=0.000 (ELAPSED 00:00:04 )
-------------------------------------------------------------------------------------------------------------
# 1 	T = 61.412	DT = 29.1089	NI = 1	LI=1
TS = 17(0), NI = 17(0), LI = 17(0)
0: rp = 0.0003587445029769665	ru = 2.4563138491719763e-13	rg = 0.0	rwell = 0.0	CFL = 0.0
	 #1 (3.5874e-04, 2.4563e-13, 0.0000e+00): lin 1 (0.0e+00)
1: rp = 1.424777042761275e-15	ru = 1.479503308597016e-13	rg = 0.0	rwell = 0.0	CFL = 0.0
-------------------------------------------------------------------------------------------------------------
 T = 116.75, DT = 55.3384, NI = 1, LI = 1, RES = 1.5e-13 (inf), CFL=0.000 (ELAPSED 00:00:05 )
-------------------------------------------------------------------------------------------------------------
# 1 	T = 116.75	DT = 55.3384	NI = 1	LI=1
TS = 18(0), NI = 18(0), LI = 18(0)
0: rp = 3.299026613195159e-05	ru = 1.479503308597016e-13	rg = 0.0	rwell = 0.0	CFL = 0.0
	 #1 (3.2990e-05, 1.4795e-13, 0.0000e+00): lin 1 (0.0e+00)
1: rp = 8.658284022218913e-17	ru = 1.342856334714491e-13	rg = 0.0	rwell = 0.0	CFL = 0.0
-------------------------------------------------------------------------------------------------------------
 T = 221.953, DT = 105.203, NI = 1, LI = 1, RES = 1.3e-13 (inf), CFL=0.000 (ELAPSED 00:00:05 )
-------------------------------------------------------------------------------------------------------------
# 1 	T = 221.953	DT = 105.203	NI = 1	LI=1
TS = 19(0), NI = 19(0), LI = 19(0)
0: rp = 1.6332710112222372e-06	ru = 1.342856334714491e-13	rg = 0.0	rwell = 0.0	CFL = 0.0
	 #1 (1.6333e-06, 1.3429e-13, 0.0000e+00): lin 1 (0.0e+00)
1: rp = 9.893518610860713e-17	ru = 1.2593311360158877e-13	rg = 0.0	rwell = 0.0	CFL = 0.0
-------------------------------------------------------------------------------------------------------------
 T = 421.953, DT = 200, NI = 1, LI = 1, RES = 1.3e-13 (inf), CFL=0.000 (ELAPSED 00:00:05 )
-------------------------------------------------------------------------------------------------------------
# 1 	T = 421.953	DT = 200	NI = 1	LI=1
TS = 20(0), NI = 20(0), LI = 20(0)
