case:terzaghi, scheme:non_stabilized, mesh: wedge, overwrite: 0
darts-linear-solvers built on May  1 2023 11:41:06 by lorozco@login04 from GITDIR-NOTFOUND
darts-engines built on 15/05/2023, 14:52:47 by lorozco@login03 from 8e8f836-dirty
darts-package built on 15/05/2023 14:56:21 by lorozco@login03 from 8e8f836-dirty

Pressure gradients depend on displacements with a max coefficient: 4.615e-20
Gradient reconstruction was done!
Calculation of fluxes was done!
Processing mesh: 944 reservoir blocks including 4720 connections
Single phase 1-component isothermal poromechanics CPU engine
Sim params: 
	First ts: 	1e-05
	Max ts: 	0.1
	Mult ts: 	1.5
	Max i newton: 	10
	Max i linear: 	5000
	Tol newton: 	1e-06
	Tol linear: 	1e-10

START SIMULATION
-------------------------------------------------------------------------------------------------------------
0: rp = 3.73792591297284e-17	ru = 5.748637949090854	rg = 0.0	rwell = 0.0	CFL = 0.0
	 #1 (3.7379e-17, 5.7486e+00, 0.0000e+00): lin 1 (0.0e+00)
1: rp = 8.906826005716015e-07	ru = 1.1160974410109105e-10	rg = 0.0	rwell = 0.0	CFL = 0.0
-------------------------------------------------------------------------------------------------------------
 T = 0.001, DT = 0.001, NI = 1, LI = 1, RES = 8.9e-07 (inf), CFL=0.000 (ELAPSED 00:00:00 )
-------------------------------------------------------------------------------------------------------------
# 1 	T = 0.001	DT = 0.001	NI = 1	LI=1
TS = 1(0), NI = 1(0), LI = 1(0)
0: rp = 0.00010945128677316932	ru = 1.1160974410109105e-10	rg = 0.0	rwell = 0.0	CFL = 0.0
	 #1 (1.0945e-04, 1.1161e-10, 0.0000e+00): lin 1 (0.0e+00)
1: rp = 5.411340606106708e-09	ru = 5.252514226802132e-13	rg = 0.0	rwell = 0.0	CFL = 0.0
-------------------------------------------------------------------------------------------------------------
 T = 0.00290109, DT = 0.00190109, NI = 1, LI = 1, RES = 5.4e-09 (inf), CFL=0.000 (ELAPSED 00:00:00 )
-------------------------------------------------------------------------------------------------------------
# 1 	T = 0.00290109	DT = 0.00190109	NI = 1	LI=1
TS = 2(0), NI = 2(0), LI = 2(0)
0: rp = 0.00016787086113291953	ru = 5.252514226802132e-13	rg = 0.0	rwell = 0.0	CFL = 0.0
	 #1 (1.6787e-04, 5.2525e-13, 0.0000e+00): lin 1 (0.0e+00)
1: rp = 9.093352782493125e-09	ru = 2.911142082213906e-13	rg = 0.0	rwell = 0.0	CFL = 0.0
-------------------------------------------------------------------------------------------------------------
 T = 0.00651521, DT = 0.00361412, NI = 1, LI = 1, RES = 9.1e-09 (inf), CFL=0.000 (ELAPSED 00:00:00 )
-------------------------------------------------------------------------------------------------------------
# 1 	T = 0.00651521	DT = 0.00361412	NI = 1	LI=1
TS = 3(0), NI = 3(0), LI = 3(0)
0: rp = 0.0002630866270513684	ru = 2.911142082213906e-13	rg = 0.0	rwell = 0.0	CFL = 0.0
	 #1 (2.6309e-04, 2.9111e-13, 0.0000e+00): lin 1 (0.0e+00)
1: rp = 1.6770901416389833e-08	ru = 3.623482679906852e-13	rg = 0.0	rwell = 0.0	CFL = 0.0
-------------------------------------------------------------------------------------------------------------
 T = 0.013386, DT = 0.00687076, NI = 1, LI = 1, RES = 1.7e-08 (inf), CFL=0.000 (ELAPSED 00:00:00 )
-------------------------------------------------------------------------------------------------------------
# 1 	T = 0.013386	DT = 0.00687076	NI = 1	LI=1
TS = 4(0), NI = 4(0), LI = 4(0)
0: rp = 0.00040818401359551823	ru = 3.623482679906852e-13	rg = 0.0	rwell = 0.0	CFL = 0.0
	 #1 (4.0818e-04, 3.6235e-13, 0.0000e+00): lin 1 (0.0e+00)
1: rp = 3.1725126013092795e-08	ru = 7.796869501973546e-13	rg = 0.0	rwell = 0.0	CFL = 0.0
-------------------------------------------------------------------------------------------------------------
 T = 0.0264479, DT = 0.0130619, NI = 1, LI = 1, RES = 3.2e-08 (inf), CFL=0.000 (ELAPSED 00:00:00 )
-------------------------------------------------------------------------------------------------------------
# 1 	T = 0.0264479	DT = 0.0130619	NI = 1	LI=1
TS = 5(0), NI = 5(0), LI = 5(0)
0: rp = 0.0005972449634154715	ru = 7.796869501973546e-13	rg = 0.0	rwell = 0.0	CFL = 0.0
	 #1 (5.9724e-04, 7.7969e-13, 0.0000e+00): lin 1 (0.0e+00)
1: rp = 5.42886451123333e-08	ru = 1.2768377234824145e-12	rg = 0.0	rwell = 0.0	CFL = 0.0
-------------------------------------------------------------------------------------------------------------
 T = 0.0512797, DT = 0.0248318, NI = 1, LI = 1, RES = 5.4e-08 (inf), CFL=0.000 (ELAPSED 00:00:00 )
-------------------------------------------------------------------------------------------------------------
# 1 	T = 0.0512797	DT = 0.0248318	NI = 1	LI=1
TS = 6(0), NI = 6(0), LI = 6(0)
0: rp = 0.0008094088730196084	ru = 1.2768377234824145e-12	rg = 0.0	rwell = 0.0	CFL = 0.0
	 #1 (8.0941e-04, 1.2768e-12, 0.0000e+00): lin 1 (0.0e+00)
1: rp = 7.923503849866443e-08	ru = 2.3834869869475086e-12	rg = 0.0	rwell = 0.0	CFL = 0.0
-------------------------------------------------------------------------------------------------------------
 T = 0.098487, DT = 0.0472073, NI = 1, LI = 1, RES = 7.9e-08 (inf), CFL=0.000 (ELAPSED 00:00:00 )
-------------------------------------------------------------------------------------------------------------
# 1 	T = 0.098487	DT = 0.0472073	NI = 1	LI=1
TS = 7(0), NI = 7(0), LI = 7(0)
0: rp = 0.0010344634527183851	ru = 2.3834869869475086e-12	rg = 0.0	rwell = 0.0	CFL = 0.0
	 #1 (1.0345e-03, 2.3835e-12, 0.0000e+00): lin 1 (0.0e+00)
1: rp = 1.0391893514430749e-07	ru = 2.356024767922729e-12	rg = 0.0	rwell = 0.0	CFL = 0.0
-------------------------------------------------------------------------------------------------------------
 T = 0.188232, DT = 0.0897452, NI = 1, LI = 1, RES = 1.0e-07 (inf), CFL=0.000 (ELAPSED 00:00:00 )
-------------------------------------------------------------------------------------------------------------
# 1 	T = 0.188232	DT = 0.0897452	NI = 1	LI=1
TS = 8(0), NI = 8(0), LI = 8(0)
0: rp = 0.0012809114870374594	ru = 2.356024767922729e-12	rg = 0.0	rwell = 0.0	CFL = 0.0
	 #1 (1.2809e-03, 2.3560e-12, 0.0000e+00): lin 1 (0.0e+00)
1: rp = 1.326503265910511e-07	ru = 2.7179431826655436e-12	rg = 0.0	rwell = 0.0	CFL = 0.0
-------------------------------------------------------------------------------------------------------------
 T = 0.358845, DT = 0.170613, NI = 1, LI = 1, RES = 1.3e-07 (inf), CFL=0.000 (ELAPSED 00:00:00 )
-------------------------------------------------------------------------------------------------------------
# 1 	T = 0.358845	DT = 0.170613	NI = 1	LI=1
TS = 9(0), NI = 9(0), LI = 9(0)
0: rp = 0.0015581501967934716	ru = 2.7179431826655436e-12	rg = 0.0	rwell = 0.0	CFL = 0.0
	 #1 (1.5582e-03, 2.7179e-12, 0.0000e+00): lin 1 (0.0e+00)
1: rp = 1.6631304841593553e-07	ru = 4.044269129099012e-12	rg = 0.0	rwell = 0.0	CFL = 0.0
-------------------------------------------------------------------------------------------------------------
 T = 0.683196, DT = 0.32435, NI = 1, LI = 1, RES = 1.7e-07 (inf), CFL=0.000 (ELAPSED 00:00:01 )
-------------------------------------------------------------------------------------------------------------
# 1 	T = 0.683196	DT = 0.32435	NI = 1	LI=1
TS = 10(0), NI = 10(0), LI = 10(0)
0: rp = 0.0018720488709591306	ru = 4.044269129099012e-12	rg = 0.0	rwell = 0.0	CFL = 0.0
	 #1 (1.8720e-03, 4.0443e-12, 0.0000e+00): lin 1 (0.0e+00)
1: rp = 2.0370306236068955e-07	ru = 8.247591095879443e-12	rg = 0.0	rwell = 0.0	CFL = 0.0
-------------------------------------------------------------------------------------------------------------
 T = 1.29981, DT = 0.616617, NI = 1, LI = 1, RES = 2.0e-07 (inf), CFL=0.000 (ELAPSED 00:00:01 )
-------------------------------------------------------------------------------------------------------------
# 1 	T = 1.29981	DT = 0.616617	NI = 1	LI=1
TS = 11(0), NI = 11(0), LI = 11(0)
0: rp = 0.0022307849422992417	ru = 8.247591095879443e-12	rg = 0.0	rwell = 0.0	CFL = 0.0
	 #1 (2.2308e-03, 8.2476e-12, 0.0000e+00): lin 1 (0.0e+00)
1: rp = 2.444252024452057e-07	ru = 1.847774900811041e-11	rg = 0.0	rwell = 0.0	CFL = 0.0
-------------------------------------------------------------------------------------------------------------
 T = 2.47206, DT = 1.17224, NI = 1, LI = 1, RES = 2.4e-07 (inf), CFL=0.000 (ELAPSED 00:00:01 )
-------------------------------------------------------------------------------------------------------------
# 1 	T = 2.47206	DT = 1.17224	NI = 1	LI=1
TS = 12(0), NI = 12(0), LI = 12(0)
0: rp = 0.0026467565529327383	ru = 1.847774900811041e-11	rg = 0.0	rwell = 0.0	CFL = 0.0
	 #1 (2.6468e-03, 1.8478e-11, 0.0000e+00): lin 1 (0.0e+00)
1: rp = 2.9135229200068284e-07	ru = 1.662009216821816e-11	rg = 0.0	rwell = 0.0	CFL = 0.0
-------------------------------------------------------------------------------------------------------------
 T = 4.70059, DT = 2.22853, NI = 1, LI = 1, RES = 2.9e-07 (inf), CFL=0.000 (ELAPSED 00:00:01 )
-------------------------------------------------------------------------------------------------------------
# 1 	T = 4.70059	DT = 2.22853	NI = 1	LI=1
TS = 13(0), NI = 13(0), LI = 13(0)
0: rp = 0.003138710114125101	ru = 1.662009216821816e-11	rg = 0.0	rwell = 0.0	CFL = 0.0
	 #1 (3.1387e-03, 1.6620e-11, 0.0000e+00): lin 1 (0.0e+00)
1: rp = 3.510223755021712e-07	ru = 1.9118618929589512e-11	rg = 0.0	rwell = 0.0	CFL = 0.0
-------------------------------------------------------------------------------------------------------------
 T = 8.93722, DT = 4.23663, NI = 1, LI = 1, RES = 3.5e-07 (inf), CFL=0.000 (ELAPSED 00:00:01 )
-------------------------------------------------------------------------------------------------------------
# 1 	T = 8.93722	DT = 4.23663	NI = 1	LI=1
TS = 14(0), NI = 14(0), LI = 14(0)
0: rp = 0.0038313643616201933	ru = 1.9118618929589512e-11	rg = 0.0	rwell = 0.0	CFL = 0.0
	 #1 (3.8314e-03, 1.9119e-11, 0.0000e+00): lin 1 (0.0e+00)
1: rp = 4.823652187520787e-07	ru = 2.270631801292682e-11	rg = 0.0	rwell = 0.0	CFL = 0.0
-------------------------------------------------------------------------------------------------------------
 T = 16.9914, DT = 8.05419, NI = 1, LI = 1, RES = 4.8e-07 (inf), CFL=0.000 (ELAPSED 00:00:01 )
-------------------------------------------------------------------------------------------------------------
# 1 	T = 16.9914	DT = 8.05419	NI = 1	LI=1
TS = 15(0), NI = 15(0), LI = 15(0)
0: rp = 0.005065897454989972	ru = 2.270631801292682e-11	rg = 0.0	rwell = 0.0	CFL = 0.0
	 #1 (5.0659e-03, 2.2706e-11, 0.0000e+00): lin 1 (0.0e+00)
1: rp = 8.436892983750528e-07	ru = 2.5164306914880726e-11	rg = 0.0	rwell = 0.0	CFL = 0.0
-------------------------------------------------------------------------------------------------------------
 T = 32.3031, DT = 15.3117, NI = 1, LI = 1, RES = 8.4e-07 (inf), CFL=0.000 (ELAPSED 00:00:01 )
-------------------------------------------------------------------------------------------------------------
# 1 	T = 32.3031	DT = 15.3117	NI = 1	LI=1
TS = 16(0), NI = 16(0), LI = 16(0)
0: rp = 0.0065607276069854295	ru = 2.5164306914880726e-11	rg = 0.0	rwell = 0.0	CFL = 0.0
	 #1 (6.5607e-03, 2.5164e-11, 0.0000e+00): lin 1 (0.0e+00)
1: rp = 1.2507962823556812e-06	ru = 2.0935692141944583e-11	rg = 0.0	rwell = 0.0	CFL = 0.0
	 #2 (1.2508e-06, 2.0936e-11, 0.0000e+00): lin 1 (0.0e+00)
2: rp = 4.1221523436619514e-14	ru = 1.1826396336233618e-13	rg = 0.0	rwell = 0.0	CFL = 0.0
-------------------------------------------------------------------------------------------------------------
 T = 61.412, DT = 29.1089, NI = 2, LI = 2, RES = 1.3e-13 (inf), CFL=0.000 (ELAPSED 00:00:01 )
-------------------------------------------------------------------------------------------------------------
# 1 	T = 61.412	DT = 29.1089	NI = 2	LI=2
TS = 17(0), NI = 18(0), LI = 18(0)
0: rp = 0.006943861516420859	ru = 1.1826396336233618e-13	rg = 0.0	rwell = 0.0	CFL = 0.0
	 #1 (6.9439e-03, 1.1826e-13, 0.0000e+00): lin 1 (0.0e+00)
1: rp = 1.0733013253140483e-06	ru = 4.792135696917088e-12	rg = 0.0	rwell = 0.0	CFL = 0.0
	 #2 (1.0733e-06, 4.7921e-12, 0.0000e+00): lin 1 (0.0e+00)
2: rp = 1.927811404392245e-14	ru = 1.3347745759413012e-13	rg = 0.0	rwell = 0.0	CFL = 0.0
-------------------------------------------------------------------------------------------------------------
 T = 116.75, DT = 55.3384, NI = 2, LI = 2, RES = 1.3e-13 (inf), CFL=0.000 (ELAPSED 00:00:01 )
-------------------------------------------------------------------------------------------------------------
# 1 	T = 116.75	DT = 55.3384	NI = 2	LI=2
TS = 18(0), NI = 20(0), LI = 20(0)
0: rp = 0.005277307418454974	ru = 1.3347745759413012e-13	rg = 0.0	rwell = 0.0	CFL = 0.0
	 #1 (5.2773e-03, 1.3348e-13, 0.0000e+00): lin 1 (0.0e+00)
1: rp = 4.266614746483244e-07	ru = 1.6624638250571798e-13	rg = 0.0	rwell = 0.0	CFL = 0.0
-------------------------------------------------------------------------------------------------------------
 T = 221.953, DT = 105.203, NI = 1, LI = 1, RES = 4.3e-07 (inf), CFL=0.000 (ELAPSED 00:00:01 )
-------------------------------------------------------------------------------------------------------------
# 1 	T = 221.953	DT = 105.203	NI = 1	LI=1
TS = 19(0), NI = 21(0), LI = 21(0)
0: rp = 0.0026037470519018977	ru = 1.6624638250571798e-13	rg = 0.0	rwell = 0.0	CFL = 0.0
	 #1 (2.6037e-03, 1.6625e-13, 0.0000e+00): lin 1 (0.0e+00)
1: rp = 6.532998129003726e-08	ru = 1.4770212204941644e-13	rg = 0.0	rwell = 0.0	CFL = 0.0
-------------------------------------------------------------------------------------------------------------
 T = 421.953, DT = 200, NI = 1, LI = 1, RES = 6.5e-08 (inf), CFL=0.000 (ELAPSED 00:00:02 )
-------------------------------------------------------------------------------------------------------------
# 1 	T = 421.953	DT = 200	NI = 1	LI=1
TS = 20(0), NI = 22(0), LI = 22(0)
