case:terzaghi, scheme:stabilized, mesh: wedge, overwrite: 0
darts-linear-solvers built on May  1 2023 11:41:06 by lorozco@login04 from GITDIR-NOTFOUND
darts-engines built on 15/05/2023, 14:52:47 by lorozco@login03 from 8e8f836-dirty
darts-package built on 15/05/2023 14:56:21 by lorozco@login03 from 8e8f836-dirty

Pressure gradients depend on displacements with a max coefficient: 4.615e-20
Gradient reconstruction was done!
Calculation of fluxes was done!
Processing mesh: 944 reservoir blocks including 4720 connections
Single phase 1-component isothermal poromechanics CPU engine
Sim params: 
	First ts: 	1e-05
	Max ts: 	0.1
	Mult ts: 	1.5
	Max i newton: 	10
	Max i linear: 	5000
	Tol newton: 	1e-06
	Tol linear: 	1e-10

START SIMULATION
-------------------------------------------------------------------------------------------------------------
0: rp = 3.7379321079469216e-17	ru = 7.670063386796302	rg = 0.0	rwell = 0.0	CFL = 0.0
	 #1 (3.7379e-17, 7.6701e+00, 0.0000e+00): lin 1 (0.0e+00)
1: rp = 1.7646878752521238e-06	ru = 2.9254640334497905e-10	rg = 0.0	rwell = 0.0	CFL = 0.0
	 #2 (1.7647e-06, 2.9255e-10, 0.0000e+00): lin 1 (0.0e+00)
2: rp = 2.0252066900386517e-13	ru = 4.9776672242068743e-14	rg = 0.0	rwell = 0.0	CFL = 0.0
-------------------------------------------------------------------------------------------------------------
 T = 0.001, DT = 0.001, NI = 2, LI = 2, RES = 2.1e-13 (inf), CFL=0.000 (ELAPSED 00:00:00 )
-------------------------------------------------------------------------------------------------------------
# 1 	T = 0.001	DT = 0.001	NI = 2	LI=2
TS = 1(0), NI = 2(0), LI = 2(0)
0: rp = 1.620367834330359e-05	ru = 4.9776672242068743e-14	rg = 0.0	rwell = 0.0	CFL = 0.0
	 #1 (1.6204e-05, 4.9777e-14, 0.0000e+00): lin 1 (0.0e+00)
1: rp = 2.567302763501687e-11	ru = 1.952374824194279e-13	rg = 0.0	rwell = 0.0	CFL = 0.0
-------------------------------------------------------------------------------------------------------------
 T = 0.00290109, DT = 0.00190109, NI = 1, LI = 1, RES = 2.6e-11 (inf), CFL=0.000 (ELAPSED 00:00:00 )
-------------------------------------------------------------------------------------------------------------
# 1 	T = 0.00290109	DT = 0.00190109	NI = 1	LI=1
TS = 2(0), NI = 3(0), LI = 3(0)
0: rp = 3.0726116563752815e-05	ru = 1.952374824194279e-13	rg = 0.0	rwell = 0.0	CFL = 0.0
	 #1 (3.0726e-05, 1.9524e-13, 0.0000e+00): lin 1 (0.0e+00)
1: rp = 9.207278440698205e-11	ru = 2.966701578788591e-13	rg = 0.0	rwell = 0.0	CFL = 0.0
-------------------------------------------------------------------------------------------------------------
 T = 0.00651521, DT = 0.00361412, NI = 1, LI = 1, RES = 9.2e-11 (inf), CFL=0.000 (ELAPSED 00:00:00 )
-------------------------------------------------------------------------------------------------------------
# 1 	T = 0.00651521	DT = 0.00361412	NI = 1	LI=1
TS = 3(0), NI = 4(0), LI = 4(0)
0: rp = 5.8130891515354765e-05	ru = 2.966701578788591e-13	rg = 0.0	rwell = 0.0	CFL = 0.0
	 #1 (5.8131e-05, 2.9667e-13, 0.0000e+00): lin 1 (0.0e+00)
1: rp = 3.2793417206757924e-10	ru = 8.882439583951749e-13	rg = 0.0	rwell = 0.0	CFL = 0.0
-------------------------------------------------------------------------------------------------------------
 T = 0.013386, DT = 0.00687076, NI = 1, LI = 1, RES = 3.3e-10 (inf), CFL=0.000 (ELAPSED 00:00:00 )
-------------------------------------------------------------------------------------------------------------
# 1 	T = 0.013386	DT = 0.00687076	NI = 1	LI=1
TS = 4(0), NI = 5(0), LI = 5(0)
0: rp = 0.00010950238001706954	ru = 8.882439583951749e-13	rg = 0.0	rwell = 0.0	CFL = 0.0
	 #1 (1.0950e-04, 8.8824e-13, 0.0000e+00): lin 1 (0.0e+00)
1: rp = 1.152902670606682e-09	ru = 1.1804347998500382e-12	rg = 0.0	rwell = 0.0	CFL = 0.0
-------------------------------------------------------------------------------------------------------------
 T = 0.0264479, DT = 0.0130619, NI = 1, LI = 1, RES = 1.2e-09 (inf), CFL=0.000 (ELAPSED 00:00:00 )
-------------------------------------------------------------------------------------------------------------
# 1 	T = 0.0264479	DT = 0.0130619	NI = 1	LI=1
TS = 5(0), NI = 6(0), LI = 6(0)
0: rp = 0.00020459306640731127	ru = 1.1804347998500382e-12	rg = 0.0	rwell = 0.0	CFL = 0.0
	 #1 (2.0459e-04, 1.1804e-12, 0.0000e+00): lin 1 (0.0e+00)
1: rp = 3.955755887953559e-09	ru = 2.3473731724442645e-12	rg = 0.0	rwell = 0.0	CFL = 0.0
-------------------------------------------------------------------------------------------------------------
 T = 0.0512797, DT = 0.0248318, NI = 1, LI = 1, RES = 4.0e-09 (inf), CFL=0.000 (ELAPSED 00:00:00 )
-------------------------------------------------------------------------------------------------------------
# 1 	T = 0.0512797	DT = 0.0248318	NI = 1	LI=1
TS = 6(0), NI = 7(0), LI = 7(0)
0: rp = 0.00037645909185343636	ru = 2.3473731724442645e-12	rg = 0.0	rwell = 0.0	CFL = 0.0
	 #1 (3.7646e-04, 2.3474e-12, 0.0000e+00): lin 1 (0.0e+00)
1: rp = 1.2975958748267717e-08	ru = 3.663383252672503e-12	rg = 0.0	rwell = 0.0	CFL = 0.0
-------------------------------------------------------------------------------------------------------------
 T = 0.098487, DT = 0.0472073, NI = 1, LI = 1, RES = 1.3e-08 (inf), CFL=0.000 (ELAPSED 00:00:00 )
-------------------------------------------------------------------------------------------------------------
# 1 	T = 0.098487	DT = 0.0472073	NI = 1	LI=1
TS = 7(0), NI = 8(0), LI = 8(0)
0: rp = 0.0006734363576209592	ru = 3.663383252672503e-12	rg = 0.0	rwell = 0.0	CFL = 0.0
	 #1 (6.7344e-04, 3.6634e-12, 0.0000e+00): lin 1 (0.0e+00)
1: rp = 3.925978859994724e-08	ru = 6.5097127097984335e-12	rg = 0.0	rwell = 0.0	CFL = 0.0
-------------------------------------------------------------------------------------------------------------
 T = 0.188232, DT = 0.0897452, NI = 1, LI = 1, RES = 3.9e-08 (inf), CFL=0.000 (ELAPSED 00:00:00 )
-------------------------------------------------------------------------------------------------------------
# 1 	T = 0.188232	DT = 0.0897452	NI = 1	LI=1
TS = 8(0), NI = 9(0), LI = 9(0)
0: rp = 0.001145209078590661	ru = 6.5097127097984335e-12	rg = 0.0	rwell = 0.0	CFL = 0.0
	 #1 (1.1452e-03, 6.5097e-12, 0.0000e+00): lin 1 (0.0e+00)
1: rp = 1.0340645445376001e-07	ru = 1.2529767622581713e-11	rg = 0.0	rwell = 0.0	CFL = 0.0
-------------------------------------------------------------------------------------------------------------
 T = 0.358845, DT = 0.170613, NI = 1, LI = 1, RES = 1.0e-07 (inf), CFL=0.000 (ELAPSED 00:00:00 )
-------------------------------------------------------------------------------------------------------------
# 1 	T = 0.358845	DT = 0.170613	NI = 1	LI=1
TS = 9(0), NI = 10(0), LI = 10(0)
0: rp = 0.0017863578201508736	ru = 1.2529767622581713e-11	rg = 0.0	rwell = 0.0	CFL = 0.0
	 #1 (1.7864e-03, 1.2530e-11, 0.0000e+00): lin 1 (0.0e+00)
1: rp = 2.1846014219773439e-07	ru = 1.7297249618421942e-11	rg = 0.0	rwell = 0.0	CFL = 0.0
-------------------------------------------------------------------------------------------------------------
 T = 0.683196, DT = 0.32435, NI = 1, LI = 1, RES = 2.2e-07 (inf), CFL=0.000 (ELAPSED 00:00:00 )
-------------------------------------------------------------------------------------------------------------
# 1 	T = 0.683196	DT = 0.32435	NI = 1	LI=1
TS = 10(0), NI = 11(0), LI = 11(0)
0: rp = 0.0024397827417022805	ru = 1.7297249618421942e-11	rg = 0.0	rwell = 0.0	CFL = 0.0
	 #1 (2.4398e-03, 1.7297e-11, 0.0000e+00): lin 1 (0.0e+00)
1: rp = 3.391498231479269e-07	ru = 2.0734267032515068e-11	rg = 0.0	rwell = 0.0	CFL = 0.0
-------------------------------------------------------------------------------------------------------------
 T = 1.29981, DT = 0.616617, NI = 1, LI = 1, RES = 3.4e-07 (inf), CFL=0.000 (ELAPSED 00:00:00 )
-------------------------------------------------------------------------------------------------------------
# 1 	T = 1.29981	DT = 0.616617	NI = 1	LI=1
TS = 11(0), NI = 12(0), LI = 12(0)
0: rp = 0.0028381692652530506	ru = 2.0734267032515068e-11	rg = 0.0	rwell = 0.0	CFL = 0.0
	 #1 (2.8382e-03, 2.0734e-11, 0.0000e+00): lin 1 (0.0e+00)
1: rp = 3.8449691772201255e-07	ru = 2.5544272407743355e-11	rg = 0.0	rwell = 0.0	CFL = 0.0
-------------------------------------------------------------------------------------------------------------
 T = 2.47206, DT = 1.17224, NI = 1, LI = 1, RES = 3.8e-07 (inf), CFL=0.000 (ELAPSED 00:00:01 )
-------------------------------------------------------------------------------------------------------------
# 1 	T = 2.47206	DT = 1.17224	NI = 1	LI=1
TS = 12(0), NI = 13(0), LI = 13(0)
0: rp = 0.0030331118645751257	ru = 2.5544272407743355e-11	rg = 0.0	rwell = 0.0	CFL = 0.0
	 #1 (3.0331e-03, 2.5544e-11, 0.0000e+00): lin 1 (0.0e+00)
1: rp = 4.146495322638926e-07	ru = 2.736125874595117e-11	rg = 0.0	rwell = 0.0	CFL = 0.0
-------------------------------------------------------------------------------------------------------------
 T = 4.70059, DT = 2.22853, NI = 1, LI = 1, RES = 4.1e-07 (inf), CFL=0.000 (ELAPSED 00:00:01 )
-------------------------------------------------------------------------------------------------------------
# 1 	T = 4.70059	DT = 2.22853	NI = 1	LI=1
TS = 13(0), NI = 14(0), LI = 14(0)
0: rp = 0.003517441235794027	ru = 2.736125874595117e-11	rg = 0.0	rwell = 0.0	CFL = 0.0
	 #1 (3.5174e-03, 2.7361e-11, 0.0000e+00): lin 1 (0.0e+00)
1: rp = 5.488234104003609e-07	ru = 3.0142058847647825e-11	rg = 0.0	rwell = 0.0	CFL = 0.0
-------------------------------------------------------------------------------------------------------------
 T = 8.93722, DT = 4.23663, NI = 1, LI = 1, RES = 5.5e-07 (inf), CFL=0.000 (ELAPSED 00:00:01 )
-------------------------------------------------------------------------------------------------------------
# 1 	T = 8.93722	DT = 4.23663	NI = 1	LI=1
TS = 14(0), NI = 15(0), LI = 15(0)
0: rp = 0.004566345822721879	ru = 3.0142058847647825e-11	rg = 0.0	rwell = 0.0	CFL = 0.0
	 #1 (4.5663e-03, 3.0142e-11, 0.0000e+00): lin 1 (0.0e+00)
1: rp = 9.254291810085898e-07	ru = 3.4260398962351046e-11	rg = 0.0	rwell = 0.0	CFL = 0.0
-------------------------------------------------------------------------------------------------------------
 T = 16.9914, DT = 8.05419, NI = 1, LI = 1, RES = 9.3e-07 (inf), CFL=0.000 (ELAPSED 00:00:01 )
-------------------------------------------------------------------------------------------------------------
# 1 	T = 16.9914	DT = 8.05419	NI = 1	LI=1
TS = 15(0), NI = 16(0), LI = 16(0)
0: rp = 0.006087769226543083	ru = 3.4260398962351046e-11	rg = 0.0	rwell = 0.0	CFL = 0.0
	 #1 (6.0878e-03, 3.4260e-11, 0.0000e+00): lin 1 (0.0e+00)
1: rp = 1.5813700256140388e-06	ru = 3.1474423582470075e-11	rg = 0.0	rwell = 0.0	CFL = 0.0
	 #2 (1.5814e-06, 3.1474e-11, 0.0000e+00): lin 1 (0.0e+00)
2: rp = 1.062342660232386e-13	ru = 1.4958063012547551e-13	rg = 0.0	rwell = 0.0	CFL = 0.0
-------------------------------------------------------------------------------------------------------------
 T = 32.3031, DT = 15.3117, NI = 2, LI = 2, RES = 1.8e-13 (inf), CFL=0.000 (ELAPSED 00:00:01 )
-------------------------------------------------------------------------------------------------------------
# 1 	T = 32.3031	DT = 15.3117	NI = 2	LI=2
TS = 16(0), NI = 18(0), LI = 18(0)
0: rp = 0.007122984242427702	ru = 1.4958063012547551e-13	rg = 0.0	rwell = 0.0	CFL = 0.0
	 #1 (7.1230e-03, 1.4958e-13, 0.0000e+00): lin 1 (0.0e+00)
1: rp = 1.7801902621070253e-06	ru = 1.611278582859072e-11	rg = 0.0	rwell = 0.0	CFL = 0.0
	 #2 (1.7802e-06, 1.6113e-11, 0.0000e+00): lin 1 (0.0e+00)
2: rp = 9.359542948852831e-14	ru = 1.8205968423216953e-13	rg = 0.0	rwell = 0.0	CFL = 0.0
-------------------------------------------------------------------------------------------------------------
 T = 61.412, DT = 29.1089, NI = 2, LI = 2, RES = 2.0e-13 (inf), CFL=0.000 (ELAPSED 00:00:01 )
-------------------------------------------------------------------------------------------------------------
# 1 	T = 61.412	DT = 29.1089	NI = 2	LI=2
TS = 17(0), NI = 20(0), LI = 20(0)
0: rp = 0.0063882827434166055	ru = 1.8205968423216953e-13	rg = 0.0	rwell = 0.0	CFL = 0.0
	 #1 (6.3883e-03, 1.8206e-13, 0.0000e+00): lin 1 (0.0e+00)
1: rp = 1.0288273117467475e-06	ru = 3.733593492546779e-12	rg = 0.0	rwell = 0.0	CFL = 0.0
	 #2 (1.0288e-06, 3.7336e-12, 0.0000e+00): lin 1 (0.0e+00)
2: rp = 1.8207120723293336e-14	ru = 1.9665665183846622e-13	rg = 0.0	rwell = 0.0	CFL = 0.0
-------------------------------------------------------------------------------------------------------------
 T = 116.75, DT = 55.3384, NI = 2, LI = 2, RES = 2.0e-13 (inf), CFL=0.000 (ELAPSED 00:00:01 )
-------------------------------------------------------------------------------------------------------------
# 1 	T = 116.75	DT = 55.3384	NI = 2	LI=2
TS = 18(0), NI = 22(0), LI = 22(0)
0: rp = 0.004005355724145457	ru = 1.9665665183846622e-13	rg = 0.0	rwell = 0.0	CFL = 0.0
	 #1 (4.0054e-03, 1.9666e-13, 0.0000e+00): lin 1 (0.0e+00)
1: rp = 2.5370735182466946e-07	ru = 2.410307330659163e-13	rg = 0.0	rwell = 0.0	CFL = 0.0
-------------------------------------------------------------------------------------------------------------
 T = 221.953, DT = 105.203, NI = 1, LI = 1, RES = 2.5e-07 (inf), CFL=0.000 (ELAPSED 00:00:01 )
-------------------------------------------------------------------------------------------------------------
# 1 	T = 221.953	DT = 105.203	NI = 1	LI=1
TS = 19(0), NI = 23(0), LI = 23(0)
0: rp = 0.0016934960008702564	ru = 2.410307330659163e-13	rg = 0.0	rwell = 0.0	CFL = 0.0
	 #1 (1.6935e-03, 2.4103e-13, 0.0000e+00): lin 1 (0.0e+00)
1: rp = 2.378075980738433e-08	ru = 1.8963976508469763e-13	rg = 0.0	rwell = 0.0	CFL = 0.0
-------------------------------------------------------------------------------------------------------------
 T = 421.953, DT = 200, NI = 1, LI = 1, RES = 2.4e-08 (inf), CFL=0.000 (ELAPSED 00:00:01 )
-------------------------------------------------------------------------------------------------------------
# 1 	T = 421.953	DT = 200	NI = 1	LI=1
TS = 20(0), NI = 24(0), LI = 24(0)
