case:mandel, scheme:stabilized, mesh: hex, overwrite: 0
darts-linear-solvers built on May  1 2023 11:41:06 by lorozco@login04 from GITDIR-NOTFOUND
darts-engines built on 15/05/2023, 14:52:47 by lorozco@login03 from 8e8f836-dirty
darts-package built on 15/05/2023 14:56:21 by lorozco@login03 from 8e8f836-dirty

Pressure gradients depend on displacements with a max coefficient: 5.056e-20
Gradient reconstruction was done!
Calculation of fluxes was done!
Processing mesh: 226 reservoir blocks including 1356 connections
Single phase 1-component isothermal poromechanics CPU engine
Sim params: 
	First ts: 	1e-05
	Max ts: 	0.1
	Mult ts: 	1.5
	Max i newton: 	10
	Max i linear: 	5000
	Tol newton: 	1e-06
	Tol linear: 	1e-10

START SIMULATION
-------------------------------------------------------------------------------------------------------------
0: rp = 0.06363402187551616	ru = 104.7135674744335	rg = 0.0	rwell = 0.0	CFL = 0.0
	 #1 (6.3634e-02, 1.0471e+02, 0.0000e+00): lin 1 (0.0e+00)
1: rp = 4.85466465861606e-05	ru = 4.037967574066319e-11	rg = 0.0	rwell = 0.0	CFL = 0.0
	 #2 (4.8547e-05, 4.0380e-11, 0.0000e+00): lin 1 (0.0e+00)
2: rp = 1.595277141584363e-10	ru = 8.31038231007605e-14	rg = 0.0	rwell = 0.0	CFL = 0.0
-------------------------------------------------------------------------------------------------------------
 T = 0.001, DT = 0.001, NI = 2, LI = 2, RES = 1.6e-10 (inf), CFL=0.000 (ELAPSED 00:00:00 )
-------------------------------------------------------------------------------------------------------------
# 1 	T = 0.001	DT = 0.001	NI = 2	LI=2
TS = 1(0), NI = 2(0), LI = 2(0)
0: rp = 4.820393984941765e-05	ru = 0.08241369059455643	rg = 0.0	rwell = 0.0	CFL = 0.0
	 #1 (4.8204e-05, 8.2414e-02, 0.0000e+00): lin 1 (0.0e+00)
1: rp = 1.8407569918573675e-11	ru = 5.52571930970225e-14	rg = 0.0	rwell = 0.0	CFL = 0.0
-------------------------------------------------------------------------------------------------------------
 T = 0.00290109, DT = 0.00190109, NI = 1, LI = 1, RES = 1.8e-11 (inf), CFL=0.000 (ELAPSED 00:00:00 )
-------------------------------------------------------------------------------------------------------------
# 1 	T = 0.00290109	DT = 0.00190109	NI = 1	LI=1
TS = 2(0), NI = 3(0), LI = 3(0)
0: rp = 5.720244643317481e-05	ru = 0.09970086157739179	rg = 0.0	rwell = 0.0	CFL = 0.0
	 #1 (5.7202e-05, 9.9701e-02, 0.0000e+00): lin 1 (0.0e+00)
1: rp = 2.500245112446277e-11	ru = 6.54625399703248e-14	rg = 0.0	rwell = 0.0	CFL = 0.0
-------------------------------------------------------------------------------------------------------------
 T = 0.00651521, DT = 0.00361412, NI = 1, LI = 1, RES = 2.5e-11 (inf), CFL=0.000 (ELAPSED 00:00:00 )
-------------------------------------------------------------------------------------------------------------
# 1 	T = 0.00651521	DT = 0.00361412	NI = 1	LI=1
TS = 3(0), NI = 4(0), LI = 4(0)
0: rp = 7.309640536205293e-05	ru = 0.1300916655231442	rg = 0.0	rwell = 0.0	CFL = 0.0
	 #1 (7.3096e-05, 1.3009e-01, 0.0000e+00): lin 1 (0.0e+00)
1: rp = 5.238008800345065e-11	ru = 6.065050377023605e-14	rg = 0.0	rwell = 0.0	CFL = 0.0
-------------------------------------------------------------------------------------------------------------
 T = 0.013386, DT = 0.00687076, NI = 1, LI = 1, RES = 5.2e-11 (inf), CFL=0.000 (ELAPSED 00:00:00 )
-------------------------------------------------------------------------------------------------------------
# 1 	T = 0.013386	DT = 0.00687076	NI = 1	LI=1
TS = 4(0), NI = 5(0), LI = 5(0)
0: rp = 9.624338114422353e-05	ru = 0.17492877568365786	rg = 0.0	rwell = 0.0	CFL = 0.0
	 #1 (9.6243e-05, 1.7493e-01, 0.0000e+00): lin 1 (0.0e+00)
1: rp = 1.3578797353115195e-10	ru = 6.82867392055133e-14	rg = 0.0	rwell = 0.0	CFL = 0.0
-------------------------------------------------------------------------------------------------------------
 T = 0.0264479, DT = 0.0130619, NI = 1, LI = 1, RES = 1.4e-10 (inf), CFL=0.000 (ELAPSED 00:00:00 )
-------------------------------------------------------------------------------------------------------------
# 1 	T = 0.0264479	DT = 0.0130619	NI = 1	LI=1
TS = 5(0), NI = 6(0), LI = 6(0)
0: rp = 0.0001293126537190621	ru = 0.23862657344677568	rg = 0.0	rwell = 0.0	CFL = 0.0
	 #1 (1.2931e-04, 2.3863e-01, 0.0000e+00): lin 1 (0.0e+00)
1: rp = 3.6447930268437986e-10	ru = 1.0558275681341197e-13	rg = 0.0	rwell = 0.0	CFL = 0.0
-------------------------------------------------------------------------------------------------------------
 T = 0.0512797, DT = 0.0248318, NI = 1, LI = 1, RES = 3.6e-10 (inf), CFL=0.000 (ELAPSED 00:00:00 )
-------------------------------------------------------------------------------------------------------------
# 1 	T = 0.0512797	DT = 0.0248318	NI = 1	LI=1
TS = 6(0), NI = 7(0), LI = 7(0)
0: rp = 0.0001785919719751116	ru = 0.3280737829564709	rg = 0.0	rwell = 0.0	CFL = 0.0
	 #1 (1.7859e-04, 3.2807e-01, 0.0000e+00): lin 1 (0.0e+00)
1: rp = 9.767324490161102e-10	ru = 1.6963080526904378e-13	rg = 0.0	rwell = 0.0	CFL = 0.0
-------------------------------------------------------------------------------------------------------------
 T = 0.098487, DT = 0.0472073, NI = 1, LI = 1, RES = 9.8e-10 (inf), CFL=0.000 (ELAPSED 00:00:00 )
-------------------------------------------------------------------------------------------------------------
# 1 	T = 0.098487	DT = 0.0472073	NI = 1	LI=1
TS = 7(0), NI = 8(0), LI = 8(0)
0: rp = 0.00025845446981004224	ru = 0.45329996336433837	rg = 0.0	rwell = 0.0	CFL = 0.0
	 #1 (2.5845e-04, 4.5330e-01, 0.0000e+00): lin 1 (0.0e+00)
1: rp = 2.687830009306248e-09	ru = 2.2378933796613641e-13	rg = 0.0	rwell = 0.0	CFL = 0.0
-------------------------------------------------------------------------------------------------------------
 T = 0.188232, DT = 0.0897452, NI = 1, LI = 1, RES = 2.7e-09 (inf), CFL=0.000 (ELAPSED 00:00:00 )
-------------------------------------------------------------------------------------------------------------
# 1 	T = 0.188232	DT = 0.0897452	NI = 1	LI=1
TS = 8(0), NI = 9(0), LI = 9(0)
0: rp = 0.0003983483325976386	ru = 0.6288015858997075	rg = 0.0	rwell = 0.0	CFL = 0.0
	 #1 (3.9835e-04, 6.2880e-01, 0.0000e+00): lin 1 (0.0e+00)
1: rp = 7.797809812920732e-09	ru = 5.880929482301684e-13	rg = 0.0	rwell = 0.0	CFL = 0.0
-------------------------------------------------------------------------------------------------------------
 T = 0.358845, DT = 0.170613, NI = 1, LI = 1, RES = 7.8e-09 (inf), CFL=0.000 (ELAPSED 00:00:00 )
-------------------------------------------------------------------------------------------------------------
# 1 	T = 0.358845	DT = 0.170613	NI = 1	LI=1
TS = 9(0), NI = 10(0), LI = 10(0)
0: rp = 0.0006457604356999763	ru = 0.8757057312030756	rg = 0.0	rwell = 0.0	CFL = 0.0
	 #1 (6.4576e-04, 8.7571e-01, 0.0000e+00): lin 1 (0.0e+00)
1: rp = 2.2716546752796034e-08	ru = 1.0320607052413087e-12	rg = 0.0	rwell = 0.0	CFL = 0.0
-------------------------------------------------------------------------------------------------------------
 T = 0.683196, DT = 0.32435, NI = 1, LI = 1, RES = 2.3e-08 (inf), CFL=0.000 (ELAPSED 00:00:00 )
-------------------------------------------------------------------------------------------------------------
# 1 	T = 0.683196	DT = 0.32435	NI = 1	LI=1
TS = 10(0), NI = 11(0), LI = 11(0)
0: rp = 0.0010502864420032087	ru = 1.2253002201831042	rg = 0.0	rwell = 0.0	CFL = 0.0
	 #1 (1.0503e-03, 1.2253e+00, 0.0000e+00): lin 1 (0.0e+00)
1: rp = 5.868619902459274e-08	ru = 1.2152391614933237e-12	rg = 0.0	rwell = 0.0	CFL = 0.0
-------------------------------------------------------------------------------------------------------------
 T = 1.29981, DT = 0.616617, NI = 1, LI = 1, RES = 5.9e-08 (inf), CFL=0.000 (ELAPSED 00:00:00 )
-------------------------------------------------------------------------------------------------------------
# 1 	T = 1.29981	DT = 0.616617	NI = 1	LI=1
TS = 11(0), NI = 12(0), LI = 12(0)
0: rp = 0.0016173371335568923	ru = 1.7249826601749856	rg = 0.0	rwell = 0.0	CFL = 0.0
	 #1 (1.6173e-03, 1.7250e+00, 0.0000e+00): lin 1 (0.0e+00)
1: rp = 1.165429118613698e-07	ru = 2.093425235408898e-12	rg = 0.0	rwell = 0.0	CFL = 0.0
-------------------------------------------------------------------------------------------------------------
 T = 2.47206, DT = 1.17224, NI = 1, LI = 1, RES = 1.2e-07 (inf), CFL=0.000 (ELAPSED 00:00:00 )
-------------------------------------------------------------------------------------------------------------
# 1 	T = 2.47206	DT = 1.17224	NI = 1	LI=1
TS = 12(0), NI = 13(0), LI = 13(0)
0: rp = 0.0022958126380859113	ru = 2.448735869202833	rg = 0.0	rwell = 0.0	CFL = 0.0
	 #1 (2.2958e-03, 2.4487e+00, 0.0000e+00): lin 1 (0.0e+00)
1: rp = 1.6366041412394058e-07	ru = 1.7578796570133508e-12	rg = 0.0	rwell = 0.0	CFL = 0.0
-------------------------------------------------------------------------------------------------------------
 T = 4.70059, DT = 2.22853, NI = 1, LI = 1, RES = 1.6e-07 (inf), CFL=0.000 (ELAPSED 00:00:00 )
-------------------------------------------------------------------------------------------------------------
# 1 	T = 4.70059	DT = 2.22853	NI = 1	LI=1
TS = 13(0), NI = 14(0), LI = 14(0)
0: rp = 0.0031906742980282233	ru = 3.5165173960726546	rg = 0.0	rwell = 0.0	CFL = 0.0
	 #1 (3.1907e-03, 3.5165e+00, 0.0000e+00): lin 1 (0.0e+00)
1: rp = 2.031949287038992e-07	ru = 3.0833240350529216e-12	rg = 0.0	rwell = 0.0	CFL = 0.0
-------------------------------------------------------------------------------------------------------------
 T = 8.93722, DT = 4.23663, NI = 1, LI = 1, RES = 2.0e-07 (inf), CFL=0.000 (ELAPSED 00:00:00 )
-------------------------------------------------------------------------------------------------------------
# 1 	T = 8.93722	DT = 4.23663	NI = 1	LI=1
TS = 14(0), NI = 15(0), LI = 15(0)
0: rp = 0.004533471270855993	ru = 5.120934089170825	rg = 0.0	rwell = 0.0	CFL = 0.0
	 #1 (4.5335e-03, 5.1209e+00, 0.0000e+00): lin 1 (0.0e+00)
1: rp = 3.458459468700901e-07	ru = 4.495836585925581e-12	rg = 0.0	rwell = 0.0	CFL = 0.0
-------------------------------------------------------------------------------------------------------------
 T = 16.9914, DT = 8.05419, NI = 1, LI = 1, RES = 3.5e-07 (inf), CFL=0.000 (ELAPSED 00:00:00 )
-------------------------------------------------------------------------------------------------------------
# 1 	T = 16.9914	DT = 8.05419	NI = 1	LI=1
TS = 15(0), NI = 16(0), LI = 16(0)
0: rp = 0.005968410942217136	ru = 7.314497384025061	rg = 0.0	rwell = 0.0	CFL = 0.0
	 #1 (5.9684e-03, 7.3145e+00, 0.0000e+00): lin 1 (0.0e+00)
1: rp = 6.201551406839135e-07	ru = 4.686957138654078e-12	rg = 0.0	rwell = 0.0	CFL = 0.0
-------------------------------------------------------------------------------------------------------------
 T = 32.3031, DT = 15.3117, NI = 1, LI = 1, RES = 6.2e-07 (inf), CFL=0.000 (ELAPSED 00:00:00 )
-------------------------------------------------------------------------------------------------------------
# 1 	T = 32.3031	DT = 15.3117	NI = 1	LI=1
TS = 16(0), NI = 17(0), LI = 17(0)
0: rp = 0.006861580193224368	ru = 8.925814525143906	rg = 0.0	rwell = 0.0	CFL = 0.0
	 #1 (6.8616e-03, 8.9258e+00, 0.0000e+00): lin 1 (0.0e+00)
1: rp = 8.028904530289509e-07	ru = 4.26614906394652e-12	rg = 0.0	rwell = 0.0	CFL = 0.0
-------------------------------------------------------------------------------------------------------------
 T = 61.412, DT = 29.1089, NI = 1, LI = 1, RES = 8.0e-07 (inf), CFL=0.000 (ELAPSED 00:00:00 )
-------------------------------------------------------------------------------------------------------------
# 1 	T = 61.412	DT = 29.1089	NI = 1	LI=1
TS = 17(0), NI = 18(0), LI = 18(0)
0: rp = 0.006511967979116168	ru = 7.527543545904985	rg = 0.0	rwell = 0.0	CFL = 0.0
	 #1 (6.5120e-03, 7.5275e+00, 0.0000e+00): lin 1 (0.0e+00)
1: rp = 6.624021450209148e-07	ru = 2.5299414341021343e-12	rg = 0.0	rwell = 0.0	CFL = 0.0
-------------------------------------------------------------------------------------------------------------
 T = 116.75, DT = 55.3384, NI = 1, LI = 1, RES = 6.6e-07 (inf), CFL=0.000 (ELAPSED 00:00:00 )
-------------------------------------------------------------------------------------------------------------
# 1 	T = 116.75	DT = 55.3384	NI = 1	LI=1
TS = 18(0), NI = 19(0), LI = 19(0)
0: rp = 0.0049799593411127005	ru = 3.2381548694454523	rg = 0.0	rwell = 0.0	CFL = 0.0
	 #1 (4.9800e-03, 3.2382e+00, 0.0000e+00): lin 1 (0.0e+00)
1: rp = 3.106173908162711e-07	ru = 6.314956888134349e-13	rg = 0.0	rwell = 0.0	CFL = 0.0
-------------------------------------------------------------------------------------------------------------
 T = 221.953, DT = 105.203, NI = 1, LI = 1, RES = 3.1e-07 (inf), CFL=0.000 (ELAPSED 00:00:00 )
-------------------------------------------------------------------------------------------------------------
# 1 	T = 221.953	DT = 105.203	NI = 1	LI=1
TS = 19(0), NI = 20(0), LI = 20(0)
0: rp = 0.003318314759035392	ru = 0.4354517799094394	rg = 0.0	rwell = 0.0	CFL = 0.0
	 #1 (3.3183e-03, 4.3545e-01, 0.0000e+00): lin 1 (0.0e+00)
1: rp = 6.69497508090503e-08	ru = 7.79083025493671e-14	rg = 0.0	rwell = 0.0	CFL = 0.0
-------------------------------------------------------------------------------------------------------------
 T = 421.953, DT = 200, NI = 1, LI = 1, RES = 6.7e-08 (inf), CFL=0.000 (ELAPSED 00:00:00 )
-------------------------------------------------------------------------------------------------------------
# 1 	T = 421.953	DT = 200	NI = 1	LI=1
TS = 20(0), NI = 21(0), LI = 21(0)
