case:terzaghi, scheme:stabilized, mesh: rect, overwrite: 0
darts-linear-solvers built on May  1 2023 11:41:06 by lorozco@login04 from GITDIR-NOTFOUND
darts-engines built on 15/05/2023, 14:52:47 by lorozco@login03 from 8e8f836-dirty
darts-package built on 15/05/2023 14:56:21 by lorozco@login03 from 8e8f836-dirty

Pressure gradients depend on displacements with a max coefficient: 3.331e-21
Gradient reconstruction was done!
Calculation of fluxes was done!
Processing mesh: 900 reservoir blocks including 5400 connections
Single phase 1-component isothermal poromechanics CPU engine
Sim params: 
	First ts: 	1e-05
	Max ts: 	0.1
	Mult ts: 	1.5
	Max i newton: 	10
	Max i linear: 	5000
	Tol newton: 	1e-06
	Tol linear: 	1e-10

START SIMULATION
-------------------------------------------------------------------------------------------------------------
0: rp = 3.7380458271911804e-17	ru = 5.484887038365213	rg = 0.0	rwell = 0.0	CFL = 0.0
	 #1 (3.7380e-17, 5.4849e+00, 0.0000e+00): lin 1 (0.0e+00)
1: rp = 9.893228586754066e-07	ru = 2.6195731659877797e-10	rg = 0.0	rwell = 0.0	CFL = 0.0
-------------------------------------------------------------------------------------------------------------
 T = 0.001, DT = 0.001, NI = 1, LI = 1, RES = 9.9e-07 (inf), CFL=0.000 (ELAPSED 00:00:00 )
-------------------------------------------------------------------------------------------------------------
# 1 	T = 0.001	DT = 0.001	NI = 1	LI=1
TS = 1(0), NI = 1(0), LI = 1(0)
0: rp = 8.044051041983202e-06	ru = 2.6195731659877797e-10	rg = 0.0	rwell = 0.0	CFL = 0.0
	 #1 (8.0441e-06, 2.6196e-10, 0.0000e+00): lin 1 (0.0e+00)
1: rp = 4.0173431652491494e-12	ru = 9.472630583067415e-14	rg = 0.0	rwell = 0.0	CFL = 0.0
-------------------------------------------------------------------------------------------------------------
 T = 0.00290109, DT = 0.00190109, NI = 1, LI = 1, RES = 4.0e-12 (inf), CFL=0.000 (ELAPSED 00:00:00 )
-------------------------------------------------------------------------------------------------------------
# 1 	T = 0.00290109	DT = 0.00190109	NI = 1	LI=1
TS = 2(0), NI = 2(0), LI = 2(0)
0: rp = 1.5275222306459345e-05	ru = 9.472630583067415e-14	rg = 0.0	rwell = 0.0	CFL = 0.0
	 #1 (1.5275e-05, 9.4726e-14, 0.0000e+00): lin 1 (0.0e+00)
1: rp = 1.4469123395207208e-11	ru = 1.5759319733080993e-13	rg = 0.0	rwell = 0.0	CFL = 0.0
-------------------------------------------------------------------------------------------------------------
 T = 0.00651521, DT = 0.00361412, NI = 1, LI = 1, RES = 1.4e-11 (inf), CFL=0.000 (ELAPSED 00:00:00 )
-------------------------------------------------------------------------------------------------------------
# 1 	T = 0.00651521	DT = 0.00361412	NI = 1	LI=1
TS = 3(0), NI = 3(0), LI = 3(0)
0: rp = 2.8977464322535225e-05	ru = 1.5759319733080993e-13	rg = 0.0	rwell = 0.0	CFL = 0.0
	 #1 (2.8977e-05, 1.5759e-13, 0.0000e+00): lin 1 (0.0e+00)
1: rp = 5.195161511602497e-11	ru = 2.974398001510943e-13	rg = 0.0	rwell = 0.0	CFL = 0.0
-------------------------------------------------------------------------------------------------------------
 T = 0.013386, DT = 0.00687076, NI = 1, LI = 1, RES = 5.2e-11 (inf), CFL=0.000 (ELAPSED 00:00:00 )
-------------------------------------------------------------------------------------------------------------
# 1 	T = 0.013386	DT = 0.00687076	NI = 1	LI=1
TS = 4(0), NI = 4(0), LI = 4(0)
0: rp = 5.4865404636526655e-05	ru = 2.974398001510943e-13	rg = 0.0	rwell = 0.0	CFL = 0.0
	 #1 (5.4865e-05, 2.9744e-13, 0.0000e+00): lin 1 (0.0e+00)
1: rp = 1.854370323574375e-10	ru = 5.586152436993205e-13	rg = 0.0	rwell = 0.0	CFL = 0.0
-------------------------------------------------------------------------------------------------------------
 T = 0.0264479, DT = 0.0130619, NI = 1, LI = 1, RES = 1.9e-10 (inf), CFL=0.000 (ELAPSED 00:00:00 )
-------------------------------------------------------------------------------------------------------------
# 1 	T = 0.0264479	DT = 0.0130619	NI = 1	LI=1
TS = 5(0), NI = 5(0), LI = 5(0)
0: rp = 0.00010350370870412731	ru = 5.586152436993205e-13	rg = 0.0	rwell = 0.0	CFL = 0.0
	 #1 (1.0350e-04, 5.5862e-13, 0.0000e+00): lin 1 (0.0e+00)
1: rp = 6.54605951996086e-10	ru = 9.674720205909644e-13	rg = 0.0	rwell = 0.0	CFL = 0.0
-------------------------------------------------------------------------------------------------------------
 T = 0.0512797, DT = 0.0248318, NI = 1, LI = 1, RES = 6.5e-10 (inf), CFL=0.000 (ELAPSED 00:00:00 )
-------------------------------------------------------------------------------------------------------------
# 1 	T = 0.0512797	DT = 0.0248318	NI = 1	LI=1
TS = 6(0), NI = 6(0), LI = 6(0)
0: rp = 0.00019392275342860422	ru = 9.674720205909644e-13	rg = 0.0	rwell = 0.0	CFL = 0.0
	 #1 (1.9392e-04, 9.6747e-13, 0.0000e+00): lin 1 (0.0e+00)
1: rp = 2.263384011544903e-09	ru = 1.5605152221221835e-12	rg = 0.0	rwell = 0.0	CFL = 0.0
-------------------------------------------------------------------------------------------------------------
 T = 0.098487, DT = 0.0472073, NI = 1, LI = 1, RES = 2.3e-09 (inf), CFL=0.000 (ELAPSED 00:00:00 )
-------------------------------------------------------------------------------------------------------------
# 1 	T = 0.098487	DT = 0.0472073	NI = 1	LI=1
TS = 7(0), NI = 7(0), LI = 7(0)
0: rp = 0.00035867621343306174	ru = 1.5605152221221835e-12	rg = 0.0	rwell = 0.0	CFL = 0.0
	 #1 (3.5868e-04, 1.5605e-12, 0.0000e+00): lin 1 (0.0e+00)
1: rp = 7.531760170579221e-09	ru = 2.8115655799799397e-12	rg = 0.0	rwell = 0.0	CFL = 0.0
-------------------------------------------------------------------------------------------------------------
 T = 0.188232, DT = 0.0897452, NI = 1, LI = 1, RES = 7.5e-09 (inf), CFL=0.000 (ELAPSED 00:00:00 )
-------------------------------------------------------------------------------------------------------------
# 1 	T = 0.188232	DT = 0.0897452	NI = 1	LI=1
TS = 8(0), NI = 8(0), LI = 8(0)
0: rp = 0.000647732674121244	ru = 2.8115655799799397e-12	rg = 0.0	rwell = 0.0	CFL = 0.0
	 #1 (6.4773e-04, 2.8116e-12, 0.0000e+00): lin 1 (0.0e+00)
1: rp = 2.3388169436913936e-08	ru = 6.635997523910762e-12	rg = 0.0	rwell = 0.0	CFL = 0.0
-------------------------------------------------------------------------------------------------------------
 T = 0.358845, DT = 0.170613, NI = 1, LI = 1, RES = 2.3e-08 (inf), CFL=0.000 (ELAPSED 00:00:00 )
-------------------------------------------------------------------------------------------------------------
# 1 	T = 0.358845	DT = 0.170613	NI = 1	LI=1
TS = 9(0), NI = 9(0), LI = 9(0)
0: rp = 0.0011201296626966067	ru = 6.635997523910762e-12	rg = 0.0	rwell = 0.0	CFL = 0.0
	 #1 (1.1201e-03, 6.6360e-12, 0.0000e+00): lin 1 (0.0e+00)
1: rp = 6.441625876608634e-08	ru = 9.96533080995662e-12	rg = 0.0	rwell = 0.0	CFL = 0.0
-------------------------------------------------------------------------------------------------------------
 T = 0.683196, DT = 0.32435, NI = 1, LI = 1, RES = 6.4e-08 (inf), CFL=0.000 (ELAPSED 00:00:00 )
-------------------------------------------------------------------------------------------------------------
# 1 	T = 0.683196	DT = 0.32435	NI = 1	LI=1
TS = 10(0), NI = 10(0), LI = 10(0)
0: rp = 0.001796504641904779	ru = 9.96533080995662e-12	rg = 0.0	rwell = 0.0	CFL = 0.0
	 #1 (1.7965e-03, 9.9653e-12, 0.0000e+00): lin 1 (0.0e+00)
1: rp = 1.4615837103529232e-07	ru = 1.061888263777698e-11	rg = 0.0	rwell = 0.0	CFL = 0.0
-------------------------------------------------------------------------------------------------------------
 T = 1.29981, DT = 0.616617, NI = 1, LI = 1, RES = 1.5e-07 (inf), CFL=0.000 (ELAPSED 00:00:01 )
-------------------------------------------------------------------------------------------------------------
# 1 	T = 1.29981	DT = 0.616617	NI = 1	LI=1
TS = 11(0), NI = 11(0), LI = 11(0)
0: rp = 0.0025540523432144324	ru = 1.061888263777698e-11	rg = 0.0	rwell = 0.0	CFL = 0.0
	 #1 (2.5541e-03, 1.0619e-11, 0.0000e+00): lin 1 (0.0e+00)
1: rp = 2.504472629584803e-07	ru = 1.578555053966405e-11	rg = 0.0	rwell = 0.0	CFL = 0.0
-------------------------------------------------------------------------------------------------------------
 T = 2.47206, DT = 1.17224, NI = 1, LI = 1, RES = 2.5e-07 (inf), CFL=0.000 (ELAPSED 00:00:01 )
-------------------------------------------------------------------------------------------------------------
# 1 	T = 2.47206	DT = 1.17224	NI = 1	LI=1
TS = 12(0), NI = 12(0), LI = 12(0)
0: rp = 0.0030915536829642667	ru = 1.578555053966405e-11	rg = 0.0	rwell = 0.0	CFL = 0.0
	 #1 (3.0916e-03, 1.5786e-11, 0.0000e+00): lin 1 (0.0e+00)
1: rp = 3.0979328151303003e-07	ru = 2.2109913565676264e-11	rg = 0.0	rwell = 0.0	CFL = 0.0
-------------------------------------------------------------------------------------------------------------
 T = 4.70059, DT = 2.22853, NI = 1, LI = 1, RES = 3.1e-07 (inf), CFL=0.000 (ELAPSED 00:00:01 )
-------------------------------------------------------------------------------------------------------------
# 1 	T = 4.70059	DT = 2.22853	NI = 1	LI=1
TS = 13(0), NI = 13(0), LI = 13(0)
0: rp = 0.0033136139652159557	ru = 2.2109913565676264e-11	rg = 0.0	rwell = 0.0	CFL = 0.0
	 #1 (3.3136e-03, 2.2110e-11, 0.0000e+00): lin 1 (0.0e+00)
1: rp = 3.320792456596574e-07	ru = 1.9258460931318354e-11	rg = 0.0	rwell = 0.0	CFL = 0.0
-------------------------------------------------------------------------------------------------------------
 T = 8.93722, DT = 4.23663, NI = 1, LI = 1, RES = 3.3e-07 (inf), CFL=0.000 (ELAPSED 00:00:01 )
-------------------------------------------------------------------------------------------------------------
# 1 	T = 8.93722	DT = 4.23663	NI = 1	LI=1
TS = 14(0), NI = 14(0), LI = 14(0)
0: rp = 0.003815795484102287	ru = 1.9258460931318354e-11	rg = 0.0	rwell = 0.0	CFL = 0.0
	 #1 (3.8158e-03, 1.9258e-11, 0.0000e+00): lin 1 (0.0e+00)
1: rp = 4.6993851718595375e-07	ru = 1.5778526250512826e-11	rg = 0.0	rwell = 0.0	CFL = 0.0
-------------------------------------------------------------------------------------------------------------
 T = 16.9914, DT = 8.05419, NI = 1, LI = 1, RES = 4.7e-07 (inf), CFL=0.000 (ELAPSED 00:00:01 )
-------------------------------------------------------------------------------------------------------------
# 1 	T = 16.9914	DT = 8.05419	NI = 1	LI=1
TS = 15(0), NI = 15(0), LI = 15(0)
0: rp = 0.005077733847948705	ru = 1.5778526250512826e-11	rg = 0.0	rwell = 0.0	CFL = 0.0
	 #1 (5.0777e-03, 1.5779e-11, 0.0000e+00): lin 1 (0.0e+00)
1: rp = 8.548075555942772e-07	ru = 1.649423185365756e-11	rg = 0.0	rwell = 0.0	CFL = 0.0
-------------------------------------------------------------------------------------------------------------
 T = 32.3031, DT = 15.3117, NI = 1, LI = 1, RES = 8.5e-07 (inf), CFL=0.000 (ELAPSED 00:00:01 )
-------------------------------------------------------------------------------------------------------------
# 1 	T = 32.3031	DT = 15.3117	NI = 1	LI=1
TS = 16(0), NI = 16(0), LI = 16(0)
0: rp = 0.006552309620872963	ru = 1.649423185365756e-11	rg = 0.0	rwell = 0.0	CFL = 0.0
	 #1 (6.5523e-03, 1.6494e-11, 0.0000e+00): lin 1 (0.0e+00)
1: rp = 1.255257945891826e-06	ru = 8.914696582233044e-12	rg = 0.0	rwell = 0.0	CFL = 0.0
	 #2 (1.2553e-06, 8.9147e-12, 0.0000e+00): lin 1 (0.0e+00)
2: rp = 4.15880286790426e-14	ru = 1.4107869906406225e-13	rg = 0.0	rwell = 0.0	CFL = 0.0
-------------------------------------------------------------------------------------------------------------
 T = 61.412, DT = 29.1089, NI = 2, LI = 2, RES = 1.5e-13 (inf), CFL=0.000 (ELAPSED 00:00:01 )
-------------------------------------------------------------------------------------------------------------
# 1 	T = 61.412	DT = 29.1089	NI = 2	LI=2
TS = 17(0), NI = 18(0), LI = 18(0)
0: rp = 0.006914097286196706	ru = 1.4107869906406225e-13	rg = 0.0	rwell = 0.0	CFL = 0.0
	 #1 (6.9141e-03, 1.4108e-13, 0.0000e+00): lin 1 (0.0e+00)
1: rp = 1.0712637577535412e-06	ru = 3.238231257589424e-12	rg = 0.0	rwell = 0.0	CFL = 0.0
	 #2 (1.0713e-06, 3.2382e-12, 0.0000e+00): lin 1 (0.0e+00)
2: rp = 1.9349493194632796e-14	ru = 1.6345950416059305e-13	rg = 0.0	rwell = 0.0	CFL = 0.0
-------------------------------------------------------------------------------------------------------------
 T = 116.75, DT = 55.3384, NI = 2, LI = 2, RES = 1.6e-13 (inf), CFL=0.000 (ELAPSED 00:00:01 )
-------------------------------------------------------------------------------------------------------------
# 1 	T = 116.75	DT = 55.3384	NI = 2	LI=2
TS = 18(0), NI = 20(0), LI = 20(0)
0: rp = 0.0052724940547051674	ru = 1.6345950416059305e-13	rg = 0.0	rwell = 0.0	CFL = 0.0
	 #1 (5.2725e-03, 1.6346e-13, 0.0000e+00): lin 1 (0.0e+00)
1: rp = 4.2680163733053496e-07	ru = 1.3278206999927219e-12	rg = 0.0	rwell = 0.0	CFL = 0.0
-------------------------------------------------------------------------------------------------------------
 T = 221.953, DT = 105.203, NI = 1, LI = 1, RES = 4.3e-07 (inf), CFL=0.000 (ELAPSED 00:00:01 )
-------------------------------------------------------------------------------------------------------------
# 1 	T = 221.953	DT = 105.203	NI = 1	LI=1
TS = 19(0), NI = 21(0), LI = 21(0)
0: rp = 0.002633456547922023	ru = 1.3278206999927219e-12	rg = 0.0	rwell = 0.0	CFL = 0.0
	 #1 (2.6335e-03, 1.3278e-12, 0.0000e+00): lin 1 (0.0e+00)
1: rp = 6.603701426746683e-08	ru = 1.7875024634705183e-13	rg = 0.0	rwell = 0.0	CFL = 0.0
-------------------------------------------------------------------------------------------------------------
 T = 421.953, DT = 200, NI = 1, LI = 1, RES = 6.6e-08 (inf), CFL=0.000 (ELAPSED 00:00:01 )
-------------------------------------------------------------------------------------------------------------
# 1 	T = 421.953	DT = 200	NI = 1	LI=1
TS = 20(0), NI = 22(0), LI = 22(0)
