case:mandel, scheme:non_stabilized, mesh: hex, overwrite: 0
darts-linear-solvers built on May  1 2023 11:41:06 by lorozco@login04 from GITDIR-NOTFOUND
darts-engines built on 15/05/2023, 14:52:47 by lorozco@login03 from 8e8f836-dirty
darts-package built on 15/05/2023 14:56:21 by lorozco@login03 from 8e8f836-dirty

Pressure gradients depend on displacements with a max coefficient: 5.056e-20
Gradient reconstruction was done!
Calculation of fluxes was done!
Processing mesh: 226 reservoir blocks including 1356 connections
Single phase 1-component isothermal poromechanics CPU engine
Sim params: 
	First ts: 	1e-05
	Max ts: 	0.1
	Mult ts: 	1.5
	Max i newton: 	10
	Max i linear: 	5000
	Tol newton: 	1e-06
	Tol linear: 	1e-10

START SIMULATION
-------------------------------------------------------------------------------------------------------------
0: rp = 0.06369217157473545	ru = 101.50637986533447	rg = 0.0	rwell = 0.0	CFL = 0.0
	 #1 (6.3692e-02, 1.0151e+02, 0.0000e+00): lin 1 (0.0e+00)
1: rp = 3.385404498014518e-05	ru = 1.0768747019817012e-11	rg = 0.0	rwell = 0.0	CFL = 0.0
	 #2 (3.3854e-05, 1.0769e-11, 0.0000e+00): lin 1 (0.0e+00)
2: rp = 3.9653002845993487e-10	ru = 7.874127072940352e-14	rg = 0.0	rwell = 0.0	CFL = 0.0
-------------------------------------------------------------------------------------------------------------
 T = 0.001, DT = 0.001, NI = 2, LI = 2, RES = 4.0e-10 (inf), CFL=0.000 (ELAPSED 00:00:00 )
-------------------------------------------------------------------------------------------------------------
# 1 	T = 0.001	DT = 0.001	NI = 2	LI=2
TS = 1(0), NI = 2(0), LI = 2(0)
0: rp = 9.889330946926435e-05	ru = 0.07988950797266273	rg = 0.0	rwell = 0.0	CFL = 0.0
	 #1 (9.8893e-05, 7.9890e-02, 0.0000e+00): lin 1 (0.0e+00)
1: rp = 3.6690950318590103e-09	ru = 4.0479974501472993e-13	rg = 0.0	rwell = 0.0	CFL = 0.0
-------------------------------------------------------------------------------------------------------------
 T = 0.00290109, DT = 0.00190109, NI = 1, LI = 1, RES = 3.7e-09 (inf), CFL=0.000 (ELAPSED 00:00:00 )
-------------------------------------------------------------------------------------------------------------
# 1 	T = 0.00290109	DT = 0.00190109	NI = 1	LI=1
TS = 2(0), NI = 3(0), LI = 3(0)
0: rp = 0.0001610333655106848	ru = 0.09664720410417672	rg = 0.0	rwell = 0.0	CFL = 0.0
	 #1 (1.6103e-04, 9.6647e-02, 0.0000e+00): lin 1 (0.0e+00)
1: rp = 1.035606863184155e-08	ru = 4.236870112188411e-13	rg = 0.0	rwell = 0.0	CFL = 0.0
-------------------------------------------------------------------------------------------------------------
 T = 0.00651521, DT = 0.00361412, NI = 1, LI = 1, RES = 1.0e-08 (inf), CFL=0.000 (ELAPSED 00:00:00 )
-------------------------------------------------------------------------------------------------------------
# 1 	T = 0.00651521	DT = 0.00361412	NI = 1	LI=1
TS = 3(0), NI = 4(0), LI = 4(0)
0: rp = 0.00025761710498039013	ru = 0.12610719256728808	rg = 0.0	rwell = 0.0	CFL = 0.0
	 #1 (2.5762e-04, 1.2611e-01, 0.0000e+00): lin 1 (0.0e+00)
1: rp = 2.5173587130215584e-08	ru = 6.138509461795333e-13	rg = 0.0	rwell = 0.0	CFL = 0.0
-------------------------------------------------------------------------------------------------------------
 T = 0.013386, DT = 0.00687076, NI = 1, LI = 1, RES = 2.5e-08 (inf), CFL=0.000 (ELAPSED 00:00:00 )
-------------------------------------------------------------------------------------------------------------
# 1 	T = 0.013386	DT = 0.00687076	NI = 1	LI=1
TS = 4(0), NI = 5(0), LI = 5(0)
0: rp = 0.0003820237617100339	ru = 0.16957102295513704	rg = 0.0	rwell = 0.0	CFL = 0.0
	 #1 (3.8202e-04, 1.6957e-01, 0.0000e+00): lin 1 (0.0e+00)
1: rp = 4.920762546029858e-08	ru = 6.664811561744704e-13	rg = 0.0	rwell = 0.0	CFL = 0.0
-------------------------------------------------------------------------------------------------------------
 T = 0.0264479, DT = 0.0130619, NI = 1, LI = 1, RES = 4.9e-08 (inf), CFL=0.000 (ELAPSED 00:00:00 )
-------------------------------------------------------------------------------------------------------------
# 1 	T = 0.0264479	DT = 0.0130619	NI = 1	LI=1
TS = 5(0), NI = 6(0), LI = 6(0)
0: rp = 0.0005091710478809943	ru = 0.23131787211972532	rg = 0.0	rwell = 0.0	CFL = 0.0
	 #1 (5.0917e-04, 2.3132e-01, 0.0000e+00): lin 1 (0.0e+00)
1: rp = 6.818230150264846e-08	ru = 9.014440710225535e-13	rg = 0.0	rwell = 0.0	CFL = 0.0
-------------------------------------------------------------------------------------------------------------
 T = 0.0512797, DT = 0.0248318, NI = 1, LI = 1, RES = 6.8e-08 (inf), CFL=0.000 (ELAPSED 00:00:00 )
-------------------------------------------------------------------------------------------------------------
# 1 	T = 0.0512797	DT = 0.0248318	NI = 1	LI=1
TS = 6(0), NI = 7(0), LI = 7(0)
0: rp = 0.0006165785898055147	ru = 0.31802547501561823	rg = 0.0	rwell = 0.0	CFL = 0.0
	 #1 (6.1658e-04, 3.1803e-01, 0.0000e+00): lin 1 (0.0e+00)
1: rp = 6.000167752969661e-08	ru = 5.533960921920479e-13	rg = 0.0	rwell = 0.0	CFL = 0.0
-------------------------------------------------------------------------------------------------------------
 T = 0.098487, DT = 0.0472073, NI = 1, LI = 1, RES = 6.0e-08 (inf), CFL=0.000 (ELAPSED 00:00:00 )
-------------------------------------------------------------------------------------------------------------
# 1 	T = 0.098487	DT = 0.0472073	NI = 1	LI=1
TS = 7(0), NI = 8(0), LI = 8(0)
0: rp = 0.0007191870905014042	ru = 0.4394162034966165	rg = 0.0	rwell = 0.0	CFL = 0.0
	 #1 (7.1919e-04, 4.3942e-01, 0.0000e+00): lin 1 (0.0e+00)
1: rp = 5.462651536689181e-08	ru = 6.309539786616332e-13	rg = 0.0	rwell = 0.0	CFL = 0.0
-------------------------------------------------------------------------------------------------------------
 T = 0.188232, DT = 0.0897452, NI = 1, LI = 1, RES = 5.5e-08 (inf), CFL=0.000 (ELAPSED 00:00:00 )
-------------------------------------------------------------------------------------------------------------
# 1 	T = 0.188232	DT = 0.0897452	NI = 1	LI=1
TS = 8(0), NI = 9(0), LI = 9(0)
0: rp = 0.0008523835365778661	ru = 0.609542528038164	rg = 0.0	rwell = 0.0	CFL = 0.0
	 #1 (8.5238e-04, 6.0954e-01, 0.0000e+00): lin 1 (0.0e+00)
1: rp = 4.915797959741723e-08	ru = 4.648584039505619e-13	rg = 0.0	rwell = 0.0	CFL = 0.0
-------------------------------------------------------------------------------------------------------------
 T = 0.358845, DT = 0.170613, NI = 1, LI = 1, RES = 4.9e-08 (inf), CFL=0.000 (ELAPSED 00:00:00 )
-------------------------------------------------------------------------------------------------------------
# 1 	T = 0.358845	DT = 0.170613	NI = 1	LI=1
TS = 9(0), NI = 10(0), LI = 10(0)
0: rp = 0.001034051322698116	ru = 0.8488844449259784	rg = 0.0	rwell = 0.0	CFL = 0.0
	 #1 (1.0341e-03, 8.4888e-01, 0.0000e+00): lin 1 (0.0e+00)
1: rp = 5.903317061903739e-08	ru = 5.024783334024343e-13	rg = 0.0	rwell = 0.0	CFL = 0.0
-------------------------------------------------------------------------------------------------------------
 T = 0.683196, DT = 0.32435, NI = 1, LI = 1, RES = 5.9e-08 (inf), CFL=0.000 (ELAPSED 00:00:00 )
-------------------------------------------------------------------------------------------------------------
# 1 	T = 0.683196	DT = 0.32435	NI = 1	LI=1
TS = 10(0), NI = 11(0), LI = 11(0)
0: rp = 0.0012675188887989596	ru = 1.1877714855751849	rg = 0.0	rwell = 0.0	CFL = 0.0
	 #1 (1.2675e-03, 1.1878e+00, 0.0000e+00): lin 1 (0.0e+00)
1: rp = 6.916464804838512e-08	ru = 8.220117013450811e-13	rg = 0.0	rwell = 0.0	CFL = 0.0
-------------------------------------------------------------------------------------------------------------
 T = 1.29981, DT = 0.616617, NI = 1, LI = 1, RES = 6.9e-08 (inf), CFL=0.000 (ELAPSED 00:00:00 )
-------------------------------------------------------------------------------------------------------------
# 1 	T = 1.29981	DT = 0.616617	NI = 1	LI=1
TS = 11(0), NI = 12(0), LI = 12(0)
0: rp = 0.0015692380004203293	ru = 1.6721495541405418	rg = 0.0	rwell = 0.0	CFL = 0.0
	 #1 (1.5692e-03, 1.6721e+00, 0.0000e+00): lin 1 (0.0e+00)
1: rp = 7.932243874531551e-08	ru = 1.4343439935671269e-12	rg = 0.0	rwell = 0.0	CFL = 0.0
-------------------------------------------------------------------------------------------------------------
 T = 2.47206, DT = 1.17224, NI = 1, LI = 1, RES = 7.9e-08 (inf), CFL=0.000 (ELAPSED 00:00:00 )
-------------------------------------------------------------------------------------------------------------
# 1 	T = 2.47206	DT = 1.17224	NI = 1	LI=1
TS = 12(0), NI = 13(0), LI = 13(0)
0: rp = 0.0019781927784638252	ru = 2.3737355084369605	rg = 0.0	rwell = 0.0	CFL = 0.0
	 #1 (1.9782e-03, 2.3737e+00, 0.0000e+00): lin 1 (0.0e+00)
1: rp = 9.41706086786472e-08	ru = 1.071399722865756e-12	rg = 0.0	rwell = 0.0	CFL = 0.0
-------------------------------------------------------------------------------------------------------------
 T = 4.70059, DT = 2.22853, NI = 1, LI = 1, RES = 9.4e-08 (inf), CFL=0.000 (ELAPSED 00:00:00 )
-------------------------------------------------------------------------------------------------------------
# 1 	T = 4.70059	DT = 2.22853	NI = 1	LI=1
TS = 13(0), NI = 14(0), LI = 14(0)
0: rp = 0.0025619104139319115	ru = 3.4088128140219194	rg = 0.0	rwell = 0.0	CFL = 0.0
	 #1 (2.5619e-03, 3.4088e+00, 0.0000e+00): lin 1 (0.0e+00)
1: rp = 1.2197874646938965e-07	ru = 1.2495412937573506e-12	rg = 0.0	rwell = 0.0	CFL = 0.0
-------------------------------------------------------------------------------------------------------------
 T = 8.93722, DT = 4.23663, NI = 1, LI = 1, RES = 1.2e-07 (inf), CFL=0.000 (ELAPSED 00:00:00 )
-------------------------------------------------------------------------------------------------------------
# 1 	T = 8.93722	DT = 4.23663	NI = 1	LI=1
TS = 14(0), NI = 15(0), LI = 15(0)
0: rp = 0.003465081248197627	ru = 4.964089119088127	rg = 0.0	rwell = 0.0	CFL = 0.0
	 #1 (3.4651e-03, 4.9641e+00, 0.0000e+00): lin 1 (0.0e+00)
1: rp = 2.0021383647227691e-07	ru = 1.608823628866323e-12	rg = 0.0	rwell = 0.0	CFL = 0.0
-------------------------------------------------------------------------------------------------------------
 T = 16.9914, DT = 8.05419, NI = 1, LI = 1, RES = 2.0e-07 (inf), CFL=0.000 (ELAPSED 00:00:00 )
-------------------------------------------------------------------------------------------------------------
# 1 	T = 16.9914	DT = 8.05419	NI = 1	LI=1
TS = 15(0), NI = 16(0), LI = 16(0)
0: rp = 0.0048608762933872555	ru = 7.090467528652362	rg = 0.0	rwell = 0.0	CFL = 0.0
	 #1 (4.8609e-03, 7.0905e+00, 0.0000e+00): lin 1 (0.0e+00)
1: rp = 3.927421054487722e-07	ru = 2.4919143800877554e-12	rg = 0.0	rwell = 0.0	CFL = 0.0
-------------------------------------------------------------------------------------------------------------
 T = 32.3031, DT = 15.3117, NI = 1, LI = 1, RES = 3.9e-07 (inf), CFL=0.000 (ELAPSED 00:00:00 )
-------------------------------------------------------------------------------------------------------------
# 1 	T = 32.3031	DT = 15.3117	NI = 1	LI=1
TS = 16(0), NI = 17(0), LI = 17(0)
0: rp = 0.006223529625399529	ru = 8.652432933468518	rg = 0.0	rwell = 0.0	CFL = 0.0
	 #1 (6.2235e-03, 8.6524e+00, 0.0000e+00): lin 1 (0.0e+00)
1: rp = 6.2513919491268e-07	ru = 2.6920583754825137e-12	rg = 0.0	rwell = 0.0	CFL = 0.0
-------------------------------------------------------------------------------------------------------------
 T = 61.412, DT = 29.1089, NI = 1, LI = 1, RES = 6.3e-07 (inf), CFL=0.000 (ELAPSED 00:00:00 )
-------------------------------------------------------------------------------------------------------------
# 1 	T = 61.412	DT = 29.1089	NI = 1	LI=1
TS = 17(0), NI = 18(0), LI = 18(0)
0: rp = 0.006277509858083745	ru = 7.296988471050249	rg = 0.0	rwell = 0.0	CFL = 0.0
	 #1 (6.2775e-03, 7.2970e+00, 0.0000e+00): lin 1 (0.0e+00)
1: rp = 6.182042066568227e-07	ru = 1.9071356718852427e-12	rg = 0.0	rwell = 0.0	CFL = 0.0
-------------------------------------------------------------------------------------------------------------
 T = 116.75, DT = 55.3384, NI = 1, LI = 1, RES = 6.2e-07 (inf), CFL=0.000 (ELAPSED 00:00:00 )
-------------------------------------------------------------------------------------------------------------
# 1 	T = 116.75	DT = 55.3384	NI = 1	LI=1
TS = 18(0), NI = 19(0), LI = 19(0)
0: rp = 0.004870021127723047	ru = 3.138976029261604	rg = 0.0	rwell = 0.0	CFL = 0.0
	 #1 (4.8700e-03, 3.1390e+00, 0.0000e+00): lin 1 (0.0e+00)
1: rp = 3.3138885726184106e-07	ru = 4.210658959978775e-13	rg = 0.0	rwell = 0.0	CFL = 0.0
-------------------------------------------------------------------------------------------------------------
 T = 221.953, DT = 105.203, NI = 1, LI = 1, RES = 3.3e-07 (inf), CFL=0.000 (ELAPSED 00:00:00 )
-------------------------------------------------------------------------------------------------------------
# 1 	T = 221.953	DT = 105.203	NI = 1	LI=1
TS = 19(0), NI = 20(0), LI = 20(0)
0: rp = 0.002783608826456369	ru = 0.42211467769270167	rg = 0.0	rwell = 0.0	CFL = 0.0
	 #1 (2.7836e-03, 4.2211e-01, 0.0000e+00): lin 1 (0.0e+00)
1: rp = 7.369496053291204e-08	ru = 6.871946746744848e-14	rg = 0.0	rwell = 0.0	CFL = 0.0
-------------------------------------------------------------------------------------------------------------
 T = 421.953, DT = 200, NI = 1, LI = 1, RES = 7.4e-08 (inf), CFL=0.000 (ELAPSED 00:00:00 )
-------------------------------------------------------------------------------------------------------------
# 1 	T = 421.953	DT = 200	NI = 1	LI=1
TS = 20(0), NI = 21(0), LI = 21(0)
