case:mandel, scheme:stabilized, mesh: wedge, overwrite: 0
darts-linear-solvers built on May  1 2023 11:41:06 by lorozco@login04 from GITDIR-NOTFOUND
darts-engines built on 15/05/2023, 14:52:47 by lorozco@login03 from 8e8f836-dirty
darts-package built on 15/05/2023 14:56:21 by lorozco@login03 from 8e8f836-dirty

Pressure gradients depend on displacements with a max coefficient: 4.615e-20
Gradient reconstruction was done!
Calculation of fluxes was done!
Processing mesh: 944 reservoir blocks including 4720 connections
Single phase 1-component isothermal poromechanics CPU engine
Sim params: 
	First ts: 	1e-05
	Max ts: 	0.1
	Mult ts: 	1.5
	Max i newton: 	10
	Max i linear: 	5000
	Tol newton: 	1e-06
	Tol linear: 	1e-10

START SIMULATION
-------------------------------------------------------------------------------------------------------------
0: rp = 0.0959432274893064	ru = 406.6870394833094	rg = 0.0	rwell = 0.0	CFL = 0.0
	 #1 (9.5943e-02, 4.0669e+02, 0.0000e+00): lin 1 (0.0e+00)
1: rp = 6.726674653140413e-05	ru = 1.6950705836861214e-10	rg = 0.0	rwell = 0.0	CFL = 0.0
	 #2 (6.7267e-05, 1.6951e-10, 0.0000e+00): lin 1 (0.0e+00)
2: rp = 3.753857021473627e-10	ru = 4.626341462587959e-13	rg = 0.0	rwell = 0.0	CFL = 0.0
-------------------------------------------------------------------------------------------------------------
 T = 0.001, DT = 0.001, NI = 2, LI = 2, RES = 3.8e-10 (inf), CFL=0.000 (ELAPSED 00:00:00 )
-------------------------------------------------------------------------------------------------------------
# 1 	T = 0.001	DT = 0.001	NI = 2	LI=2
TS = 1(0), NI = 2(0), LI = 2(0)
0: rp = 7.496264930072731e-05	ru = 0.3200786741314921	rg = 0.0	rwell = 0.0	CFL = 0.0
	 #1 (7.4963e-05, 3.2008e-01, 0.0000e+00): lin 1 (0.0e+00)
1: rp = 4.496135755369414e-11	ru = 2.1042287261353995e-13	rg = 0.0	rwell = 0.0	CFL = 0.0
-------------------------------------------------------------------------------------------------------------
 T = 0.00290109, DT = 0.00190109, NI = 1, LI = 1, RES = 4.5e-11 (inf), CFL=0.000 (ELAPSED 00:00:00 )
-------------------------------------------------------------------------------------------------------------
# 1 	T = 0.00290109	DT = 0.00190109	NI = 1	LI=1
TS = 2(0), NI = 3(0), LI = 3(0)
0: rp = 9.099012611815771e-05	ru = 0.387218669049221	rg = 0.0	rwell = 0.0	CFL = 0.0
	 #1 (9.0990e-05, 3.8722e-01, 0.0000e+00): lin 1 (0.0e+00)
1: rp = 8.876549824606615e-11	ru = 2.5645328944148616e-13	rg = 0.0	rwell = 0.0	CFL = 0.0
-------------------------------------------------------------------------------------------------------------
 T = 0.00651521, DT = 0.00361412, NI = 1, LI = 1, RES = 8.9e-11 (inf), CFL=0.000 (ELAPSED 00:00:00 )
-------------------------------------------------------------------------------------------------------------
# 1 	T = 0.00651521	DT = 0.00361412	NI = 1	LI=1
TS = 3(0), NI = 4(0), LI = 4(0)
0: rp = 0.00012010708213542122	ru = 0.5052506145011105	rg = 0.0	rwell = 0.0	CFL = 0.0
	 #1 (1.2011e-04, 5.0525e-01, 0.0000e+00): lin 1 (0.0e+00)
1: rp = 2.1433263541101467e-10	ru = 4.613973754129043e-13	rg = 0.0	rwell = 0.0	CFL = 0.0
-------------------------------------------------------------------------------------------------------------
 T = 0.013386, DT = 0.00687076, NI = 1, LI = 1, RES = 2.1e-10 (inf), CFL=0.000 (ELAPSED 00:00:00 )
-------------------------------------------------------------------------------------------------------------
# 1 	T = 0.013386	DT = 0.00687076	NI = 1	LI=1
TS = 4(0), NI = 5(0), LI = 5(0)
0: rp = 0.0001657976017648391	ru = 0.6793891910959005	rg = 0.0	rwell = 0.0	CFL = 0.0
	 #1 (1.6580e-04, 6.7939e-01, 0.0000e+00): lin 1 (0.0e+00)
1: rp = 5.690537954929749e-10	ru = 6.035535711859034e-13	rg = 0.0	rwell = 0.0	CFL = 0.0
-------------------------------------------------------------------------------------------------------------
 T = 0.0264479, DT = 0.0130619, NI = 1, LI = 1, RES = 5.7e-10 (inf), CFL=0.000 (ELAPSED 00:00:00 )
-------------------------------------------------------------------------------------------------------------
# 1 	T = 0.0264479	DT = 0.0130619	NI = 1	LI=1
TS = 5(0), NI = 6(0), LI = 6(0)
0: rp = 0.0002377203794246974	ru = 0.9267789937612958	rg = 0.0	rwell = 0.0	CFL = 0.0
	 #1 (2.3772e-04, 9.2678e-01, 0.0000e+00): lin 1 (0.0e+00)
1: rp = 1.6102844672491222e-09	ru = 1.3131944140667664e-12	rg = 0.0	rwell = 0.0	CFL = 0.0
-------------------------------------------------------------------------------------------------------------
 T = 0.0512797, DT = 0.0248318, NI = 1, LI = 1, RES = 1.6e-09 (inf), CFL=0.000 (ELAPSED 00:00:00 )
-------------------------------------------------------------------------------------------------------------
# 1 	T = 0.0512797	DT = 0.0248318	NI = 1	LI=1
TS = 6(0), NI = 7(0), LI = 7(0)
0: rp = 0.00035425034928245465	ru = 1.274174481308096	rg = 0.0	rwell = 0.0	CFL = 0.0
	 #1 (3.5425e-04, 1.2742e+00, 0.0000e+00): lin 1 (0.0e+00)
1: rp = 4.7153777362218875e-09	ru = 2.437970056696678e-12	rg = 0.0	rwell = 0.0	CFL = 0.0
-------------------------------------------------------------------------------------------------------------
 T = 0.098487, DT = 0.0472073, NI = 1, LI = 1, RES = 4.7e-09 (inf), CFL=0.000 (ELAPSED 00:00:00 )
-------------------------------------------------------------------------------------------------------------
# 1 	T = 0.098487	DT = 0.0472073	NI = 1	LI=1
TS = 7(0), NI = 8(0), LI = 8(0)
0: rp = 0.0005451564393763476	ru = 1.7605285021308503	rg = 0.0	rwell = 0.0	CFL = 0.0
	 #1 (5.4516e-04, 1.7605e+00, 0.0000e+00): lin 1 (0.0e+00)
1: rp = 1.3512803030551208e-08	ru = 4.232736807313827e-12	rg = 0.0	rwell = 0.0	CFL = 0.0
-------------------------------------------------------------------------------------------------------------
 T = 0.188232, DT = 0.0897452, NI = 1, LI = 1, RES = 1.4e-08 (inf), CFL=0.000 (ELAPSED 00:00:00 )
-------------------------------------------------------------------------------------------------------------
# 1 	T = 0.188232	DT = 0.0897452	NI = 1	LI=1
TS = 8(0), NI = 9(0), LI = 9(0)
0: rp = 0.0008452444360893084	ru = 2.4421425184887733	rg = 0.0	rwell = 0.0	CFL = 0.0
	 #1 (8.4524e-04, 2.4421e+00, 0.0000e+00): lin 1 (0.0e+00)
1: rp = 3.483402753571542e-08	ru = 6.4343166764114404e-12	rg = 0.0	rwell = 0.0	CFL = 0.0
-------------------------------------------------------------------------------------------------------------
 T = 0.358845, DT = 0.170613, NI = 1, LI = 1, RES = 3.5e-08 (inf), CFL=0.000 (ELAPSED 00:00:00 )
-------------------------------------------------------------------------------------------------------------
# 1 	T = 0.358845	DT = 0.170613	NI = 1	LI=1
TS = 9(0), NI = 10(0), LI = 10(0)
0: rp = 0.0012629699096361653	ru = 3.4010699842550443	rg = 0.0	rwell = 0.0	CFL = 0.0
	 #1 (1.2630e-03, 3.4011e+00, 0.0000e+00): lin 1 (0.0e+00)
1: rp = 7.300283716199806e-08	ru = 8.594312651324711e-12	rg = 0.0	rwell = 0.0	CFL = 0.0
-------------------------------------------------------------------------------------------------------------
 T = 0.683196, DT = 0.32435, NI = 1, LI = 1, RES = 7.3e-08 (inf), CFL=0.000 (ELAPSED 00:00:00 )
-------------------------------------------------------------------------------------------------------------
# 1 	T = 0.683196	DT = 0.32435	NI = 1	LI=1
TS = 10(0), NI = 11(0), LI = 11(0)
0: rp = 0.0017288191554623161	ru = 4.758826683525746	rg = 0.0	rwell = 0.0	CFL = 0.0
	 #1 (1.7288e-03, 4.7588e+00, 0.0000e+00): lin 1 (0.0e+00)
1: rp = 1.1256028755309717e-07	ru = 1.0146691789415938e-11	rg = 0.0	rwell = 0.0	CFL = 0.0
-------------------------------------------------------------------------------------------------------------
 T = 1.29981, DT = 0.616617, NI = 1, LI = 1, RES = 1.1e-07 (inf), CFL=0.000 (ELAPSED 00:00:00 )
-------------------------------------------------------------------------------------------------------------
# 1 	T = 1.29981	DT = 0.616617	NI = 1	LI=1
TS = 11(0), NI = 12(0), LI = 12(0)
0: rp = 0.00213849842867437	ru = 6.6994956637103575	rg = 0.0	rwell = 0.0	CFL = 0.0
	 #1 (2.1385e-03, 6.6995e+00, 0.0000e+00): lin 1 (0.0e+00)
1: rp = 1.2861067538290365e-07	ru = 1.241531875380099e-11	rg = 0.0	rwell = 0.0	CFL = 0.0
-------------------------------------------------------------------------------------------------------------
 T = 2.47206, DT = 1.17224, NI = 1, LI = 1, RES = 1.3e-07 (inf), CFL=0.000 (ELAPSED 00:00:01 )
-------------------------------------------------------------------------------------------------------------
# 1 	T = 2.47206	DT = 1.17224	NI = 1	LI=1
TS = 12(0), NI = 13(0), LI = 13(0)
0: rp = 0.002616954669661265	ru = 9.510411736911147	rg = 0.0	rwell = 0.0	CFL = 0.0
	 #1 (2.6170e-03, 9.5104e+00, 0.0000e+00): lin 1 (0.0e+00)
1: rp = 1.5263787616124375e-07	ru = 1.3415993569394895e-11	rg = 0.0	rwell = 0.0	CFL = 0.0
-------------------------------------------------------------------------------------------------------------
 T = 4.70059, DT = 2.22853, NI = 1, LI = 1, RES = 1.5e-07 (inf), CFL=0.000 (ELAPSED 00:00:01 )
-------------------------------------------------------------------------------------------------------------
# 1 	T = 4.70059	DT = 2.22853	NI = 1	LI=1
TS = 13(0), NI = 14(0), LI = 14(0)
0: rp = 0.003508995486608526	ru = 13.657466588076272	rg = 0.0	rwell = 0.0	CFL = 0.0
	 #1 (3.5090e-03, 1.3657e+01, 0.0000e+00): lin 1 (0.0e+00)
1: rp = 2.48193367387531e-07	ru = 1.3318611021396946e-11	rg = 0.0	rwell = 0.0	CFL = 0.0
-------------------------------------------------------------------------------------------------------------
 T = 8.93722, DT = 4.23663, NI = 1, LI = 1, RES = 2.5e-07 (inf), CFL=0.000 (ELAPSED 00:00:01 )
-------------------------------------------------------------------------------------------------------------
# 1 	T = 8.93722	DT = 4.23663	NI = 1	LI=1
TS = 14(0), NI = 15(0), LI = 15(0)
0: rp = 0.005024981191595271	ru = 19.888707589134604	rg = 0.0	rwell = 0.0	CFL = 0.0
	 #1 (5.0250e-03, 1.9889e+01, 0.0000e+00): lin 1 (0.0e+00)
1: rp = 4.94339604457287e-07	ru = 1.8454821992447847e-11	rg = 0.0	rwell = 0.0	CFL = 0.0
-------------------------------------------------------------------------------------------------------------
 T = 16.9914, DT = 8.05419, NI = 1, LI = 1, RES = 4.9e-07 (inf), CFL=0.000 (ELAPSED 00:00:01 )
-------------------------------------------------------------------------------------------------------------
# 1 	T = 16.9914	DT = 8.05419	NI = 1	LI=1
TS = 15(0), NI = 16(0), LI = 16(0)
0: rp = 0.007191464373483797	ru = 28.408078897166867	rg = 0.0	rwell = 0.0	CFL = 0.0
	 #1 (7.1915e-03, 2.8408e+01, 0.0000e+00): lin 1 (0.0e+00)
1: rp = 9.167947073562141e-07	ru = 1.5930807452744772e-11	rg = 0.0	rwell = 0.0	CFL = 0.0
-------------------------------------------------------------------------------------------------------------
 T = 32.3031, DT = 15.3117, NI = 1, LI = 1, RES = 9.2e-07 (inf), CFL=0.000 (ELAPSED 00:00:01 )
-------------------------------------------------------------------------------------------------------------
# 1 	T = 32.3031	DT = 15.3117	NI = 1	LI=1
TS = 16(0), NI = 17(0), LI = 17(0)
0: rp = 0.008937324074550022	ru = 34.66611989028245	rg = 0.0	rwell = 0.0	CFL = 0.0
	 #1 (8.9373e-03, 3.4666e+01, 0.0000e+00): lin 1 (0.0e+00)
1: rp = 1.1734507523039755e-06	ru = 1.0124840155634192e-11	rg = 0.0	rwell = 0.0	CFL = 0.0
	 #2 (1.1735e-06, 1.0125e-11, 0.0000e+00): lin 1 (0.0e+00)
2: rp = 1.3416395773427033e-14	ru = 2.0923866317862317e-13	rg = 0.0	rwell = 0.0	CFL = 0.0
-------------------------------------------------------------------------------------------------------------
 T = 61.412, DT = 29.1089, NI = 2, LI = 2, RES = 2.1e-13 (inf), CFL=0.000 (ELAPSED 00:00:01 )
-------------------------------------------------------------------------------------------------------------
# 1 	T = 61.412	DT = 29.1089	NI = 2	LI=2
TS = 17(0), NI = 19(0), LI = 19(0)
0: rp = 0.008116529998070608	ru = 29.235508569730033	rg = 0.0	rwell = 0.0	CFL = 0.0
	 #1 (8.1165e-03, 2.9236e+01, 0.0000e+00): lin 1 (0.0e+00)
1: rp = 8.27363124138942e-07	ru = 3.497854468718141e-12	rg = 0.0	rwell = 0.0	CFL = 0.0
-------------------------------------------------------------------------------------------------------------
 T = 116.75, DT = 55.3384, NI = 1, LI = 1, RES = 8.3e-07 (inf), CFL=0.000 (ELAPSED 00:00:01 )
-------------------------------------------------------------------------------------------------------------
# 1 	T = 116.75	DT = 55.3384	NI = 1	LI=1
TS = 18(0), NI = 20(0), LI = 20(0)
0: rp = 0.004827804424155893	ru = 12.576360914881157	rg = 0.0	rwell = 0.0	CFL = 0.0
	 #1 (4.8278e-03, 1.2576e+01, 0.0000e+00): lin 1 (0.0e+00)
1: rp = 2.7538713718704374e-07	ru = 2.3499453763511083e-13	rg = 0.0	rwell = 0.0	CFL = 0.0
-------------------------------------------------------------------------------------------------------------
 T = 221.953, DT = 105.203, NI = 1, LI = 1, RES = 2.8e-07 (inf), CFL=0.000 (ELAPSED 00:00:01 )
-------------------------------------------------------------------------------------------------------------
# 1 	T = 221.953	DT = 105.203	NI = 1	LI=1
TS = 19(0), NI = 21(0), LI = 21(0)
0: rp = 0.0021059749025039622	ru = 1.691209644369588	rg = 0.0	rwell = 0.0	CFL = 0.0
	 #1 (2.1060e-03, 1.6912e+00, 0.0000e+00): lin 1 (0.0e+00)
1: rp = 3.910482465175276e-08	ru = 2.382790586631438e-13	rg = 0.0	rwell = 0.0	CFL = 0.0
-------------------------------------------------------------------------------------------------------------
 T = 421.953, DT = 200, NI = 1, LI = 1, RES = 3.9e-08 (inf), CFL=0.000 (ELAPSED 00:00:01 )
-------------------------------------------------------------------------------------------------------------
# 1 	T = 421.953	DT = 200	NI = 1	LI=1
TS = 20(0), NI = 22(0), LI = 22(0)
