case:mandel, scheme:non_stabilized, mesh: rect, overwrite: 0
darts-linear-solvers built on May  1 2023 11:41:06 by lorozco@login04 from GITDIR-NOTFOUND
darts-engines built on 15/05/2023, 14:52:47 by lorozco@login03 from 8e8f836-dirty
darts-package built on 15/05/2023 14:56:21 by lorozco@login03 from 8e8f836-dirty

Pressure gradients depend on displacements with a max coefficient: 3.331e-21
Gradient reconstruction was done!
Calculation of fluxes was done!
Processing mesh: 900 reservoir blocks including 5400 connections
Single phase 1-component isothermal poromechanics CPU engine
Sim params: 
	First ts: 	1e-05
	Max ts: 	0.1
	Mult ts: 	1.5
	Max i newton: 	10
	Max i linear: 	5000
	Tol newton: 	1e-06
	Tol linear: 	1e-10

START SIMULATION
-------------------------------------------------------------------------------------------------------------
0: rp = 0.08641189330436326	ru = 259.44873783571427	rg = 0.0	rwell = 0.0	CFL = 0.0
	 #1 (8.6412e-02, 2.5945e+02, 0.0000e+00): lin 1 (0.0e+00)
1: rp = 4.668338284788901e-05	ru = 1.2131008229487872e-10	rg = 0.0	rwell = 0.0	CFL = 0.0
	 #2 (4.6683e-05, 1.2131e-10, 0.0000e+00): lin 1 (0.0e+00)
2: rp = 8.752901361783814e-10	ru = 4.3674732497406216e-13	rg = 0.0	rwell = 0.0	CFL = 0.0
-------------------------------------------------------------------------------------------------------------
 T = 0.001, DT = 0.001, NI = 2, LI = 2, RES = 8.8e-10 (inf), CFL=0.000 (ELAPSED 00:00:00 )
-------------------------------------------------------------------------------------------------------------
# 1 	T = 0.001	DT = 0.001	NI = 2	LI=2
TS = 1(0), NI = 2(0), LI = 2(0)
0: rp = 0.00024650080871543156	ru = 0.2041963474347551	rg = 0.0	rwell = 0.0	CFL = 0.0
	 #1 (2.4650e-04, 2.0420e-01, 0.0000e+00): lin 1 (0.0e+00)
1: rp = 3.428492943283431e-08	ru = 1.0471210192593753e-12	rg = 0.0	rwell = 0.0	CFL = 0.0
-------------------------------------------------------------------------------------------------------------
 T = 0.00290109, DT = 0.00190109, NI = 1, LI = 1, RES = 3.4e-08 (inf), CFL=0.000 (ELAPSED 00:00:00 )
-------------------------------------------------------------------------------------------------------------
# 1 	T = 0.00290109	DT = 0.00190109	NI = 1	LI=1
TS = 2(0), NI = 3(0), LI = 3(0)
0: rp = 0.0003464577096925944	ru = 0.24702875970399393	rg = 0.0	rwell = 0.0	CFL = 0.0
	 #1 (3.4646e-04, 2.4703e-01, 0.0000e+00): lin 1 (0.0e+00)
1: rp = 6.182714539196377e-08	ru = 1.1741971135460777e-12	rg = 0.0	rwell = 0.0	CFL = 0.0
-------------------------------------------------------------------------------------------------------------
 T = 0.00651521, DT = 0.00361412, NI = 1, LI = 1, RES = 6.2e-08 (inf), CFL=0.000 (ELAPSED 00:00:00 )
-------------------------------------------------------------------------------------------------------------
# 1 	T = 0.00651521	DT = 0.00361412	NI = 1	LI=1
TS = 3(0), NI = 4(0), LI = 4(0)
0: rp = 0.00042727558246619975	ru = 0.32232803481904904	rg = 0.0	rwell = 0.0	CFL = 0.0
	 #1 (4.2728e-04, 3.2233e-01, 0.0000e+00): lin 1 (0.0e+00)
1: rp = 7.566002520906184e-08	ru = 1.3203515498006802e-12	rg = 0.0	rwell = 0.0	CFL = 0.0
-------------------------------------------------------------------------------------------------------------
 T = 0.013386, DT = 0.00687076, NI = 1, LI = 1, RES = 7.6e-08 (inf), CFL=0.000 (ELAPSED 00:00:00 )
-------------------------------------------------------------------------------------------------------------
# 1 	T = 0.013386	DT = 0.00687076	NI = 1	LI=1
TS = 4(0), NI = 5(0), LI = 5(0)
0: rp = 0.0004756733322437473	ru = 0.43342091342030376	rg = 0.0	rwell = 0.0	CFL = 0.0
	 #1 (4.7567e-04, 4.3342e-01, 0.0000e+00): lin 1 (0.0e+00)
1: rp = 5.265143849088893e-08	ru = 1.4027841672449772e-12	rg = 0.0	rwell = 0.0	CFL = 0.0
-------------------------------------------------------------------------------------------------------------
 T = 0.0264479, DT = 0.0130619, NI = 1, LI = 1, RES = 5.3e-08 (inf), CFL=0.000 (ELAPSED 00:00:00 )
-------------------------------------------------------------------------------------------------------------
# 1 	T = 0.0264479	DT = 0.0130619	NI = 1	LI=1
TS = 5(0), NI = 6(0), LI = 6(0)
0: rp = 0.0005270231537401342	ru = 0.5912449053933908	rg = 0.0	rwell = 0.0	CFL = 0.0
	 #1 (5.2702e-04, 5.9124e-01, 0.0000e+00): lin 1 (0.0e+00)
1: rp = 4.167828017781506e-08	ru = 1.2060639120625798e-12	rg = 0.0	rwell = 0.0	CFL = 0.0
-------------------------------------------------------------------------------------------------------------
 T = 0.0512797, DT = 0.0248318, NI = 1, LI = 1, RES = 4.2e-08 (inf), CFL=0.000 (ELAPSED 00:00:00 )
-------------------------------------------------------------------------------------------------------------
# 1 	T = 0.0512797	DT = 0.0248318	NI = 1	LI=1
TS = 6(0), NI = 7(0), LI = 7(0)
0: rp = 0.0006119331008581852	ru = 0.8128681980568399	rg = 0.0	rwell = 0.0	CFL = 0.0
	 #1 (6.1193e-04, 8.1287e-01, 0.0000e+00): lin 1 (0.0e+00)
1: rp = 3.490622661149553e-08	ru = 1.3033861719046267e-12	rg = 0.0	rwell = 0.0	CFL = 0.0
-------------------------------------------------------------------------------------------------------------
 T = 0.098487, DT = 0.0472073, NI = 1, LI = 1, RES = 3.5e-08 (inf), CFL=0.000 (ELAPSED 00:00:00 )
-------------------------------------------------------------------------------------------------------------
# 1 	T = 0.098487	DT = 0.0472073	NI = 1	LI=1
TS = 7(0), NI = 8(0), LI = 8(0)
0: rp = 0.0007330575501699072	ru = 1.1231410235790946	rg = 0.0	rwell = 0.0	CFL = 0.0
	 #1 (7.3306e-04, 1.1231e+00, 0.0000e+00): lin 1 (0.0e+00)
1: rp = 4.0017353052951825e-08	ru = 1.491700777353348e-12	rg = 0.0	rwell = 0.0	CFL = 0.0
-------------------------------------------------------------------------------------------------------------
 T = 0.188232, DT = 0.0897452, NI = 1, LI = 1, RES = 4.0e-08 (inf), CFL=0.000 (ELAPSED 00:00:01 )
-------------------------------------------------------------------------------------------------------------
# 1 	T = 0.188232	DT = 0.0897452	NI = 1	LI=1
TS = 8(0), NI = 9(0), LI = 9(0)
0: rp = 0.0008942456176361206	ru = 1.5579812792703043	rg = 0.0	rwell = 0.0	CFL = 0.0
	 #1 (8.9425e-04, 1.5580e+00, 0.0000e+00): lin 1 (0.0e+00)
1: rp = 4.616173664971671e-08	ru = 2.1221941749484287e-12	rg = 0.0	rwell = 0.0	CFL = 0.0
-------------------------------------------------------------------------------------------------------------
 T = 0.358845, DT = 0.170613, NI = 1, LI = 1, RES = 4.6e-08 (inf), CFL=0.000 (ELAPSED 00:00:01 )
-------------------------------------------------------------------------------------------------------------
# 1 	T = 0.358845	DT = 0.170613	NI = 1	LI=1
TS = 9(0), NI = 10(0), LI = 10(0)
0: rp = 0.0011086439093768554	ru = 2.1697355190541328	rg = 0.0	rwell = 0.0	CFL = 0.0
	 #1 (1.1086e-03, 2.1697e+00, 0.0000e+00): lin 1 (0.0e+00)
1: rp = 5.345387071371777e-08	ru = 3.837756077313968e-12	rg = 0.0	rwell = 0.0	CFL = 0.0
-------------------------------------------------------------------------------------------------------------
 T = 0.683196, DT = 0.32435, NI = 1, LI = 1, RES = 5.3e-08 (inf), CFL=0.000 (ELAPSED 00:00:01 )
-------------------------------------------------------------------------------------------------------------
# 1 	T = 0.683196	DT = 0.32435	NI = 1	LI=1
TS = 10(0), NI = 11(0), LI = 11(0)
0: rp = 0.0013988127131818139	ru = 3.0359255563892584	rg = 0.0	rwell = 0.0	CFL = 0.0
	 #1 (1.3988e-03, 3.0359e+00, 0.0000e+00): lin 1 (0.0e+00)
1: rp = 6.36730269977598e-08	ru = 6.047797417802672e-12	rg = 0.0	rwell = 0.0	CFL = 0.0
-------------------------------------------------------------------------------------------------------------
 T = 1.29981, DT = 0.616617, NI = 1, LI = 1, RES = 6.4e-08 (inf), CFL=0.000 (ELAPSED 00:00:01 )
-------------------------------------------------------------------------------------------------------------
# 1 	T = 1.29981	DT = 0.616617	NI = 1	LI=1
TS = 11(0), NI = 12(0), LI = 12(0)
0: rp = 0.0017999558675340572	ru = 4.273988412057328	rg = 0.0	rwell = 0.0	CFL = 0.0
	 #1 (1.8000e-03, 4.2740e+00, 0.0000e+00): lin 1 (0.0e+00)
1: rp = 7.8911606092276e-08	ru = 4.131624230505232e-12	rg = 0.0	rwell = 0.0	CFL = 0.0
-------------------------------------------------------------------------------------------------------------
 T = 2.47206, DT = 1.17224, NI = 1, LI = 1, RES = 7.9e-08 (inf), CFL=0.000 (ELAPSED 00:00:01 )
-------------------------------------------------------------------------------------------------------------
# 1 	T = 2.47206	DT = 1.17224	NI = 1	LI=1
TS = 12(0), NI = 13(0), LI = 13(0)
0: rp = 0.002367711548760345	ru = 6.067231266023459	rg = 0.0	rwell = 0.0	CFL = 0.0
	 #1 (2.3677e-03, 6.0672e+00, 0.0000e+00): lin 1 (0.0e+00)
1: rp = 1.0283912315728557e-07	ru = 5.283902240053421e-12	rg = 0.0	rwell = 0.0	CFL = 0.0
-------------------------------------------------------------------------------------------------------------
 T = 4.70059, DT = 2.22853, NI = 1, LI = 1, RES = 1.0e-07 (inf), CFL=0.000 (ELAPSED 00:00:01 )
-------------------------------------------------------------------------------------------------------------
# 1 	T = 4.70059	DT = 2.22853	NI = 1	LI=1
TS = 13(0), NI = 14(0), LI = 14(0)
0: rp = 0.003195374903148722	ru = 8.712872858726238	rg = 0.0	rwell = 0.0	CFL = 0.0
	 #1 (3.1954e-03, 8.7129e+00, 0.0000e+00): lin 1 (0.0e+00)
1: rp = 1.4596646807208372e-07	ru = 5.272563664060049e-12	rg = 0.0	rwell = 0.0	CFL = 0.0
-------------------------------------------------------------------------------------------------------------
 T = 8.93722, DT = 4.23663, NI = 1, LI = 1, RES = 1.5e-07 (inf), CFL=0.000 (ELAPSED 00:00:01 )
-------------------------------------------------------------------------------------------------------------
# 1 	T = 8.93722	DT = 4.23663	NI = 1	LI=1
TS = 14(0), NI = 15(0), LI = 15(0)
0: rp = 0.0044623656403009965	ru = 12.688135052792187	rg = 0.0	rwell = 0.0	CFL = 0.0
	 #1 (4.4624e-03, 1.2688e+01, 0.0000e+00): lin 1 (0.0e+00)
1: rp = 2.5558737897282633e-07	ru = 1.1194342346763247e-11	rg = 0.0	rwell = 0.0	CFL = 0.0
-------------------------------------------------------------------------------------------------------------
 T = 16.9914, DT = 8.05419, NI = 1, LI = 1, RES = 2.6e-07 (inf), CFL=0.000 (ELAPSED 00:00:01 )
-------------------------------------------------------------------------------------------------------------
# 1 	T = 16.9914	DT = 8.05419	NI = 1	LI=1
TS = 15(0), NI = 16(0), LI = 16(0)
0: rp = 0.0063159148385574446	ru = 18.123125397778665	rg = 0.0	rwell = 0.0	CFL = 0.0
	 #1 (6.3159e-03, 1.8123e+01, 0.0000e+00): lin 1 (0.0e+00)
1: rp = 5.040459239005034e-07	ru = 9.8376132831675e-12	rg = 0.0	rwell = 0.0	CFL = 0.0
-------------------------------------------------------------------------------------------------------------
 T = 32.3031, DT = 15.3117, NI = 1, LI = 1, RES = 5.0e-07 (inf), CFL=0.000 (ELAPSED 00:00:02 )
-------------------------------------------------------------------------------------------------------------
# 1 	T = 32.3031	DT = 15.3117	NI = 1	LI=1
TS = 16(0), NI = 17(0), LI = 17(0)
0: rp = 0.007933955135582635	ru = 22.115484827405727	rg = 0.0	rwell = 0.0	CFL = 0.0
	 #1 (7.9340e-03, 2.2115e+01, 0.0000e+00): lin 1 (0.0e+00)
1: rp = 7.78096260042831e-07	ru = 7.96754559950965e-12	rg = 0.0	rwell = 0.0	CFL = 0.0
-------------------------------------------------------------------------------------------------------------
 T = 61.412, DT = 29.1089, NI = 1, LI = 1, RES = 7.8e-07 (inf), CFL=0.000 (ELAPSED 00:00:02 )
-------------------------------------------------------------------------------------------------------------
# 1 	T = 61.412	DT = 29.1089	NI = 1	LI=1
TS = 17(0), NI = 18(0), LI = 18(0)
0: rp = 0.007514958506119196	ru = 18.650989734117037	rg = 0.0	rwell = 0.0	CFL = 0.0
	 #1 (7.5150e-03, 1.8651e+01, 0.0000e+00): lin 1 (0.0e+00)
1: rp = 7.14936594782667e-07	ru = 4.007128427087577e-12	rg = 0.0	rwell = 0.0	CFL = 0.0
-------------------------------------------------------------------------------------------------------------
 T = 116.75, DT = 55.3384, NI = 1, LI = 1, RES = 7.1e-07 (inf), CFL=0.000 (ELAPSED 00:00:02 )
-------------------------------------------------------------------------------------------------------------
# 1 	T = 116.75	DT = 55.3384	NI = 1	LI=1
TS = 18(0), NI = 19(0), LI = 19(0)
0: rp = 0.005172813256168596	ru = 8.023174208054007	rg = 0.0	rwell = 0.0	CFL = 0.0
	 #1 (5.1728e-03, 8.0232e+00, 0.0000e+00): lin 1 (0.0e+00)
1: rp = 3.4319521494062745e-07	ru = 1.4096384201539848e-13	rg = 0.0	rwell = 0.0	CFL = 0.0
-------------------------------------------------------------------------------------------------------------
 T = 221.953, DT = 105.203, NI = 1, LI = 1, RES = 3.4e-07 (inf), CFL=0.000 (ELAPSED 00:00:02 )
-------------------------------------------------------------------------------------------------------------
# 1 	T = 221.953	DT = 105.203	NI = 1	LI=1
TS = 19(0), NI = 20(0), LI = 20(0)
0: rp = 0.0027918112864098346	ru = 1.078918591073724	rg = 0.0	rwell = 0.0	CFL = 0.0
	 #1 (2.7918e-03, 1.0789e+00, 0.0000e+00): lin 1 (0.0e+00)
1: rp = 7.321850073258536e-08	ru = 1.1263607104610551e-13	rg = 0.0	rwell = 0.0	CFL = 0.0
-------------------------------------------------------------------------------------------------------------
 T = 421.953, DT = 200, NI = 1, LI = 1, RES = 7.3e-08 (inf), CFL=0.000 (ELAPSED 00:00:02 )
-------------------------------------------------------------------------------------------------------------
# 1 	T = 421.953	DT = 200	NI = 1	LI=1
TS = 20(0), NI = 21(0), LI = 21(0)
