case:terzaghi_two_layers, scheme:non_stabilized, mesh: wedge, overwrite: 0
darts-linear-solvers built on May  1 2023 11:41:06 by lorozco@login04 from GITDIR-NOTFOUND
darts-engines built on 15/05/2023, 14:52:47 by lorozco@login03 from 8e8f836-dirty
darts-package built on 15/05/2023 14:56:21 by lorozco@login03 from 8e8f836-dirty

Pressure gradients depend on displacements with a max coefficient: 2.473e-06
Gradient reconstruction was done!
Calculation of fluxes was done!
Processing mesh: 972 reservoir blocks including 4860 connections
Single phase 1-component isothermal poromechanics CPU engine
Sim params: 
	First ts: 	1e-05
	Max ts: 	0.1
	Mult ts: 	1.5
	Max i newton: 	10
	Max i linear: 	5000
	Tol newton: 	1e-06
	Tol linear: 	1e-10

START SIMULATION
-------------------------------------------------------------------------------------------------------------
0: rp = 7.45538610839531e-17	ru = 6.924594180199768	rg = 0.0	rwell = 0.0	CFL = 0.0
	 #1 (7.4554e-17, 6.9246e+00, 0.0000e+00): lin 1 (0.0e+00)
1: rp = 1.0554668498553698e-12	ru = 1.6479426511625037e-10	rg = 0.0	rwell = 0.0	CFL = 0.0
-------------------------------------------------------------------------------------------------------------
 T = 0.001, DT = 0.001, NI = 1, LI = 1, RES = 1.6e-10 (inf), CFL=0.000 (ELAPSED 00:00:00 )
-------------------------------------------------------------------------------------------------------------
# 1 	T = 0.001	DT = 0.001	NI = 1	LI=1
TS = 1(0), NI = 1(0), LI = 1(0)
0: rp = 0.0005678321678497475	ru = 1.6479426511625037e-10	rg = 0.0	rwell = 0.0	CFL = 0.0
	 #1 (5.6783e-04, 1.6479e-10, 0.0000e+00): lin 1 (0.0e+00)
1: rp = 2.5841264962904415e-13	ru = 1.6682871484464362e-12	rg = 0.0	rwell = 0.0	CFL = 0.0
-------------------------------------------------------------------------------------------------------------
 T = 0.00290109, DT = 0.00190109, NI = 1, LI = 1, RES = 1.7e-12 (inf), CFL=0.000 (ELAPSED 00:00:00 )
-------------------------------------------------------------------------------------------------------------
# 1 	T = 0.00290109	DT = 0.00190109	NI = 1	LI=1
TS = 2(0), NI = 2(0), LI = 2(0)
0: rp = 0.0009271893044325323	ru = 1.6682871484464362e-12	rg = 0.0	rwell = 0.0	CFL = 0.0
	 #1 (9.2719e-04, 1.6683e-12, 0.0000e+00): lin 1 (0.0e+00)
1: rp = 5.487195047305955e-13	ru = 1.5171741954942643e-12	rg = 0.0	rwell = 0.0	CFL = 0.0
-------------------------------------------------------------------------------------------------------------
 T = 0.00651521, DT = 0.00361412, NI = 1, LI = 1, RES = 1.6e-12 (inf), CFL=0.000 (ELAPSED 00:00:00 )
-------------------------------------------------------------------------------------------------------------
# 1 	T = 0.00651521	DT = 0.00361412	NI = 1	LI=1
TS = 3(0), NI = 3(0), LI = 3(0)
0: rp = 0.0014964303254508583	ru = 1.5171741954942643e-12	rg = 0.0	rwell = 0.0	CFL = 0.0
	 #1 (1.4964e-03, 1.5172e-12, 0.0000e+00): lin 1 (0.0e+00)
1: rp = 1.0414568713991431e-12	ru = 2.6328637638819348e-12	rg = 0.0	rwell = 0.0	CFL = 0.0
-------------------------------------------------------------------------------------------------------------
 T = 0.013386, DT = 0.00687076, NI = 1, LI = 1, RES = 2.8e-12 (inf), CFL=0.000 (ELAPSED 00:00:00 )
-------------------------------------------------------------------------------------------------------------
# 1 	T = 0.013386	DT = 0.00687076	NI = 1	LI=1
TS = 4(0), NI = 4(0), LI = 4(0)
0: rp = 0.0023285093681999383	ru = 2.6328637638819348e-12	rg = 0.0	rwell = 0.0	CFL = 0.0
	 #1 (2.3285e-03, 2.6329e-12, 0.0000e+00): lin 1 (0.0e+00)
1: rp = 2.02666063541525e-12	ru = 3.307597380717267e-12	rg = 0.0	rwell = 0.0	CFL = 0.0
-------------------------------------------------------------------------------------------------------------
 T = 0.0264479, DT = 0.0130619, NI = 1, LI = 1, RES = 3.9e-12 (inf), CFL=0.000 (ELAPSED 00:00:00 )
-------------------------------------------------------------------------------------------------------------
# 1 	T = 0.0264479	DT = 0.0130619	NI = 1	LI=1
TS = 5(0), NI = 5(0), LI = 5(0)
0: rp = 0.0033771405040908015	ru = 3.307597380717267e-12	rg = 0.0	rwell = 0.0	CFL = 0.0
	 #1 (3.3771e-03, 3.3076e-12, 0.0000e+00): lin 1 (0.0e+00)
1: rp = 3.3518457797856515e-12	ru = 3.707605066557616e-12	rg = 0.0	rwell = 0.0	CFL = 0.0
-------------------------------------------------------------------------------------------------------------
 T = 0.0512797, DT = 0.0248318, NI = 1, LI = 1, RES = 5.0e-12 (inf), CFL=0.000 (ELAPSED 00:00:00 )
-------------------------------------------------------------------------------------------------------------
# 1 	T = 0.0512797	DT = 0.0248318	NI = 1	LI=1
TS = 6(0), NI = 6(0), LI = 6(0)
0: rp = 0.004519428457281231	ru = 3.707605066557616e-12	rg = 0.0	rwell = 0.0	CFL = 0.0
	 #1 (4.5194e-03, 3.7076e-12, 0.0000e+00): lin 1 (0.0e+00)
1: rp = 4.670673872520413e-12	ru = 3.827243501894648e-12	rg = 0.0	rwell = 0.0	CFL = 0.0
-------------------------------------------------------------------------------------------------------------
 T = 0.098487, DT = 0.0472073, NI = 1, LI = 1, RES = 6.0e-12 (inf), CFL=0.000 (ELAPSED 00:00:00 )
-------------------------------------------------------------------------------------------------------------
# 1 	T = 0.098487	DT = 0.0472073	NI = 1	LI=1
TS = 7(0), NI = 7(0), LI = 7(0)
0: rp = 0.0057257088318751976	ru = 3.827243501894648e-12	rg = 0.0	rwell = 0.0	CFL = 0.0
	 #1 (5.7257e-03, 3.8272e-12, 0.0000e+00): lin 1 (0.0e+00)
1: rp = 5.930233794188845e-12	ru = 4.62579829185225e-12	rg = 0.0	rwell = 0.0	CFL = 0.0
-------------------------------------------------------------------------------------------------------------
 T = 0.188232, DT = 0.0897452, NI = 1, LI = 1, RES = 7.5e-12 (inf), CFL=0.000 (ELAPSED 00:00:00 )
-------------------------------------------------------------------------------------------------------------
# 1 	T = 0.188232	DT = 0.0897452	NI = 1	LI=1
TS = 8(0), NI = 8(0), LI = 8(0)
0: rp = 0.007074127538257904	ru = 4.62579829185225e-12	rg = 0.0	rwell = 0.0	CFL = 0.0
	 #1 (7.0741e-03, 4.6258e-12, 0.0000e+00): lin 1 (0.0e+00)
1: rp = 7.474982849174437e-12	ru = 5.276163360475074e-12	rg = 0.0	rwell = 0.0	CFL = 0.0
-------------------------------------------------------------------------------------------------------------
 T = 0.358845, DT = 0.170613, NI = 1, LI = 1, RES = 9.1e-12 (inf), CFL=0.000 (ELAPSED 00:00:00 )
-------------------------------------------------------------------------------------------------------------
# 1 	T = 0.358845	DT = 0.170613	NI = 1	LI=1
TS = 9(0), NI = 9(0), LI = 9(0)
0: rp = 0.008610569685024286	ru = 5.276163360475074e-12	rg = 0.0	rwell = 0.0	CFL = 0.0
	 #1 (8.6106e-03, 5.2762e-12, 0.0000e+00): lin 1 (0.0e+00)
1: rp = 9.468054196455257e-12	ru = 9.533746164301164e-12	rg = 0.0	rwell = 0.0	CFL = 0.0
-------------------------------------------------------------------------------------------------------------
 T = 0.683196, DT = 0.32435, NI = 1, LI = 1, RES = 1.3e-11 (inf), CFL=0.000 (ELAPSED 00:00:01 )
-------------------------------------------------------------------------------------------------------------
# 1 	T = 0.683196	DT = 0.32435	NI = 1	LI=1
TS = 10(0), NI = 10(0), LI = 10(0)
0: rp = 0.010683217996692525	ru = 9.533746164301164e-12	rg = 0.0	rwell = 0.0	CFL = 0.0
	 #1 (1.0683e-02, 9.5337e-12, 0.0000e+00): lin 1 (0.0e+00)
1: rp = 1.3511023496549576e-11	ru = 9.963322424467368e-12	rg = 0.0	rwell = 0.0	CFL = 0.0
-------------------------------------------------------------------------------------------------------------
 T = 1.29981, DT = 0.616617, NI = 1, LI = 1, RES = 1.7e-11 (inf), CFL=0.000 (ELAPSED 00:00:01 )
-------------------------------------------------------------------------------------------------------------
# 1 	T = 1.29981	DT = 0.616617	NI = 1	LI=1
TS = 11(0), NI = 11(0), LI = 11(0)
0: rp = 0.014228059470063047	ru = 9.963322424467368e-12	rg = 0.0	rwell = 0.0	CFL = 0.0
	 #1 (1.4228e-02, 9.9633e-12, 0.0000e+00): lin 1 (0.0e+00)
1: rp = 2.3968828142126316e-11	ru = 1.1903581439413258e-11	rg = 0.0	rwell = 0.0	CFL = 0.0
-------------------------------------------------------------------------------------------------------------
 T = 2.47206, DT = 1.17224, NI = 1, LI = 1, RES = 2.7e-11 (inf), CFL=0.000 (ELAPSED 00:00:01 )
-------------------------------------------------------------------------------------------------------------
# 1 	T = 2.47206	DT = 1.17224	NI = 1	LI=1
TS = 12(0), NI = 12(0), LI = 12(0)
0: rp = 0.018415574724283512	ru = 1.1903581439413258e-11	rg = 0.0	rwell = 0.0	CFL = 0.0
	 #1 (1.8416e-02, 1.1904e-11, 0.0000e+00): lin 1 (0.0e+00)
1: rp = 3.52362030689801e-11	ru = 1.2748866664090075e-11	rg = 0.0	rwell = 0.0	CFL = 0.0
-------------------------------------------------------------------------------------------------------------
 T = 4.70059, DT = 2.22853, NI = 1, LI = 1, RES = 3.7e-11 (inf), CFL=0.000 (ELAPSED 00:00:01 )
-------------------------------------------------------------------------------------------------------------
# 1 	T = 4.70059	DT = 2.22853	NI = 1	LI=1
TS = 13(0), NI = 13(0), LI = 13(0)
0: rp = 0.019460055968770425	ru = 1.2748866664090075e-11	rg = 0.0	rwell = 0.0	CFL = 0.0
	 #1 (1.9460e-02, 1.2749e-11, 0.0000e+00): lin 1 (0.0e+00)
1: rp = 2.9885662352966236e-11	ru = 1.0831606348005176e-11	rg = 0.0	rwell = 0.0	CFL = 0.0
-------------------------------------------------------------------------------------------------------------
 T = 8.93722, DT = 4.23663, NI = 1, LI = 1, RES = 3.2e-11 (inf), CFL=0.000 (ELAPSED 00:00:01 )
-------------------------------------------------------------------------------------------------------------
# 1 	T = 8.93722	DT = 4.23663	NI = 1	LI=1
TS = 14(0), NI = 14(0), LI = 14(0)
0: rp = 0.014773054136594509	ru = 1.0831606348005176e-11	rg = 0.0	rwell = 0.0	CFL = 0.0
	 #1 (1.4773e-02, 1.0832e-11, 0.0000e+00): lin 1 (0.0e+00)
1: rp = 1.1758824045162546e-11	ru = 4.2650670419480785e-12	rg = 0.0	rwell = 0.0	CFL = 0.0
-------------------------------------------------------------------------------------------------------------
 T = 16.9914, DT = 8.05419, NI = 1, LI = 1, RES = 1.3e-11 (inf), CFL=0.000 (ELAPSED 00:00:01 )
-------------------------------------------------------------------------------------------------------------
# 1 	T = 16.9914	DT = 8.05419	NI = 1	LI=1
TS = 15(0), NI = 15(0), LI = 15(0)
0: rp = 0.007280974375486295	ru = 4.2650670419480785e-12	rg = 0.0	rwell = 0.0	CFL = 0.0
	 #1 (7.2810e-03, 4.2651e-12, 0.0000e+00): lin 1 (0.0e+00)
1: rp = 1.7863600831389484e-12	ru = 1.341662179550747e-12	rg = 0.0	rwell = 0.0	CFL = 0.0
-------------------------------------------------------------------------------------------------------------
 T = 32.3031, DT = 15.3117, NI = 1, LI = 1, RES = 2.2e-12 (inf), CFL=0.000 (ELAPSED 00:00:01 )
-------------------------------------------------------------------------------------------------------------
# 1 	T = 32.3031	DT = 15.3117	NI = 1	LI=1
TS = 16(0), NI = 16(0), LI = 16(0)
0: rp = 0.0021522028689454666	ru = 1.341662179550747e-12	rg = 0.0	rwell = 0.0	CFL = 0.0
	 #1 (2.1522e-03, 1.3417e-12, 0.0000e+00): lin 1 (0.0e+00)
1: rp = 9.125599029903205e-14	ru = 1.4947603509512332e-13	rg = 0.0	rwell = 0.0	CFL = 0.0
-------------------------------------------------------------------------------------------------------------
 T = 61.412, DT = 29.1089, NI = 1, LI = 1, RES = 1.8e-13 (inf), CFL=0.000 (ELAPSED 00:00:01 )
-------------------------------------------------------------------------------------------------------------
# 1 	T = 61.412	DT = 29.1089	NI = 1	LI=1
TS = 17(0), NI = 17(0), LI = 17(0)
0: rp = 0.00036126638782880987	ru = 1.4947603509512332e-13	rg = 0.0	rwell = 0.0	CFL = 0.0
	 #1 (3.6127e-04, 1.4948e-13, 0.0000e+00): lin 1 (0.0e+00)
1: rp = 1.4295658080325009e-15	ru = 8.67315534643224e-14	rg = 0.0	rwell = 0.0	CFL = 0.0
-------------------------------------------------------------------------------------------------------------
 T = 116.75, DT = 55.3384, NI = 1, LI = 1, RES = 8.7e-14 (inf), CFL=0.000 (ELAPSED 00:00:01 )
-------------------------------------------------------------------------------------------------------------
# 1 	T = 116.75	DT = 55.3384	NI = 1	LI=1
TS = 18(0), NI = 18(0), LI = 18(0)
0: rp = 3.329185373433314e-05	ru = 8.67315534643224e-14	rg = 0.0	rwell = 0.0	CFL = 0.0
	 #1 (3.3292e-05, 8.6732e-14, 0.0000e+00): lin 1 (0.0e+00)
1: rp = 9.139556282782762e-17	ru = 9.126432332571089e-14	rg = 0.0	rwell = 0.0	CFL = 0.0
-------------------------------------------------------------------------------------------------------------
 T = 221.953, DT = 105.203, NI = 1, LI = 1, RES = 9.1e-14 (inf), CFL=0.000 (ELAPSED 00:00:01 )
-------------------------------------------------------------------------------------------------------------
# 1 	T = 221.953	DT = 105.203	NI = 1	LI=1
TS = 19(0), NI = 19(0), LI = 19(0)
0: rp = 1.6517399446350488e-06	ru = 9.126432332571089e-14	rg = 0.0	rwell = 0.0	CFL = 0.0
	 #1 (1.6517e-06, 9.1264e-14, 0.0000e+00): lin 1 (0.0e+00)
1: rp = 8.673666778443272e-17	ru = 9.345499309610623e-14	rg = 0.0	rwell = 0.0	CFL = 0.0
-------------------------------------------------------------------------------------------------------------
 T = 421.953, DT = 200, NI = 1, LI = 1, RES = 9.3e-14 (inf), CFL=0.000 (ELAPSED 00:00:01 )
-------------------------------------------------------------------------------------------------------------
# 1 	T = 421.953	DT = 200	NI = 1	LI=1
TS = 20(0), NI = 20(0), LI = 20(0)
