case:mandel, scheme:stabilized, mesh: rect, overwrite: 0
darts-linear-solvers built on May  1 2023 11:41:06 by lorozco@login04 from GITDIR-NOTFOUND
darts-engines built on 15/05/2023, 14:52:47 by lorozco@login03 from 8e8f836-dirty
darts-package built on 15/05/2023 14:56:21 by lorozco@login03 from 8e8f836-dirty

Pressure gradients depend on displacements with a max coefficient: 3.331e-21
Gradient reconstruction was done!
Calculation of fluxes was done!
Processing mesh: 900 reservoir blocks including 5400 connections
Single phase 1-component isothermal poromechanics CPU engine
Sim params: 
	First ts: 	1e-05
	Max ts: 	0.1
	Mult ts: 	1.5
	Max i newton: 	10
	Max i linear: 	5000
	Tol newton: 	1e-06
	Tol linear: 	1e-10

START SIMULATION
-------------------------------------------------------------------------------------------------------------
0: rp = 0.0935475653135022	ru = 259.4406155492291	rg = 0.0	rwell = 0.0	CFL = 0.0
	 #1 (9.3548e-02, 2.5944e+02, 0.0000e+00): lin 1 (0.0e+00)
1: rp = 4.9058213610248376e-05	ru = 1.284381467309456e-10	rg = 0.0	rwell = 0.0	CFL = 0.0
	 #2 (4.9058e-05, 1.2844e-10, 0.0000e+00): lin 1 (0.0e+00)
2: rp = 1.5440076054744225e-10	ru = 2.6136046498812846e-13	rg = 0.0	rwell = 0.0	CFL = 0.0
-------------------------------------------------------------------------------------------------------------
 T = 0.001, DT = 0.001, NI = 2, LI = 2, RES = 1.5e-10 (inf), CFL=0.000 (ELAPSED 00:00:00 )
-------------------------------------------------------------------------------------------------------------
# 1 	T = 0.001	DT = 0.001	NI = 2	LI=2
TS = 1(0), NI = 2(0), LI = 2(0)
0: rp = 7.335512095291369e-05	ru = 0.2041899548762399	rg = 0.0	rwell = 0.0	CFL = 0.0
	 #1 (7.3355e-05, 2.0419e-01, 0.0000e+00): lin 1 (0.0e+00)
1: rp = 2.3895345335695455e-11	ru = 1.6558929425326983e-13	rg = 0.0	rwell = 0.0	CFL = 0.0
-------------------------------------------------------------------------------------------------------------
 T = 0.00290109, DT = 0.00190109, NI = 1, LI = 1, RES = 2.4e-11 (inf), CFL=0.000 (ELAPSED 00:00:00 )
-------------------------------------------------------------------------------------------------------------
# 1 	T = 0.00290109	DT = 0.00190109	NI = 1	LI=1
TS = 2(0), NI = 3(0), LI = 3(0)
0: rp = 8.872377011296085e-05	ru = 0.2470210262365876	rg = 0.0	rwell = 0.0	CFL = 0.0
	 #1 (8.8724e-05, 2.4702e-01, 0.0000e+00): lin 1 (0.0e+00)
1: rp = 3.4398614192246655e-11	ru = 1.73617744478987e-13	rg = 0.0	rwell = 0.0	CFL = 0.0
-------------------------------------------------------------------------------------------------------------
 T = 0.00651521, DT = 0.00361412, NI = 1, LI = 1, RES = 3.4e-11 (inf), CFL=0.000 (ELAPSED 00:00:00 )
-------------------------------------------------------------------------------------------------------------
# 1 	T = 0.00651521	DT = 0.00361412	NI = 1	LI=1
TS = 3(0), NI = 4(0), LI = 4(0)
0: rp = 0.0001159639515342066	ru = 0.3223179440370972	rg = 0.0	rwell = 0.0	CFL = 0.0
	 #1 (1.1596e-04, 3.2232e-01, 0.0000e+00): lin 1 (0.0e+00)
1: rp = 6.625894595623054e-11	ru = 2.235221407465656e-13	rg = 0.0	rwell = 0.0	CFL = 0.0
-------------------------------------------------------------------------------------------------------------
 T = 0.013386, DT = 0.00687076, NI = 1, LI = 1, RES = 6.6e-11 (inf), CFL=0.000 (ELAPSED 00:00:00 )
-------------------------------------------------------------------------------------------------------------
# 1 	T = 0.013386	DT = 0.00687076	NI = 1	LI=1
TS = 4(0), NI = 5(0), LI = 5(0)
0: rp = 0.00015678242309672565	ru = 0.4334073447714317	rg = 0.0	rwell = 0.0	CFL = 0.0
	 #1 (1.5678e-04, 4.3341e-01, 0.0000e+00): lin 1 (0.0e+00)
1: rp = 1.5757274246223157e-10	ru = 2.829420544799276e-13	rg = 0.0	rwell = 0.0	CFL = 0.0
-------------------------------------------------------------------------------------------------------------
 T = 0.0264479, DT = 0.0130619, NI = 1, LI = 1, RES = 1.6e-10 (inf), CFL=0.000 (ELAPSED 00:00:00 )
-------------------------------------------------------------------------------------------------------------
# 1 	T = 0.0264479	DT = 0.0130619	NI = 1	LI=1
TS = 5(0), NI = 6(0), LI = 6(0)
0: rp = 0.00021659269408965198	ru = 0.59122639591617	rg = 0.0	rwell = 0.0	CFL = 0.0
	 #1 (2.1659e-04, 5.9123e-01, 0.0000e+00): lin 1 (0.0e+00)
1: rp = 4.216071859681488e-10	ru = 4.96338539506213e-13	rg = 0.0	rwell = 0.0	CFL = 0.0
-------------------------------------------------------------------------------------------------------------
 T = 0.0512797, DT = 0.0248318, NI = 1, LI = 1, RES = 4.2e-10 (inf), CFL=0.000 (ELAPSED 00:00:00 )
-------------------------------------------------------------------------------------------------------------
# 1 	T = 0.0512797	DT = 0.0248318	NI = 1	LI=1
TS = 6(0), NI = 7(0), LI = 7(0)
0: rp = 0.0003053995788464825	ru = 0.8128427504542297	rg = 0.0	rwell = 0.0	CFL = 0.0
	 #1 (3.0540e-04, 8.1284e-01, 0.0000e+00): lin 1 (0.0e+00)
1: rp = 1.1857640658883139e-09	ru = 8.915841126915736e-13	rg = 0.0	rwell = 0.0	CFL = 0.0
-------------------------------------------------------------------------------------------------------------
 T = 0.098487, DT = 0.0472073, NI = 1, LI = 1, RES = 1.2e-09 (inf), CFL=0.000 (ELAPSED 00:00:00 )
-------------------------------------------------------------------------------------------------------------
# 1 	T = 0.098487	DT = 0.0472073	NI = 1	LI=1
TS = 7(0), NI = 8(0), LI = 8(0)
0: rp = 0.0004411132389814351	ru = 1.1231058625941983	rg = 0.0	rwell = 0.0	CFL = 0.0
	 #1 (4.4111e-04, 1.1231e+00, 0.0000e+00): lin 1 (0.0e+00)
1: rp = 3.3871939081672143e-09	ru = 1.6422311688692493e-12	rg = 0.0	rwell = 0.0	CFL = 0.0
-------------------------------------------------------------------------------------------------------------
 T = 0.188232, DT = 0.0897452, NI = 1, LI = 1, RES = 3.4e-09 (inf), CFL=0.000 (ELAPSED 00:00:00 )
-------------------------------------------------------------------------------------------------------------
# 1 	T = 0.188232	DT = 0.0897452	NI = 1	LI=1
TS = 8(0), NI = 9(0), LI = 9(0)
0: rp = 0.0006539743467614238	ru = 1.5579325052026565	rg = 0.0	rwell = 0.0	CFL = 0.0
	 #1 (6.5397e-04, 1.5579e+00, 0.0000e+00): lin 1 (0.0e+00)
1: rp = 9.507167679709489e-09	ru = 2.9009323615342428e-12	rg = 0.0	rwell = 0.0	CFL = 0.0
-------------------------------------------------------------------------------------------------------------
 T = 0.358845, DT = 0.170613, NI = 1, LI = 1, RES = 9.5e-09 (inf), CFL=0.000 (ELAPSED 00:00:00 )
-------------------------------------------------------------------------------------------------------------
# 1 	T = 0.358845	DT = 0.170613	NI = 1	LI=1
TS = 9(0), NI = 10(0), LI = 10(0)
0: rp = 0.0009860767124266743	ru = 2.1696675934451735	rg = 0.0	rwell = 0.0	CFL = 0.0
	 #1 (9.8608e-04, 2.1697e+00, 0.0000e+00): lin 1 (0.0e+00)
1: rp = 2.479072081646504e-08	ru = 5.37042921345847e-12	rg = 0.0	rwell = 0.0	CFL = 0.0
-------------------------------------------------------------------------------------------------------------
 T = 0.683196, DT = 0.32435, NI = 1, LI = 1, RES = 2.5e-08 (inf), CFL=0.000 (ELAPSED 00:00:01 )
-------------------------------------------------------------------------------------------------------------
# 1 	T = 0.683196	DT = 0.32435	NI = 1	LI=1
TS = 10(0), NI = 11(0), LI = 11(0)
0: rp = 0.001470154464119907	ru = 3.035830513887745	rg = 0.0	rwell = 0.0	CFL = 0.0
	 #1 (1.4702e-03, 3.0358e+00, 0.0000e+00): lin 1 (0.0e+00)
1: rp = 5.520748873661888e-08	ru = 7.551309527649093e-12	rg = 0.0	rwell = 0.0	CFL = 0.0
-------------------------------------------------------------------------------------------------------------
 T = 1.29981, DT = 0.616617, NI = 1, LI = 1, RES = 5.5e-08 (inf), CFL=0.000 (ELAPSED 00:00:01 )
-------------------------------------------------------------------------------------------------------------
# 1 	T = 1.29981	DT = 0.616617	NI = 1	LI=1
TS = 11(0), NI = 12(0), LI = 12(0)
0: rp = 0.0020786764829890006	ru = 4.27385461083477	rg = 0.0	rwell = 0.0	CFL = 0.0
	 #1 (2.0787e-03, 4.2739e+00, 0.0000e+00): lin 1 (0.0e+00)
1: rp = 9.577841412701361e-08	ru = 8.214723901865919e-12	rg = 0.0	rwell = 0.0	CFL = 0.0
-------------------------------------------------------------------------------------------------------------
 T = 2.47206, DT = 1.17224, NI = 1, LI = 1, RES = 9.6e-08 (inf), CFL=0.000 (ELAPSED 00:00:01 )
-------------------------------------------------------------------------------------------------------------
# 1 	T = 2.47206	DT = 1.17224	NI = 1	LI=1
TS = 12(0), NI = 13(0), LI = 13(0)
0: rp = 0.0027241639646102154	ru = 6.067041325648357	rg = 0.0	rwell = 0.0	CFL = 0.0
	 #1 (2.7242e-03, 6.0670e+00, 0.0000e+00): lin 1 (0.0e+00)
1: rp = 1.2587310708787426e-07	ru = 1.0883301437931853e-11	rg = 0.0	rwell = 0.0	CFL = 0.0
-------------------------------------------------------------------------------------------------------------
 T = 4.70059, DT = 2.22853, NI = 1, LI = 1, RES = 1.3e-07 (inf), CFL=0.000 (ELAPSED 00:00:01 )
-------------------------------------------------------------------------------------------------------------
# 1 	T = 4.70059	DT = 2.22853	NI = 1	LI=1
TS = 13(0), NI = 14(0), LI = 14(0)
0: rp = 0.00348696320692667	ru = 8.712600094055594	rg = 0.0	rwell = 0.0	CFL = 0.0
	 #1 (3.4870e-03, 8.7126e+00, 0.0000e+00): lin 1 (0.0e+00)
1: rp = 1.5845171817053333e-07	ru = 8.435656491209153e-12	rg = 0.0	rwell = 0.0	CFL = 0.0
-------------------------------------------------------------------------------------------------------------
 T = 8.93722, DT = 4.23663, NI = 1, LI = 1, RES = 1.6e-07 (inf), CFL=0.000 (ELAPSED 00:00:01 )
-------------------------------------------------------------------------------------------------------------
# 1 	T = 8.93722	DT = 4.23663	NI = 1	LI=1
TS = 14(0), NI = 15(0), LI = 15(0)
0: rp = 0.004773674298511674	ru = 12.687737838804296	rg = 0.0	rwell = 0.0	CFL = 0.0
	 #1 (4.7737e-03, 1.2688e+01, 0.0000e+00): lin 1 (0.0e+00)
1: rp = 2.750674687357006e-07	ru = 1.1697532321746744e-11	rg = 0.0	rwell = 0.0	CFL = 0.0
-------------------------------------------------------------------------------------------------------------
 T = 16.9914, DT = 8.05419, NI = 1, LI = 1, RES = 2.8e-07 (inf), CFL=0.000 (ELAPSED 00:00:01 )
-------------------------------------------------------------------------------------------------------------
# 1 	T = 16.9914	DT = 8.05419	NI = 1	LI=1
TS = 15(0), NI = 16(0), LI = 16(0)
0: rp = 0.006763709026678479	ru = 18.122558036311617	rg = 0.0	rwell = 0.0	CFL = 0.0
	 #1 (6.7637e-03, 1.8123e+01, 0.0000e+00): lin 1 (0.0e+00)
1: rp = 5.440366887298458e-07	ru = 1.7624784060960376e-11	rg = 0.0	rwell = 0.0	CFL = 0.0
-------------------------------------------------------------------------------------------------------------
 T = 32.3031, DT = 15.3117, NI = 1, LI = 1, RES = 5.4e-07 (inf), CFL=0.000 (ELAPSED 00:00:01 )
-------------------------------------------------------------------------------------------------------------
# 1 	T = 32.3031	DT = 15.3117	NI = 1	LI=1
TS = 16(0), NI = 17(0), LI = 17(0)
0: rp = 0.008454212396834004	ru = 22.11479248137497	rg = 0.0	rwell = 0.0	CFL = 0.0
	 #1 (8.4542e-03, 2.2115e+01, 0.0000e+00): lin 1 (0.0e+00)
1: rp = 8.299923718359469e-07	ru = 4.7876025679398125e-12	rg = 0.0	rwell = 0.0	CFL = 0.0
-------------------------------------------------------------------------------------------------------------
 T = 61.412, DT = 29.1089, NI = 1, LI = 1, RES = 8.3e-07 (inf), CFL=0.000 (ELAPSED 00:00:01 )
-------------------------------------------------------------------------------------------------------------
# 1 	T = 61.412	DT = 29.1089	NI = 1	LI=1
TS = 17(0), NI = 18(0), LI = 18(0)
0: rp = 0.007884432075929152	ru = 18.650405847361206	rg = 0.0	rwell = 0.0	CFL = 0.0
	 #1 (7.8844e-03, 1.8650e+01, 0.0000e+00): lin 1 (0.0e+00)
1: rp = 7.463497759688833e-07	ru = 1.7161872972830863e-12	rg = 0.0	rwell = 0.0	CFL = 0.0
-------------------------------------------------------------------------------------------------------------
 T = 116.75, DT = 55.3384, NI = 1, LI = 1, RES = 7.5e-07 (inf), CFL=0.000 (ELAPSED 00:00:01 )
-------------------------------------------------------------------------------------------------------------
# 1 	T = 116.75	DT = 55.3384	NI = 1	LI=1
TS = 18(0), NI = 19(0), LI = 19(0)
0: rp = 0.0052617578851252575	ru = 8.022923035047834	rg = 0.0	rwell = 0.0	CFL = 0.0
	 #1 (5.2618e-03, 8.0229e+00, 0.0000e+00): lin 1 (0.0e+00)
1: rp = 3.4688355168380336e-07	ru = 8.027175721516326e-13	rg = 0.0	rwell = 0.0	CFL = 0.0
-------------------------------------------------------------------------------------------------------------
 T = 221.953, DT = 105.203, NI = 1, LI = 1, RES = 3.5e-07 (inf), CFL=0.000 (ELAPSED 00:00:01 )
-------------------------------------------------------------------------------------------------------------
# 1 	T = 221.953	DT = 105.203	NI = 1	LI=1
TS = 19(0), NI = 20(0), LI = 20(0)
0: rp = 0.002819632950853946	ru = 1.0788848145136116	rg = 0.0	rwell = 0.0	CFL = 0.0
	 #1 (2.8196e-03, 1.0789e+00, 0.0000e+00): lin 1 (0.0e+00)
1: rp = 7.330607669985379e-08	ru = 1.758360572952361e-13	rg = 0.0	rwell = 0.0	CFL = 0.0
-------------------------------------------------------------------------------------------------------------
 T = 421.953, DT = 200, NI = 1, LI = 1, RES = 7.3e-08 (inf), CFL=0.000 (ELAPSED 00:00:01 )
-------------------------------------------------------------------------------------------------------------
# 1 	T = 421.953	DT = 200	NI = 1	LI=1
TS = 20(0), NI = 21(0), LI = 21(0)
