case:terzaghi, scheme:non_stabilized, mesh: hex, overwrite: 0
darts-linear-solvers built on May  1 2023 11:41:06 by lorozco@login04 from GITDIR-NOTFOUND
darts-engines built on 15/05/2023, 14:52:47 by lorozco@login03 from 8e8f836-dirty
darts-package built on 15/05/2023 14:56:21 by lorozco@login03 from 8e8f836-dirty

Pressure gradients depend on displacements with a max coefficient: 5.056e-20
Gradient reconstruction was done!
Calculation of fluxes was done!
Processing mesh: 226 reservoir blocks including 1356 connections
Single phase 1-component isothermal poromechanics CPU engine
Sim params: 
	First ts: 	1e-05
	Max ts: 	0.1
	Mult ts: 	1.5
	Max i newton: 	10
	Max i linear: 	5000
	Tol newton: 	1e-06
	Tol linear: 	1e-10

START SIMULATION
-------------------------------------------------------------------------------------------------------------
0: rp = 3.7384166558410346e-17	ru = 3.8916102065074867	rg = 0.0	rwell = 0.0	CFL = 0.0
	 #1 (3.7384e-17, 3.8916e+00, 0.0000e+00): lin 1 (0.0e+00)
1: rp = 8.909153796320829e-07	ru = 2.0550477172822855e-11	rg = 0.0	rwell = 0.0	CFL = 0.0
-------------------------------------------------------------------------------------------------------------
 T = 0.001, DT = 0.001, NI = 1, LI = 1, RES = 8.9e-07 (inf), CFL=0.000 (ELAPSED 00:00:00 )
-------------------------------------------------------------------------------------------------------------
# 1 	T = 0.001	DT = 0.001	NI = 1	LI=1
TS = 1(0), NI = 1(0), LI = 1(0)
0: rp = 3.461750046442301e-05	ru = 2.0550477172822855e-11	rg = 0.0	rwell = 0.0	CFL = 0.0
	 #1 (3.4618e-05, 2.0550e-11, 0.0000e+00): lin 1 (0.0e+00)
1: rp = 4.238186863093654e-10	ru = 4.3603721166627836e-14	rg = 0.0	rwell = 0.0	CFL = 0.0
-------------------------------------------------------------------------------------------------------------
 T = 0.00290109, DT = 0.00190109, NI = 1, LI = 1, RES = 4.2e-10 (inf), CFL=0.000 (ELAPSED 00:00:00 )
-------------------------------------------------------------------------------------------------------------
# 1 	T = 0.00290109	DT = 0.00190109	NI = 1	LI=1
TS = 2(0), NI = 2(0), LI = 2(0)
0: rp = 6.37627597866856e-05	ru = 4.3603721166627836e-14	rg = 0.0	rwell = 0.0	CFL = 0.0
	 #1 (6.3763e-05, 4.3604e-14, 0.0000e+00): lin 1 (0.0e+00)
1: rp = 1.313888773575375e-09	ru = 9.64996775883425e-14	rg = 0.0	rwell = 0.0	CFL = 0.0
-------------------------------------------------------------------------------------------------------------
 T = 0.00651521, DT = 0.00361412, NI = 1, LI = 1, RES = 1.3e-09 (inf), CFL=0.000 (ELAPSED 00:00:00 )
-------------------------------------------------------------------------------------------------------------
# 1 	T = 0.00651521	DT = 0.00361412	NI = 1	LI=1
TS = 3(0), NI = 3(0), LI = 3(0)
0: rp = 0.00011480034073040777	ru = 9.64996775883425e-14	rg = 0.0	rwell = 0.0	CFL = 0.0
	 #1 (1.1480e-04, 9.6500e-14, 0.0000e+00): lin 1 (0.0e+00)
1: rp = 3.6855680513993467e-09	ru = 1.737708710438391e-13	rg = 0.0	rwell = 0.0	CFL = 0.0
-------------------------------------------------------------------------------------------------------------
 T = 0.013386, DT = 0.00687076, NI = 1, LI = 1, RES = 3.7e-09 (inf), CFL=0.000 (ELAPSED 00:00:00 )
-------------------------------------------------------------------------------------------------------------
# 1 	T = 0.013386	DT = 0.00687076	NI = 1	LI=1
TS = 4(0), NI = 4(0), LI = 4(0)
0: rp = 0.00019968655210366153	ru = 1.737708710438391e-13	rg = 0.0	rwell = 0.0	CFL = 0.0
	 #1 (1.9969e-04, 1.7377e-13, 0.0000e+00): lin 1 (0.0e+00)
1: rp = 9.025019664842325e-09	ru = 2.6405312097134744e-13	rg = 0.0	rwell = 0.0	CFL = 0.0
-------------------------------------------------------------------------------------------------------------
 T = 0.0264479, DT = 0.0130619, NI = 1, LI = 1, RES = 9.0e-09 (inf), CFL=0.000 (ELAPSED 00:00:00 )
-------------------------------------------------------------------------------------------------------------
# 1 	T = 0.0264479	DT = 0.0130619	NI = 1	LI=1
TS = 5(0), NI = 5(0), LI = 5(0)
0: rp = 0.00033140992358943807	ru = 2.6405312097134744e-13	rg = 0.0	rwell = 0.0	CFL = 0.0
	 #1 (3.3141e-04, 2.6405e-13, 0.0000e+00): lin 1 (0.0e+00)
1: rp = 1.9123794828302336e-08	ru = 3.6822645209914656e-13	rg = 0.0	rwell = 0.0	CFL = 0.0
-------------------------------------------------------------------------------------------------------------
 T = 0.0512797, DT = 0.0248318, NI = 1, LI = 1, RES = 1.9e-08 (inf), CFL=0.000 (ELAPSED 00:00:00 )
-------------------------------------------------------------------------------------------------------------
# 1 	T = 0.0512797	DT = 0.0248318	NI = 1	LI=1
TS = 6(0), NI = 6(0), LI = 6(0)
0: rp = 0.0005202507973749143	ru = 3.6822645209914656e-13	rg = 0.0	rwell = 0.0	CFL = 0.0
	 #1 (5.2025e-04, 3.6823e-13, 0.0000e+00): lin 1 (0.0e+00)
1: rp = 3.6635232419608996e-08	ru = 4.126147887249057e-13	rg = 0.0	rwell = 0.0	CFL = 0.0
-------------------------------------------------------------------------------------------------------------
 T = 0.098487, DT = 0.0472073, NI = 1, LI = 1, RES = 3.7e-08 (inf), CFL=0.000 (ELAPSED 00:00:00 )
-------------------------------------------------------------------------------------------------------------
# 1 	T = 0.098487	DT = 0.0472073	NI = 1	LI=1
TS = 7(0), NI = 7(0), LI = 7(0)
0: rp = 0.0007707499323473609	ru = 4.126147887249057e-13	rg = 0.0	rwell = 0.0	CFL = 0.0
	 #1 (7.7075e-04, 4.1261e-13, 0.0000e+00): lin 1 (0.0e+00)
1: rp = 6.25382212936106e-08	ru = 6.795849766643162e-13	rg = 0.0	rwell = 0.0	CFL = 0.0
-------------------------------------------------------------------------------------------------------------
 T = 0.188232, DT = 0.0897452, NI = 1, LI = 1, RES = 6.3e-08 (inf), CFL=0.000 (ELAPSED 00:00:00 )
-------------------------------------------------------------------------------------------------------------
# 1 	T = 0.188232	DT = 0.0897452	NI = 1	LI=1
TS = 8(0), NI = 8(0), LI = 8(0)
0: rp = 0.0010771459391288635	ru = 6.795849766643162e-13	rg = 0.0	rwell = 0.0	CFL = 0.0
	 #1 (1.0771e-03, 6.7958e-13, 0.0000e+00): lin 1 (0.0e+00)
1: rp = 1.0519830970167689e-07	ru = 6.592853713129211e-13	rg = 0.0	rwell = 0.0	CFL = 0.0
-------------------------------------------------------------------------------------------------------------
 T = 0.358845, DT = 0.170613, NI = 1, LI = 1, RES = 1.1e-07 (inf), CFL=0.000 (ELAPSED 00:00:00 )
-------------------------------------------------------------------------------------------------------------
# 1 	T = 0.358845	DT = 0.170613	NI = 1	LI=1
TS = 9(0), NI = 9(0), LI = 9(0)
0: rp = 0.0014215969731133325	ru = 6.592853713129211e-13	rg = 0.0	rwell = 0.0	CFL = 0.0
	 #1 (1.4216e-03, 6.5929e-13, 0.0000e+00): lin 1 (0.0e+00)
1: rp = 1.5407342353898864e-07	ru = 1.0367237947301672e-12	rg = 0.0	rwell = 0.0	CFL = 0.0
-------------------------------------------------------------------------------------------------------------
 T = 0.683196, DT = 0.32435, NI = 1, LI = 1, RES = 1.5e-07 (inf), CFL=0.000 (ELAPSED 00:00:00 )
-------------------------------------------------------------------------------------------------------------
# 1 	T = 0.683196	DT = 0.32435	NI = 1	LI=1
TS = 10(0), NI = 10(0), LI = 10(0)
0: rp = 0.001790137596628278	ru = 1.0367237947301672e-12	rg = 0.0	rwell = 0.0	CFL = 0.0
	 #1 (1.7901e-03, 1.0367e-12, 0.0000e+00): lin 1 (0.0e+00)
1: rp = 2.0019539298362502e-07	ru = 1.5349750579724416e-12	rg = 0.0	rwell = 0.0	CFL = 0.0
-------------------------------------------------------------------------------------------------------------
 T = 1.29981, DT = 0.616617, NI = 1, LI = 1, RES = 2.0e-07 (inf), CFL=0.000 (ELAPSED 00:00:00 )
-------------------------------------------------------------------------------------------------------------
# 1 	T = 1.29981	DT = 0.616617	NI = 1	LI=1
TS = 11(0), NI = 11(0), LI = 11(0)
0: rp = 0.00218569786727637	ru = 1.5349750579724416e-12	rg = 0.0	rwell = 0.0	CFL = 0.0
	 #1 (2.1857e-03, 1.5350e-12, 0.0000e+00): lin 1 (0.0e+00)
1: rp = 2.4513130481091016e-07	ru = 1.465630306893812e-12	rg = 0.0	rwell = 0.0	CFL = 0.0
-------------------------------------------------------------------------------------------------------------
 T = 2.47206, DT = 1.17224, NI = 1, LI = 1, RES = 2.5e-07 (inf), CFL=0.000 (ELAPSED 00:00:00 )
-------------------------------------------------------------------------------------------------------------
# 1 	T = 2.47206	DT = 1.17224	NI = 1	LI=1
TS = 12(0), NI = 12(0), LI = 12(0)
0: rp = 0.0026211753982946966	ru = 1.465630306893812e-12	rg = 0.0	rwell = 0.0	CFL = 0.0
	 #1 (2.6212e-03, 1.4656e-12, 0.0000e+00): lin 1 (0.0e+00)
1: rp = 2.9398719334071613e-07	ru = 2.314995717872711e-12	rg = 0.0	rwell = 0.0	CFL = 0.0
-------------------------------------------------------------------------------------------------------------
 T = 4.70059, DT = 2.22853, NI = 1, LI = 1, RES = 2.9e-07 (inf), CFL=0.000 (ELAPSED 00:00:00 )
-------------------------------------------------------------------------------------------------------------
# 1 	T = 4.70059	DT = 2.22853	NI = 1	LI=1
TS = 13(0), NI = 13(0), LI = 13(0)
0: rp = 0.0031186598381882954	ru = 2.314995717872711e-12	rg = 0.0	rwell = 0.0	CFL = 0.0
	 #1 (3.1187e-03, 2.3150e-12, 0.0000e+00): lin 1 (0.0e+00)
1: rp = 3.5360561320739975e-07	ru = 2.9416727841303137e-12	rg = 0.0	rwell = 0.0	CFL = 0.0
-------------------------------------------------------------------------------------------------------------
 T = 8.93722, DT = 4.23663, NI = 1, LI = 1, RES = 3.5e-07 (inf), CFL=0.000 (ELAPSED 00:00:00 )
-------------------------------------------------------------------------------------------------------------
# 1 	T = 8.93722	DT = 4.23663	NI = 1	LI=1
TS = 14(0), NI = 14(0), LI = 14(0)
0: rp = 0.0038121028500505212	ru = 2.9416727841303137e-12	rg = 0.0	rwell = 0.0	CFL = 0.0
	 #1 (3.8121e-03, 2.9417e-12, 0.0000e+00): lin 1 (0.0e+00)
1: rp = 4.860125466747706e-07	ru = 4.102496180403748e-12	rg = 0.0	rwell = 0.0	CFL = 0.0
-------------------------------------------------------------------------------------------------------------
 T = 16.9914, DT = 8.05419, NI = 1, LI = 1, RES = 4.9e-07 (inf), CFL=0.000 (ELAPSED 00:00:00 )
-------------------------------------------------------------------------------------------------------------
# 1 	T = 16.9914	DT = 8.05419	NI = 1	LI=1
TS = 15(0), NI = 15(0), LI = 15(0)
0: rp = 0.005054236274518283	ru = 4.102496180403748e-12	rg = 0.0	rwell = 0.0	CFL = 0.0
	 #1 (5.0542e-03, 4.1025e-12, 0.0000e+00): lin 1 (0.0e+00)
1: rp = 8.532765785244696e-07	ru = 5.4183474805214895e-12	rg = 0.0	rwell = 0.0	CFL = 0.0
-------------------------------------------------------------------------------------------------------------
 T = 32.3031, DT = 15.3117, NI = 1, LI = 1, RES = 8.5e-07 (inf), CFL=0.000 (ELAPSED 00:00:00 )
-------------------------------------------------------------------------------------------------------------
# 1 	T = 32.3031	DT = 15.3117	NI = 1	LI=1
TS = 16(0), NI = 16(0), LI = 16(0)
0: rp = 0.006552184055633622	ru = 5.4183474805214895e-12	rg = 0.0	rwell = 0.0	CFL = 0.0
	 #1 (6.5522e-03, 5.4183e-12, 0.0000e+00): lin 1 (0.0e+00)
1: rp = 1.2669459542488063e-06	ru = 4.8244480224995515e-12	rg = 0.0	rwell = 0.0	CFL = 0.0
	 #2 (1.2669e-06, 4.8244e-12, 0.0000e+00): lin 1 (0.0e+00)
2: rp = 4.330008510869771e-14	ru = 2.2290730010881074e-14	rg = 0.0	rwell = 0.0	CFL = 0.0
-------------------------------------------------------------------------------------------------------------
 T = 61.412, DT = 29.1089, NI = 2, LI = 2, RES = 4.9e-14 (inf), CFL=0.000 (ELAPSED 00:00:00 )
-------------------------------------------------------------------------------------------------------------
# 1 	T = 61.412	DT = 29.1089	NI = 2	LI=2
TS = 17(0), NI = 18(0), LI = 18(0)
0: rp = 0.0069294768573543285	ru = 2.2290730010881074e-14	rg = 0.0	rwell = 0.0	CFL = 0.0
	 #1 (6.9295e-03, 2.2291e-14, 0.0000e+00): lin 1 (0.0e+00)
1: rp = 1.0857632705575287e-06	ru = 3.2241815706272375e-12	rg = 0.0	rwell = 0.0	CFL = 0.0
	 #2 (1.0858e-06, 3.2242e-12, 0.0000e+00): lin 1 (0.0e+00)
2: rp = 2.0378421607150003e-14	ru = 2.734174756932693e-14	rg = 0.0	rwell = 0.0	CFL = 0.0
-------------------------------------------------------------------------------------------------------------
 T = 116.75, DT = 55.3384, NI = 2, LI = 2, RES = 3.4e-14 (inf), CFL=0.000 (ELAPSED 00:00:00 )
-------------------------------------------------------------------------------------------------------------
# 1 	T = 116.75	DT = 55.3384	NI = 2	LI=2
TS = 18(0), NI = 20(0), LI = 20(0)
0: rp = 0.0052589055154141605	ru = 2.734174756932693e-14	rg = 0.0	rwell = 0.0	CFL = 0.0
	 #1 (5.2589e-03, 2.7342e-14, 0.0000e+00): lin 1 (0.0e+00)
1: rp = 4.302238453169257e-07	ru = 6.200824191347314e-13	rg = 0.0	rwell = 0.0	CFL = 0.0
-------------------------------------------------------------------------------------------------------------
 T = 221.953, DT = 105.203, NI = 1, LI = 1, RES = 4.3e-07 (inf), CFL=0.000 (ELAPSED 00:00:00 )
-------------------------------------------------------------------------------------------------------------
# 1 	T = 221.953	DT = 105.203	NI = 1	LI=1
TS = 19(0), NI = 21(0), LI = 21(0)
0: rp = 0.0025900687938119962	ru = 6.200824191347314e-13	rg = 0.0	rwell = 0.0	CFL = 0.0
	 #1 (2.5901e-03, 6.2008e-13, 0.0000e+00): lin 1 (0.0e+00)
1: rp = 6.559222563530295e-08	ru = 5.0421071102907944e-14	rg = 0.0	rwell = 0.0	CFL = 0.0
-------------------------------------------------------------------------------------------------------------
 T = 421.953, DT = 200, NI = 1, LI = 1, RES = 6.6e-08 (inf), CFL=0.000 (ELAPSED 00:00:00 )
-------------------------------------------------------------------------------------------------------------
# 1 	T = 421.953	DT = 200	NI = 1	LI=1
TS = 20(0), NI = 22(0), LI = 22(0)
