darts-linear-solvers built on May  1 2023 11:41:06 by lorozco@login04 from GITDIR-NOTFOUND
darts-engines built on 15/05/2023, 14:52:47 by lorozco@login03 from 8e8f836-dirty
darts-package built on 15/05/2023 14:56:21 by lorozco@login03 from 8e8f836-dirty
Building connection list...
Processing mesh: 500 reservoir blocks, 4 well blocks, 503 connections
2-phase 1-component non-isothermal flow with kinetic reaction and diffusion CPU engine
Sim params: 
	First ts: 	0.0001
	Max ts: 	5
	Mult ts: 	2
	Max i newton: 	20
	Max i linear: 	50
	Tol newton: 	0.001
	Tol linear: 	1e-06

START SIMULATION
-------------------------------------------------------------------------------------------------------------
Well I1 initialized with wat rate injector
Well P1 initialized with BHP producer
	 #1 (9.9521e-05, 4.7612e+05): lin 1 (0.0e+00)
	 #2 (1.6530e-07, 1.4646e-01): lin 1 (0.0e+00)
-------------------------------------------------------------------------------------------------------------
 T = 0.0001, DT = 0.0001, NI = 2, LI = 2, RES = 4.8e-08 (7.7e-04), CFL=0.000 (ELAPSED 00:00:00 )
-------------------------------------------------------------------------------------------------------------
	 #1 (2.1283e-05, 7.5803e-02): lin 1 (0.0e+00)
-------------------------------------------------------------------------------------------------------------
 T = 0.0003, DT = 0.0002, NI = 1, LI = 1, RES = 5.8e-09 (2.7e-05), CFL=0.000 (ELAPSED 00:00:00 )
-------------------------------------------------------------------------------------------------------------
	 #1 (1.4435e-05, 1.2337e-01): lin 1 (0.0e+00)
-------------------------------------------------------------------------------------------------------------
 T = 0.0007, DT = 0.0004, NI = 1, LI = 1, RES = 3.1e-09 (5.1e-05), CFL=0.000 (ELAPSED 00:00:00 )
-------------------------------------------------------------------------------------------------------------
	 #1 (1.8152e-05, 1.6921e-01): lin 1 (0.0e+00)
-------------------------------------------------------------------------------------------------------------
 T = 0.0015, DT = 0.0008, NI = 1, LI = 1, RES = 2.6e-09 (5.4e-05), CFL=0.001 (ELAPSED 00:00:00 )
-------------------------------------------------------------------------------------------------------------
	 #1 (2.4094e-05, 1.7652e-01): lin 1 (0.0e+00)
-------------------------------------------------------------------------------------------------------------
 T = 0.0031, DT = 0.0016, NI = 1, LI = 1, RES = 2.7e-09 (5.6e-05), CFL=0.001 (ELAPSED 00:00:00 )
-------------------------------------------------------------------------------------------------------------
	 #1 (3.3185e-05, 1.2430e-01): lin 1 (0.0e+00)
-------------------------------------------------------------------------------------------------------------
 T = 0.0063, DT = 0.0032, NI = 1, LI = 1, RES = 3.2e-09 (5.5e-05), CFL=0.001 (ELAPSED 00:00:00 )
-------------------------------------------------------------------------------------------------------------
	 #1 (5.3245e-05, 5.2449e-02): lin 1 (0.0e+00)
-------------------------------------------------------------------------------------------------------------
 T = 0.0127, DT = 0.0064, NI = 1, LI = 1, RES = 4.5e-09 (4.8e-05), CFL=0.002 (ELAPSED 00:00:00 )
-------------------------------------------------------------------------------------------------------------
	 #1 (9.9408e-05, 1.1043e-02): lin 1 (0.0e+00)
-------------------------------------------------------------------------------------------------------------
 T = 0.0255, DT = 0.0128, NI = 1, LI = 1, RES = 8.2e-09 (3.7e-05), CFL=0.003 (ELAPSED 00:00:00 )
-------------------------------------------------------------------------------------------------------------
	 #1 (1.9661e-04, 1.1737e-03): lin 1 (0.0e+00)
-------------------------------------------------------------------------------------------------------------
 T = 0.0511, DT = 0.0256, NI = 1, LI = 1, RES = 1.8e-08 (2.6e-05), CFL=0.006 (ELAPSED 00:00:00 )
-------------------------------------------------------------------------------------------------------------
	 #1 (3.9311e-04, 4.2707e-03): lin 1 (0.0e+00)
-------------------------------------------------------------------------------------------------------------
 T = 0.1023, DT = 0.0512, NI = 1, LI = 1, RES = 4.3e-08 (1.6e-05), CFL=0.013 (ELAPSED 00:00:00 )
-------------------------------------------------------------------------------------------------------------
	 #1 (7.8620e-04, 7.0464e-03): lin 1 (0.0e+00)
-------------------------------------------------------------------------------------------------------------
 T = 0.2047, DT = 0.1024, NI = 1, LI = 1, RES = 1.1e-07 (1.5e-05), CFL=0.025 (ELAPSED 00:00:00 )
-------------------------------------------------------------------------------------------------------------
	 #1 (1.5675e-03, 1.1687e-02): lin 1 (0.0e+00)
-------------------------------------------------------------------------------------------------------------
 T = 0.4095, DT = 0.2048, NI = 1, LI = 1, RES = 2.7e-07 (7.2e-05), CFL=0.051 (ELAPSED 00:00:00 )
-------------------------------------------------------------------------------------------------------------
	 #1 (3.1052e-03, 1.9742e-02): lin 1 (0.0e+00)
-------------------------------------------------------------------------------------------------------------
 T = 0.8191, DT = 0.4096, NI = 1, LI = 1, RES = 6.6e-07 (4.1e-04), CFL=0.102 (ELAPSED 00:00:00 )
-------------------------------------------------------------------------------------------------------------
	 #1 (6.0748e-03, 3.3407e-02): lin 1 (0.0e+00)
-------------------------------------------------------------------------------------------------------------
 T = 1.6383, DT = 0.8192, NI = 1, LI = 1, RES = 1.6e-06 (2.1e-03), CFL=0.204 (ELAPSED 00:00:00 )
-------------------------------------------------------------------------------------------------------------
	 #1 (1.1601e-02, 5.4489e-02): lin 1 (0.0e+00)
-------------------------------------------------------------------------------------------------------------
 T = 3.2767, DT = 1.6384, NI = 1, LI = 1, RES = 3.5e-06 (9.0e-03), CFL=0.409 (ELAPSED 00:00:00 )
-------------------------------------------------------------------------------------------------------------
	 #1 (2.1230e-02, 7.8298e-02): lin 1 (0.0e+00)
-------------------------------------------------------------------------------------------------------------
 T = 6.5535, DT = 3.2768, NI = 1, LI = 1, RES = 6.3e-06 (2.6e-02), CFL=0.818 (ELAPSED 00:00:00 )
-------------------------------------------------------------------------------------------------------------
	 #1 (2.7864e-02, 6.9144e-02): lin 1 (0.0e+00)
-------------------------------------------------------------------------------------------------------------
 T = 11.5535, DT = 5, NI = 1, LI = 1, RES = 5.1e-06 (2.3e-02), CFL=1.249 (ELAPSED 00:00:00, REMAINING 00:00:01 )
-------------------------------------------------------------------------------------------------------------
	 #1 (2.3473e-02, 5.0822e-02): lin 1 (0.0e+00)
-------------------------------------------------------------------------------------------------------------
 T = 16.5535, DT = 5, NI = 1, LI = 1, RES = 1.6e-06 (5.7e-03), CFL=1.249 (ELAPSED 00:00:00, REMAINING 00:00:01 )
-------------------------------------------------------------------------------------------------------------
	 #1 (2.0773e-02, 4.5580e-02): lin 1 (0.0e+00)
-------------------------------------------------------------------------------------------------------------
 T = 21.5535, DT = 5, NI = 1, LI = 1, RES = 5.1e-07 (1.4e-03), CFL=1.249 (ELAPSED 00:00:00, REMAINING 00:00:01 )
-------------------------------------------------------------------------------------------------------------
	 #1 (1.9010e-02, 3.4642e-02): lin 1 (0.0e+00)
-------------------------------------------------------------------------------------------------------------
 T = 26.5535, DT = 5, NI = 1, LI = 1, RES = 1.7e-07 (3.4e-04), CFL=1.250 (ELAPSED 00:00:00, REMAINING 00:00:00 )
-------------------------------------------------------------------------------------------------------------
	 #1 (1.7774e-02, 2.5156e-02): lin 1 (0.0e+00)
-------------------------------------------------------------------------------------------------------------
 T = 31.5535, DT = 5, NI = 1, LI = 1, RES = 5.8e-08 (8.4e-05), CFL=1.252 (ELAPSED 00:00:00, REMAINING 00:00:00 )
-------------------------------------------------------------------------------------------------------------
	 #1 (1.6851e-02, 1.8022e-02): lin 1 (0.0e+00)
-------------------------------------------------------------------------------------------------------------
 T = 36.5535, DT = 5, NI = 1, LI = 1, RES = 2.0e-08 (2.1e-05), CFL=1.253 (ELAPSED 00:00:00, REMAINING 00:00:00 )
-------------------------------------------------------------------------------------------------------------
	 #1 (1.6127e-02, 1.2862e-02): lin 1 (0.0e+00)
-------------------------------------------------------------------------------------------------------------
 T = 41.5535, DT = 5, NI = 1, LI = 1, RES = 6.7e-09 (5.5e-06), CFL=1.253 (ELAPSED 00:00:00, REMAINING 00:00:00 )
-------------------------------------------------------------------------------------------------------------
	 #1 (1.5537e-02, 9.1722e-03): lin 1 (0.0e+00)
-------------------------------------------------------------------------------------------------------------
 T = 46.5535, DT = 5, NI = 1, LI = 1, RES = 2.3e-09 (2.6e-06), CFL=1.253 (ELAPSED 00:00:00, REMAINING 00:00:00 )
-------------------------------------------------------------------------------------------------------------
	 #1 (1.5042e-02, 6.5439e-03): lin 1 (0.0e+00)
-------------------------------------------------------------------------------------------------------------
 T = 51.5535, DT = 5, NI = 1, LI = 1, RES = 7.7e-10 (2.7e-06), CFL=1.253 (ELAPSED 00:00:00, REMAINING 00:00:00 )
-------------------------------------------------------------------------------------------------------------
	 #1 (1.4618e-02, 4.6703e-03): lin 1 (0.0e+00)
-------------------------------------------------------------------------------------------------------------
 T = 56.5535, DT = 5, NI = 1, LI = 1, RES = 2.6e-10 (2.6e-06), CFL=1.253 (ELAPSED 00:00:00, REMAINING 00:00:00 )
-------------------------------------------------------------------------------------------------------------
	 #1 (1.4249e-02, 3.3351e-03): lin 1 (0.0e+00)
-------------------------------------------------------------------------------------------------------------
 T = 61.5535, DT = 5, NI = 1, LI = 1, RES = 9.0e-11 (2.6e-06), CFL=1.253 (ELAPSED 00:00:00, REMAINING 00:00:00 )
-------------------------------------------------------------------------------------------------------------
	 #1 (1.3923e-02, 2.3830e-03): lin 1 (0.0e+00)
-------------------------------------------------------------------------------------------------------------
 T = 66.5535, DT = 5, NI = 1, LI = 1, RES = 3.1e-11 (1.3e-06), CFL=1.253 (ELAPSED 00:00:00, REMAINING 00:00:00 )
-------------------------------------------------------------------------------------------------------------
	 #1 (1.3632e-02, 1.7023e-03): lin 1 (0.0e+00)
-------------------------------------------------------------------------------------------------------------
 T = 71.5535, DT = 5, NI = 1, LI = 1, RES = 1.1e-11 (2.5e-06), CFL=1.253 (ELAPSED 00:00:00, REMAINING 00:00:00 )
-------------------------------------------------------------------------------------------------------------
	 #1 (1.3369e-02, 1.2189e-03): lin 1 (0.0e+00)
-------------------------------------------------------------------------------------------------------------
 T = 76.5535, DT = 5, NI = 1, LI = 1, RES = 3.6e-12 (1.5e-06), CFL=1.253 (ELAPSED 00:00:00, REMAINING 00:00:00 )
-------------------------------------------------------------------------------------------------------------
	 #1 (1.3131e-02, 8.7116e-04): lin 1 (0.0e+00)
-------------------------------------------------------------------------------------------------------------
 T = 81.5535, DT = 5, NI = 1, LI = 1, RES = 1.2e-12 (2.7e-06), CFL=1.253 (ELAPSED 00:00:00, REMAINING 00:00:00 )
-------------------------------------------------------------------------------------------------------------
	 #1 (1.2913e-02, 6.2520e-04): lin 1 (0.0e+00)
-------------------------------------------------------------------------------------------------------------
 T = 86.5535, DT = 5, NI = 1, LI = 1, RES = 4.3e-13 (2.5e-06), CFL=1.253 (ELAPSED 00:00:00, REMAINING 00:00:00 )
-------------------------------------------------------------------------------------------------------------
	 #1 (1.2712e-02, 4.4831e-04): lin 1 (0.0e+00)
-------------------------------------------------------------------------------------------------------------
 T = 91.5535, DT = 5, NI = 1, LI = 1, RES = 1.7e-13 (1.4e-06), CFL=1.253 (ELAPSED 00:00:00, REMAINING 00:00:00 )
-------------------------------------------------------------------------------------------------------------
	 #1 (1.2527e-02, 3.2042e-04): lin 1 (0.0e+00)
-------------------------------------------------------------------------------------------------------------
 T = 96.5535, DT = 5, NI = 1, LI = 1, RES = 9.5e-14 (1.3e-06), CFL=1.253 (ELAPSED 00:00:00, REMAINING 00:00:00 )
-------------------------------------------------------------------------------------------------------------
	 #1 (1.2355e-02, 2.2999e-04): lin 1 (0.0e+00)
-------------------------------------------------------------------------------------------------------------
 T = 101.553, DT = 5, NI = 1, LI = 1, RES = 9.7e-14 (2.6e-06), CFL=1.253 (ELAPSED 00:00:00, REMAINING 00:00:00 )
-------------------------------------------------------------------------------------------------------------
	 #1 (1.2195e-02, 1.6691e-04): lin 1 (0.0e+00)
-------------------------------------------------------------------------------------------------------------
 T = 106.553, DT = 5, NI = 1, LI = 1, RES = 8.4e-14 (2.6e-06), CFL=1.253 (ELAPSED 00:00:00, REMAINING 00:00:00 )
-------------------------------------------------------------------------------------------------------------
	 #1 (1.2045e-02, 1.2088e-04): lin 1 (0.0e+00)
-------------------------------------------------------------------------------------------------------------
 T = 111.553, DT = 5, NI = 1, LI = 1, RES = 8.1e-14 (2.6e-06), CFL=1.253 (ELAPSED 00:00:00, REMAINING 00:00:00 )
-------------------------------------------------------------------------------------------------------------
	 #1 (1.1904e-02, 8.8169e-05): lin 1 (0.0e+00)
-------------------------------------------------------------------------------------------------------------
 T = 116.553, DT = 5, NI = 1, LI = 1, RES = 9.0e-14 (1.5e-06), CFL=1.253 (ELAPSED 00:00:00, REMAINING 00:00:00 )
-------------------------------------------------------------------------------------------------------------
	 #1 (1.1771e-02, 6.3692e-05): lin 1 (0.0e+00)
-------------------------------------------------------------------------------------------------------------
 T = 121.553, DT = 5, NI = 1, LI = 1, RES = 8.5e-14 (1.5e-06), CFL=1.253 (ELAPSED 00:00:00, REMAINING 00:00:00 )
-------------------------------------------------------------------------------------------------------------
	 #1 (1.1646e-02, 4.7686e-05): lin 1 (0.0e+00)
-------------------------------------------------------------------------------------------------------------
 T = 126.553, DT = 5, NI = 1, LI = 1, RES = 8.8e-14 (1.5e-06), CFL=1.253 (ELAPSED 00:00:00, REMAINING 00:00:00 )
-------------------------------------------------------------------------------------------------------------
	 #1 (1.1527e-02, 3.6840e-05): lin 1 (0.0e+00)
-------------------------------------------------------------------------------------------------------------
 T = 131.553, DT = 5, NI = 1, LI = 1, RES = 8.2e-14 (2.7e-06), CFL=1.253 (ELAPSED 00:00:00, REMAINING 00:00:00 )
-------------------------------------------------------------------------------------------------------------
	 #1 (1.1415e-02, 3.0885e-05): lin 1 (0.0e+00)
-------------------------------------------------------------------------------------------------------------
 T = 136.553, DT = 5, NI = 1, LI = 1, RES = 8.7e-14 (2.7e-06), CFL=1.253 (ELAPSED 00:00:00, REMAINING 00:00:00 )
-------------------------------------------------------------------------------------------------------------
	 #1 (1.1308e-02, 2.6335e-05): lin 1 (0.0e+00)
-------------------------------------------------------------------------------------------------------------
 T = 141.553, DT = 5, NI = 1, LI = 1, RES = 8.4e-14 (1.5e-06), CFL=1.253 (ELAPSED 00:00:00, REMAINING 00:00:00 )
-------------------------------------------------------------------------------------------------------------
	 #1 (1.1206e-02, 2.2824e-05): lin 1 (0.0e+00)
-------------------------------------------------------------------------------------------------------------
 T = 146.553, DT = 5, NI = 1, LI = 1, RES = 8.1e-14 (1.5e-06), CFL=1.253 (ELAPSED 00:00:00, REMAINING 00:00:00 )
-------------------------------------------------------------------------------------------------------------
	 #1 (1.1109e-02, 2.1401e-05): lin 1 (0.0e+00)
-------------------------------------------------------------------------------------------------------------
 T = 151.553, DT = 5, NI = 1, LI = 1, RES = 8.4e-14 (1.5e-06), CFL=1.253 (ELAPSED 00:00:00, REMAINING 00:00:00 )
-------------------------------------------------------------------------------------------------------------
	 #1 (1.1016e-02, 2.0646e-05): lin 1 (0.0e+00)
-------------------------------------------------------------------------------------------------------------
 T = 156.553, DT = 5, NI = 1, LI = 1, RES = 8.8e-14 (1.5e-06), CFL=1.253 (ELAPSED 00:00:00, REMAINING 00:00:00 )
-------------------------------------------------------------------------------------------------------------
	 #1 (1.0928e-02, 2.0260e-05): lin 1 (0.0e+00)
-------------------------------------------------------------------------------------------------------------
 T = 161.553, DT = 5, NI = 1, LI = 1, RES = 8.9e-14 (2.7e-06), CFL=1.253 (ELAPSED 00:00:00, REMAINING 00:00:00 )
-------------------------------------------------------------------------------------------------------------
	 #1 (1.0843e-02, 2.0322e-05): lin 1 (0.0e+00)
-------------------------------------------------------------------------------------------------------------
 T = 166.553, DT = 5, NI = 1, LI = 1, RES = 8.1e-14 (2.7e-06), CFL=1.253 (ELAPSED 00:00:00, REMAINING 00:00:00 )
-------------------------------------------------------------------------------------------------------------
	 #1 (1.0761e-02, 2.0171e-05): lin 1 (0.0e+00)
-------------------------------------------------------------------------------------------------------------
 T = 171.553, DT = 5, NI = 1, LI = 1, RES = 8.2e-14 (2.7e-06), CFL=1.253 (ELAPSED 00:00:00, REMAINING 00:00:00 )
-------------------------------------------------------------------------------------------------------------
	 #1 (1.0683e-02, 2.0088e-05): lin 1 (0.0e+00)
-------------------------------------------------------------------------------------------------------------
 T = 176.553, DT = 5, NI = 1, LI = 1, RES = 8.0e-14 (1.5e-06), CFL=1.253 (ELAPSED 00:00:00, REMAINING 00:00:00 )
-------------------------------------------------------------------------------------------------------------
	 #1 (1.0607e-02, 1.9938e-05): lin 1 (0.0e+00)
-------------------------------------------------------------------------------------------------------------
 T = 181.553, DT = 5, NI = 1, LI = 1, RES = 8.6e-14 (1.5e-06), CFL=1.253 (ELAPSED 00:00:00, REMAINING 00:00:00 )
-------------------------------------------------------------------------------------------------------------
	 #1 (1.0535e-02, 1.9941e-05): lin 1 (0.0e+00)
-------------------------------------------------------------------------------------------------------------
 T = 186.553, DT = 5, NI = 1, LI = 1, RES = 8.2e-14 (2.7e-06), CFL=1.253 (ELAPSED 00:00:00, REMAINING 00:00:00 )
-------------------------------------------------------------------------------------------------------------
	 #1 (1.0465e-02, 2.0014e-05): lin 1 (0.0e+00)
-------------------------------------------------------------------------------------------------------------
 T = 191.553, DT = 5, NI = 1, LI = 1, RES = 8.4e-14 (2.7e-06), CFL=1.253 (ELAPSED 00:00:00, REMAINING 00:00:00 )
-------------------------------------------------------------------------------------------------------------
	 #1 (1.0397e-02, 2.0013e-05): lin 1 (0.0e+00)
-------------------------------------------------------------------------------------------------------------
 T = 196.553, DT = 5, NI = 1, LI = 1, RES = 9.0e-14 (2.7e-06), CFL=1.253 (ELAPSED 00:00:00, REMAINING 00:00:00 )
-------------------------------------------------------------------------------------------------------------
	 #1 (1.0332e-02, 2.0016e-05): lin 1 (0.0e+00)
-------------------------------------------------------------------------------------------------------------
 T = 201.553, DT = 5, NI = 1, LI = 1, RES = 8.7e-14 (1.5e-06), CFL=1.253 (ELAPSED 00:00:00, REMAINING 00:00:00 )
-------------------------------------------------------------------------------------------------------------
	 #1 (1.0269e-02, 1.9986e-05): lin 1 (0.0e+00)
-------------------------------------------------------------------------------------------------------------
 T = 206.553, DT = 5, NI = 1, LI = 1, RES = 8.9e-14 (2.7e-06), CFL=1.253 (ELAPSED 00:00:00, REMAINING 00:00:00 )
-------------------------------------------------------------------------------------------------------------
	 #1 (1.0208e-02, 2.0031e-05): lin 1 (0.0e+00)
-------------------------------------------------------------------------------------------------------------
 T = 211.553, DT = 5, NI = 1, LI = 1, RES = 8.1e-14 (2.7e-06), CFL=1.253 (ELAPSED 00:00:00, REMAINING 00:00:00 )
-------------------------------------------------------------------------------------------------------------
	 #1 (1.0149e-02, 2.0040e-05): lin 1 (0.0e+00)
-------------------------------------------------------------------------------------------------------------
 T = 216.553, DT = 5, NI = 1, LI = 1, RES = 8.2e-14 (2.7e-06), CFL=1.253 (ELAPSED 00:00:00, REMAINING 00:00:00 )
-------------------------------------------------------------------------------------------------------------
	 #1 (1.0092e-02, 2.0050e-05): lin 1 (0.0e+00)
-------------------------------------------------------------------------------------------------------------
 T = 221.553, DT = 5, NI = 1, LI = 1, RES = 8.7e-14 (1.5e-06), CFL=1.253 (ELAPSED 00:00:00, REMAINING 00:00:00 )
-------------------------------------------------------------------------------------------------------------
	 #1 (1.0037e-02, 2.0037e-05): lin 1 (0.0e+00)
-------------------------------------------------------------------------------------------------------------
 T = 226.553, DT = 5, NI = 1, LI = 1, RES = 8.2e-14 (1.5e-06), CFL=1.253 (ELAPSED 00:00:00, REMAINING 00:00:00 )
-------------------------------------------------------------------------------------------------------------
	 #1 (9.9828e-03, 2.0050e-05): lin 1 (0.0e+00)
-------------------------------------------------------------------------------------------------------------
 T = 231.553, DT = 5, NI = 1, LI = 1, RES = 8.6e-14 (2.7e-06), CFL=1.253 (ELAPSED 00:00:00, REMAINING 00:00:00 )
-------------------------------------------------------------------------------------------------------------
	 #1 (9.9305e-03, 2.0083e-05): lin 1 (0.0e+00)
-------------------------------------------------------------------------------------------------------------
 T = 236.553, DT = 5, NI = 1, LI = 1, RES = 8.5e-14 (2.7e-06), CFL=1.253 (ELAPSED 00:00:00, REMAINING 00:00:00 )
-------------------------------------------------------------------------------------------------------------
	 #1 (9.8798e-03, 2.0094e-05): lin 1 (0.0e+00)
-------------------------------------------------------------------------------------------------------------
 T = 241.553, DT = 5, NI = 1, LI = 1, RES = 8.6e-14 (1.5e-06), CFL=1.253 (ELAPSED 00:00:00, REMAINING 00:00:00 )
-------------------------------------------------------------------------------------------------------------
	 #1 (9.8305e-03, 2.0086e-05): lin 1 (0.0e+00)
-------------------------------------------------------------------------------------------------------------
 T = 246.553, DT = 5, NI = 1, LI = 1, RES = 8.3e-14 (1.5e-06), CFL=1.253 (ELAPSED 00:00:00, REMAINING 00:00:00 )
-------------------------------------------------------------------------------------------------------------
	 #1 (9.7825e-03, 2.0099e-05): lin 1 (0.0e+00)
-------------------------------------------------------------------------------------------------------------
 T = 251.553, DT = 5, NI = 1, LI = 1, RES = 8.4e-14 (1.5e-06), CFL=1.253 (ELAPSED 00:00:00, REMAINING 00:00:00 )
-------------------------------------------------------------------------------------------------------------
	 #1 (9.7359e-03, 2.0111e-05): lin 1 (0.0e+00)
-------------------------------------------------------------------------------------------------------------
 T = 256.553, DT = 5, NI = 1, LI = 1, RES = 8.6e-14 (2.7e-06), CFL=1.253 (ELAPSED 00:00:00, REMAINING 00:00:00 )
-------------------------------------------------------------------------------------------------------------
	 #1 (9.6904e-03, 2.0142e-05): lin 1 (0.0e+00)
-------------------------------------------------------------------------------------------------------------
 T = 261.553, DT = 5, NI = 1, LI = 1, RES = 8.4e-14 (2.7e-06), CFL=1.253 (ELAPSED 00:00:00, REMAINING 00:00:00 )
-------------------------------------------------------------------------------------------------------------
	 #1 (9.6462e-03, 2.0154e-05): lin 1 (0.0e+00)
-------------------------------------------------------------------------------------------------------------
 T = 266.553, DT = 5, NI = 1, LI = 1, RES = 8.6e-14 (2.7e-06), CFL=1.253 (ELAPSED 00:00:00, REMAINING 00:00:00 )
-------------------------------------------------------------------------------------------------------------
	 #1 (9.6030e-03, 2.0166e-05): lin 1 (0.0e+00)
-------------------------------------------------------------------------------------------------------------
 T = 271.553, DT = 5, NI = 1, LI = 1, RES = 8.8e-14 (1.5e-06), CFL=1.253 (ELAPSED 00:00:00, REMAINING 00:00:00 )
-------------------------------------------------------------------------------------------------------------
	 #1 (9.5609e-03, 2.0159e-05): lin 1 (0.0e+00)
-------------------------------------------------------------------------------------------------------------
 T = 276.553, DT = 5, NI = 1, LI = 1, RES = 8.4e-14 (2.7e-06), CFL=1.253 (ELAPSED 00:00:00, REMAINING 00:00:00 )
-------------------------------------------------------------------------------------------------------------
	 #1 (9.5199e-03, 2.0190e-05): lin 1 (0.0e+00)
-------------------------------------------------------------------------------------------------------------
 T = 281.553, DT = 5, NI = 1, LI = 1, RES = 8.5e-14 (1.5e-06), CFL=1.253 (ELAPSED 00:00:00, REMAINING 00:00:00 )
-------------------------------------------------------------------------------------------------------------
	 #1 (9.4799e-03, 2.0183e-05): lin 1 (0.0e+00)
-------------------------------------------------------------------------------------------------------------
 T = 286.553, DT = 5, NI = 1, LI = 1, RES = 8.5e-14 (2.7e-06), CFL=1.253 (ELAPSED 00:00:00, REMAINING 00:00:00 )
-------------------------------------------------------------------------------------------------------------
	 #1 (9.4408e-03, 2.0214e-05): lin 1 (0.0e+00)
-------------------------------------------------------------------------------------------------------------
 T = 291.553, DT = 5, NI = 1, LI = 1, RES = 8.5e-14 (1.5e-06), CFL=1.253 (ELAPSED 00:00:00, REMAINING 00:00:00 )
-------------------------------------------------------------------------------------------------------------
	 #1 (9.4026e-03, 2.0208e-05): lin 1 (0.0e+00)
-------------------------------------------------------------------------------------------------------------
 T = 296.553, DT = 5, NI = 1, LI = 1, RES = 8.4e-14 (1.5e-06), CFL=1.253 (ELAPSED 00:00:00, REMAINING 00:00:00 )
-------------------------------------------------------------------------------------------------------------
	 #1 (9.3652e-03, 2.0220e-05): lin 1 (0.0e+00)
-------------------------------------------------------------------------------------------------------------
 T = 301.553, DT = 5, NI = 1, LI = 1, RES = 8.6e-14 (1.5e-06), CFL=1.253 (ELAPSED 00:00:00, REMAINING 00:00:00 )
-------------------------------------------------------------------------------------------------------------
	 #1 (9.3288e-03, 2.0232e-05): lin 1 (0.0e+00)
-------------------------------------------------------------------------------------------------------------
 T = 306.553, DT = 5, NI = 1, LI = 1, RES = 8.7e-14 (1.5e-06), CFL=1.253 (ELAPSED 00:00:00, REMAINING 00:00:00 )
-------------------------------------------------------------------------------------------------------------
	 #1 (9.2931e-03, 2.0244e-05): lin 1 (0.0e+00)
-------------------------------------------------------------------------------------------------------------
 T = 311.553, DT = 5, NI = 1, LI = 1, RES = 8.4e-14 (2.7e-06), CFL=1.253 (ELAPSED 00:00:00, REMAINING 00:00:00 )
-------------------------------------------------------------------------------------------------------------
	 #1 (9.2582e-03, 2.0275e-05): lin 1 (0.0e+00)
-------------------------------------------------------------------------------------------------------------
 T = 316.553, DT = 5, NI = 1, LI = 1, RES = 8.5e-14 (2.7e-06), CFL=1.253 (ELAPSED 00:00:00, REMAINING 00:00:00 )
-------------------------------------------------------------------------------------------------------------
	 #1 (9.2241e-03, 2.0287e-05): lin 1 (0.0e+00)
-------------------------------------------------------------------------------------------------------------
 T = 321.553, DT = 5, NI = 1, LI = 1, RES = 8.4e-14 (1.5e-06), CFL=1.253 (ELAPSED 00:00:00, REMAINING 00:00:00 )
-------------------------------------------------------------------------------------------------------------
	 #1 (9.1907e-03, 2.0281e-05): lin 1 (0.0e+00)
-------------------------------------------------------------------------------------------------------------
 T = 326.553, DT = 5, NI = 1, LI = 1, RES = 8.0e-14 (1.5e-06), CFL=1.253 (ELAPSED 00:00:00, REMAINING 00:00:00 )
-------------------------------------------------------------------------------------------------------------
	 #1 (9.1580e-03, 2.0293e-05): lin 1 (0.0e+00)
-------------------------------------------------------------------------------------------------------------
 T = 331.553, DT = 5, NI = 1, LI = 1, RES = 8.4e-14 (2.7e-06), CFL=1.253 (ELAPSED 00:00:00, REMAINING 00:00:00 )
-------------------------------------------------------------------------------------------------------------
	 #1 (9.1259e-03, 2.0324e-05): lin 1 (0.0e+00)
-------------------------------------------------------------------------------------------------------------
 T = 336.553, DT = 5, NI = 1, LI = 1, RES = 8.6e-14 (2.7e-06), CFL=1.253 (ELAPSED 00:00:00, REMAINING 00:00:00 )
-------------------------------------------------------------------------------------------------------------
	 #1 (9.0945e-03, 2.0337e-05): lin 1 (0.0e+00)
-------------------------------------------------------------------------------------------------------------
 T = 341.553, DT = 5, NI = 1, LI = 1, RES = 8.7e-14 (2.7e-06), CFL=1.253 (ELAPSED 00:00:00, REMAINING 00:00:00 )
-------------------------------------------------------------------------------------------------------------
	 #1 (9.0638e-03, 2.0349e-05): lin 1 (0.0e+00)
-------------------------------------------------------------------------------------------------------------
 T = 346.553, DT = 5, NI = 1, LI = 1, RES = 8.7e-14 (1.5e-06), CFL=1.253 (ELAPSED 00:00:00, REMAINING 00:00:00 )
-------------------------------------------------------------------------------------------------------------
	 #1 (9.0336e-03, 2.0343e-05): lin 1 (0.0e+00)
-------------------------------------------------------------------------------------------------------------
 T = 351.553, DT = 5, NI = 1, LI = 1, RES = 8.2e-14 (2.7e-06), CFL=1.253 (ELAPSED 00:00:00, REMAINING 00:00:00 )
-------------------------------------------------------------------------------------------------------------
	 #1 (9.0041e-03, 2.0374e-05): lin 1 (0.0e+00)
-------------------------------------------------------------------------------------------------------------
 T = 356.553, DT = 5, NI = 1, LI = 1, RES = 9.0e-14 (1.5e-06), CFL=1.253 (ELAPSED 00:00:00, REMAINING 00:00:00 )
-------------------------------------------------------------------------------------------------------------
	 #1 (8.9751e-03, 2.0367e-05): lin 1 (0.0e+00)
-------------------------------------------------------------------------------------------------------------
 T = 361.553, DT = 5, NI = 1, LI = 1, RES = 8.9e-14 (1.5e-06), CFL=1.253 (ELAPSED 00:00:00, REMAINING 00:00:00 )
-------------------------------------------------------------------------------------------------------------
	 #1 (8.9466e-03, 2.0380e-05): lin 1 (0.0e+00)
-------------------------------------------------------------------------------------------------------------
 T = 366.553, DT = 5, NI = 1, LI = 1, RES = 8.6e-14 (2.7e-06), CFL=1.253 (ELAPSED 00:00:00, REMAINING 00:00:00 )
-------------------------------------------------------------------------------------------------------------
	 #1 (8.9187e-03, 2.0411e-05): lin 1 (0.0e+00)
-------------------------------------------------------------------------------------------------------------
 T = 371.553, DT = 5, NI = 1, LI = 1, RES = 8.3e-14 (1.5e-06), CFL=1.253 (ELAPSED 00:00:00, REMAINING 00:00:00 )
-------------------------------------------------------------------------------------------------------------
	 #1 (8.8913e-03, 2.0404e-05): lin 1 (0.0e+00)
-------------------------------------------------------------------------------------------------------------
 T = 376.553, DT = 5, NI = 1, LI = 1, RES = 8.3e-14 (2.7e-06), CFL=1.253 (ELAPSED 00:00:00, REMAINING 00:00:00 )
-------------------------------------------------------------------------------------------------------------
	 #1 (8.8645e-03, 2.0436e-05): lin 1 (0.0e+00)
-------------------------------------------------------------------------------------------------------------
 T = 381.553, DT = 5, NI = 1, LI = 1, RES = 8.1e-14 (2.7e-06), CFL=1.253 (ELAPSED 00:00:00, REMAINING 00:00:00 )
-------------------------------------------------------------------------------------------------------------
	 #1 (8.8381e-03, 2.0448e-05): lin 1 (0.0e+00)
-------------------------------------------------------------------------------------------------------------
 T = 386.553, DT = 5, NI = 1, LI = 1, RES = 8.7e-14 (1.5e-06), CFL=1.253 (ELAPSED 00:00:00, REMAINING 00:00:00 )
-------------------------------------------------------------------------------------------------------------
	 #1 (8.8121e-03, 2.0442e-05): lin 1 (0.0e+00)
-------------------------------------------------------------------------------------------------------------
 T = 391.553, DT = 5, NI = 1, LI = 1, RES = 8.2e-14 (1.5e-06), CFL=1.253 (ELAPSED 00:00:00, REMAINING 00:00:00 )
-------------------------------------------------------------------------------------------------------------
	 #1 (8.7867e-03, 2.0454e-05): lin 1 (0.0e+00)
-------------------------------------------------------------------------------------------------------------
 T = 396.553, DT = 5, NI = 1, LI = 1, RES = 9.0e-14 (1.5e-06), CFL=1.253 (ELAPSED 00:00:00, REMAINING 00:00:00 )
-------------------------------------------------------------------------------------------------------------
	 #1 (8.7616e-03, 2.0467e-05): lin 1 (0.0e+00)
-------------------------------------------------------------------------------------------------------------
 T = 401.553, DT = 5, NI = 1, LI = 1, RES = 8.4e-14 (1.5e-06), CFL=1.253 (ELAPSED 00:00:00, REMAINING 00:00:00 )
-------------------------------------------------------------------------------------------------------------
	 #1 (8.7370e-03, 2.0479e-05): lin 1 (0.0e+00)
-------------------------------------------------------------------------------------------------------------
 T = 406.553, DT = 5, NI = 1, LI = 1, RES = 8.7e-14 (2.7e-06), CFL=1.253 (ELAPSED 00:00:00, REMAINING 00:00:00 )
-------------------------------------------------------------------------------------------------------------
	 #1 (8.7129e-03, 2.0511e-05): lin 1 (0.0e+00)
-------------------------------------------------------------------------------------------------------------
 T = 411.553, DT = 5, NI = 1, LI = 1, RES = 8.3e-14 (1.5e-06), CFL=1.253 (ELAPSED 00:00:00, REMAINING 00:00:00 )
-------------------------------------------------------------------------------------------------------------
	 #1 (8.6891e-03, 2.0504e-05): lin 1 (0.0e+00)
-------------------------------------------------------------------------------------------------------------
 T = 416.553, DT = 5, NI = 1, LI = 1, RES = 8.1e-14 (1.5e-06), CFL=1.253 (ELAPSED 00:00:00, REMAINING 00:00:00 )
-------------------------------------------------------------------------------------------------------------
	 #1 (8.6657e-03, 2.0517e-05): lin 1 (0.0e+00)
-------------------------------------------------------------------------------------------------------------
 T = 421.553, DT = 5, NI = 1, LI = 1, RES = 7.7e-14 (1.5e-06), CFL=1.253 (ELAPSED 00:00:00, REMAINING 00:00:00 )
-------------------------------------------------------------------------------------------------------------
	 #1 (8.6427e-03, 2.0529e-05): lin 1 (0.0e+00)
-------------------------------------------------------------------------------------------------------------
 T = 426.553, DT = 5, NI = 1, LI = 1, RES = 8.0e-14 (1.5e-06), CFL=1.253 (ELAPSED 00:00:00, REMAINING 00:00:00 )
-------------------------------------------------------------------------------------------------------------
	 #1 (8.6201e-03, 2.0542e-05): lin 1 (0.0e+00)
-------------------------------------------------------------------------------------------------------------
 T = 431.553, DT = 5, NI = 1, LI = 1, RES = 8.4e-14 (2.7e-06), CFL=1.253 (ELAPSED 00:00:00, REMAINING 00:00:00 )
-------------------------------------------------------------------------------------------------------------
	 #1 (8.5979e-03, 2.0573e-05): lin 1 (0.0e+00)
-------------------------------------------------------------------------------------------------------------
 T = 436.553, DT = 5, NI = 1, LI = 1, RES = 8.2e-14 (1.5e-06), CFL=1.253 (ELAPSED 00:00:00, REMAINING 00:00:00 )
-------------------------------------------------------------------------------------------------------------
	 #1 (8.5760e-03, 2.0567e-05): lin 1 (0.0e+00)
-------------------------------------------------------------------------------------------------------------
 T = 441.553, DT = 5, NI = 1, LI = 1, RES = 8.0e-14 (1.5e-06), CFL=1.253 (ELAPSED 00:00:00, REMAINING 00:00:00 )
-------------------------------------------------------------------------------------------------------------
	 #1 (8.5545e-03, 2.0580e-05): lin 1 (0.0e+00)
-------------------------------------------------------------------------------------------------------------
 T = 446.553, DT = 5, NI = 1, LI = 1, RES = 8.5e-14 (1.5e-06), CFL=1.253 (ELAPSED 00:00:00, REMAINING 00:00:00 )
-------------------------------------------------------------------------------------------------------------
	 #1 (8.5333e-03, 2.0592e-05): lin 1 (0.0e+00)
-------------------------------------------------------------------------------------------------------------
 T = 451.553, DT = 5, NI = 1, LI = 1, RES = 8.4e-14 (1.5e-06), CFL=1.253 (ELAPSED 00:00:00, REMAINING 00:00:00 )
-------------------------------------------------------------------------------------------------------------
	 #1 (8.5124e-03, 2.0605e-05): lin 1 (0.0e+00)
-------------------------------------------------------------------------------------------------------------
 T = 456.553, DT = 5, NI = 1, LI = 1, RES = 8.9e-14 (1.5e-06), CFL=1.253 (ELAPSED 00:00:00, REMAINING 00:00:00 )
-------------------------------------------------------------------------------------------------------------
	 #1 (8.4918e-03, 2.0618e-05): lin 1 (0.0e+00)
-------------------------------------------------------------------------------------------------------------
 T = 461.553, DT = 5, NI = 1, LI = 1, RES = 8.2e-14 (1.5e-06), CFL=1.253 (ELAPSED 00:00:00, REMAINING 00:00:00 )
-------------------------------------------------------------------------------------------------------------
	 #1 (8.4716e-03, 2.0630e-05): lin 1 (0.0e+00)
-------------------------------------------------------------------------------------------------------------
 T = 466.553, DT = 5, NI = 1, LI = 1, RES = 8.9e-14 (2.7e-06), CFL=1.253 (ELAPSED 00:00:00, REMAINING 00:00:00 )
-------------------------------------------------------------------------------------------------------------
	 #1 (8.4517e-03, 2.0662e-05): lin 1 (0.0e+00)
-------------------------------------------------------------------------------------------------------------
 T = 471.553, DT = 5, NI = 1, LI = 1, RES = 8.8e-14 (2.7e-06), CFL=1.253 (ELAPSED 00:00:00, REMAINING 00:00:00 )
-------------------------------------------------------------------------------------------------------------
	 #1 (8.4320e-03, 2.0675e-05): lin 1 (0.0e+00)
-------------------------------------------------------------------------------------------------------------
 T = 476.553, DT = 5, NI = 1, LI = 1, RES = 8.1e-14 (1.5e-06), CFL=1.253 (ELAPSED 00:00:00, REMAINING 00:00:00 )
-------------------------------------------------------------------------------------------------------------
	 #1 (8.4127e-03, 2.0668e-05): lin 1 (0.0e+00)
-------------------------------------------------------------------------------------------------------------
 T = 481.553, DT = 5, NI = 1, LI = 1, RES = 8.6e-14 (1.5e-06), CFL=1.253 (ELAPSED 00:00:00, REMAINING 00:00:00 )
-------------------------------------------------------------------------------------------------------------
	 #1 (8.3936e-03, 2.0681e-05): lin 1 (0.0e+00)
-------------------------------------------------------------------------------------------------------------
 T = 486.553, DT = 5, NI = 1, LI = 1, RES = 8.9e-14 (1.5e-06), CFL=1.253 (ELAPSED 00:00:00, REMAINING 00:00:00 )
-------------------------------------------------------------------------------------------------------------
	 #1 (8.3748e-03, 2.0694e-05): lin 1 (0.0e+00)
-------------------------------------------------------------------------------------------------------------
 T = 491.553, DT = 5, NI = 1, LI = 1, RES = 8.6e-14 (1.5e-06), CFL=1.253 (ELAPSED 00:00:00, REMAINING 00:00:00 )
-------------------------------------------------------------------------------------------------------------
	 #1 (8.3563e-03, 2.0707e-05): lin 1 (0.0e+00)
-------------------------------------------------------------------------------------------------------------
 T = 496.553, DT = 5, NI = 1, LI = 1, RES = 8.8e-14 (1.5e-06), CFL=1.253 (ELAPSED 00:00:00, REMAINING 00:00:00 )
-------------------------------------------------------------------------------------------------------------
	 #1 (8.3381e-03, 2.0720e-05): lin 1 (0.0e+00)
-------------------------------------------------------------------------------------------------------------
 T = 501.553, DT = 5, NI = 1, LI = 1, RES = 8.2e-14 (1.5e-06), CFL=1.253 (ELAPSED 00:00:00, REMAINING 00:00:00 )
-------------------------------------------------------------------------------------------------------------
	 #1 (8.3201e-03, 2.0732e-05): lin 1 (0.0e+00)
-------------------------------------------------------------------------------------------------------------
 T = 506.553, DT = 5, NI = 1, LI = 1, RES = 8.2e-14 (2.7e-06), CFL=1.253 (ELAPSED 00:00:00, REMAINING 00:00:00 )
-------------------------------------------------------------------------------------------------------------
	 #1 (8.3024e-03, 2.0764e-05): lin 1 (0.0e+00)
-------------------------------------------------------------------------------------------------------------
 T = 511.553, DT = 5, NI = 1, LI = 1, RES = 8.6e-14 (1.5e-06), CFL=1.253 (ELAPSED 00:00:00, REMAINING 00:00:00 )
-------------------------------------------------------------------------------------------------------------
	 #1 (8.2849e-03, 2.0758e-05): lin 1 (0.0e+00)
-------------------------------------------------------------------------------------------------------------
 T = 516.553, DT = 5, NI = 1, LI = 1, RES = 8.2e-14 (1.5e-06), CFL=1.253 (ELAPSED 00:00:00, REMAINING 00:00:00 )
-------------------------------------------------------------------------------------------------------------
	 #1 (8.2676e-03, 2.0771e-05): lin 1 (0.0e+00)
-------------------------------------------------------------------------------------------------------------
 T = 521.553, DT = 5, NI = 1, LI = 1, RES = 8.6e-14 (1.5e-06), CFL=1.253 (ELAPSED 00:00:00, REMAINING 00:00:00 )
-------------------------------------------------------------------------------------------------------------
	 #1 (8.2506e-03, 2.0784e-05): lin 1 (0.0e+00)
-------------------------------------------------------------------------------------------------------------
 T = 526.553, DT = 5, NI = 1, LI = 1, RES = 8.8e-14 (1.5e-06), CFL=1.253 (ELAPSED 00:00:00, REMAINING 00:00:00 )
-------------------------------------------------------------------------------------------------------------
	 #1 (8.2338e-03, 2.0797e-05): lin 1 (0.0e+00)
-------------------------------------------------------------------------------------------------------------
 T = 531.553, DT = 5, NI = 1, LI = 1, RES = 8.1e-14 (1.5e-06), CFL=1.253 (ELAPSED 00:00:00, REMAINING 00:00:00 )
-------------------------------------------------------------------------------------------------------------
	 #1 (8.2173e-03, 2.0810e-05): lin 1 (0.0e+00)
-------------------------------------------------------------------------------------------------------------
 T = 536.553, DT = 5, NI = 1, LI = 1, RES = 8.8e-14 (1.5e-06), CFL=1.253 (ELAPSED 00:00:00, REMAINING 00:00:00 )
-------------------------------------------------------------------------------------------------------------
	 #1 (8.2010e-03, 2.0822e-05): lin 1 (0.0e+00)
-------------------------------------------------------------------------------------------------------------
 T = 541.553, DT = 5, NI = 1, LI = 1, RES = 8.1e-14 (1.5e-06), CFL=1.253 (ELAPSED 00:00:00, REMAINING 00:00:00 )
-------------------------------------------------------------------------------------------------------------
	 #1 (8.1848e-03, 2.0835e-05): lin 1 (0.0e+00)
-------------------------------------------------------------------------------------------------------------
 T = 546.553, DT = 5, NI = 1, LI = 1, RES = 8.5e-14 (1.5e-06), CFL=1.253 (ELAPSED 00:00:00, REMAINING 00:00:00 )
-------------------------------------------------------------------------------------------------------------
	 #1 (8.1689e-03, 2.0848e-05): lin 1 (0.0e+00)
-------------------------------------------------------------------------------------------------------------
 T = 551.553, DT = 5, NI = 1, LI = 1, RES = 8.8e-14 (2.7e-06), CFL=1.253 (ELAPSED 00:00:00, REMAINING 00:00:00 )
-------------------------------------------------------------------------------------------------------------
	 #1 (8.1532e-03, 2.0881e-05): lin 1 (0.0e+00)
-------------------------------------------------------------------------------------------------------------
 T = 556.553, DT = 5, NI = 1, LI = 1, RES = 8.6e-14 (1.5e-06), CFL=1.253 (ELAPSED 00:00:00, REMAINING 00:00:00 )
-------------------------------------------------------------------------------------------------------------
	 #1 (8.1378e-03, 2.0874e-05): lin 1 (0.0e+00)
-------------------------------------------------------------------------------------------------------------
 T = 561.553, DT = 5, NI = 1, LI = 1, RES = 8.9e-14 (2.7e-06), CFL=1.253 (ELAPSED 00:00:00, REMAINING 00:00:00 )
-------------------------------------------------------------------------------------------------------------
	 #1 (8.1225e-03, 2.0907e-05): lin 1 (0.0e+00)
-------------------------------------------------------------------------------------------------------------
 T = 566.553, DT = 5, NI = 1, LI = 1, RES = 8.2e-14 (1.5e-06), CFL=1.253 (ELAPSED 00:00:00, REMAINING 00:00:00 )
-------------------------------------------------------------------------------------------------------------
	 #1 (8.1074e-03, 2.0900e-05): lin 1 (0.0e+00)
-------------------------------------------------------------------------------------------------------------
 T = 571.553, DT = 5, NI = 1, LI = 1, RES = 8.3e-14 (2.7e-06), CFL=1.253 (ELAPSED 00:00:00, REMAINING 00:00:00 )
-------------------------------------------------------------------------------------------------------------
	 #1 (8.0925e-03, 2.0933e-05): lin 1 (0.0e+00)
-------------------------------------------------------------------------------------------------------------
 T = 576.553, DT = 5, NI = 1, LI = 1, RES = 8.7e-14 (1.5e-06), CFL=1.253 (ELAPSED 00:00:00, REMAINING 00:00:00 )
-------------------------------------------------------------------------------------------------------------
	 #1 (8.0778e-03, 2.0926e-05): lin 1 (0.0e+00)
-------------------------------------------------------------------------------------------------------------
 T = 581.553, DT = 5, NI = 1, LI = 1, RES = 8.0e-14 (1.5e-06), CFL=1.253 (ELAPSED 00:00:00, REMAINING 00:00:00 )
-------------------------------------------------------------------------------------------------------------
	 #1 (8.0632e-03, 2.0940e-05): lin 1 (0.0e+00)
-------------------------------------------------------------------------------------------------------------
 T = 586.553, DT = 5, NI = 1, LI = 1, RES = 8.0e-14 (1.5e-06), CFL=1.253 (ELAPSED 00:00:00, REMAINING 00:00:00 )
-------------------------------------------------------------------------------------------------------------
	 #1 (8.0489e-03, 2.0953e-05): lin 1 (0.0e+00)
-------------------------------------------------------------------------------------------------------------
 T = 591.553, DT = 5, NI = 1, LI = 1, RES = 8.9e-14 (1.5e-06), CFL=1.253 (ELAPSED 00:00:00, REMAINING 00:00:00 )
-------------------------------------------------------------------------------------------------------------
	 #1 (8.0347e-03, 2.0966e-05): lin 1 (0.0e+00)
-------------------------------------------------------------------------------------------------------------
 T = 596.553, DT = 5, NI = 1, LI = 1, RES = 9.0e-14 (1.5e-06), CFL=1.253 (ELAPSED 00:00:00, REMAINING 00:00:00 )
-------------------------------------------------------------------------------------------------------------
	 #1 (8.0207e-03, 2.0979e-05): lin 1 (0.0e+00)
-------------------------------------------------------------------------------------------------------------
 T = 601.553, DT = 5, NI = 1, LI = 1, RES = 8.4e-14 (1.5e-06), CFL=1.253 (ELAPSED 00:00:00, REMAINING 00:00:00 )
-------------------------------------------------------------------------------------------------------------
	 #1 (8.0069e-03, 2.0992e-05): lin 1 (0.0e+00)
-------------------------------------------------------------------------------------------------------------
 T = 606.553, DT = 5, NI = 1, LI = 1, RES = 8.2e-14 (1.5e-06), CFL=1.253 (ELAPSED 00:00:00, REMAINING 00:00:00 )
-------------------------------------------------------------------------------------------------------------
	 #1 (7.9932e-03, 2.1005e-05): lin 1 (0.0e+00)
-------------------------------------------------------------------------------------------------------------
 T = 611.553, DT = 5, NI = 1, LI = 1, RES = 8.1e-14 (1.5e-06), CFL=1.253 (ELAPSED 00:00:00, REMAINING 00:00:00 )
-------------------------------------------------------------------------------------------------------------
	 #1 (7.9797e-03, 2.1018e-05): lin 1 (0.0e+00)
-------------------------------------------------------------------------------------------------------------
 T = 616.553, DT = 5, NI = 1, LI = 1, RES = 8.4e-14 (2.7e-06), CFL=1.253 (ELAPSED 00:00:00, REMAINING 00:00:00 )
-------------------------------------------------------------------------------------------------------------
	 #1 (7.9664e-03, 2.1051e-05): lin 1 (0.0e+00)
-------------------------------------------------------------------------------------------------------------
 T = 621.553, DT = 5, NI = 1, LI = 1, RES = 8.4e-14 (1.5e-06), CFL=1.253 (ELAPSED 00:00:00, REMAINING 00:00:00 )
-------------------------------------------------------------------------------------------------------------
	 #1 (7.9532e-03, 2.1045e-05): lin 1 (0.0e+00)
-------------------------------------------------------------------------------------------------------------
 T = 626.553, DT = 5, NI = 1, LI = 1, RES = 8.4e-14 (2.7e-06), CFL=1.253 (ELAPSED 00:00:00, REMAINING 00:00:00 )
-------------------------------------------------------------------------------------------------------------
	 #1 (7.9402e-03, 2.1077e-05): lin 1 (0.0e+00)
-------------------------------------------------------------------------------------------------------------
 T = 631.553, DT = 5, NI = 1, LI = 1, RES = 9.1e-14 (2.7e-06), CFL=1.253 (ELAPSED 00:00:00, REMAINING 00:00:00 )
-------------------------------------------------------------------------------------------------------------
	 #1 (7.9273e-03, 2.1091e-05): lin 1 (0.0e+00)
-------------------------------------------------------------------------------------------------------------
 T = 636.553, DT = 5, NI = 1, LI = 1, RES = 8.6e-14 (2.7e-06), CFL=1.253 (ELAPSED 00:00:00, REMAINING 00:00:00 )
-------------------------------------------------------------------------------------------------------------
	 #1 (7.9146e-03, 2.1104e-05): lin 1 (0.0e+00)
-------------------------------------------------------------------------------------------------------------
 T = 641.553, DT = 5, NI = 1, LI = 1, RES = 8.0e-14 (1.5e-06), CFL=1.253 (ELAPSED 00:00:00, REMAINING 00:00:00 )
-------------------------------------------------------------------------------------------------------------
	 #1 (7.9021e-03, 2.1098e-05): lin 1 (0.0e+00)
-------------------------------------------------------------------------------------------------------------
 T = 646.553, DT = 5, NI = 1, LI = 1, RES = 8.8e-14 (1.5e-06), CFL=1.253 (ELAPSED 00:00:00, REMAINING 00:00:00 )
-------------------------------------------------------------------------------------------------------------
	 #1 (7.8896e-03, 2.1111e-05): lin 1 (0.0e+00)
-------------------------------------------------------------------------------------------------------------
 T = 651.553, DT = 5, NI = 1, LI = 1, RES = 8.8e-14 (2.7e-06), CFL=1.253 (ELAPSED 00:00:00, REMAINING 00:00:00 )
-------------------------------------------------------------------------------------------------------------
	 #1 (7.8773e-03, 2.1144e-05): lin 1 (0.0e+00)
-------------------------------------------------------------------------------------------------------------
 T = 656.553, DT = 5, NI = 1, LI = 1, RES = 8.1e-14 (1.5e-06), CFL=1.253 (ELAPSED 00:00:00, REMAINING 00:00:00 )
-------------------------------------------------------------------------------------------------------------
	 #1 (7.8652e-03, 2.1138e-05): lin 1 (0.0e+00)
-------------------------------------------------------------------------------------------------------------
 T = 661.553, DT = 5, NI = 1, LI = 1, RES = 8.7e-14 (2.7e-06), CFL=1.253 (ELAPSED 00:00:00, REMAINING 00:00:00 )
-------------------------------------------------------------------------------------------------------------
	 #1 (7.8532e-03, 2.1170e-05): lin 1 (0.0e+00)
-------------------------------------------------------------------------------------------------------------
 T = 666.553, DT = 5, NI = 1, LI = 1, RES = 7.6e-14 (1.5e-06), CFL=1.253 (ELAPSED 00:00:00, REMAINING 00:00:00 )
-------------------------------------------------------------------------------------------------------------
	 #1 (7.8413e-03, 2.1164e-05): lin 1 (0.0e+00)
-------------------------------------------------------------------------------------------------------------
 T = 671.553, DT = 5, NI = 1, LI = 1, RES = 8.3e-14 (1.5e-06), CFL=1.253 (ELAPSED 00:00:00, REMAINING 00:00:00 )
-------------------------------------------------------------------------------------------------------------
	 #1 (7.8296e-03, 2.1178e-05): lin 1 (0.0e+00)
-------------------------------------------------------------------------------------------------------------
 T = 676.553, DT = 5, NI = 1, LI = 1, RES = 8.4e-14 (2.7e-06), CFL=1.253 (ELAPSED 00:00:00, REMAINING 00:00:00 )
-------------------------------------------------------------------------------------------------------------
	 #1 (7.8180e-03, 2.1211e-05): lin 1 (0.0e+00)
-------------------------------------------------------------------------------------------------------------
 T = 681.553, DT = 5, NI = 1, LI = 1, RES = 8.7e-14 (1.5e-06), CFL=1.253 (ELAPSED 00:00:00, REMAINING 00:00:00 )
-------------------------------------------------------------------------------------------------------------
	 #1 (7.8065e-03, 2.1205e-05): lin 1 (0.0e+00)
-------------------------------------------------------------------------------------------------------------
 T = 686.553, DT = 5, NI = 1, LI = 1, RES = 8.6e-14 (1.5e-06), CFL=1.253 (ELAPSED 00:00:00, REMAINING 00:00:00 )
-------------------------------------------------------------------------------------------------------------
	 #1 (7.7952e-03, 2.1218e-05): lin 1 (0.0e+00)
-------------------------------------------------------------------------------------------------------------
 T = 691.553, DT = 5, NI = 1, LI = 1, RES = 8.2e-14 (1.5e-06), CFL=1.253 (ELAPSED 00:00:00, REMAINING 00:00:00 )
-------------------------------------------------------------------------------------------------------------
	 #1 (7.7839e-03, 2.1231e-05): lin 1 (0.0e+00)
-------------------------------------------------------------------------------------------------------------
 T = 696.553, DT = 5, NI = 1, LI = 1, RES = 8.7e-14 (2.7e-06), CFL=1.253 (ELAPSED 00:00:00, REMAINING 00:00:00 )
-------------------------------------------------------------------------------------------------------------
	 #1 (7.7728e-03, 2.1264e-05): lin 1 (0.0e+00)
-------------------------------------------------------------------------------------------------------------
 T = 701.553, DT = 5, NI = 1, LI = 1, RES = 8.8e-14 (1.5e-06), CFL=1.253 (ELAPSED 00:00:00, REMAINING 00:00:00 )
-------------------------------------------------------------------------------------------------------------
	 #1 (7.7618e-03, 2.1258e-05): lin 1 (0.0e+00)
-------------------------------------------------------------------------------------------------------------
 T = 706.553, DT = 5, NI = 1, LI = 1, RES = 8.2e-14 (1.5e-06), CFL=1.253 (ELAPSED 00:00:00, REMAINING 00:00:00 )
-------------------------------------------------------------------------------------------------------------
	 #1 (7.7510e-03, 2.1272e-05): lin 1 (0.0e+00)
-------------------------------------------------------------------------------------------------------------
 T = 711.553, DT = 5, NI = 1, LI = 1, RES = 8.3e-14 (2.7e-06), CFL=1.253 (ELAPSED 00:00:00, REMAINING 00:00:00 )
-------------------------------------------------------------------------------------------------------------
	 #1 (7.7402e-03, 2.1305e-05): lin 1 (0.0e+00)
-------------------------------------------------------------------------------------------------------------
 T = 716.553, DT = 5, NI = 1, LI = 1, RES = 8.4e-14 (1.5e-06), CFL=1.253 (ELAPSED 00:00:00, REMAINING 00:00:00 )
-------------------------------------------------------------------------------------------------------------
	 #1 (7.7296e-03, 2.1299e-05): lin 1 (0.0e+00)
-------------------------------------------------------------------------------------------------------------
 T = 721.553, DT = 5, NI = 1, LI = 1, RES = 8.6e-14 (2.7e-06), CFL=1.253 (ELAPSED 00:00:00, REMAINING 00:00:00 )
-------------------------------------------------------------------------------------------------------------
	 #1 (7.7191e-03, 2.1332e-05): lin 1 (0.0e+00)
-------------------------------------------------------------------------------------------------------------
 T = 726.553, DT = 5, NI = 1, LI = 1, RES = 8.8e-14 (1.5e-06), CFL=1.253 (ELAPSED 00:00:00, REMAINING 00:00:00 )
-------------------------------------------------------------------------------------------------------------
	 #1 (7.7087e-03, 2.1326e-05): lin 1 (0.0e+00)
-------------------------------------------------------------------------------------------------------------
 T = 731.553, DT = 5, NI = 1, LI = 1, RES = 8.9e-14 (2.7e-06), CFL=1.253 (ELAPSED 00:00:00, REMAINING 00:00:00 )
-------------------------------------------------------------------------------------------------------------
	 #1 (7.6984e-03, 2.1359e-05): lin 1 (0.0e+00)
-------------------------------------------------------------------------------------------------------------
 T = 736.553, DT = 5, NI = 1, LI = 1, RES = 8.2e-14 (1.5e-06), CFL=1.253 (ELAPSED 00:00:00, REMAINING 00:00:00 )
-------------------------------------------------------------------------------------------------------------
	 #1 (7.6882e-03, 2.1353e-05): lin 1 (0.0e+00)
-------------------------------------------------------------------------------------------------------------
 T = 741.553, DT = 5, NI = 1, LI = 1, RES = 8.1e-14 (1.5e-06), CFL=1.253 (ELAPSED 00:00:00, REMAINING 00:00:00 )
-------------------------------------------------------------------------------------------------------------
	 #1 (7.6781e-03, 2.1367e-05): lin 1 (0.0e+00)
-------------------------------------------------------------------------------------------------------------
 T = 746.553, DT = 5, NI = 1, LI = 1, RES = 8.6e-14 (1.5e-06), CFL=1.253 (ELAPSED 00:00:00, REMAINING 00:00:00 )
-------------------------------------------------------------------------------------------------------------
	 #1 (7.6681e-03, 2.1381e-05): lin 1 (0.0e+00)
-------------------------------------------------------------------------------------------------------------
 T = 751.553, DT = 5, NI = 1, LI = 1, RES = 8.2e-14 (1.5e-06), CFL=1.253 (ELAPSED 00:00:00, REMAINING 00:00:00 )
-------------------------------------------------------------------------------------------------------------
	 #1 (7.6582e-03, 2.1394e-05): lin 1 (0.0e+00)
-------------------------------------------------------------------------------------------------------------
 T = 756.553, DT = 5, NI = 1, LI = 1, RES = 8.3e-14 (1.5e-06), CFL=1.253 (ELAPSED 00:00:00, REMAINING 00:00:00 )
-------------------------------------------------------------------------------------------------------------
	 #1 (7.6485e-03, 2.1408e-05): lin 1 (0.0e+00)
-------------------------------------------------------------------------------------------------------------
 T = 761.553, DT = 5, NI = 1, LI = 1, RES = 7.7e-14 (1.5e-06), CFL=1.253 (ELAPSED 00:00:00, REMAINING 00:00:00 )
-------------------------------------------------------------------------------------------------------------
	 #1 (7.6388e-03, 2.1422e-05): lin 1 (0.0e+00)
-------------------------------------------------------------------------------------------------------------
 T = 766.553, DT = 5, NI = 1, LI = 1, RES = 8.6e-14 (1.5e-06), CFL=1.253 (ELAPSED 00:00:00, REMAINING 00:00:00 )
-------------------------------------------------------------------------------------------------------------
	 #1 (7.6292e-03, 2.1435e-05): lin 1 (0.0e+00)
-------------------------------------------------------------------------------------------------------------
 T = 771.553, DT = 5, NI = 1, LI = 1, RES = 8.1e-14 (1.5e-06), CFL=1.253 (ELAPSED 00:00:00, REMAINING 00:00:00 )
-------------------------------------------------------------------------------------------------------------
	 #1 (7.6197e-03, 2.1449e-05): lin 1 (0.0e+00)
-------------------------------------------------------------------------------------------------------------
 T = 776.553, DT = 5, NI = 1, LI = 1, RES = 8.1e-14 (2.7e-06), CFL=1.253 (ELAPSED 00:00:00, REMAINING 00:00:00 )
-------------------------------------------------------------------------------------------------------------
	 #1 (7.6103e-03, 2.1483e-05): lin 1 (0.0e+00)
-------------------------------------------------------------------------------------------------------------
 T = 781.553, DT = 5, NI = 1, LI = 1, RES = 8.1e-14 (2.7e-06), CFL=1.253 (ELAPSED 00:00:00, REMAINING 00:00:00 )
-------------------------------------------------------------------------------------------------------------
	 #1 (7.6011e-03, 2.1496e-05): lin 1 (0.0e+00)
-------------------------------------------------------------------------------------------------------------
 T = 786.553, DT = 5, NI = 1, LI = 1, RES = 7.9e-14 (1.5e-06), CFL=1.253 (ELAPSED 00:00:00, REMAINING 00:00:00 )
-------------------------------------------------------------------------------------------------------------
	 #1 (7.5919e-03, 2.1490e-05): lin 1 (0.0e+00)
-------------------------------------------------------------------------------------------------------------
 T = 791.553, DT = 5, NI = 1, LI = 1, RES = 8.7e-14 (2.7e-06), CFL=1.253 (ELAPSED 00:00:00, REMAINING 00:00:00 )
-------------------------------------------------------------------------------------------------------------
	 #1 (7.5827e-03, 2.1524e-05): lin 1 (0.0e+00)
-------------------------------------------------------------------------------------------------------------
 T = 796.553, DT = 5, NI = 1, LI = 1, RES = 8.1e-14 (1.5e-06), CFL=1.253 (ELAPSED 00:00:00, REMAINING 00:00:00 )
-------------------------------------------------------------------------------------------------------------
	 #1 (7.5737e-03, 2.1518e-05): lin 1 (0.0e+00)
-------------------------------------------------------------------------------------------------------------
 T = 801.553, DT = 5, NI = 1, LI = 1, RES = 8.4e-14 (2.7e-06), CFL=1.253 (ELAPSED 00:00:00, REMAINING 00:00:00 )
-------------------------------------------------------------------------------------------------------------
	 #1 (7.5648e-03, 2.1552e-05): lin 1 (0.0e+00)
-------------------------------------------------------------------------------------------------------------
 T = 806.553, DT = 5, NI = 1, LI = 1, RES = 8.3e-14 (1.5e-06), CFL=1.253 (ELAPSED 00:00:00, REMAINING 00:00:00 )
-------------------------------------------------------------------------------------------------------------
	 #1 (7.5560e-03, 2.1546e-05): lin 1 (0.0e+00)
-------------------------------------------------------------------------------------------------------------
 T = 811.553, DT = 5, NI = 1, LI = 1, RES = 8.1e-14 (1.5e-06), CFL=1.253 (ELAPSED 00:00:00, REMAINING 00:00:00 )
-------------------------------------------------------------------------------------------------------------
	 #1 (7.5472e-03, 2.1560e-05): lin 1 (0.0e+00)
-------------------------------------------------------------------------------------------------------------
 T = 816.553, DT = 5, NI = 1, LI = 1, RES = 8.0e-14 (1.5e-06), CFL=1.253 (ELAPSED 00:00:00, REMAINING 00:00:00 )
-------------------------------------------------------------------------------------------------------------
	 #1 (7.5386e-03, 2.1573e-05): lin 1 (0.0e+00)
-------------------------------------------------------------------------------------------------------------
 T = 821.553, DT = 5, NI = 1, LI = 1, RES = 8.2e-14 (1.5e-06), CFL=1.253 (ELAPSED 00:00:00, REMAINING 00:00:00 )
-------------------------------------------------------------------------------------------------------------
	 #1 (7.5300e-03, 2.1587e-05): lin 1 (0.0e+00)
-------------------------------------------------------------------------------------------------------------
 T = 826.553, DT = 5, NI = 1, LI = 1, RES = 8.3e-14 (2.7e-06), CFL=1.253 (ELAPSED 00:00:00, REMAINING 00:00:00 )
-------------------------------------------------------------------------------------------------------------
	 #1 (7.5215e-03, 2.1621e-05): lin 1 (0.0e+00)
-------------------------------------------------------------------------------------------------------------
 T = 831.553, DT = 5, NI = 1, LI = 1, RES = 8.4e-14 (1.5e-06), CFL=1.253 (ELAPSED 00:00:00, REMAINING 00:00:00 )
-------------------------------------------------------------------------------------------------------------
	 #1 (7.5131e-03, 2.1615e-05): lin 1 (0.0e+00)
-------------------------------------------------------------------------------------------------------------
 T = 836.553, DT = 5, NI = 1, LI = 1, RES = 7.8e-14 (1.5e-06), CFL=1.253 (ELAPSED 00:00:00, REMAINING 00:00:00 )
-------------------------------------------------------------------------------------------------------------
	 #1 (7.5047e-03, 2.1629e-05): lin 1 (0.0e+00)
-------------------------------------------------------------------------------------------------------------
 T = 841.553, DT = 5, NI = 1, LI = 1, RES = 8.6e-14 (1.5e-06), CFL=1.253 (ELAPSED 00:00:00, REMAINING 00:00:00 )
-------------------------------------------------------------------------------------------------------------
	 #1 (7.4965e-03, 2.1643e-05): lin 1 (0.0e+00)
-------------------------------------------------------------------------------------------------------------
 T = 846.553, DT = 5, NI = 1, LI = 1, RES = 8.7e-14 (2.7e-06), CFL=1.253 (ELAPSED 00:00:00, REMAINING 00:00:00 )
-------------------------------------------------------------------------------------------------------------
	 #1 (7.4883e-03, 2.1677e-05): lin 1 (0.0e+00)
-------------------------------------------------------------------------------------------------------------
 T = 851.553, DT = 5, NI = 1, LI = 1, RES = 8.6e-14 (2.7e-06), CFL=1.253 (ELAPSED 00:00:00, REMAINING 00:00:00 )
-------------------------------------------------------------------------------------------------------------
	 #1 (7.4802e-03, 2.1691e-05): lin 1 (0.0e+00)
-------------------------------------------------------------------------------------------------------------
 T = 856.553, DT = 5, NI = 1, LI = 1, RES = 8.6e-14 (1.5e-06), CFL=1.253 (ELAPSED 00:00:00, REMAINING 00:00:00 )
-------------------------------------------------------------------------------------------------------------
	 #1 (7.4722e-03, 2.1685e-05): lin 1 (0.0e+00)
-------------------------------------------------------------------------------------------------------------
 T = 861.553, DT = 5, NI = 1, LI = 1, RES = 8.5e-14 (2.7e-06), CFL=1.253 (ELAPSED 00:00:00, REMAINING 00:00:00 )
-------------------------------------------------------------------------------------------------------------
	 #1 (7.4642e-03, 2.1719e-05): lin 1 (0.0e+00)
-------------------------------------------------------------------------------------------------------------
 T = 866.553, DT = 5, NI = 1, LI = 1, RES = 8.3e-14 (2.7e-06), CFL=1.253 (ELAPSED 00:00:00, REMAINING 00:00:00 )
-------------------------------------------------------------------------------------------------------------
	 #1 (7.4564e-03, 2.1733e-05): lin 1 (0.0e+00)
-------------------------------------------------------------------------------------------------------------
 T = 871.553, DT = 5, NI = 1, LI = 1, RES = 8.5e-14 (1.5e-06), CFL=1.253 (ELAPSED 00:00:00, REMAINING 00:00:00 )
-------------------------------------------------------------------------------------------------------------
	 #1 (7.4486e-03, 2.1728e-05): lin 1 (0.0e+00)
-------------------------------------------------------------------------------------------------------------
 T = 876.553, DT = 5, NI = 1, LI = 1, RES = 8.0e-14 (1.5e-06), CFL=1.253 (ELAPSED 00:00:00, REMAINING 00:00:00 )
-------------------------------------------------------------------------------------------------------------
	 #1 (7.4409e-03, 2.1742e-05): lin 1 (0.0e+00)
-------------------------------------------------------------------------------------------------------------
 T = 881.553, DT = 5, NI = 1, LI = 1, RES = 9.0e-14 (1.5e-06), CFL=1.253 (ELAPSED 00:00:00, REMAINING 00:00:00 )
-------------------------------------------------------------------------------------------------------------
	 #1 (7.4332e-03, 2.1756e-05): lin 1 (0.0e+00)
-------------------------------------------------------------------------------------------------------------
 T = 886.553, DT = 5, NI = 1, LI = 1, RES = 8.6e-14 (1.5e-06), CFL=1.253 (ELAPSED 00:00:00, REMAINING 00:00:00 )
-------------------------------------------------------------------------------------------------------------
	 #1 (7.4256e-03, 2.1770e-05): lin 1 (0.0e+00)
-------------------------------------------------------------------------------------------------------------
 T = 891.553, DT = 5, NI = 1, LI = 1, RES = 8.9e-14 (2.7e-06), CFL=1.253 (ELAPSED 00:00:00, REMAINING 00:00:00 )
-------------------------------------------------------------------------------------------------------------
	 #1 (7.4181e-03, 2.1804e-05): lin 1 (0.0e+00)
-------------------------------------------------------------------------------------------------------------
 T = 896.553, DT = 5, NI = 1, LI = 1, RES = 8.6e-14 (1.5e-06), CFL=1.253 (ELAPSED 00:00:00, REMAINING 00:00:00 )
-------------------------------------------------------------------------------------------------------------
	 #1 (7.4107e-03, 2.1798e-05): lin 1 (0.0e+00)
-------------------------------------------------------------------------------------------------------------
 T = 901.553, DT = 5, NI = 1, LI = 1, RES = 8.6e-14 (2.7e-06), CFL=1.253 (ELAPSED 00:00:00, REMAINING 00:00:00 )
-------------------------------------------------------------------------------------------------------------
	 #1 (7.4033e-03, 2.1833e-05): lin 1 (0.0e+00)
-------------------------------------------------------------------------------------------------------------
 T = 906.553, DT = 5, NI = 1, LI = 1, RES = 8.6e-14 (1.5e-06), CFL=1.253 (ELAPSED 00:00:00, REMAINING 00:00:00 )
-------------------------------------------------------------------------------------------------------------
	 #1 (7.3960e-03, 2.1827e-05): lin 1 (0.0e+00)
-------------------------------------------------------------------------------------------------------------
 T = 911.553, DT = 5, NI = 1, LI = 1, RES = 8.9e-14 (1.5e-06), CFL=1.253 (ELAPSED 00:00:00, REMAINING 00:00:00 )
-------------------------------------------------------------------------------------------------------------
	 #1 (7.3888e-03, 2.1841e-05): lin 1 (0.0e+00)
-------------------------------------------------------------------------------------------------------------
 T = 916.553, DT = 5, NI = 1, LI = 1, RES = 8.0e-14 (1.5e-06), CFL=1.253 (ELAPSED 00:00:00, REMAINING 00:00:00 )
-------------------------------------------------------------------------------------------------------------
	 #1 (7.3816e-03, 2.1855e-05): lin 1 (0.0e+00)
-------------------------------------------------------------------------------------------------------------
 T = 921.553, DT = 5, NI = 1, LI = 1, RES = 8.1e-14 (1.5e-06), CFL=1.253 (ELAPSED 00:00:00, REMAINING 00:00:00 )
-------------------------------------------------------------------------------------------------------------
	 #1 (7.3745e-03, 2.1870e-05): lin 1 (0.0e+00)
-------------------------------------------------------------------------------------------------------------
 T = 926.553, DT = 5, NI = 1, LI = 1, RES = 7.7e-14 (1.5e-06), CFL=1.253 (ELAPSED 00:00:00, REMAINING 00:00:00 )
-------------------------------------------------------------------------------------------------------------
	 #1 (7.3675e-03, 2.1884e-05): lin 1 (0.0e+00)
-------------------------------------------------------------------------------------------------------------
 T = 931.553, DT = 5, NI = 1, LI = 1, RES = 8.0e-14 (2.7e-06), CFL=1.253 (ELAPSED 00:00:00, REMAINING 00:00:00 )
-------------------------------------------------------------------------------------------------------------
	 #1 (7.3605e-03, 2.1918e-05): lin 1 (0.0e+00)
-------------------------------------------------------------------------------------------------------------
 T = 936.553, DT = 5, NI = 1, LI = 1, RES = 8.9e-14 (2.7e-06), CFL=1.253 (ELAPSED 00:00:00, REMAINING 00:00:00 )
-------------------------------------------------------------------------------------------------------------
	 #1 (7.3536e-03, 2.1933e-05): lin 1 (0.0e+00)
-------------------------------------------------------------------------------------------------------------
 T = 941.553, DT = 5, NI = 1, LI = 1, RES = 7.9e-14 (1.5e-06), CFL=1.253 (ELAPSED 00:00:00, REMAINING 00:00:00 )
-------------------------------------------------------------------------------------------------------------
	 #1 (7.3467e-03, 2.1927e-05): lin 1 (0.0e+00)
-------------------------------------------------------------------------------------------------------------
 T = 946.553, DT = 5, NI = 1, LI = 1, RES = 8.6e-14 (2.7e-06), CFL=1.253 (ELAPSED 00:00:00, REMAINING 00:00:00 )
-------------------------------------------------------------------------------------------------------------
	 #1 (7.3400e-03, 2.1962e-05): lin 1 (0.0e+00)
-------------------------------------------------------------------------------------------------------------
 T = 951.553, DT = 5, NI = 1, LI = 1, RES = 7.8e-14 (1.5e-06), CFL=1.253 (ELAPSED 00:00:00, REMAINING 00:00:00 )
-------------------------------------------------------------------------------------------------------------
	 #1 (7.3332e-03, 2.1956e-05): lin 1 (0.0e+00)
-------------------------------------------------------------------------------------------------------------
 T = 956.553, DT = 5, NI = 1, LI = 1, RES = 8.6e-14 (2.7e-06), CFL=1.253 (ELAPSED 00:00:00, REMAINING 00:00:00 )
-------------------------------------------------------------------------------------------------------------
	 #1 (7.3266e-03, 2.1990e-05): lin 1 (0.0e+00)
-------------------------------------------------------------------------------------------------------------
 T = 961.553, DT = 5, NI = 1, LI = 1, RES = 8.3e-14 (1.5e-06), CFL=1.253 (ELAPSED 00:00:00, REMAINING 00:00:00 )
-------------------------------------------------------------------------------------------------------------
	 #1 (7.3200e-03, 2.1985e-05): lin 1 (0.0e+00)
-------------------------------------------------------------------------------------------------------------
 T = 966.553, DT = 5, NI = 1, LI = 1, RES = 8.7e-14 (2.7e-06), CFL=1.253 (ELAPSED 00:00:00, REMAINING 00:00:00 )
-------------------------------------------------------------------------------------------------------------
	 #1 (7.3134e-03, 2.2019e-05): lin 1 (0.0e+00)
-------------------------------------------------------------------------------------------------------------
 T = 971.553, DT = 5, NI = 1, LI = 1, RES = 8.4e-14 (1.5e-06), CFL=1.253 (ELAPSED 00:00:00, REMAINING 00:00:00 )
-------------------------------------------------------------------------------------------------------------
	 #1 (7.3069e-03, 2.2014e-05): lin 1 (0.0e+00)
-------------------------------------------------------------------------------------------------------------
 T = 976.553, DT = 5, NI = 1, LI = 1, RES = 8.6e-14 (2.7e-06), CFL=1.253 (ELAPSED 00:00:00, REMAINING 00:00:00 )
-------------------------------------------------------------------------------------------------------------
	 #1 (7.3005e-03, 2.2048e-05): lin 1 (0.0e+00)
-------------------------------------------------------------------------------------------------------------
 T = 981.553, DT = 5, NI = 1, LI = 1, RES = 8.0e-14 (1.5e-06), CFL=1.253 (ELAPSED 00:00:00, REMAINING 00:00:00 )
-------------------------------------------------------------------------------------------------------------
	 #1 (7.2941e-03, 2.2043e-05): lin 1 (0.0e+00)
-------------------------------------------------------------------------------------------------------------
 T = 986.553, DT = 5, NI = 1, LI = 1, RES = 8.5e-14 (1.5e-06), CFL=1.253 (ELAPSED 00:00:00, REMAINING 00:00:00 )
-------------------------------------------------------------------------------------------------------------
	 #1 (7.2878e-03, 2.2057e-05): lin 1 (0.0e+00)
-------------------------------------------------------------------------------------------------------------
 T = 991.553, DT = 5, NI = 1, LI = 1, RES = 8.7e-14 (1.5e-06), CFL=1.253 (ELAPSED 00:00:00, REMAINING 00:00:00 )
-------------------------------------------------------------------------------------------------------------
	 #1 (7.2815e-03, 2.2072e-05): lin 1 (0.0e+00)
-------------------------------------------------------------------------------------------------------------
 T = 996.553, DT = 5, NI = 1, LI = 1, RES = 7.8e-14 (1.5e-06), CFL=1.253 (ELAPSED 00:00:00, REMAINING 00:00:00 )
-------------------------------------------------------------------------------------------------------------
	 #1 (5.0149e-03, 1.5224e-05): lin 1 (0.0e+00)
-------------------------------------------------------------------------------------------------------------
 T = 1000, DT = 3.4465, NI = 1, LI = 1, RES = 5.8e-14 (1.0e-06), CFL=0.864 (ELAPSED 00:00:00, REMAINING 00:00:00 )
-------------------------------------------------------------------------------------------------------------

Total steps 215 (0) newton 216 (0) linear 216 (0)
---OBL Statistics---
Number of operators: 22
Number of points: 400
Number of interpolations: 4752000 
Number of points used: 2636 (1.647%)
Total elapsed 0.494704 sec
	jacobian assembly 0.353948 sec
		interpolation 0.310624 sec
			reservoir 0 interpolation 0.294876 sec
				body generation 0.258006 sec
					point generation 0.255035 sec
			well controls interpolation 0.002880 sec
				body generation 0.002088 sec
					point generation 0.002021 sec
			wellbore interpolation 0.016767 sec
				body generation 0.016323 sec
					point generation 0.016176 sec
	linear solver setup 0.000248 sec
		SUPERLU 0.000071 sec
	linear solver solve 0.106399 sec
		SUPERLU 0.096815 sec
	newton update 0.002668 sec
		composition correction 0.000246 sec
