darts-linear-solvers built on May  1 2023 11:41:06 by lorozco@login04 from GITDIR-NOTFOUND
darts-engines built on 15/05/2023, 14:52:47 by lorozco@login03 from 8e8f836-dirty
darts-package built on 15/05/2023 14:56:21 by lorozco@login03 from 8e8f836-dirty
Building connection list...
Processing mesh: 100 reservoir blocks, 4 well blocks, 103 connections
2-phase 2-component isothermal flow with kinetic reaction and diffusion CPU engine
Sim params: 
	First ts: 	0.01
	Max ts: 	5
	Mult ts: 	2
	Max i newton: 	20
	Max i linear: 	50
	Tol newton: 	0.001
	Tol linear: 	1e-06

START SIMULATION
-------------------------------------------------------------------------------------------------------------
Well I1 initialized with oil rate injector
Well P1 initialized with BHP producer
	 #1 (6.1763e+11, 8.0178e+19): lin 1 (0.0e+00)
Composition correction applied in 103 block(s)
	 #2 (1.0000e+00, 3.0063e+06): lin 1 (0.0e+00)
Composition correction applied in 104 block(s)
OBL axis correction: block 0 variable 0 shoots over axis limit of 1000 to 1260.45
OBL axis correction applied 11 time(s) 
Well I1 switched to BHP injector
	 #3 (9.0017e-01, 1.0329e+12): lin 1 (0.0e+00)
Composition correction applied in 103 block(s)
	 #4 (4.6281e-01, 3.6362e+04): lin 1 (0.0e+00)
Composition correction applied in 103 block(s)
	 #5 (5.9662e-03, 2.2528e-04): lin 1 (0.0e+00)
Composition correction applied in 103 block(s)
-------------------------------------------------------------------------------------------------------------
 T = 0.01, DT = 0.01, NI = 5, LI = 5, RES = 9.3e-06 (8.2e-05), CFL=0.014 (ELAPSED 00:00:00 )
-------------------------------------------------------------------------------------------------------------
	 #1 (2.0000e+00, 7.0582e+02): lin 1 (0.0e+00)
Composition correction applied in 71 block(s)
	 #2 (4.9340e-03, 1.5601e-04): lin 1 (0.0e+00)
Composition correction applied in 70 block(s)
-------------------------------------------------------------------------------------------------------------
 T = 0.03, DT = 0.02, NI = 2, LI = 2, RES = 1.3e-08 (2.4e-04), CFL=0.015 (ELAPSED 00:00:00 )
-------------------------------------------------------------------------------------------------------------
	 #1 (1.0226e+00, 5.0498e-04): lin 1 (0.0e+00)
Composition correction applied in 70 block(s)
	 #2 (7.3161e-03, 1.8485e-04): lin 1 (0.0e+00)
Composition correction applied in 70 block(s)
-------------------------------------------------------------------------------------------------------------
 T = 0.07, DT = 0.04, NI = 2, LI = 2, RES = 1.0e-08 (2.6e-04), CFL=0.027 (ELAPSED 00:00:00 )
-------------------------------------------------------------------------------------------------------------
	 #1 (9.6231e-01, 5.2055e-04): lin 1 (0.0e+00)
Composition correction applied in 70 block(s)
	 #2 (1.5908e-02, 1.0358e-04): lin 1 (0.0e+00)
Composition correction applied in 69 block(s)
-------------------------------------------------------------------------------------------------------------
 T = 0.15, DT = 0.08, NI = 2, LI = 2, RES = 5.8e-05 (2.5e-04), CFL=1.053 (ELAPSED 00:00:00 )
-------------------------------------------------------------------------------------------------------------
	 #1 (9.7486e-01, 5.0594e-04): lin 1 (0.0e+00)
Composition correction applied in 69 block(s)
Local chop applied in 1 block(s)
	 #2 (1.2322e-01, 2.7500e-04): lin 1 (0.0e+00)
Composition correction applied in 69 block(s)
-------------------------------------------------------------------------------------------------------------
 T = 0.31, DT = 0.16, NI = 2, LI = 2, RES = 8.8e-04 (1.4e-04), CFL=0.987 (ELAPSED 00:00:00 )
-------------------------------------------------------------------------------------------------------------
	 #1 (9.2123e-01, 2.8953e-04): lin 1 (0.0e+00)
Composition correction applied in 69 block(s)
Local chop applied in 2 block(s)
	 #2 (1.5998e-01, 1.0964e-04): lin 1 (0.0e+00)
Composition correction applied in 69 block(s)
	 #3 (1.1787e-02, 2.5602e-04): lin 1 (0.0e+00)
Composition correction applied in 68 block(s)
-------------------------------------------------------------------------------------------------------------
 T = 0.63, DT = 0.32, NI = 3, LI = 3, RES = 1.3e-04 (1.1e-04), CFL=1.034 (ELAPSED 00:00:00 )
-------------------------------------------------------------------------------------------------------------
	 #1 (9.0343e-01, 2.1295e-04): lin 1 (0.0e+00)
Composition correction applied in 68 block(s)
Local chop applied in 2 block(s)
	 #2 (3.5413e-01, 5.2238e-05): lin 1 (0.0e+00)
Composition correction applied in 68 block(s)
Local chop applied in 2 block(s)
	 #3 (7.5967e-02, 2.6342e-04): lin 1 (0.0e+00)
Composition correction applied in 67 block(s)
	 #4 (9.8545e-03, 1.5117e-04): lin 1 (0.0e+00)
Composition correction applied in 67 block(s)
-------------------------------------------------------------------------------------------------------------
 T = 1.27, DT = 0.64, NI = 4, LI = 4, RES = 1.2e-04 (2.3e-04), CFL=1.154 (ELAPSED 00:00:00 )
-------------------------------------------------------------------------------------------------------------
	 #1 (9.2577e-01, 4.6610e-04): lin 1 (0.0e+00)
Composition correction applied in 67 block(s)
Local chop applied in 3 block(s)
	 #2 (4.2462e-01, 2.2924e-04): lin 1 (0.0e+00)
Composition correction applied in 67 block(s)
Local chop applied in 2 block(s)
	 #3 (3.1562e-01, 1.0032e-04): lin 1 (0.0e+00)
Composition correction applied in 60 block(s)
Local chop applied in 2 block(s)
	 #4 (1.9756e-01, 7.7479e-05): lin 1 (0.0e+00)
Composition correction applied in 66 block(s)
Local chop applied in 1 block(s)
	 #5 (8.2746e-02, 1.4928e-04): lin 1 (0.0e+00)
Composition correction applied in 65 block(s)
	 #6 (1.8475e-02, 1.9818e-04): lin 1 (0.0e+00)
Composition correction applied in 65 block(s)
-------------------------------------------------------------------------------------------------------------
 T = 2.55, DT = 1.28, NI = 6, LI = 6, RES = 5.9e-04 (1.3e-04), CFL=1.925 (ELAPSED 00:00:00 )
-------------------------------------------------------------------------------------------------------------
	 #1 (9.4546e-01, 2.6135e-04): lin 1 (0.0e+00)
Composition correction applied in 56 block(s)
Local chop applied in 4 block(s)
	 #2 (5.8160e-01, 1.7630e-04): lin 1 (0.0e+00)
Composition correction applied in 65 block(s)
Local chop applied in 3 block(s)
	 #3 (4.9087e-01, 1.5212e-04): lin 1 (0.0e+00)
Composition correction applied in 60 block(s)
Local chop applied in 1 block(s)
	 #4 (6.8542e-01, 2.5225e-04): lin 1 (0.0e+00)
Composition correction applied in 41 block(s)
Local chop applied in 2 block(s)
	 #5 (3.3857e-01, 3.2392e-04): lin 1 (0.0e+00)
Composition correction applied in 62 block(s)
Local chop applied in 1 block(s)
	 #6 (3.7354e-01, 1.1574e-04): lin 1 (0.0e+00)
Composition correction applied in 59 block(s)
Local chop applied in 1 block(s)
	 #7 (2.4115e-01, 1.6796e-05): lin 1 (0.0e+00)
Composition correction applied in 62 block(s)
Local chop applied in 1 block(s)
	 #8 (1.3971e-01, 1.9292e-04): lin 1 (0.0e+00)
Composition correction applied in 61 block(s)
Local chop applied in 1 block(s)
	 #9 (7.7809e-02, 1.3149e-04): lin 1 (0.0e+00)
Composition correction applied in 61 block(s)
Local chop applied in 1 block(s)
	 #10 (3.5962e-02, 5.1530e-05): lin 1 (0.0e+00)
Composition correction applied in 60 block(s)
	 #11 (3.2307e-03, 1.3347e-04): lin 1 (0.0e+00)
Composition correction applied in 60 block(s)
-------------------------------------------------------------------------------------------------------------
 T = 5.11, DT = 2.56, NI = 11, LI = 11, RES = 6.9e-05 (1.1e-04), CFL=3.466 (ELAPSED 00:00:00 )
-------------------------------------------------------------------------------------------------------------
	 #1 (9.3718e-01, 2.1883e-04): lin 1 (0.0e+00)
Composition correction applied in 50 block(s)
Local chop applied in 7 block(s)
	 #2 (1.1293e+00, 1.2722e-04): lin 1 (0.0e+00)
Composition correction applied in 65 block(s)
Local chop applied in 1 block(s)
	 #3 (5.2488e+00, 3.5414e-04): lin 1 (0.0e+00)
Composition correction applied in 41 block(s)
Local chop applied in 1 block(s)
	 #4 (1.2556e+00, 1.7027e-04): lin 1 (0.0e+00)
Composition correction applied in 48 block(s)
Local chop applied in 2 block(s)
	 #5 (4.2867e+00, 1.6744e-04): lin 1 (0.0e+00)
Composition correction applied in 40 block(s)
Local chop applied in 1 block(s)
	 #6 (1.0299e+00, 9.2969e-05): lin 1 (0.0e+00)
Composition correction applied in 51 block(s)
Local chop applied in 2 block(s)
	 #7 (3.2883e+00, 3.1847e-04): lin 1 (0.0e+00)
Composition correction applied in 39 block(s)
Local chop applied in 1 block(s)
	 #8 (8.5626e-01, 2.6447e-04): lin 1 (0.0e+00)
Composition correction applied in 45 block(s)
Local chop applied in 1 block(s)
	 #9 (2.3803e+00, 2.0981e-04): lin 1 (0.0e+00)
Composition correction applied in 39 block(s)
Local chop applied in 1 block(s)
	 #10 (6.8227e-01, 4.6403e-05): lin 1 (0.0e+00)
Composition correction applied in 45 block(s)
Local chop applied in 1 block(s)
	 #11 (1.6214e+00, 7.0288e-05): lin 1 (0.0e+00)
Composition correction applied in 40 block(s)
Local chop applied in 1 block(s)
	 #12 (5.1020e-01, 1.2418e-05): lin 1 (0.0e+00)
Composition correction applied in 48 block(s)
Local chop applied in 1 block(s)
	 #13 (1.0106e+00, 5.5525e-05): lin 1 (0.0e+00)
Composition correction applied in 44 block(s)
Local chop applied in 1 block(s)
	 #14 (3.4457e-01, 4.2636e-05): lin 1 (0.0e+00)
Composition correction applied in 54 block(s)
Local chop applied in 1 block(s)
	 #15 (5.4124e-01, 2.5757e-04): lin 1 (0.0e+00)
Composition correction applied in 48 block(s)
Local chop applied in 1 block(s)
	 #16 (1.9029e-01, 3.2565e-05): lin 1 (0.0e+00)
Composition correction applied in 53 block(s)
Local chop applied in 1 block(s)
	 #17 (2.0543e-01, 2.8346e-04): lin 1 (0.0e+00)
Composition correction applied in 52 block(s)
Local chop applied in 1 block(s)
	 #18 (5.2631e-02, 1.9390e-04): lin 1 (0.0e+00)
Composition correction applied in 52 block(s)
	 #19 (3.6700e-02, 2.5866e-04): lin 1 (0.0e+00)
Composition correction applied in 51 block(s)
	 #20 (5.2560e-03, 8.4826e-05): lin 1 (0.0e+00)
Composition correction applied in 51 block(s)
-------------------------------------------------------------------------------------------------------------
 T = 10.11, DT = 5, NI = 20, LI = 20, RES = 2.3e-04 (2.4e-04), CFL=6.453 (ELAPSED 00:00:00, REMAINING 00:00:03 )
-------------------------------------------------------------------------------------------------------------
	 #1 (4.7804e-01, 2.3827e-04): lin 1 (0.0e+00)
Composition correction applied in 52 block(s)
Local chop applied in 10 block(s)
	 #2 (6.6407e-01, 1.5150e-04): lin 1 (0.0e+00)
Composition correction applied in 37 block(s)
Local chop applied in 1 block(s)
	 #3 (3.1474e+00, 7.6315e-05): lin 1 (0.0e+00)
Composition correction applied in 36 block(s)
Local chop applied in 1 block(s)
	 #4 (1.0486e+00, 5.1060e-05): lin 1 (0.0e+00)
Composition correction applied in 42 block(s)
Local chop applied in 2 block(s)
	 #5 (2.9660e+00, 1.8618e-04): lin 1 (0.0e+00)
Composition correction applied in 30 block(s)
Local chop applied in 1 block(s)
	 #6 (8.0950e-01, 4.6338e-05): lin 1 (0.0e+00)
Composition correction applied in 48 block(s)
Local chop applied in 1 block(s)
	 #7 (2.0788e+00, 1.1998e-04): lin 1 (0.0e+00)
Composition correction applied in 38 block(s)
Local chop applied in 1 block(s)
	 #8 (6.2814e-01, 5.6730e-05): lin 1 (0.0e+00)
Composition correction applied in 46 block(s)
Local chop applied in 1 block(s)
	 #9 (1.3632e+00, 7.9840e-05): lin 1 (0.0e+00)
Composition correction applied in 39 block(s)
Local chop applied in 1 block(s)
	 #10 (4.5055e-01, 6.2856e-05): lin 1 (0.0e+00)
Composition correction applied in 44 block(s)
Local chop applied in 1 block(s)
	 #11 (7.9808e-01, 1.1729e-04): lin 1 (0.0e+00)
Composition correction applied in 45 block(s)
Local chop applied in 1 block(s)
	 #12 (2.8174e-01, 1.9818e-05): lin 1 (0.0e+00)
Composition correction applied in 46 block(s)
Local chop applied in 1 block(s)
	 #13 (3.7733e-01, 1.1437e-04): lin 1 (0.0e+00)
Composition correction applied in 45 block(s)
Local chop applied in 1 block(s)
	 #14 (1.2709e-01, 1.5976e-04): lin 1 (0.0e+00)
Composition correction applied in 45 block(s)
Local chop applied in 1 block(s)
	 #15 (8.8517e-02, 1.7703e-04): lin 1 (0.0e+00)
Composition correction applied in 44 block(s)
Local chop applied in 1 block(s)
	 #16 (7.8614e-03, 1.7497e-04): lin 1 (0.0e+00)
Composition correction applied in 44 block(s)
-------------------------------------------------------------------------------------------------------------
 T = 15.11, DT = 5, NI = 16, LI = 16, RES = 1.6e-05 (1.3e-04), CFL=6.457 (ELAPSED 00:00:00, REMAINING 00:00:02 )
-------------------------------------------------------------------------------------------------------------
	 #1 (3.3661e-01, 1.3463e-04): lin 1 (0.0e+00)
Composition correction applied in 45 block(s)
Local chop applied in 8 block(s)
	 #2 (1.1082e+00, 1.4733e-04): lin 1 (0.0e+00)
Composition correction applied in 41 block(s)
Local chop applied in 2 block(s)
	 #3 (1.1870e+00, 6.9169e-05): lin 1 (0.0e+00)
Composition correction applied in 39 block(s)
Local chop applied in 1 block(s)
	 #4 (3.5929e+00, 1.4800e-04): lin 1 (0.0e+00)
Composition correction applied in 37 block(s)
Local chop applied in 1 block(s)
	 #5 (9.2486e-01, 8.3710e-05): lin 1 (0.0e+00)
Composition correction applied in 37 block(s)
Local chop applied in 1 block(s)
	 #6 (2.4952e+00, 6.2027e-05): lin 1 (0.0e+00)
Composition correction applied in 38 block(s)
Local chop applied in 1 block(s)
	 #7 (7.3734e-01, 7.2358e-05): lin 1 (0.0e+00)
Composition correction applied in 39 block(s)
Local chop applied in 1 block(s)
	 #8 (1.6940e+00, 7.9485e-05): lin 1 (0.0e+00)
Composition correction applied in 38 block(s)
Local chop applied in 1 block(s)
	 #9 (5.4838e-01, 1.0491e-04): lin 1 (0.0e+00)
Composition correction applied in 39 block(s)
Local chop applied in 1 block(s)
	 #10 (1.0464e+00, 1.1024e-04): lin 1 (0.0e+00)
Composition correction applied in 37 block(s)
Local chop applied in 1 block(s)
	 #11 (3.6621e-01, 1.3526e-04): lin 1 (0.0e+00)
Composition correction applied in 39 block(s)
Local chop applied in 1 block(s)
	 #12 (5.4934e-01, 3.3260e-05): lin 1 (0.0e+00)
Composition correction applied in 38 block(s)
Local chop applied in 1 block(s)
	 #13 (1.9614e-01, 3.6605e-05): lin 1 (0.0e+00)
Composition correction applied in 38 block(s)
Local chop applied in 1 block(s)
	 #14 (1.9454e-01, 4.6603e-05): lin 1 (0.0e+00)
Composition correction applied in 37 block(s)
Local chop applied in 1 block(s)
	 #15 (4.4114e-02, 1.0863e-04): lin 1 (0.0e+00)
Composition correction applied in 37 block(s)
	 #16 (7.6874e-03, 1.1608e-04): lin 1 (0.0e+00)
Composition correction applied in 36 block(s)
-------------------------------------------------------------------------------------------------------------
 T = 20.11, DT = 5, NI = 16, LI = 16, RES = 9.6e-04 (9.5e-05), CFL=6.535 (ELAPSED 00:00:00, REMAINING 00:00:02 )
-------------------------------------------------------------------------------------------------------------
	 #1 (2.7158e-01, 9.4663e-05): lin 1 (0.0e+00)
Composition correction applied in 37 block(s)
Local chop applied in 8 block(s)
	 #2 (6.1181e-01, 1.0594e-04): lin 1 (0.0e+00)
Composition correction applied in 36 block(s)
Local chop applied in 1 block(s)
	 #3 (2.9726e+00, 9.8408e-05): lin 1 (0.0e+00)
Composition correction applied in 36 block(s)
Local chop applied in 1 block(s)
	 #4 (1.1216e+00, 4.8115e-05): lin 1 (0.0e+00)
Composition correction applied in 36 block(s)
Local chop applied in 1 block(s)
	 #5 (3.0979e+00, 4.6414e-05): lin 1 (0.0e+00)
Composition correction applied in 25 block(s)
Local chop applied in 1 block(s)
	 #6 (8.7363e-01, 9.3352e-05): lin 1 (0.0e+00)
Composition correction applied in 36 block(s)
Local chop applied in 1 block(s)
	 #7 (2.1381e+00, 3.5949e-05): lin 1 (0.0e+00)
Composition correction applied in 29 block(s)
Local chop applied in 1 block(s)
	 #8 (6.7361e-01, 2.3618e-05): lin 1 (0.0e+00)
Composition correction applied in 32 block(s)
Local chop applied in 1 block(s)
	 #9 (1.3894e+00, 3.5153e-05): lin 1 (0.0e+00)
Composition correction applied in 28 block(s)
Local chop applied in 1 block(s)
	 #10 (4.7690e-01, 4.3287e-05): lin 1 (0.0e+00)
Composition correction applied in 32 block(s)
Local chop applied in 1 block(s)
	 #11 (7.9778e-01, 7.9599e-05): lin 1 (0.0e+00)
Composition correction applied in 29 block(s)
Local chop applied in 1 block(s)
	 #12 (2.8976e-01, 1.8729e-05): lin 1 (0.0e+00)
Composition correction applied in 31 block(s)
Local chop applied in 1 block(s)
	 #13 (3.5760e-01, 8.7711e-05): lin 1 (0.0e+00)
Composition correction applied in 30 block(s)
Local chop applied in 1 block(s)
	 #14 (1.1821e-01, 1.4636e-05): lin 1 (0.0e+00)
Composition correction applied in 30 block(s)
Local chop applied in 1 block(s)
	 #15 (5.7887e-02, 2.0408e-05): lin 1 (0.0e+00)
Composition correction applied in 29 block(s)
	 #16 (5.0686e-03, 9.0569e-06): lin 1 (0.0e+00)
Composition correction applied in 29 block(s)
-------------------------------------------------------------------------------------------------------------
 T = 25.11, DT = 5, NI = 16, LI = 16, RES = 8.7e-05 (3.8e-05), CFL=6.695 (ELAPSED 00:00:00, REMAINING 00:00:01 )
-------------------------------------------------------------------------------------------------------------
	 #1 (2.3307e-01, 3.7949e-05): lin 1 (0.0e+00)
Composition correction applied in 30 block(s)
Local chop applied in 8 block(s)
	 #2 (1.1606e+00, 3.1336e-05): lin 1 (0.0e+00)
Composition correction applied in 29 block(s)
Local chop applied in 2 block(s)
	 #3 (1.1700e+00, 8.3098e-05): lin 1 (0.0e+00)
Composition correction applied in 32 block(s)
Local chop applied in 1 block(s)
	 #4 (3.8749e+00, 6.7104e-05): lin 1 (0.0e+00)
Composition correction applied in 30 block(s)
Local chop applied in 1 block(s)
	 #5 (1.0646e+00, 8.4693e-05): lin 1 (0.0e+00)
Composition correction applied in 28 block(s)
Local chop applied in 1 block(s)
	 #6 (2.8219e+00, 3.8096e-05): lin 1 (0.0e+00)
Composition correction applied in 28 block(s)
Local chop applied in 1 block(s)
	 #7 (8.5426e-01, 8.5419e-05): lin 1 (0.0e+00)
Composition correction applied in 32 block(s)
Local chop applied in 1 block(s)
	 #8 (1.9404e+00, 6.5623e-05): lin 1 (0.0e+00)
Composition correction applied in 24 block(s)
Local chop applied in 1 block(s)
	 #9 (6.4184e-01, 7.6926e-05): lin 1 (0.0e+00)
Composition correction applied in 26 block(s)
Local chop applied in 1 block(s)
	 #10 (1.2159e+00, 8.6154e-05): lin 1 (0.0e+00)
Composition correction applied in 24 block(s)
Local chop applied in 1 block(s)
	 #11 (4.3526e-01, 6.1060e-05): lin 1 (0.0e+00)
Composition correction applied in 24 block(s)
Local chop applied in 1 block(s)
	 #12 (6.5327e-01, 7.8973e-05): lin 1 (0.0e+00)
Composition correction applied in 23 block(s)
Local chop applied in 1 block(s)
	 #13 (2.4047e-01, 5.8285e-05): lin 1 (0.0e+00)
Composition correction applied in 23 block(s)
Local chop applied in 1 block(s)
	 #14 (2.4477e-01, 1.0652e-05): lin 1 (0.0e+00)
Composition correction applied in 22 block(s)
Local chop applied in 1 block(s)
	 #15 (6.4077e-02, 7.7369e-05): lin 1 (0.0e+00)
Composition correction applied in 22 block(s)
	 #16 (1.9167e-02, 4.6698e-05): lin 1 (0.0e+00)
Composition correction applied in 21 block(s)
	 #17 (2.7942e-03, 2.3251e-05): lin 1 (0.0e+00)
Composition correction applied in 21 block(s)
-------------------------------------------------------------------------------------------------------------
 T = 30.11, DT = 5, NI = 17, LI = 17, RES = 8.7e-05 (7.7e-05), CFL=6.894 (ELAPSED 00:00:00, REMAINING 00:00:01 )
-------------------------------------------------------------------------------------------------------------
	 #1 (2.0720e-01, 7.6623e-05): lin 1 (0.0e+00)
Composition correction applied in 21 block(s)
Local chop applied in 8 block(s)
	 #2 (8.4344e-01, 3.0977e-05): lin 1 (0.0e+00)
Composition correction applied in 23 block(s)
Local chop applied in 1 block(s)
	 #3 (4.0164e+00, 5.2572e-05): lin 1 (0.0e+00)
Composition correction applied in 24 block(s)
Local chop applied in 1 block(s)
	 #4 (1.4162e+00, 1.0323e-04): lin 1 (0.0e+00)
Composition correction applied in 26 block(s)
Local chop applied in 1 block(s)
	 #5 (3.9639e+00, 9.6421e-05): lin 1 (0.0e+00)
Composition correction applied in 26 block(s)
Local chop applied in 1 block(s)
	 #6 (1.1154e+00, 1.0097e-04): lin 1 (0.0e+00)
Composition correction applied in 24 block(s)
Local chop applied in 1 block(s)
	 #7 (2.8444e+00, 7.6385e-05): lin 1 (0.0e+00)
Composition correction applied in 25 block(s)
Local chop applied in 1 block(s)
	 #8 (8.8903e-01, 5.4986e-05): lin 1 (0.0e+00)
Composition correction applied in 25 block(s)
Local chop applied in 1 block(s)
	 #9 (1.9422e+00, 4.0917e-05): lin 1 (0.0e+00)
Composition correction applied in 18 block(s)
Local chop applied in 1 block(s)
	 #10 (6.6223e-01, 4.9798e-05): lin 1 (0.0e+00)
Composition correction applied in 19 block(s)
Local chop applied in 1 block(s)
	 #11 (1.2033e+00, 1.1917e-05): lin 1 (0.0e+00)
Composition correction applied in 15 block(s)
Local chop applied in 1 block(s)
	 #12 (4.4158e-01, 3.9193e-05): lin 1 (0.0e+00)
Composition correction applied in 17 block(s)
Local chop applied in 1 block(s)
	 #13 (6.2970e-01, 2.5914e-05): lin 1 (0.0e+00)
Composition correction applied in 15 block(s)
Local chop applied in 1 block(s)
	 #14 (2.3372e-01, 7.1993e-05): lin 1 (0.0e+00)
Composition correction applied in 15 block(s)
Local chop applied in 1 block(s)
	 #15 (2.1470e-01, 3.2882e-05): lin 1 (0.0e+00)
Composition correction applied in 14 block(s)
Local chop applied in 1 block(s)
	 #16 (4.5655e-02, 7.0330e-06): lin 1 (0.0e+00)
Composition correction applied in 14 block(s)
	 #17 (2.9785e-03, 3.6857e-05): lin 1 (0.0e+00)
Composition correction applied in 13 block(s)
-------------------------------------------------------------------------------------------------------------
 T = 35.11, DT = 5, NI = 17, LI = 17, RES = 2.1e-04 (7.2e-05), CFL=7.132 (ELAPSED 00:00:00, REMAINING 00:00:01 )
-------------------------------------------------------------------------------------------------------------
	 #1 (1.8892e-01, 7.2299e-05): lin 1 (0.0e+00)
Composition correction applied in 14 block(s)
Local chop applied in 8 block(s)
	 #2 (8.0756e-01, 3.2369e-05): lin 1 (0.0e+00)
Composition correction applied in 16 block(s)
Local chop applied in 1 block(s)
	 #3 (3.7443e+00, 4.4124e-05): lin 1 (0.0e+00)
Composition correction applied in 18 block(s)
Local chop applied in 1 block(s)
	 #4 (1.5743e+00, 7.1564e-05): lin 1 (0.0e+00)
Composition correction applied in 15 block(s)
Local chop applied in 1 block(s)
	 #5 (4.4650e+00, 1.2737e-04): lin 1 (0.0e+00)
Composition correction applied in 22 block(s)
Local chop applied in 1 block(s)
	 #6 (1.2502e+00, 1.4131e-04): lin 1 (0.0e+00)
Composition correction applied in 19 block(s)
Local chop applied in 1 block(s)
	 #7 (3.2065e+00, 5.9112e-05): lin 1 (0.0e+00)
Composition correction applied in 16 block(s)
Local chop applied in 1 block(s)
	 #8 (1.0096e+00, 6.8095e-05): lin 1 (0.0e+00)
Composition correction applied in 16 block(s)
Local chop applied in 1 block(s)
	 #9 (2.2304e+00, 5.7482e-05): lin 1 (0.0e+00)
Composition correction applied in 13 block(s)
Local chop applied in 1 block(s)
	 #10 (7.6438e-01, 6.3846e-05): lin 1 (0.0e+00)
Composition correction applied in 11 block(s)
Local chop applied in 1 block(s)
	 #11 (1.4168e+00, 1.7384e-05): lin 1 (0.0e+00)
Composition correction applied in 11 block(s)
Local chop applied in 1 block(s)
	 #12 (5.2370e-01, 2.7155e-05): lin 1 (0.0e+00)
Composition correction applied in 9 block(s)
Local chop applied in 1 block(s)
	 #13 (7.7379e-01, 6.5286e-05): lin 1 (0.0e+00)
Composition correction applied in 9 block(s)
Local chop applied in 1 block(s)
	 #14 (2.9447e-01, 6.4020e-05): lin 1 (0.0e+00)
Composition correction applied in 9 block(s)
Local chop applied in 1 block(s)
	 #15 (2.9821e-01, 6.4885e-05): lin 1 (0.0e+00)
Composition correction applied in 9 block(s)
Local chop applied in 1 block(s)
	 #16 (8.4263e-02, 2.6111e-05): lin 1 (0.0e+00)
Composition correction applied in 9 block(s)
	 #17 (2.7081e-02, 3.7041e-05): lin 1 (0.0e+00)
Composition correction applied in 9 block(s)
	 #18 (5.0120e-03, 5.0785e-05): lin 1 (0.0e+00)
Composition correction applied in 9 block(s)
-------------------------------------------------------------------------------------------------------------
 T = 40.11, DT = 5, NI = 18, LI = 18, RES = 3.2e-04 (5.2e-05), CFL=7.414 (ELAPSED 00:00:00, REMAINING 00:00:01 )
-------------------------------------------------------------------------------------------------------------
	 #1 (1.7489e-01, 5.1675e-05): lin 1 (0.0e+00)
Composition correction applied in 12 block(s)
Local chop applied in 9 block(s)
	 #2 (1.2172e+00, 5.5055e-05): lin 1 (0.0e+00)
Composition correction applied in 17 block(s)
Local chop applied in 1 block(s)
	 #3 (5.6194e+00, 1.6573e-04): lin 1 (0.0e+00)
Composition correction applied in 16 block(s)
Local chop applied in 1 block(s)
	 #4 (1.8703e+00, 2.8242e-04): lin 1 (0.0e+00)
Composition correction applied in 19 block(s)
Local chop applied in 1 block(s)
	 #5 (5.4332e+00, 2.3525e-04): lin 1 (0.0e+00)
Composition correction applied in 14 block(s)
Local chop applied in 1 block(s)
	 #6 (1.5201e+00, 2.3802e-04): lin 1 (0.0e+00)
Composition correction applied in 18 block(s)
Local chop applied in 1 block(s)
	 #7 (4.0949e+00, 1.2027e-04): lin 1 (0.0e+00)
Composition correction applied in 12 block(s)
Local chop applied in 1 block(s)
	 #8 (1.2605e+00, 1.2748e-04): lin 1 (0.0e+00)
Composition correction applied in 13 block(s)
Local chop applied in 1 block(s)
	 #9 (2.9679e+00, 5.6121e-05): lin 1 (0.0e+00)
Composition correction applied in 17 block(s)
Local chop applied in 1 block(s)
	 #10 (9.9383e-01, 5.7282e-05): lin 1 (0.0e+00)
Composition correction applied in 10 block(s)
Local chop applied in 1 block(s)
	 #11 (2.0022e+00, 3.8236e-05): lin 1 (0.0e+00)
Composition correction applied in 11 block(s)
Local chop applied in 1 block(s)
	 #12 (7.2701e-01, 5.3763e-05): lin 1 (0.0e+00)
Composition correction applied in 10 block(s)
Local chop applied in 1 block(s)
	 #13 (1.2113e+00, 3.9997e-05): lin 1 (0.0e+00)
Composition correction applied in 10 block(s)
Local chop applied in 1 block(s)
	 #14 (4.6717e-01, 4.5748e-05): lin 1 (0.0e+00)
Composition correction applied in 9 block(s)
Local chop applied in 1 block(s)
	 #15 (5.9568e-01, 4.1352e-05): lin 1 (0.0e+00)
Composition correction applied in 9 block(s)
Local chop applied in 1 block(s)
	 #16 (2.2200e-01, 5.2290e-05): lin 1 (0.0e+00)
Composition correction applied in 9 block(s)
Local chop applied in 1 block(s)
	 #17 (1.5289e-01, 2.8795e-05): lin 1 (0.0e+00)
Composition correction applied in 9 block(s)
Local chop applied in 1 block(s)
	 #18 (5.3015e-03, 3.6477e-05): lin 1 (0.0e+00)
Composition correction applied in 9 block(s)
-------------------------------------------------------------------------------------------------------------
 T = 45.11, DT = 5, NI = 18, LI = 18, RES = 3.5e-04 (7.8e-06), CFL=7.746 (ELAPSED 00:00:00, REMAINING 00:00:01 )
-------------------------------------------------------------------------------------------------------------
	 #1 (1.6388e-01, 7.7543e-06): lin 1 (0.0e+00)
Composition correction applied in 10 block(s)
Local chop applied in 8 block(s)
	 #2 (2.2357e+00, 8.4528e-06): lin 1 (0.0e+00)
Composition correction applied in 11 block(s)
Local chop applied in 1 block(s)
	 #3 (2.6306e+00, 4.8813e-05): lin 1 (0.0e+00)
Composition correction applied in 18 block(s)
Local chop applied in 1 block(s)
	 #4 (7.9119e+00, 5.3368e-04): lin 1 (0.0e+00)
Composition correction applied in 14 block(s)
Local chop applied in 1 block(s)
	 #5 (1.9464e+00, 6.2105e-04): lin 1 (0.0e+00)
Composition correction applied in 16 block(s)
Local chop applied in 1 block(s)
	 #6 (5.7843e+00, 2.8613e-04): lin 1 (0.0e+00)
Composition correction applied in 13 block(s)
Local chop applied in 1 block(s)
	 #7 (1.7081e+00, 3.0168e-04): lin 1 (0.0e+00)
Composition correction applied in 12 block(s)
Local chop applied in 1 block(s)
	 #8 (4.4781e+00, 1.5667e-04): lin 1 (0.0e+00)
Composition correction applied in 13 block(s)
Local chop applied in 1 block(s)
	 #9 (1.4204e+00, 1.6938e-04): lin 1 (0.0e+00)
Composition correction applied in 13 block(s)
Local chop applied in 1 block(s)
	 #10 (3.2740e+00, 7.7958e-05): lin 1 (0.0e+00)
Composition correction applied in 12 block(s)
Local chop applied in 1 block(s)
	 #11 (1.1261e+00, 8.6193e-05): lin 1 (0.0e+00)
Composition correction applied in 12 block(s)
Local chop applied in 1 block(s)
	 #12 (2.2325e+00, 4.9922e-05): lin 1 (0.0e+00)
Composition correction applied in 9 block(s)
Local chop applied in 1 block(s)
	 #13 (8.3002e-01, 3.6870e-05): lin 1 (0.0e+00)
Composition correction applied in 9 block(s)
Local chop applied in 1 block(s)
	 #14 (1.3685e+00, 2.0508e-05): lin 1 (0.0e+00)
Composition correction applied in 9 block(s)
Local chop applied in 1 block(s)
	 #15 (5.3943e-01, 3.5734e-05): lin 1 (0.0e+00)
Composition correction applied in 9 block(s)
Local chop applied in 1 block(s)
	 #16 (6.8686e-01, 3.7295e-05): lin 1 (0.0e+00)
Composition correction applied in 9 block(s)
Local chop applied in 1 block(s)
	 #17 (2.6303e-01, 3.8205e-05): lin 1 (0.0e+00)
Composition correction applied in 9 block(s)
Local chop applied in 1 block(s)
	 #18 (1.8749e-01, 4.3225e-05): lin 1 (0.0e+00)
Composition correction applied in 9 block(s)
Local chop applied in 1 block(s)
	 #19 (1.1590e-02, 3.8555e-05): lin 1 (0.0e+00)
Composition correction applied in 9 block(s)
-------------------------------------------------------------------------------------------------------------
 T = 50.11, DT = 5, NI = 19, LI = 19, RES = 7.6e-04 (2.7e-05), CFL=8.143 (ELAPSED 00:00:00, REMAINING 00:00:01 )
-------------------------------------------------------------------------------------------------------------
	 #1 (1.5526e-01, 2.7004e-05): lin 1 (0.0e+00)
Composition correction applied in 10 block(s)
Local chop applied in 8 block(s)
	 #2 (2.7393e+00, 3.3715e-05): lin 1 (0.0e+00)
Composition correction applied in 10 block(s)
Local chop applied in 1 block(s)
	 #3 (3.2750e+00, 4.3719e-05): lin 1 (0.0e+00)
Composition correction applied in 12 block(s)
Local chop applied in 1 block(s)
	 #4 (9.7969e+00, 9.8017e-04): lin 1 (0.0e+00)
Composition correction applied in 14 block(s)
Local chop applied in 1 block(s)
	 #5 (2.3750e+00, 1.1271e-03): lin 1 (0.0e+00)
Composition correction applied in 11 block(s)
Local chop applied in 1 block(s)
	 #6 (7.2614e+00, 5.3741e-04): lin 1 (0.0e+00)
Composition correction applied in 14 block(s)
Local chop applied in 1 block(s)
	 #7 (2.1467e+00, 5.6729e-04): lin 1 (0.0e+00)
Composition correction applied in 12 block(s)
Local chop applied in 1 block(s)
	 #8 (5.8379e+00, 3.2903e-04): lin 1 (0.0e+00)
Composition correction applied in 10 block(s)
Local chop applied in 1 block(s)
	 #9 (1.8327e+00, 3.4141e-04): lin 1 (0.0e+00)
Composition correction applied in 10 block(s)
Local chop applied in 1 block(s)
	 #10 (4.4473e+00, 1.7166e-04): lin 1 (0.0e+00)
Composition correction applied in 11 block(s)
Local chop applied in 1 block(s)
	 #11 (1.5086e+00, 1.8184e-04): lin 1 (0.0e+00)
Composition correction applied in 10 block(s)
Local chop applied in 1 block(s)
	 #12 (3.2085e+00, 8.6049e-05): lin 1 (0.0e+00)
Composition correction applied in 9 block(s)
Local chop applied in 1 block(s)
	 #13 (1.1750e+00, 8.6043e-05): lin 1 (0.0e+00)
Composition correction applied in 9 block(s)
Local chop applied in 1 block(s)
	 #14 (2.1393e+00, 3.4388e-05): lin 1 (0.0e+00)
Composition correction applied in 9 block(s)
Local chop applied in 1 block(s)
	 #15 (8.3959e-01, 3.7032e-05): lin 1 (0.0e+00)
Composition correction applied in 9 block(s)
Local chop applied in 1 block(s)
	 #16 (1.2540e+00, 2.0877e-05): lin 1 (0.0e+00)
Composition correction applied in 9 block(s)
Local chop applied in 1 block(s)
	 #17 (5.1139e-01, 3.0932e-05): lin 1 (0.0e+00)
Composition correction applied in 9 block(s)
Local chop applied in 1 block(s)
	 #18 (5.6043e-01, 3.7239e-05): lin 1 (0.0e+00)
Composition correction applied in 9 block(s)
Local chop applied in 1 block(s)
	 #19 (2.0071e-01, 3.1906e-05): lin 1 (0.0e+00)
Composition correction applied in 9 block(s)
Local chop applied in 1 block(s)
	 #20 (6.2101e-02, 3.6211e-05): lin 1 (0.0e+00)
Composition correction applied in 9 block(s)
FAILED TO CONVERGE WITH DT = 5.000 (newton residual reservoir) 
	 #1 (7.7628e-02, 1.3502e-05): lin 1 (0.0e+00)
Composition correction applied in 9 block(s)
Local chop applied in 6 block(s)
	 #2 (3.3697e-01, 1.4227e-05): lin 1 (0.0e+00)
Composition correction applied in 9 block(s)
Local chop applied in 1 block(s)
	 #3 (4.1375e-01, 1.8612e-05): lin 1 (0.0e+00)
Composition correction applied in 9 block(s)
Local chop applied in 1 block(s)
	 #4 (6.2891e-01, 3.5026e-06): lin 1 (0.0e+00)
Composition correction applied in 9 block(s)
Local chop applied in 1 block(s)
	 #5 (2.1606e-01, 1.0838e-05): lin 1 (0.0e+00)
Composition correction applied in 9 block(s)
Local chop applied in 1 block(s)
	 #6 (2.3121e-01, 1.4197e-05): lin 1 (0.0e+00)
Composition correction applied in 9 block(s)
Local chop applied in 1 block(s)
	 #7 (5.6366e-02, 8.8465e-06): lin 1 (0.0e+00)
Composition correction applied in 9 block(s)
	 #8 (1.2652e-02, 1.8221e-05): lin 1 (0.0e+00)
Composition correction applied in 9 block(s)
	 #9 (1.6896e-03, 1.3424e-06): lin 1 (0.0e+00)
Composition correction applied in 9 block(s)
-------------------------------------------------------------------------------------------------------------
 T = 52.61, DT = 2.5, NI = 9, LI = 9, RES = 8.9e-05 (1.0e-05), CFL=4.249 (ELAPSED 00:00:00, REMAINING 00:00:01 )
-------------------------------------------------------------------------------------------------------------
	 #1 (1.6826e-01, 2.0801e-05): lin 1 (0.0e+00)
Composition correction applied in 10 block(s)
Local chop applied in 6 block(s)
	 #2 (2.7785e+00, 2.0085e-05): lin 1 (0.0e+00)
Composition correction applied in 11 block(s)
Local chop applied in 1 block(s)
	 #3 (1.2080e+01, 1.4515e-03): lin 1 (0.0e+00)
Composition correction applied in 11 block(s)
Local chop applied in 1 block(s)
	 #4 (3.1721e+00, 2.0811e-03): lin 1 (0.0e+00)
Composition correction applied in 11 block(s)
Local chop applied in 2 block(s)
	 #5 (1.0694e+01, 1.4162e-03): lin 1 (0.0e+00)
Composition correction applied in 10 block(s)
Local chop applied in 1 block(s)
	 #6 (2.8627e+00, 1.4183e-03): lin 1 (0.0e+00)
Composition correction applied in 11 block(s)
Local chop applied in 1 block(s)
	 #7 (9.0228e+00, 9.3228e-04): lin 1 (0.0e+00)
Composition correction applied in 9 block(s)
Local chop applied in 1 block(s)
	 #8 (2.5691e+00, 9.7904e-04): lin 1 (0.0e+00)
Composition correction applied in 11 block(s)
Local chop applied in 1 block(s)
	 #9 (7.3599e+00, 5.8656e-04): lin 1 (0.0e+00)
Composition correction applied in 10 block(s)
Local chop applied in 1 block(s)
	 #10 (2.2575e+00, 6.1760e-04): lin 1 (0.0e+00)
Composition correction applied in 11 block(s)
Local chop applied in 1 block(s)
	 #11 (5.8324e+00, 3.4723e-04): lin 1 (0.0e+00)
Composition correction applied in 10 block(s)
Local chop applied in 1 block(s)
	 #12 (1.9219e+00, 3.6252e-04): lin 1 (0.0e+00)
Composition correction applied in 10 block(s)
Local chop applied in 1 block(s)
	 #13 (4.4308e+00, 1.8412e-04): lin 1 (0.0e+00)
Composition correction applied in 10 block(s)
Local chop applied in 1 block(s)
	 #14 (1.5699e+00, 1.8897e-04): lin 1 (0.0e+00)
Composition correction applied in 9 block(s)
Local chop applied in 1 block(s)
	 #15 (3.1729e+00, 8.7883e-05): lin 1 (0.0e+00)
Composition correction applied in 9 block(s)
Local chop applied in 1 block(s)
	 #16 (1.2085e+00, 9.1823e-05): lin 1 (0.0e+00)
Composition correction applied in 9 block(s)
Local chop applied in 1 block(s)
	 #17 (2.0857e+00, 3.7625e-05): lin 1 (0.0e+00)
Composition correction applied in 9 block(s)
Local chop applied in 1 block(s)
	 #18 (8.4558e-01, 3.2762e-05): lin 1 (0.0e+00)
Composition correction applied in 9 block(s)
Local chop applied in 1 block(s)
	 #19 (1.1840e+00, 2.3506e-05): lin 1 (0.0e+00)
Composition correction applied in 8 block(s)
Local chop applied in 1 block(s)
	 #20 (4.9084e-01, 2.0546e-05): lin 1 (0.0e+00)
Composition correction applied in 8 block(s)
Local chop applied in 1 block(s)
FAILED TO CONVERGE WITH DT = 5.000 (newton residual reservoir) 
	 #1 (8.4128e-02, 1.0401e-05): lin 1 (0.0e+00)
Composition correction applied in 9 block(s)
Local chop applied in 4 block(s)
	 #2 (3.5031e-01, 1.4292e-05): lin 1 (0.0e+00)
Composition correction applied in 10 block(s)
Local chop applied in 1 block(s)
	 #3 (1.1367e+00, 7.4318e-06): lin 1 (0.0e+00)
Composition correction applied in 9 block(s)
Local chop applied in 1 block(s)
	 #4 (5.1349e-01, 2.4341e-05): lin 1 (0.0e+00)
Composition correction applied in 9 block(s)
Local chop applied in 1 block(s)
	 #5 (8.4772e-01, 1.3399e-05): lin 1 (0.0e+00)
Composition correction applied in 9 block(s)
Local chop applied in 1 block(s)
	 #6 (2.9600e-01, 1.0531e-05): lin 1 (0.0e+00)
Composition correction applied in 9 block(s)
Local chop applied in 1 block(s)
	 #7 (3.6838e-01, 5.4991e-06): lin 1 (0.0e+00)
Composition correction applied in 9 block(s)
Local chop applied in 1 block(s)
	 #8 (1.1591e-01, 4.1843e-06): lin 1 (0.0e+00)
Composition correction applied in 9 block(s)
Local chop applied in 1 block(s)
	 #9 (4.9277e-02, 2.2080e-06): lin 1 (0.0e+00)
Composition correction applied in 9 block(s)
	 #10 (4.2434e-03, 2.0887e-05): lin 1 (0.0e+00)
Composition correction applied in 9 block(s)
-------------------------------------------------------------------------------------------------------------
 T = 55.11, DT = 2.5, NI = 10, LI = 10, RES = 2.9e-05 (7.9e-06), CFL=4.427 (ELAPSED 00:00:00, REMAINING 00:00:02 )
-------------------------------------------------------------------------------------------------------------
	 #1 (1.7820e-01, 1.5810e-05): lin 1 (0.0e+00)
Composition correction applied in 10 block(s)
Local chop applied in 5 block(s)
	 #2 (4.3609e+00, 7.4747e-06): lin 1 (0.0e+00)
Composition correction applied in 10 block(s)
Local chop applied in 2 block(s)
	 #3 (4.2659e+00, 7.1872e-06): lin 1 (0.0e+00)
Composition correction applied in 12 block(s)
Local chop applied in 1 block(s)
	 #4 (1.4833e+01, 2.2888e-03): lin 1 (0.0e+00)
Composition correction applied in 9 block(s)
Local chop applied in 1 block(s)
	 #5 (3.2649e+00, 3.2655e-03): lin 1 (0.0e+00)
Composition correction applied in 10 block(s)
Local chop applied in 2 block(s)
	 #6 (1.1226e+01, 1.6429e-03): lin 1 (0.0e+00)
Composition correction applied in 9 block(s)
Local chop applied in 1 block(s)
	 #7 (3.1929e+00, 1.6831e-03): lin 1 (0.0e+00)
Composition correction applied in 9 block(s)
Local chop applied in 1 block(s)
	 #8 (9.7844e+00, 1.1823e-03): lin 1 (0.0e+00)
Composition correction applied in 9 block(s)
Local chop applied in 1 block(s)
	 #9 (2.8632e+00, 1.2495e-03): lin 1 (0.0e+00)
Composition correction applied in 10 block(s)
Local chop applied in 1 block(s)
	 #10 (8.0523e+00, 7.6303e-04): lin 1 (0.0e+00)
Composition correction applied in 9 block(s)
Local chop applied in 1 block(s)
	 #11 (2.5330e+00, 7.9772e-04): lin 1 (0.0e+00)
Composition correction applied in 9 block(s)
Local chop applied in 1 block(s)
	 #12 (6.4485e+00, 4.6063e-04): lin 1 (0.0e+00)
Composition correction applied in 8 block(s)
Local chop applied in 1 block(s)
	 #13 (2.1741e+00, 4.8546e-04): lin 1 (0.0e+00)
Composition correction applied in 8 block(s)
Local chop applied in 1 block(s)
	 #14 (4.9693e+00, 2.5199e-04): lin 1 (0.0e+00)
Composition correction applied in 7 block(s)
Local chop applied in 1 block(s)
	 #15 (1.7944e+00, 2.6457e-04): lin 1 (0.0e+00)
Composition correction applied in 6 block(s)
Local chop applied in 1 block(s)
	 #16 (3.6226e+00, 1.2627e-04): lin 1 (0.0e+00)
Composition correction applied in 5 block(s)
Local chop applied in 1 block(s)
	 #17 (1.4017e+00, 1.2803e-04): lin 1 (0.0e+00)
Composition correction applied in 5 block(s)
Local chop applied in 1 block(s)
	 #18 (2.4401e+00, 4.6969e-05): lin 1 (0.0e+00)
Composition correction applied in 4 block(s)
Local chop applied in 1 block(s)
	 #19 (7.7528e-01, 6.1987e+03): lin 1 (0.0e+00)
Composition correction applied in 4 block(s)
Local chop applied in 1 block(s)
	 #20 (1.2592e+00, 9.9527e+03): lin 1 (0.0e+00)
Composition correction applied in 4 block(s)
Local chop applied in 2 block(s)
FAILED TO CONVERGE WITH DT = 5.000 (newton residual reservoir) 
	 #1 (8.9100e-02, 7.9050e-06): lin 1 (0.0e+00)
Composition correction applied in 10 block(s)
Local chop applied in 4 block(s)
	 #2 (6.6175e-01, 1.1481e-05): lin 1 (0.0e+00)
Composition correction applied in 9 block(s)
Local chop applied in 2 block(s)
	 #3 (5.8761e-01, 1.2776e-05): lin 1 (0.0e+00)
Composition correction applied in 9 block(s)
Local chop applied in 1 block(s)
	 #4 (1.3465e+00, 1.7230e-05): lin 1 (0.0e+00)
Composition correction applied in 9 block(s)
Local chop applied in 1 block(s)
	 #5 (4.8317e-01, 3.6377e-05): lin 1 (0.0e+00)
Composition correction applied in 9 block(s)
Local chop applied in 1 block(s)
	 #6 (7.6475e-01, 7.0408e-06): lin 1 (0.0e+00)
Composition correction applied in 9 block(s)
Local chop applied in 1 block(s)
	 #7 (2.7475e-01, 1.2508e-05): lin 1 (0.0e+00)
Composition correction applied in 9 block(s)
Local chop applied in 1 block(s)
	 #8 (2.9892e-01, 5.9784e-06): lin 1 (0.0e+00)
Composition correction applied in 9 block(s)
Local chop applied in 1 block(s)
	 #9 (8.3146e-02, 1.2284e-05): lin 1 (0.0e+00)
Composition correction applied in 9 block(s)
	 #10 (2.5006e-02, 9.3053e-06): lin 1 (0.0e+00)
Composition correction applied in 8 block(s)
	 #11 (4.3534e-03, 6.7815e-06): lin 1 (0.0e+00)
Composition correction applied in 8 block(s)
-------------------------------------------------------------------------------------------------------------
 T = 57.61, DT = 2.5, NI = 11, LI = 11, RES = 2.2e-04 (1.4e-05), CFL=4.616 (ELAPSED 00:00:00, REMAINING 00:00:02 )
-------------------------------------------------------------------------------------------------------------
	 #1 (1.8107e-01, 2.7613e-05): lin 1 (0.0e+00)
Composition correction applied in 9 block(s)
Local chop applied in 6 block(s)
	 #2 (4.4841e+00, 1.1647e-05): lin 1 (0.0e+00)
Composition correction applied in 9 block(s)
Local chop applied in 1 block(s)
	 #3 (1.7505e+01, 4.1362e-03): lin 1 (0.0e+00)
Composition correction applied in 7 block(s)
Local chop applied in 1 block(s)
	 #4 (4.0365e+00, 6.0052e-03): lin 1 (0.0e+00)
Composition correction applied in 8 block(s)
Local chop applied in 1 block(s)
	 #5 (1.4565e+01, 3.2717e-03): lin 1 (0.0e+00)
Composition correction applied in 7 block(s)
Local chop applied in 1 block(s)
	 #6 (3.9998e+00, 3.1637e-03): lin 1 (0.0e+00)
Composition correction applied in 7 block(s)
Local chop applied in 1 block(s)
	 #7 (1.3228e+01, 2.4977e-03): lin 1 (0.0e+00)
Composition correction applied in 6 block(s)
Local chop applied in 1 block(s)
	 #8 (3.6561e+00, 2.6295e-03): lin 1 (0.0e+00)
Composition correction applied in 6 block(s)
Local chop applied in 1 block(s)
	 #9 (1.1262e+01, 1.7453e-03): lin 1 (0.0e+00)
Composition correction applied in 5 block(s)
Local chop applied in 1 block(s)
	 #10 (2.5208e+00, 2.1401e+04): lin 1 (0.0e+00)
Composition correction applied in 5 block(s)
Local chop applied in 1 block(s)
	 #11 (9.3138e+00, 7.5603e+04): lin 1 (0.0e+00)
Composition correction applied in 4 block(s)
Local chop applied in 2 block(s)
	 #12 (3.8090e-01, 2.7686e+07): lin 1 (0.0e+00)
Composition correction applied in 4 block(s)
Local chop applied in 2 block(s)
	 #13 (5.8401e-02, 4.9298e+09): lin 1 (0.0e+00)
Composition correction applied in 2 block(s)
Local chop applied in 1 block(s)
	 #14 (9.5025e-02, 1.6091e+07): lin 1 (0.0e+00)
Composition correction applied in 2 block(s)
	 #15 (3.1858e-03, 4.0471e+03): lin 1 (0.0e+00)
Composition correction applied in 2 block(s)
Local chop applied in 2 block(s)
	 #16 (1.0706e-05, 1.8207e+03): lin 1 (0.0e+00)
Composition correction applied in 2 block(s)
	 #17 (1.9618e-12, 5.0807e+01): lin 1 (0.0e+00)
Composition correction applied in 2 block(s)
-------------------------------------------------------------------------------------------------------------
 T = 62.61, DT = 5, NI = 17, LI = 17, RES = 5.4e-13 (9.4e-02), CFL=10.393 (ELAPSED 00:00:00, REMAINING 00:00:02 )
-------------------------------------------------------------------------------------------------------------
	 #1 (1.4292e-01, 4.0716e-01): lin 1 (0.0e+00)
Composition correction applied in 2 block(s)
Local chop applied in 5 block(s)
	 #2 (5.6245e-02, 2.9279e+00): lin 1 (0.0e+00)
Composition correction applied in 2 block(s)
	 #3 (2.8220e-03, 5.3196e-01): lin 1 (0.0e+00)
Composition correction applied in 2 block(s)
-------------------------------------------------------------------------------------------------------------
 T = 67.61, DT = 5, NI = 3, LI = 3, RES = 1.2e-05 (9.1e-02), CFL=12.024 (ELAPSED 00:00:00, REMAINING 00:00:02 )
-------------------------------------------------------------------------------------------------------------
	 #1 (6.6826e-02, 2.2057e-01): lin 1 (0.0e+00)
Composition correction applied in 2 block(s)
	 #2 (5.1727e-03, 2.1599e+00): lin 1 (0.0e+00)
Composition correction applied in 2 block(s)
-------------------------------------------------------------------------------------------------------------
 T = 72.61, DT = 5, NI = 2, LI = 2, RES = 3.0e-05 (5.2e-03), CFL=13.261 (ELAPSED 00:00:00, REMAINING 00:00:02 )
-------------------------------------------------------------------------------------------------------------
	 #1 (4.6813e-02, 7.8960e-02): lin 1 (0.0e+00)
Composition correction applied in 2 block(s)
	 #2 (3.4119e-03, 1.1069e+00): lin 1 (0.0e+00)
Composition correction applied in 2 block(s)
-------------------------------------------------------------------------------------------------------------
 T = 77.61, DT = 5, NI = 2, LI = 2, RES = 3.6e-06 (7.6e-04), CFL=14.162 (ELAPSED 00:00:00, REMAINING 00:00:01 )
-------------------------------------------------------------------------------------------------------------
	 #1 (4.0335e-02, 4.9709e-02): lin 1 (0.0e+00)
Composition correction applied in 2 block(s)
	 #2 (2.0174e-03, 6.8171e-01): lin 1 (0.0e+00)
Composition correction applied in 2 block(s)
-------------------------------------------------------------------------------------------------------------
 T = 82.61, DT = 5, NI = 2, LI = 2, RES = 3.6e-06 (4.5e-05), CFL=14.924 (ELAPSED 00:00:00, REMAINING 00:00:01 )
-------------------------------------------------------------------------------------------------------------
	 #1 (3.7135e-02, 3.8434e-02): lin 1 (0.0e+00)
Composition correction applied in 2 block(s)
	 #2 (2.1080e-03, 4.9770e-01): lin 1 (0.0e+00)
Composition correction applied in 2 block(s)
-------------------------------------------------------------------------------------------------------------
 T = 87.61, DT = 5, NI = 2, LI = 2, RES = 4.1e-07 (7.5e-05), CFL=15.601 (ELAPSED 00:00:00, REMAINING 00:00:01 )
-------------------------------------------------------------------------------------------------------------
	 #1 (3.5062e-02, 3.3054e-02): lin 1 (0.0e+00)
Composition correction applied in 2 block(s)
	 #2 (2.5090e-02, 4.7345e-01): lin 1 (0.0e+00)
Composition correction applied in 2 block(s)
-------------------------------------------------------------------------------------------------------------
 T = 92.61, DT = 5, NI = 2, LI = 2, RES = 4.2e-06 (1.5e-04), CFL=16.215 (ELAPSED 00:00:00, REMAINING 00:00:01 )
-------------------------------------------------------------------------------------------------------------
	 #1 (3.3508e-02, 2.9944e-02): lin 1 (0.0e+00)
Composition correction applied in 2 block(s)
	 #2 (2.1609e-03, 3.8749e-01): lin 1 (0.0e+00)
Composition correction applied in 2 block(s)
-------------------------------------------------------------------------------------------------------------
 T = 97.61, DT = 5, NI = 2, LI = 2, RES = 4.3e-06 (4.0e-05), CFL=16.778 (ELAPSED 00:00:00, REMAINING 00:00:01 )
-------------------------------------------------------------------------------------------------------------
	 #1 (3.2244e-02, 2.7858e-02): lin 1 (0.0e+00)
Composition correction applied in 2 block(s)
	 #2 (2.0563e-03, 3.1218e-01): lin 1 (0.0e+00)
Composition correction applied in 2 block(s)
-------------------------------------------------------------------------------------------------------------
 T = 102.61, DT = 5, NI = 2, LI = 2, RES = 2.6e-06 (1.4e-05), CFL=17.299 (ELAPSED 00:00:00, REMAINING 00:00:01 )
-------------------------------------------------------------------------------------------------------------
	 #1 (3.1164e-02, 2.6368e-02): lin 1 (0.0e+00)
Composition correction applied in 2 block(s)
	 #2 (1.9873e-03, 3.0287e-01): lin 1 (0.0e+00)
Composition correction applied in 2 block(s)
-------------------------------------------------------------------------------------------------------------
 T = 107.61, DT = 5, NI = 2, LI = 2, RES = 2.2e-07 (3.0e-05), CFL=17.784 (ELAPSED 00:00:00, REMAINING 00:00:01 )
-------------------------------------------------------------------------------------------------------------
	 #1 (3.0210e-02, 2.5236e-02): lin 1 (0.0e+00)
Composition correction applied in 2 block(s)
	 #2 (2.3888e-02, 2.3641e-01): lin 1 (0.0e+00)
Composition correction applied in 2 block(s)
-------------------------------------------------------------------------------------------------------------
 T = 112.61, DT = 5, NI = 2, LI = 2, RES = 1.6e-06 (3.1e-05), CFL=18.236 (ELAPSED 00:00:00, REMAINING 00:00:01 )
-------------------------------------------------------------------------------------------------------------
	 #1 (2.9349e-02, 2.4315e-02): lin 1 (0.0e+00)
Composition correction applied in 2 block(s)
	 #2 (1.6848e-03, 2.4343e-01): lin 1 (0.0e+00)
Composition correction applied in 2 block(s)
-------------------------------------------------------------------------------------------------------------
 T = 117.61, DT = 5, NI = 2, LI = 2, RES = 1.6e-07 (3.2e-05), CFL=18.658 (ELAPSED 00:00:00, REMAINING 00:00:01 )
-------------------------------------------------------------------------------------------------------------
	 #1 (2.8561e-02, 2.3554e-02): lin 1 (0.0e+00)
Composition correction applied in 2 block(s)
	 #2 (1.7020e-03, 3.6801e+00): lin 1 (0.0e+00)
Composition correction applied in 2 block(s)
-------------------------------------------------------------------------------------------------------------
 T = 122.61, DT = 5, NI = 2, LI = 2, RES = 3.6e-07 (2.7e-04), CFL=19.055 (ELAPSED 00:00:00, REMAINING 00:00:01 )
-------------------------------------------------------------------------------------------------------------
	 #1 (2.7831e-02, 2.2834e-02): lin 1 (0.0e+00)
Composition correction applied in 2 block(s)
	 #2 (1.3477e-02, 2.1999e-01): lin 1 (0.0e+00)
Composition correction applied in 2 block(s)
-------------------------------------------------------------------------------------------------------------
 T = 127.61, DT = 5, NI = 2, LI = 2, RES = 1.3e-06 (3.0e-05), CFL=19.427 (ELAPSED 00:00:00, REMAINING 00:00:01 )
-------------------------------------------------------------------------------------------------------------
	 #1 (2.7150e-02, 2.2326e-02): lin 1 (0.0e+00)
Composition correction applied in 2 block(s)
	 #2 (1.4397e-03, 2.1283e-01): lin 1 (0.0e+00)
Composition correction applied in 2 block(s)
-------------------------------------------------------------------------------------------------------------
 T = 132.61, DT = 5, NI = 2, LI = 2, RES = 1.1e-07 (2.7e-05), CFL=19.778 (ELAPSED 00:00:00, REMAINING 00:00:01 )
-------------------------------------------------------------------------------------------------------------
	 #1 (2.6509e-02, 2.1811e-02): lin 1 (0.0e+00)
Composition correction applied in 2 block(s)
	 #2 (1.5636e-03, 1.5576e-01): lin 1 (0.0e+00)
Composition correction applied in 2 block(s)
-------------------------------------------------------------------------------------------------------------
 T = 137.61, DT = 5, NI = 2, LI = 2, RES = 9.6e-08 (1.7e-05), CFL=20.108 (ELAPSED 00:00:00, REMAINING 00:00:01 )
-------------------------------------------------------------------------------------------------------------
	 #1 (2.5905e-02, 2.1347e-02): lin 1 (0.0e+00)
Composition correction applied in 2 block(s)
	 #2 (1.1502e-02, 1.5321e-01): lin 1 (0.0e+00)
Composition correction applied in 2 block(s)
-------------------------------------------------------------------------------------------------------------
 T = 142.61, DT = 5, NI = 2, LI = 2, RES = 1.4e-07 (7.8e-06), CFL=20.420 (ELAPSED 00:00:00, REMAINING 00:00:00 )
-------------------------------------------------------------------------------------------------------------
	 #1 (2.5333e-02, 2.0921e-02): lin 1 (0.0e+00)
Composition correction applied in 2 block(s)
	 #2 (1.3011e-03, 1.5019e-01): lin 1 (0.0e+00)
Composition correction applied in 2 block(s)
-------------------------------------------------------------------------------------------------------------
 T = 147.61, DT = 5, NI = 2, LI = 2, RES = 7.8e-08 (2.4e-05), CFL=20.715 (ELAPSED 00:00:00, REMAINING 00:00:00 )
-------------------------------------------------------------------------------------------------------------
	 #1 (2.4788e-02, 2.0524e-02): lin 1 (0.0e+00)
Composition correction applied in 2 block(s)
	 #2 (2.3255e-03, 1.4673e-01): lin 1 (0.0e+00)
Composition correction applied in 2 block(s)
-------------------------------------------------------------------------------------------------------------
 T = 152.61, DT = 5, NI = 2, LI = 2, RES = 9.4e-08 (9.1e-06), CFL=20.994 (ELAPSED 00:00:00, REMAINING 00:00:00 )
-------------------------------------------------------------------------------------------------------------
	 #1 (2.4270e-02, 2.0158e-02): lin 1 (0.0e+00)
Composition correction applied in 2 block(s)
	 #2 (1.4342e-02, 1.4287e-01): lin 1 (0.0e+00)
Composition correction applied in 2 block(s)
-------------------------------------------------------------------------------------------------------------
 T = 157.61, DT = 5, NI = 2, LI = 2, RES = 6.7e-07 (2.3e-05), CFL=21.258 (ELAPSED 00:00:00, REMAINING 00:00:00 )
-------------------------------------------------------------------------------------------------------------
	 #1 (2.3774e-02, 1.9814e-02): lin 1 (0.0e+00)
Composition correction applied in 2 block(s)
	 #2 (1.2760e-03, 9.5532e-02): lin 1 (0.0e+00)
Composition correction applied in 2 block(s)
-------------------------------------------------------------------------------------------------------------
 T = 162.61, DT = 5, NI = 2, LI = 2, RES = 5.9e-07 (2.6e-03), CFL=21.508 (ELAPSED 00:00:00, REMAINING 00:00:00 )
-------------------------------------------------------------------------------------------------------------
	 #1 (2.3299e-02, 1.8993e-02): lin 1 (0.0e+00)
Composition correction applied in 2 block(s)
	 #2 (2.5630e-03, 1.3799e-01): lin 1 (0.0e+00)
Composition correction applied in 2 block(s)
-------------------------------------------------------------------------------------------------------------
 T = 167.61, DT = 5, NI = 2, LI = 2, RES = 5.6e-07 (1.1e-05), CFL=21.745 (ELAPSED 00:00:00, REMAINING 00:00:00 )
-------------------------------------------------------------------------------------------------------------
	 #1 (2.2844e-02, 1.9181e-02): lin 1 (0.0e+00)
Composition correction applied in 2 block(s)
	 #2 (1.0199e-03, 9.0208e-02): lin 1 (0.0e+00)
Composition correction applied in 2 block(s)
-------------------------------------------------------------------------------------------------------------
 T = 172.61, DT = 5, NI = 2, LI = 2, RES = 4.9e-08 (2.1e-05), CFL=21.969 (ELAPSED 00:00:00, REMAINING 00:00:00 )
-------------------------------------------------------------------------------------------------------------
	 #1 (2.2407e-02, 1.8885e-02): lin 1 (0.0e+00)
Composition correction applied in 2 block(s)
	 #2 (2.9265e-03, 1.3191e-01): lin 1 (0.0e+00)
Composition correction applied in 2 block(s)
-------------------------------------------------------------------------------------------------------------
 T = 177.61, DT = 5, NI = 2, LI = 2, RES = 1.9e-07 (2.5e-05), CFL=22.183 (ELAPSED 00:00:00, REMAINING 00:00:00 )
-------------------------------------------------------------------------------------------------------------
	 #1 (2.1987e-02, 1.8607e-02): lin 1 (0.0e+00)
Composition correction applied in 2 block(s)
	 #2 (1.0164e-02, 8.5656e-02): lin 1 (0.0e+00)
Composition correction applied in 2 block(s)
-------------------------------------------------------------------------------------------------------------
 T = 182.61, DT = 5, NI = 2, LI = 2, RES = 4.3e-08 (1.9e-05), CFL=22.386 (ELAPSED 00:00:00, REMAINING 00:00:00 )
-------------------------------------------------------------------------------------------------------------
	 #1 (2.1582e-02, 1.8339e-02): lin 1 (0.0e+00)
Composition correction applied in 2 block(s)
	 #2 (2.1192e-03, 8.4503e-02): lin 1 (0.0e+00)
Composition correction applied in 2 block(s)
-------------------------------------------------------------------------------------------------------------
 T = 187.61, DT = 5, NI = 2, LI = 2, RES = 8.5e-07 (1.5e-05), CFL=22.578 (ELAPSED 00:00:00, REMAINING 00:00:00 )
-------------------------------------------------------------------------------------------------------------
	 #1 (2.1192e-02, 1.8079e-02): lin 1 (0.0e+00)
Composition correction applied in 2 block(s)
	 #2 (3.6874e-03, 8.3162e-02): lin 1 (0.0e+00)
Composition correction applied in 2 block(s)
-------------------------------------------------------------------------------------------------------------
 T = 192.61, DT = 5, NI = 2, LI = 2, RES = 4.9e-08 (2.6e-05), CFL=22.762 (ELAPSED 00:00:00, REMAINING 00:00:00 )
-------------------------------------------------------------------------------------------------------------
	 #1 (2.0816e-02, 1.7833e-02): lin 1 (0.0e+00)
Composition correction applied in 2 block(s)
	 #2 (1.4499e-03, 8.1648e-02): lin 1 (0.0e+00)
Composition correction applied in 2 block(s)
-------------------------------------------------------------------------------------------------------------
 T = 197.61, DT = 5, NI = 2, LI = 2, RES = 5.1e-08 (2.3e-05), CFL=22.936 (ELAPSED 00:00:00, REMAINING 00:00:00 )
-------------------------------------------------------------------------------------------------------------
	 #1 (2.0452e-02, 1.7594e-02): lin 1 (0.0e+00)
Composition correction applied in 2 block(s)
-------------------------------------------------------------------------------------------------------------
 T = 202.61, DT = 5, NI = 1, LI = 1, RES = 8.7e-04 (8.0e-02), CFL=23.103 (ELAPSED 00:00:00, REMAINING 00:00:00 )
-------------------------------------------------------------------------------------------------------------
	 #1 (2.0102e-02, 8.4455e-02): lin 1 (0.0e+00)
Composition correction applied in 2 block(s)
	 #2 (1.2115e-02, 7.6114e-02): lin 1 (0.0e+00)
Composition correction applied in 2 block(s)
-------------------------------------------------------------------------------------------------------------
 T = 207.61, DT = 5, NI = 2, LI = 2, RES = 8.8e-08 (1.7e-05), CFL=23.261 (ELAPSED 00:00:00, REMAINING 00:00:00 )
-------------------------------------------------------------------------------------------------------------
	 #1 (1.9761e-02, 1.7146e-02): lin 1 (0.0e+00)
Composition correction applied in 2 block(s)
-------------------------------------------------------------------------------------------------------------
 T = 212.61, DT = 5, NI = 1, LI = 1, RES = 8.1e-04 (7.6e-02), CFL=23.411 (ELAPSED 00:00:00, REMAINING 00:00:00 )
-------------------------------------------------------------------------------------------------------------
	 #1 (1.9431e-02, 8.0329e-02): lin 1 (0.0e+00)
Composition correction applied in 2 block(s)
	 #2 (8.4072e-03, 3.5891e-02): lin 1 (0.0e+00)
Composition correction applied in 2 block(s)
-------------------------------------------------------------------------------------------------------------
 T = 217.61, DT = 5, NI = 2, LI = 2, RES = 5.4e-08 (1.6e-05), CFL=23.555 (ELAPSED 00:00:00, REMAINING 00:00:00 )
-------------------------------------------------------------------------------------------------------------
	 #1 (1.9113e-02, 1.6708e-02): lin 1 (0.0e+00)
Composition correction applied in 2 block(s)
-------------------------------------------------------------------------------------------------------------
 T = 222.61, DT = 5, NI = 1, LI = 1, RES = 7.3e-04 (7.5e-02), CFL=23.693 (ELAPSED 00:00:01, REMAINING 00:00:00 )
-------------------------------------------------------------------------------------------------------------
	 #1 (1.8806e-02, 7.8594e-02): lin 1 (0.0e+00)
Composition correction applied in 2 block(s)
	 #2 (5.8415e-03, 7.0547e-02): lin 1 (0.0e+00)
Composition correction applied in 2 block(s)
-------------------------------------------------------------------------------------------------------------
 T = 227.61, DT = 5, NI = 2, LI = 2, RES = 2.7e-08 (1.3e-05), CFL=23.822 (ELAPSED 00:00:01, REMAINING 00:00:00 )
-------------------------------------------------------------------------------------------------------------
	 #1 (1.8505e-02, 1.6324e-02): lin 1 (0.0e+00)
Composition correction applied in 2 block(s)
	 #2 (5.2794e-03, 3.5725e-02): lin 1 (0.0e+00)
Composition correction applied in 2 block(s)
-------------------------------------------------------------------------------------------------------------
 T = 232.61, DT = 5, NI = 2, LI = 2, RES = 4.3e-07 (2.2e-05), CFL=23.947 (ELAPSED 00:00:01, REMAINING 00:00:00 )
-------------------------------------------------------------------------------------------------------------
	 #1 (1.8214e-02, 1.6130e-02): lin 1 (0.0e+00)
Composition correction applied in 2 block(s)
	 #2 (4.1286e-03, 7.0201e-02): lin 1 (0.0e+00)
Composition correction applied in 2 block(s)
-------------------------------------------------------------------------------------------------------------
 T = 237.61, DT = 5, NI = 2, LI = 2, RES = 2.6e-08 (1.6e-06), CFL=24.065 (ELAPSED 00:00:01, REMAINING 00:00:00 )
-------------------------------------------------------------------------------------------------------------
	 #1 (1.7932e-02, 1.5938e-02): lin 1 (0.0e+00)
Composition correction applied in 2 block(s)
	 #2 (5.5812e-03, 3.4505e-02): lin 1 (0.0e+00)
Composition correction applied in 2 block(s)
-------------------------------------------------------------------------------------------------------------
 T = 242.61, DT = 5, NI = 2, LI = 2, RES = 4.1e-07 (7.6e-06), CFL=24.178 (ELAPSED 00:00:01, REMAINING 00:00:00 )
-------------------------------------------------------------------------------------------------------------
	 #1 (1.7658e-02, 1.5758e-02): lin 1 (0.0e+00)
Composition correction applied in 2 block(s)
	 #2 (2.8895e-03, 6.7587e-02): lin 1 (0.0e+00)
Composition correction applied in 2 block(s)
-------------------------------------------------------------------------------------------------------------
 T = 247.61, DT = 5, NI = 2, LI = 2, RES = 2.2e-08 (7.2e-06), CFL=24.287 (ELAPSED 00:00:01, REMAINING 00:00:00 )
-------------------------------------------------------------------------------------------------------------
	 #1 (1.7391e-02, 1.5574e-02): lin 1 (0.0e+00)
Composition correction applied in 2 block(s)
-------------------------------------------------------------------------------------------------------------
 T = 252.61, DT = 5, NI = 1, LI = 1, RES = 5.4e-04 (3.3e-02), CFL=24.389 (ELAPSED 00:00:01, REMAINING 00:00:00 )
-------------------------------------------------------------------------------------------------------------
	 #1 (1.7131e-02, 3.6243e-02): lin 1 (0.0e+00)
Composition correction applied in 2 block(s)
	 #2 (2.1094e-03, 3.2302e-02): lin 1 (0.0e+00)
Composition correction applied in 2 block(s)
-------------------------------------------------------------------------------------------------------------
 T = 257.61, DT = 5, NI = 2, LI = 2, RES = 1.6e-08 (1.7e-05), CFL=24.488 (ELAPSED 00:00:01, REMAINING 00:00:00 )
-------------------------------------------------------------------------------------------------------------
	 #1 (1.6881e-02, 1.5223e-02): lin 1 (0.0e+00)
Composition correction applied in 2 block(s)
-------------------------------------------------------------------------------------------------------------
 T = 262.61, DT = 5, NI = 1, LI = 1, RES = 5.4e-04 (6.4e-02), CFL=24.583 (ELAPSED 00:00:01, REMAINING 00:00:00 )
-------------------------------------------------------------------------------------------------------------
	 #1 (1.6637e-02, 6.7363e-02): lin 1 (0.0e+00)
Composition correction applied in 2 block(s)
	 #2 (1.8185e-03, 2.9907e-02): lin 1 (0.0e+00)
Composition correction applied in 2 block(s)
-------------------------------------------------------------------------------------------------------------
 T = 267.61, DT = 5, NI = 2, LI = 2, RES = 1.5e-08 (2.1e-05), CFL=24.672 (ELAPSED 00:00:01, REMAINING 00:00:00 )
-------------------------------------------------------------------------------------------------------------
	 #1 (1.6397e-02, 1.4924e-02): lin 1 (0.0e+00)
Composition correction applied in 2 block(s)
-------------------------------------------------------------------------------------------------------------
 T = 272.61, DT = 5, NI = 1, LI = 1, RES = 5.1e-04 (3.1e-02), CFL=24.758 (ELAPSED 00:00:01, REMAINING 00:00:00 )
-------------------------------------------------------------------------------------------------------------
	 #1 (1.6163e-02, 3.4010e-02): lin 1 (0.0e+00)
Composition correction applied in 2 block(s)
	 #2 (2.1596e-03, 3.0363e-02): lin 1 (0.0e+00)
Composition correction applied in 2 block(s)
-------------------------------------------------------------------------------------------------------------
 T = 277.61, DT = 5, NI = 2, LI = 2, RES = 2.0e-08 (2.5e-05), CFL=24.840 (ELAPSED 00:00:01, REMAINING 00:00:00 )
-------------------------------------------------------------------------------------------------------------
	 #1 (1.5938e-02, 1.4581e-02): lin 1 (0.0e+00)
Composition correction applied in 2 block(s)
-------------------------------------------------------------------------------------------------------------
 T = 282.61, DT = 5, NI = 1, LI = 1, RES = 5.1e-04 (3.1e-02), CFL=24.918 (ELAPSED 00:00:01, REMAINING 00:00:00 )
-------------------------------------------------------------------------------------------------------------
	 #1 (1.5719e-02, 3.3422e-02): lin 1 (0.0e+00)
Composition correction applied in 2 block(s)
	 #2 (2.9821e-03, 5.6065e-02): lin 1 (0.0e+00)
Composition correction applied in 2 block(s)
-------------------------------------------------------------------------------------------------------------
 T = 287.61, DT = 5, NI = 2, LI = 2, RES = 7.3e-07 (9.6e-06), CFL=24.993 (ELAPSED 00:00:01, REMAINING 00:00:00 )
-------------------------------------------------------------------------------------------------------------
	 #1 (1.5502e-02, 1.4301e-02): lin 1 (0.0e+00)
Composition correction applied in 2 block(s)
	 #2 (5.0753e-04, 9.7471e-01): lin 1 (0.0e+00)
Composition correction applied in 2 block(s)
-------------------------------------------------------------------------------------------------------------
 T = 292.61, DT = 5, NI = 2, LI = 2, RES = 1.7e-07 (1.9e-05), CFL=25.064 (ELAPSED 00:00:01, REMAINING 00:00:00 )
-------------------------------------------------------------------------------------------------------------
	 #1 (1.5293e-02, 1.4155e-02): lin 1 (0.0e+00)
Composition correction applied in 2 block(s)
	 #2 (4.1096e-03, 2.8366e-02): lin 1 (0.0e+00)
Composition correction applied in 2 block(s)
-------------------------------------------------------------------------------------------------------------
 T = 297.61, DT = 5, NI = 2, LI = 2, RES = 1.0e-07 (2.2e-05), CFL=25.132 (ELAPSED 00:00:01, REMAINING 00:00:00 )
-------------------------------------------------------------------------------------------------------------
	 #1 (7.2120e-03, 6.6975e-03): lin 1 (0.0e+00)
Composition correction applied in 2 block(s)
-------------------------------------------------------------------------------------------------------------
 T = 300, DT = 2.39, NI = 1, LI = 1, RES = 1.1e-04 (7.6e-06), CFL=12.028 (ELAPSED 00:00:01, REMAINING 00:00:00 )
-------------------------------------------------------------------------------------------------------------

Total steps 70 (3) newton 330 (60) linear 330 (60)
---OBL Statistics---
Number of operators: 22
Number of points: 400
Number of interpolations: 1020800 
Number of points used: 9519 (5.949%)
Total elapsed 1.088987 sec
	jacobian assembly 0.990086 sec
		interpolation 0.977764 sec
			reservoir 0 interpolation 0.958296 sec
				body generation 0.946569 sec
					point generation 0.938104 sec
			well controls interpolation 0.017859 sec
				body generation 0.017210 sec
					point generation 0.016974 sec
			wellbore interpolation 0.020104 sec
				body generation 0.019644 sec
					point generation 0.019494 sec
	linear solver setup 0.000413 sec
		SUPERLU 0.000124 sec
	linear solver solve 0.038388 sec
		SUPERLU 0.035605 sec
	newton update 0.022546 sec
		composition correction 0.012239 sec
