darts-linear-solvers built on May  1 2023 11:41:06 by lorozco@login04 from GITDIR-NOTFOUND
darts-engines built on 15/05/2023, 14:52:47 by lorozco@login03 from 8e8f836-dirty
darts-package built on 15/05/2023 14:56:21 by lorozco@login03 from 8e8f836-dirty
Building connection list...
Processing mesh: 1000 reservoir blocks, 4 well blocks, 1003 connections
3-phase 3-component isothermal flow with kinetic reaction and diffusion CPU engine
Sim params: 
	First ts: 	0.01
	Max ts: 	20
	Mult ts: 	2
	Max i newton: 	10
	Max i linear: 	50
	Tol newton: 	0.01
	Tol linear: 	0.001

START SIMULATION
-------------------------------------------------------------------------------------------------------------
Well I1 initialized with BHP injector
Well P1 initialized with BHP producer
	 #1 (5.9692e-01, 2.2659e+03): lin 1 (0.0e+00)
Composition correction applied in 1 block(s)
	 #2 (1.7303e-03, 1.2182e+01): lin 1 (0.0e+00)
Composition correction applied in 1 block(s)
	 #3 (2.8881e-05, 1.9619e+00): lin 1 (0.0e+00)
Composition correction applied in 1 block(s)
-------------------------------------------------------------------------------------------------------------
 T = 0.01, DT = 0.01, NI = 3, LI = 3, RES = 1.9e-08 (1.3e-01), CFL=0.206 (ELAPSED 00:00:00 )
-------------------------------------------------------------------------------------------------------------
	 #1 (1.0519e-02, 2.7599e-01): lin 1 (0.0e+00)
Composition correction applied in 1 block(s)
-------------------------------------------------------------------------------------------------------------
 T = 0.03, DT = 0.02, NI = 1, LI = 1, RES = 1.1e-03 (3.5e-02), CFL=0.213 (ELAPSED 00:00:00 )
-------------------------------------------------------------------------------------------------------------
	 #1 (7.8526e-03, 7.1190e-02): lin 1 (0.0e+00)
Composition correction applied in 1 block(s)
-------------------------------------------------------------------------------------------------------------
 T = 0.07, DT = 0.04, NI = 1, LI = 1, RES = 7.2e-04 (2.0e-02), CFL=0.265 (ELAPSED 00:00:00 )
-------------------------------------------------------------------------------------------------------------
	 #1 (8.4004e-03, 4.1165e-02): lin 1 (0.0e+00)
Composition correction applied in 1 block(s)
-------------------------------------------------------------------------------------------------------------
 T = 0.15, DT = 0.08, NI = 1, LI = 1, RES = 9.8e-04 (8.6e-03), CFL=0.355 (ELAPSED 00:00:00 )
-------------------------------------------------------------------------------------------------------------
	 #1 (1.0139e-02, 1.7398e-02): lin 1 (0.0e+00)
Composition correction applied in 1 block(s)
-------------------------------------------------------------------------------------------------------------
 T = 0.31, DT = 0.16, NI = 1, LI = 1, RES = 1.3e-03 (2.8e-03), CFL=0.489 (ELAPSED 00:00:00 )
-------------------------------------------------------------------------------------------------------------
	 #1 (1.2399e-02, 5.7108e-03): lin 1 (0.0e+00)
Composition correction applied in 1 block(s)
-------------------------------------------------------------------------------------------------------------
 T = 0.63, DT = 0.32, NI = 1, LI = 1, RES = 2.0e-03 (7.0e-04), CFL=0.683 (ELAPSED 00:00:00 )
-------------------------------------------------------------------------------------------------------------
	 #1 (1.5697e-02, 1.3801e-03): lin 1 (0.0e+00)
Composition correction applied in 1 block(s)
-------------------------------------------------------------------------------------------------------------
 T = 1.27, DT = 0.64, NI = 1, LI = 1, RES = 2.9e-03 (8.4e-04), CFL=0.961 (ELAPSED 00:00:00 )
-------------------------------------------------------------------------------------------------------------
	 #1 (1.9862e-02, 1.6916e-03): lin 1 (0.0e+00)
Composition correction applied in 1 block(s)
-------------------------------------------------------------------------------------------------------------
 T = 2.55, DT = 1.28, NI = 1, LI = 1, RES = 4.4e-03 (1.2e-03), CFL=1.381 (ELAPSED 00:00:00 )
-------------------------------------------------------------------------------------------------------------
	 #1 (2.6342e-02, 2.3859e-03): lin 1 (0.0e+00)
Composition correction applied in 1 block(s)
-------------------------------------------------------------------------------------------------------------
 T = 5.11, DT = 2.56, NI = 1, LI = 1, RES = 5.3e-03 (1.0e-03), CFL=2.102 (ELAPSED 00:00:00 )
-------------------------------------------------------------------------------------------------------------
	 #1 (3.8410e-02, 2.0244e-03): lin 1 (0.0e+00)
Composition correction applied in 1 block(s)
	 #2 (1.0137e-02, 5.8523e-04): lin 1 (0.0e+00)
Composition correction applied in 1 block(s)
-------------------------------------------------------------------------------------------------------------
 T = 10.23, DT = 5.12, NI = 2, LI = 2, RES = 1.0e-04 (1.4e-06), CFL=3.517 (ELAPSED 00:00:00 )
-------------------------------------------------------------------------------------------------------------
	 #1 (5.9724e-02, 1.9925e-05): lin 1 (0.0e+00)
Composition correction applied in 1 block(s)
	 #2 (2.9181e-02, 2.1643e-04): lin 1 (0.0e+00)
Composition correction applied in 1 block(s)
-------------------------------------------------------------------------------------------------------------
 T = 20.47, DT = 10.24, NI = 2, LI = 2, RES = 5.5e-04 (1.9e-06), CFL=6.461 (ELAPSED 00:00:00 )
-------------------------------------------------------------------------------------------------------------
	 #1 (9.2215e-02, 5.3902e-05): lin 1 (0.0e+00)
Composition correction applied in 1 block(s)
	 #2 (6.6018e-02, 2.2427e-05): lin 1 (0.0e+00)
Composition correction applied in 1 block(s)
-------------------------------------------------------------------------------------------------------------
 T = 40.47, DT = 20, NI = 2, LI = 2, RES = 2.6e-03 (3.0e-06), CFL=12.868 (ELAPSED 00:00:00, REMAINING 00:00:01 )
-------------------------------------------------------------------------------------------------------------
	 #1 (6.7798e-02, 7.0033e-05): lin 1 (0.0e+00)
Composition correction applied in 1 block(s)
	 #2 (3.4479e-02, 4.0856e-06): lin 1 (0.0e+00)
Composition correction applied in 1 block(s)
-------------------------------------------------------------------------------------------------------------
 T = 60.47, DT = 20, NI = 2, LI = 2, RES = 6.9e-04 (6.1e-06), CFL=12.964 (ELAPSED 00:00:00, REMAINING 00:00:00 )
-------------------------------------------------------------------------------------------------------------
	 #1 (5.5084e-02, 7.9003e-05): lin 1 (0.0e+00)
Composition correction applied in 1 block(s)
	 #2 (2.2056e-02, 5.9407e-06): lin 1 (0.0e+00)
Composition correction applied in 1 block(s)
-------------------------------------------------------------------------------------------------------------
 T = 80.47, DT = 20, NI = 2, LI = 2, RES = 2.0e-04 (5.0e-06), CFL=13.043 (ELAPSED 00:00:00, REMAINING 00:00:00 )
-------------------------------------------------------------------------------------------------------------
	 #1 (4.7205e-02, 8.3532e-05): lin 1 (0.0e+00)
Composition correction applied in 1 block(s)
	 #2 (1.5938e-02, 6.6283e-06): lin 1 (0.0e+00)
Composition correction applied in 1 block(s)
-------------------------------------------------------------------------------------------------------------
 T = 100.47, DT = 20, NI = 2, LI = 2, RES = 2.1e-04 (1.6e-06), CFL=13.126 (ELAPSED 00:00:00, REMAINING 00:00:00 )
-------------------------------------------------------------------------------------------------------------
	 #1 (4.1745e-02, 8.5928e-05): lin 1 (0.0e+00)
Composition correction applied in 1 block(s)
	 #2 (1.2781e-02, 4.3416e-06): lin 1 (0.0e+00)
Composition correction applied in 1 block(s)
-------------------------------------------------------------------------------------------------------------
 T = 120.47, DT = 20, NI = 2, LI = 2, RES = 1.0e-04 (3.5e-06), CFL=13.215 (ELAPSED 00:00:00, REMAINING 00:00:00 )
-------------------------------------------------------------------------------------------------------------
	 #1 (3.7682e-02, 8.7783e-05): lin 1 (0.0e+00)
Composition correction applied in 1 block(s)
	 #2 (1.0714e-02, 5.6957e-06): lin 1 (0.0e+00)
Composition correction applied in 1 block(s)
-------------------------------------------------------------------------------------------------------------
 T = 140.47, DT = 20, NI = 2, LI = 2, RES = 6.7e-05 (3.8e-06), CFL=13.310 (ELAPSED 00:00:00, REMAINING 00:00:00 )
-------------------------------------------------------------------------------------------------------------
	 #1 (3.4505e-02, 8.9067e-05): lin 1 (0.0e+00)
Composition correction applied in 1 block(s)
-------------------------------------------------------------------------------------------------------------
 T = 160.47, DT = 20, NI = 1, LI = 1, RES = 9.2e-03 (5.2e-06), CFL=13.445 (ELAPSED 00:00:00, REMAINING 00:00:00 )
-------------------------------------------------------------------------------------------------------------
	 #1 (3.3242e-02, 8.6352e-05): lin 1 (0.0e+00)
Composition correction applied in 1 block(s)
-------------------------------------------------------------------------------------------------------------
 T = 180.47, DT = 20, NI = 1, LI = 1, RES = 8.1e-03 (3.9e-06), CFL=13.553 (ELAPSED 00:00:00, REMAINING 00:00:00 )
-------------------------------------------------------------------------------------------------------------
	 #1 (3.0907e-02, 8.7062e-05): lin 1 (0.0e+00)
Composition correction applied in 1 block(s)
-------------------------------------------------------------------------------------------------------------
 T = 200.47, DT = 20, NI = 1, LI = 1, RES = 7.5e-03 (4.4e-06), CFL=13.658 (ELAPSED 00:00:00, REMAINING 00:00:00 )
-------------------------------------------------------------------------------------------------------------
	 #1 (2.8995e-02, 8.7862e-05): lin 1 (0.0e+00)
Composition correction applied in 1 block(s)
-------------------------------------------------------------------------------------------------------------
 T = 220.47, DT = 20, NI = 1, LI = 1, RES = 6.6e-03 (5.3e-06), CFL=13.767 (ELAPSED 00:00:00, REMAINING 00:00:00 )
-------------------------------------------------------------------------------------------------------------
	 #1 (2.7287e-02, 8.8299e-05): lin 1 (0.0e+00)
Composition correction applied in 1 block(s)
-------------------------------------------------------------------------------------------------------------
 T = 240.47, DT = 20, NI = 1, LI = 1, RES = 6.1e-03 (4.2e-06), CFL=13.879 (ELAPSED 00:00:00, REMAINING 00:00:00 )
-------------------------------------------------------------------------------------------------------------
	 #1 (2.5842e-02, 8.8847e-05): lin 1 (0.0e+00)
Composition correction applied in 1 block(s)
-------------------------------------------------------------------------------------------------------------
 T = 260.47, DT = 20, NI = 1, LI = 1, RES = 5.6e-03 (4.3e-06), CFL=13.994 (ELAPSED 00:00:00, REMAINING 00:00:00 )
-------------------------------------------------------------------------------------------------------------
	 #1 (2.4566e-02, 8.9196e-05): lin 1 (0.0e+00)
Composition correction applied in 1 block(s)
-------------------------------------------------------------------------------------------------------------
 T = 280.47, DT = 20, NI = 1, LI = 1, RES = 5.3e-03 (5.8e-06), CFL=14.113 (ELAPSED 00:00:00, REMAINING 00:00:00 )
-------------------------------------------------------------------------------------------------------------
	 #1 (2.3460e-02, 8.9886e-05): lin 1 (0.0e+00)
Composition correction applied in 1 block(s)
-------------------------------------------------------------------------------------------------------------
 T = 300.47, DT = 20, NI = 1, LI = 1, RES = 4.9e-03 (4.5e-06), CFL=14.235 (ELAPSED 00:00:00, REMAINING 00:00:00 )
-------------------------------------------------------------------------------------------------------------
	 #1 (2.2449e-02, 9.0184e-05): lin 1 (0.0e+00)
Composition correction applied in 1 block(s)
-------------------------------------------------------------------------------------------------------------
 T = 320.47, DT = 20, NI = 1, LI = 1, RES = 4.6e-03 (4.7e-06), CFL=14.362 (ELAPSED 00:00:00, REMAINING 00:00:00 )
-------------------------------------------------------------------------------------------------------------
	 #1 (2.1557e-02, 9.0675e-05): lin 1 (0.0e+00)
Composition correction applied in 1 block(s)
-------------------------------------------------------------------------------------------------------------
 T = 340.47, DT = 20, NI = 1, LI = 1, RES = 4.4e-03 (4.9e-06), CFL=14.489 (ELAPSED 00:00:00, REMAINING 00:00:00 )
-------------------------------------------------------------------------------------------------------------
	 #1 (2.0750e-02, 9.1144e-05): lin 1 (0.0e+00)
Composition correction applied in 1 block(s)
-------------------------------------------------------------------------------------------------------------
 T = 360.47, DT = 20, NI = 1, LI = 1, RES = 4.2e-03 (6.6e-06), CFL=14.623 (ELAPSED 00:00:00, REMAINING 00:00:00 )
-------------------------------------------------------------------------------------------------------------
	 #1 (2.0012e-02, 9.1701e-05): lin 1 (0.0e+00)
Composition correction applied in 1 block(s)
-------------------------------------------------------------------------------------------------------------
 T = 380.47, DT = 20, NI = 1, LI = 1, RES = 4.0e-03 (5.3e-06), CFL=14.759 (ELAPSED 00:00:00, REMAINING 00:00:00 )
-------------------------------------------------------------------------------------------------------------
	 #1 (1.9333e-02, 9.2197e-05): lin 1 (0.0e+00)
Composition correction applied in 1 block(s)
-------------------------------------------------------------------------------------------------------------
 T = 400.47, DT = 20, NI = 1, LI = 1, RES = 3.8e-03 (6.5e-06), CFL=14.900 (ELAPSED 00:00:00, REMAINING 00:00:00 )
-------------------------------------------------------------------------------------------------------------
	 #1 (1.8717e-02, 9.2827e-05): lin 1 (0.0e+00)
Composition correction applied in 1 block(s)
-------------------------------------------------------------------------------------------------------------
 T = 420.47, DT = 20, NI = 1, LI = 1, RES = 3.7e-03 (6.1e-06), CFL=15.045 (ELAPSED 00:00:00, REMAINING 00:00:00 )
-------------------------------------------------------------------------------------------------------------
	 #1 (1.8156e-02, 9.3288e-05): lin 1 (0.0e+00)
Composition correction applied in 1 block(s)
-------------------------------------------------------------------------------------------------------------
 T = 440.47, DT = 20, NI = 1, LI = 1, RES = 3.6e-03 (7.7e-06), CFL=15.196 (ELAPSED 00:00:00, REMAINING 00:00:00 )
-------------------------------------------------------------------------------------------------------------
	 #1 (1.7640e-02, 9.4012e-05): lin 1 (0.0e+00)
Composition correction applied in 1 block(s)
-------------------------------------------------------------------------------------------------------------
 T = 460.47, DT = 20, NI = 1, LI = 1, RES = 3.4e-03 (7.1e-06), CFL=15.352 (ELAPSED 00:00:00, REMAINING 00:00:00 )
-------------------------------------------------------------------------------------------------------------
	 #1 (1.7159e-02, 9.4511e-05): lin 1 (0.0e+00)
Composition correction applied in 1 block(s)
-------------------------------------------------------------------------------------------------------------
 T = 480.47, DT = 20, NI = 1, LI = 1, RES = 3.3e-03 (7.5e-06), CFL=15.514 (ELAPSED 00:00:00, REMAINING 00:00:00 )
-------------------------------------------------------------------------------------------------------------
	 #1 (1.6713e-02, 9.5131e-05): lin 1 (0.0e+00)
Composition correction applied in 1 block(s)
-------------------------------------------------------------------------------------------------------------
 T = 500.47, DT = 20, NI = 1, LI = 1, RES = 3.2e-03 (8.2e-06), CFL=15.678 (ELAPSED 00:00:00, REMAINING 00:00:00 )
-------------------------------------------------------------------------------------------------------------
	 #1 (1.6299e-02, 9.5609e-05): lin 1 (0.0e+00)
Composition correction applied in 1 block(s)
-------------------------------------------------------------------------------------------------------------
 T = 520.47, DT = 20, NI = 1, LI = 1, RES = 3.1e-03 (7.4e-06), CFL=15.852 (ELAPSED 00:00:00, REMAINING 00:00:00 )
-------------------------------------------------------------------------------------------------------------
	 #1 (1.5906e-02, 9.5958e-05): lin 1 (0.0e+00)
Composition correction applied in 1 block(s)
-------------------------------------------------------------------------------------------------------------
 T = 540.47, DT = 20, NI = 1, LI = 1, RES = 3.0e-03 (7.9e-06), CFL=16.029 (ELAPSED 00:00:00, REMAINING 00:00:00 )
-------------------------------------------------------------------------------------------------------------
	 #1 (1.5553e-02, 9.6011e-05): lin 1 (0.0e+00)
Composition correction applied in 1 block(s)
-------------------------------------------------------------------------------------------------------------
 T = 560.47, DT = 20, NI = 1, LI = 1, RES = 2.9e-03 (9.4e-06), CFL=16.214 (ELAPSED 00:00:00, REMAINING 00:00:00 )
-------------------------------------------------------------------------------------------------------------
	 #1 (1.5211e-02, 9.5114e-05): lin 1 (0.0e+00)
Composition correction applied in 1 block(s)
-------------------------------------------------------------------------------------------------------------
 T = 580.47, DT = 20, NI = 1, LI = 1, RES = 2.9e-03 (8.9e-06), CFL=16.405 (ELAPSED 00:00:00, REMAINING 00:00:00 )
-------------------------------------------------------------------------------------------------------------
	 #1 (1.4904e-02, 9.2332e-05): lin 1 (0.0e+00)
Composition correction applied in 1 block(s)
-------------------------------------------------------------------------------------------------------------
 T = 600.47, DT = 20, NI = 1, LI = 1, RES = 2.8e-03 (9.6e-06), CFL=16.605 (ELAPSED 00:00:00, REMAINING 00:00:00 )
-------------------------------------------------------------------------------------------------------------
	 #1 (1.4614e-02, 8.5728e-05): lin 1 (0.0e+00)
Composition correction applied in 1 block(s)
-------------------------------------------------------------------------------------------------------------
 T = 620.47, DT = 20, NI = 1, LI = 1, RES = 2.8e-03 (9.8e-06), CFL=16.810 (ELAPSED 00:00:00, REMAINING 00:00:00 )
-------------------------------------------------------------------------------------------------------------
	 #1 (1.4339e-02, 7.1757e-05): lin 1 (0.0e+00)
Composition correction applied in 1 block(s)
-------------------------------------------------------------------------------------------------------------
 T = 640.47, DT = 20, NI = 1, LI = 1, RES = 2.7e-03 (1.0e-05), CFL=17.026 (ELAPSED 00:00:00, REMAINING 00:00:00 )
-------------------------------------------------------------------------------------------------------------
	 #1 (1.4085e-02, 4.4487e-05): lin 1 (0.0e+00)
Composition correction applied in 1 block(s)
-------------------------------------------------------------------------------------------------------------
 T = 660.47, DT = 20, NI = 1, LI = 1, RES = 2.6e-03 (1.1e-05), CFL=17.249 (ELAPSED 00:00:00, REMAINING 00:00:00 )
-------------------------------------------------------------------------------------------------------------
	 #1 (1.3837e-02, 1.4257e-05): lin 1 (0.0e+00)
Composition correction applied in 1 block(s)
-------------------------------------------------------------------------------------------------------------
 T = 680.47, DT = 20, NI = 1, LI = 1, RES = 2.6e-03 (1.1e-05), CFL=17.482 (ELAPSED 00:00:00, REMAINING 00:00:00 )
-------------------------------------------------------------------------------------------------------------
	 #1 (1.3622e-02, 9.2568e-05): lin 1 (0.0e+00)
Composition correction applied in 1 block(s)
-------------------------------------------------------------------------------------------------------------
 T = 700.47, DT = 20, NI = 1, LI = 1, RES = 2.6e-03 (1.1e-05), CFL=17.726 (ELAPSED 00:00:00, REMAINING 00:00:00 )
-------------------------------------------------------------------------------------------------------------
	 #1 (1.3406e-02, 2.3613e-04): lin 1 (0.0e+00)
Composition correction applied in 1 block(s)
-------------------------------------------------------------------------------------------------------------
 T = 720.47, DT = 20, NI = 1, LI = 1, RES = 2.5e-03 (9.3e-06), CFL=17.978 (ELAPSED 00:00:00, REMAINING 00:00:00 )
-------------------------------------------------------------------------------------------------------------
	 #1 (1.3213e-02, 4.6162e-04): lin 1 (0.0e+00)
Composition correction applied in 1 block(s)
-------------------------------------------------------------------------------------------------------------
 T = 740.47, DT = 20, NI = 1, LI = 1, RES = 2.5e-03 (7.7e-06), CFL=18.244 (ELAPSED 00:00:00, REMAINING 00:00:00 )
-------------------------------------------------------------------------------------------------------------
	 #1 (1.3029e-02, 7.9914e-04): lin 1 (0.0e+00)
Composition correction applied in 1 block(s)
-------------------------------------------------------------------------------------------------------------
 T = 760.47, DT = 20, NI = 1, LI = 1, RES = 2.5e-03 (8.3e-06), CFL=18.520 (ELAPSED 00:00:00, REMAINING 00:00:00 )
-------------------------------------------------------------------------------------------------------------
	 #1 (1.2865e-02, 1.2812e-03): lin 1 (0.0e+00)
Composition correction applied in 1 block(s)
-------------------------------------------------------------------------------------------------------------
 T = 780.47, DT = 20, NI = 1, LI = 1, RES = 2.5e-03 (8.9e-06), CFL=18.808 (ELAPSED 00:00:00, REMAINING 00:00:00 )
-------------------------------------------------------------------------------------------------------------
	 #1 (1.2704e-02, 1.9396e-03): lin 1 (0.0e+00)
Composition correction applied in 1 block(s)
-------------------------------------------------------------------------------------------------------------
 T = 800.47, DT = 20, NI = 1, LI = 1, RES = 2.5e-03 (1.9e-05), CFL=19.107 (ELAPSED 00:00:00, REMAINING 00:00:00 )
-------------------------------------------------------------------------------------------------------------
	 #1 (1.2537e-02, 2.8052e-03): lin 1 (0.0e+00)
Composition correction applied in 1 block(s)
-------------------------------------------------------------------------------------------------------------
 T = 820.47, DT = 20, NI = 1, LI = 1, RES = 2.4e-03 (3.8e-02), CFL=19.420 (ELAPSED 00:00:00, REMAINING 00:00:00 )
-------------------------------------------------------------------------------------------------------------
	 #1 (1.2375e-02, 4.2249e-02): lin 1 (0.0e+00)
Composition correction applied in 1 block(s)
-------------------------------------------------------------------------------------------------------------
 T = 840.47, DT = 20, NI = 1, LI = 1, RES = 2.3e-03 (5.3e-04), CFL=19.742 (ELAPSED 00:00:00, REMAINING 00:00:00 )
-------------------------------------------------------------------------------------------------------------
	 #1 (1.2197e-02, 3.7797e-03): lin 1 (0.0e+00)
Composition correction applied in 1 block(s)
-------------------------------------------------------------------------------------------------------------
 T = 860.47, DT = 20, NI = 1, LI = 1, RES = 2.3e-03 (3.7e-05), CFL=20.074 (ELAPSED 00:00:00, REMAINING 00:00:00 )
-------------------------------------------------------------------------------------------------------------
	 #1 (1.2034e-02, 4.4467e-03): lin 1 (0.0e+00)
Composition correction applied in 1 block(s)
-------------------------------------------------------------------------------------------------------------
 T = 880.47, DT = 20, NI = 1, LI = 1, RES = 2.3e-03 (4.3e-05), CFL=20.416 (ELAPSED 00:00:00, REMAINING 00:00:00 )
-------------------------------------------------------------------------------------------------------------
	 #1 (1.1884e-02, 4.7675e-03): lin 1 (0.0e+00)
Composition correction applied in 1 block(s)
-------------------------------------------------------------------------------------------------------------
 T = 900.47, DT = 20, NI = 1, LI = 1, RES = 2.3e-03 (4.5e-05), CFL=20.770 (ELAPSED 00:00:00, REMAINING 00:00:00 )
-------------------------------------------------------------------------------------------------------------
	 #1 (1.1723e-02, 5.1323e-03): lin 1 (0.0e+00)
Composition correction applied in 1 block(s)
-------------------------------------------------------------------------------------------------------------
 T = 920.47, DT = 20, NI = 1, LI = 1, RES = 2.3e-03 (4.6e-05), CFL=21.137 (ELAPSED 00:00:00, REMAINING 00:00:00 )
-------------------------------------------------------------------------------------------------------------
	 #1 (1.1563e-02, 5.5166e-03): lin 1 (0.0e+00)
Composition correction applied in 1 block(s)
-------------------------------------------------------------------------------------------------------------
 T = 940.47, DT = 20, NI = 1, LI = 1, RES = 2.2e-03 (1.7e-04), CFL=21.515 (ELAPSED 00:00:00, REMAINING 00:00:00 )
-------------------------------------------------------------------------------------------------------------
	 #1 (1.1398e-02, 5.8814e-03): lin 1 (0.0e+00)
Composition correction applied in 1 block(s)
-------------------------------------------------------------------------------------------------------------
 T = 960.47, DT = 20, NI = 1, LI = 1, RES = 2.2e-03 (3.7e-05), CFL=21.906 (ELAPSED 00:00:00, REMAINING 00:00:00 )
-------------------------------------------------------------------------------------------------------------
	 #1 (1.1227e-02, 6.3818e-03): lin 1 (0.0e+00)
Composition correction applied in 1 block(s)
-------------------------------------------------------------------------------------------------------------
 T = 980.47, DT = 20, NI = 1, LI = 1, RES = 2.2e-03 (4.3e-05), CFL=22.309 (ELAPSED 00:00:00, REMAINING 00:00:00 )
-------------------------------------------------------------------------------------------------------------
	 #1 (1.0789e-02, 6.7012e-03): lin 1 (0.0e+00)
Composition correction applied in 1 block(s)
-------------------------------------------------------------------------------------------------------------
 T = 1000, DT = 19.53, NI = 1, LI = 1, RES = 2.1e-03 (3.7e-05), CFL=22.173 (ELAPSED 00:00:00, REMAINING 00:00:00 )
-------------------------------------------------------------------------------------------------------------

Total steps 60 (0) newton 70 (0) linear 70 (0)
---OBL Statistics---
Number of operators: 37
Number of points: 100
Number of interpolations: 4847000 
Number of points used: 1097 (0.110%)
Total elapsed 0.365665 sec
	jacobian assembly 0.237731 sec
		interpolation 0.197467 sec
			reservoir 0 interpolation 0.196708 sec
				body generation 0.156189 sec
					point generation 0.155099 sec
			well controls interpolation 0.002419 sec
				body generation 0.002190 sec
					point generation 0.002149 sec
			wellbore interpolation 0.004206 sec
				body generation 0.004012 sec
					point generation 0.003985 sec
	linear solver setup 0.000081 sec
		SUPERLU 0.000024 sec
	linear solver solve 0.107271 sec
		SUPERLU 0.098766 sec
	newton update 0.007045 sec
		composition correction 0.002918 sec
