darts-linear-solvers built on May  1 2023 11:41:06 by lorozco@login04 from GITDIR-NOTFOUND
darts-engines built on 15/05/2023, 14:52:47 by lorozco@login03 from 8e8f836-dirty
darts-package built on 15/05/2023 14:56:21 by lorozco@login03 from 8e8f836-dirty
Building connection list...
Processing mesh: 1000 reservoir blocks, 4 well blocks, 1003 connections
3-phase 4-component isothermal flow with kinetic reaction and diffusion CPU engine
Sim params: 
	First ts: 	0.001
	Max ts: 	1
	Mult ts: 	2
	Max i newton: 	10
	Max i linear: 	50
	Tol newton: 	0.01
	Tol linear: 	0.001

START SIMULATION
-------------------------------------------------------------------------------------------------------------
Well I1 initialized with gas rate injector
Well P1 initialized with BHP producer
	 #1 (5.8818e-04, 7.1423e+05): lin 1 (0.0e+00)
Composition correction applied in 2 block(s)
-------------------------------------------------------------------------------------------------------------
 T = 0.001, DT = 0.001, NI = 1, LI = 1, RES = 2.7e-07 (3.2e-03), CFL=0.000 (ELAPSED 00:00:00 )
-------------------------------------------------------------------------------------------------------------
	 #1 (8.4045e-05, 4.7704e-03): lin 1 (0.0e+00)
Composition correction applied in 2 block(s)
-------------------------------------------------------------------------------------------------------------
 T = 0.003, DT = 0.002, NI = 1, LI = 1, RES = 4.2e-08 (4.5e-06), CFL=0.000 (ELAPSED 00:00:00 )
-------------------------------------------------------------------------------------------------------------
	 #1 (1.6478e-04, 2.4692e-03): lin 1 (0.0e+00)
Composition correction applied in 2 block(s)
-------------------------------------------------------------------------------------------------------------
 T = 0.007, DT = 0.004, NI = 1, LI = 1, RES = 1.6e-06 (9.0e-07), CFL=0.001 (ELAPSED 00:00:00 )
-------------------------------------------------------------------------------------------------------------
	 #1 (3.2952e-04, 3.0462e-03): lin 1 (0.0e+00)
Composition correction applied in 2 block(s)
-------------------------------------------------------------------------------------------------------------
 T = 0.015, DT = 0.008, NI = 1, LI = 1, RES = 6.8e-07 (1.3e-06), CFL=0.002 (ELAPSED 00:00:00 )
-------------------------------------------------------------------------------------------------------------
	 #1 (6.5853e-04, 4.0708e-03): lin 1 (0.0e+00)
Composition correction applied in 2 block(s)
-------------------------------------------------------------------------------------------------------------
 T = 0.031, DT = 0.016, NI = 1, LI = 1, RES = 1.1e-06 (2.2e-06), CFL=0.004 (ELAPSED 00:00:00 )
-------------------------------------------------------------------------------------------------------------
	 #1 (1.3142e-03, 5.6162e-03): lin 1 (0.0e+00)
Composition correction applied in 2 block(s)
-------------------------------------------------------------------------------------------------------------
 T = 0.063, DT = 0.032, NI = 1, LI = 1, RES = 6.6e-06 (4.1e-06), CFL=0.008 (ELAPSED 00:00:00 )
-------------------------------------------------------------------------------------------------------------
	 #1 (2.6144e-03, 7.8642e-03): lin 1 (0.0e+00)
Composition correction applied in 2 block(s)
-------------------------------------------------------------------------------------------------------------
 T = 0.127, DT = 0.064, NI = 1, LI = 1, RES = 1.2e-05 (7.9e-06), CFL=0.018 (ELAPSED 00:00:00 )
-------------------------------------------------------------------------------------------------------------
	 #1 (5.1674e-03, 1.1097e-02): lin 1 (0.0e+00)
Composition correction applied in 2 block(s)
-------------------------------------------------------------------------------------------------------------
 T = 0.255, DT = 0.128, NI = 1, LI = 1, RES = 1.1e-03 (1.6e-05), CFL=0.037 (ELAPSED 00:00:00 )
-------------------------------------------------------------------------------------------------------------
	 #1 (1.0301e-02, 1.5673e-02): lin 1 (0.0e+00)
Composition correction applied in 2 block(s)
-------------------------------------------------------------------------------------------------------------
 T = 0.511, DT = 0.256, NI = 1, LI = 1, RES = 3.4e-03 (1.3e-03), CFL=0.307 (ELAPSED 00:00:00 )
-------------------------------------------------------------------------------------------------------------
	 #1 (1.0340e-02, 1.1296e-01): lin 1 (0.0e+00)
Composition correction applied in 2 block(s)
-------------------------------------------------------------------------------------------------------------
 T = 1.023, DT = 0.512, NI = 1, LI = 1, RES = 5.1e-03 (2.1e-04), CFL=0.457 (ELAPSED 00:00:00 )
-------------------------------------------------------------------------------------------------------------
	 #1 (2.6691e-02, 5.9207e-03): lin 1 (0.0e+00)
Composition correction applied in 2 block(s)
	 #2 (5.5904e-02, 6.5012e-04): lin 1 (0.0e+00)
Composition correction applied in 2 block(s)
-------------------------------------------------------------------------------------------------------------
 T = 2.023, DT = 1, NI = 2, LI = 2, RES = 7.1e-03 (1.3e-05), CFL=0.976 (ELAPSED 00:00:00, REMAINING 00:00:13 )
-------------------------------------------------------------------------------------------------------------
	 #1 (1.7783e-02, 4.1920e-02): lin 1 (0.0e+00)
Composition correction applied in 2 block(s)
	 #2 (5.4378e-02, 2.1005e-04): lin 1 (0.0e+00)
Composition correction applied in 2 block(s)
-------------------------------------------------------------------------------------------------------------
 T = 3.023, DT = 1, NI = 2, LI = 2, RES = 8.5e-03 (1.2e-06), CFL=0.949 (ELAPSED 00:00:00, REMAINING 00:00:08 )
-------------------------------------------------------------------------------------------------------------
	 #1 (1.5395e-02, 2.8832e-02): lin 1 (0.0e+00)
Composition correction applied in 2 block(s)
	 #2 (1.9637e-02, 1.5259e-04): lin 1 (0.0e+00)
Composition correction applied in 2 block(s)
-------------------------------------------------------------------------------------------------------------
 T = 4.023, DT = 1, NI = 2, LI = 2, RES = 1.2e-03 (1.2e-04), CFL=0.878 (ELAPSED 00:00:00, REMAINING 00:00:08 )
-------------------------------------------------------------------------------------------------------------
	 #1 (1.2292e-02, 7.2630e-03): lin 1 (0.0e+00)
Composition correction applied in 2 block(s)
	 #2 (2.8222e-02, 7.0730e-06): lin 1 (0.0e+00)
Composition correction applied in 2 block(s)
-------------------------------------------------------------------------------------------------------------
 T = 5.023, DT = 1, NI = 2, LI = 2, RES = 3.5e-03 (1.6e-07), CFL=0.862 (ELAPSED 00:00:00, REMAINING 00:00:07 )
-------------------------------------------------------------------------------------------------------------
	 #1 (1.1433e-02, 9.5103e-03): lin 1 (0.0e+00)
Composition correction applied in 2 block(s)
	 #2 (1.8963e-02, 8.2400e-05): lin 1 (0.0e+00)
Composition correction applied in 2 block(s)
-------------------------------------------------------------------------------------------------------------
 T = 6.023, DT = 1, NI = 2, LI = 2, RES = 1.1e-03 (4.4e-05), CFL=0.864 (ELAPSED 00:00:00, REMAINING 00:00:07 )
-------------------------------------------------------------------------------------------------------------
	 #1 (1.0559e-02, 6.5540e-04): lin 1 (0.0e+00)
Composition correction applied in 2 block(s)
	 #2 (3.1061e-02, 4.8595e-05): lin 1 (0.0e+00)
Composition correction applied in 2 block(s)
-------------------------------------------------------------------------------------------------------------
 T = 7.023, DT = 1, NI = 2, LI = 2, RES = 8.3e-03 (4.2e-05), CFL=0.862 (ELAPSED 00:00:00, REMAINING 00:00:07 )
-------------------------------------------------------------------------------------------------------------
	 #1 (1.3284e-02, 1.0417e-03): lin 1 (0.0e+00)
Composition correction applied in 2 block(s)
	 #2 (2.9485e-02, 4.2870e-07): lin 1 (0.0e+00)
Composition correction applied in 2 block(s)
-------------------------------------------------------------------------------------------------------------
 T = 8.023, DT = 1, NI = 2, LI = 2, RES = 3.2e-03 (3.8e-06), CFL=0.849 (ELAPSED 00:00:00, REMAINING 00:00:07 )
-------------------------------------------------------------------------------------------------------------
	 #1 (9.8251e-03, 3.7179e-03): lin 1 (0.0e+00)
Composition correction applied in 1 block(s)
	 #2 (1.4834e-02, 7.4890e-05): lin 1 (0.0e+00)
Composition correction applied in 2 block(s)
-------------------------------------------------------------------------------------------------------------
 T = 9.023, DT = 1, NI = 2, LI = 2, RES = 9.5e-04 (5.7e-05), CFL=0.852 (ELAPSED 00:00:00, REMAINING 00:00:07 )
-------------------------------------------------------------------------------------------------------------
	 #1 (9.1920e-03, 2.5574e-04): lin 1 (0.0e+00)
Composition correction applied in 2 block(s)
	 #2 (2.3027e-02, 4.2527e-06): lin 1 (0.0e+00)
Composition correction applied in 2 block(s)
-------------------------------------------------------------------------------------------------------------
 T = 10.023, DT = 1, NI = 2, LI = 2, RES = 2.8e-03 (3.3e-07), CFL=0.843 (ELAPSED 00:00:00, REMAINING 00:00:06 )
-------------------------------------------------------------------------------------------------------------
	 #1 (8.9755e-03, 3.2829e-03): lin 1 (0.0e+00)
Composition correction applied in 2 block(s)
	 #2 (1.7817e-02, 3.4760e-05): lin 1 (0.0e+00)
Composition correction applied in 2 block(s)
-------------------------------------------------------------------------------------------------------------
 T = 11.023, DT = 1, NI = 2, LI = 2, RES = 1.0e-03 (1.5e-05), CFL=0.852 (ELAPSED 00:00:00, REMAINING 00:00:06 )
-------------------------------------------------------------------------------------------------------------
	 #1 (8.7137e-03, 1.1823e-03): lin 1 (0.0e+00)
Composition correction applied in 2 block(s)
	 #2 (1.1194e-02, 2.9735e-05): lin 1 (0.0e+00)
Composition correction applied in 2 block(s)
-------------------------------------------------------------------------------------------------------------
 T = 12.023, DT = 1, NI = 2, LI = 2, RES = 9.5e-04 (3.7e-05), CFL=0.846 (ELAPSED 00:00:00, REMAINING 00:00:06 )
-------------------------------------------------------------------------------------------------------------
	 #1 (8.3954e-03, 2.0362e-04): lin 1 (0.0e+00)
Composition correction applied in 2 block(s)
	 #2 (1.9255e-02, 2.2211e-07): lin 1 (0.0e+00)
Composition correction applied in 2 block(s)
-------------------------------------------------------------------------------------------------------------
 T = 13.023, DT = 1, NI = 2, LI = 2, RES = 1.9e-03 (3.8e-07), CFL=0.840 (ELAPSED 00:00:01, REMAINING 00:00:06 )
-------------------------------------------------------------------------------------------------------------
	 #1 (8.1510e-03, 1.6958e-03): lin 1 (0.0e+00)
Composition correction applied in 2 block(s)
	 #2 (1.5982e-02, 2.6355e-05): lin 1 (0.0e+00)
Composition correction applied in 2 block(s)
-------------------------------------------------------------------------------------------------------------
 T = 14.023, DT = 1, NI = 2, LI = 2, RES = 7.4e-04 (1.4e-05), CFL=0.849 (ELAPSED 00:00:01, REMAINING 00:00:06 )
-------------------------------------------------------------------------------------------------------------
	 #1 (8.0483e-03, 1.0762e-03): lin 1 (0.0e+00)
Composition correction applied in 2 block(s)
-------------------------------------------------------------------------------------------------------------
 T = 15.023, DT = 1, NI = 1, LI = 1, RES = 8.7e-03 (1.7e-05), CFL=0.922 (ELAPSED 00:00:01, REMAINING 00:00:05 )
-------------------------------------------------------------------------------------------------------------
	 #1 (1.2834e-02, 6.0975e-03): lin 1 (0.0e+00)
Composition correction applied in 2 block(s)
	 #2 (1.2581e-02, 5.7099e-06): lin 1 (0.0e+00)
Composition correction applied in 2 block(s)
-------------------------------------------------------------------------------------------------------------
 T = 16.023, DT = 1, NI = 2, LI = 2, RES = 2.0e-03 (1.1e-05), CFL=0.832 (ELAPSED 00:00:01, REMAINING 00:00:05 )
-------------------------------------------------------------------------------------------------------------
	 #1 (8.1643e-03, 2.1863e-03): lin 1 (0.0e+00)
Composition correction applied in 2 block(s)
	 #2 (1.5968e-02, 5.7415e-06): lin 1 (0.0e+00)
Composition correction applied in 2 block(s)
-------------------------------------------------------------------------------------------------------------
 T = 17.023, DT = 1, NI = 2, LI = 2, RES = 9.6e-04 (6.4e-06), CFL=0.836 (ELAPSED 00:00:01, REMAINING 00:00:05 )
-------------------------------------------------------------------------------------------------------------
	 #1 (7.6801e-03, 1.0910e-03): lin 1 (0.0e+00)
Composition correction applied in 2 block(s)
	 #2 (1.1683e-02, 2.0984e-05): lin 1 (0.0e+00)
Composition correction applied in 2 block(s)
-------------------------------------------------------------------------------------------------------------
 T = 18.023, DT = 1, NI = 2, LI = 2, RES = 6.4e-04 (2.2e-05), CFL=0.838 (ELAPSED 00:00:01, REMAINING 00:00:05 )
-------------------------------------------------------------------------------------------------------------
	 #1 (7.4941e-03, 6.4650e-04): lin 1 (0.0e+00)
Composition correction applied in 2 block(s)
	 #2 (1.6746e-02, 2.4100e-06): lin 1 (0.0e+00)
Composition correction applied in 2 block(s)
-------------------------------------------------------------------------------------------------------------
 T = 19.023, DT = 1, NI = 2, LI = 2, RES = 2.9e-03 (1.4e-06), CFL=0.836 (ELAPSED 00:00:01, REMAINING 00:00:05 )
-------------------------------------------------------------------------------------------------------------
	 #1 (8.1456e-03, 7.8843e-04): lin 1 (0.0e+00)
Composition correction applied in 2 block(s)
	 #2 (1.5788e-02, 3.2141e-06): lin 1 (0.0e+00)
Composition correction applied in 2 block(s)
-------------------------------------------------------------------------------------------------------------
 T = 20.023, DT = 1, NI = 2, LI = 2, RES = 1.1e-03 (3.3e-06), CFL=0.837 (ELAPSED 00:00:01, REMAINING 00:00:05 )
-------------------------------------------------------------------------------------------------------------
	 #1 (7.3409e-03, 5.7246e-04): lin 1 (0.0e+00)
Composition correction applied in 2 block(s)
	 #2 (1.5168e-02, 1.6777e-05): lin 1 (0.0e+00)
Composition correction applied in 2 block(s)
-------------------------------------------------------------------------------------------------------------
 T = 21.023, DT = 1, NI = 2, LI = 2, RES = 7.7e-04 (1.5e-05), CFL=0.840 (ELAPSED 00:00:01, REMAINING 00:00:05 )
-------------------------------------------------------------------------------------------------------------
	 #1 (7.2285e-03, 2.0754e-05): lin 1 (0.0e+00)
Composition correction applied in 2 block(s)
	 #2 (1.2311e-02, 3.3585e-07): lin 1 (0.0e+00)
Composition correction applied in 2 block(s)
-------------------------------------------------------------------------------------------------------------
 T = 22.023, DT = 1, NI = 2, LI = 2, RES = 3.2e-03 (3.1e-07), CFL=0.841 (ELAPSED 00:00:01, REMAINING 00:00:05 )
-------------------------------------------------------------------------------------------------------------
	 #1 (8.1111e-03, 2.1762e-04): lin 1 (0.0e+00)
Composition correction applied in 2 block(s)
	 #2 (1.9231e-02, 3.1950e-07): lin 1 (0.0e+00)
Composition correction applied in 2 block(s)
-------------------------------------------------------------------------------------------------------------
 T = 23.023, DT = 1, NI = 2, LI = 2, RES = 1.8e-03 (8.2e-07), CFL=0.832 (ELAPSED 00:00:01, REMAINING 00:00:04 )
-------------------------------------------------------------------------------------------------------------
	 #1 (7.1172e-03, 1.0724e-03): lin 1 (0.0e+00)
Composition correction applied in 2 block(s)
	 #2 (1.4821e-02, 1.3554e-05): lin 1 (0.0e+00)
Composition correction applied in 2 block(s)
-------------------------------------------------------------------------------------------------------------
 T = 24.023, DT = 1, NI = 2, LI = 2, RES = 7.5e-04 (9.1e-06), CFL=0.842 (ELAPSED 00:00:01, REMAINING 00:00:04 )
-------------------------------------------------------------------------------------------------------------
	 #1 (7.0646e-03, 4.5411e-04): lin 1 (0.0e+00)
Composition correction applied in 2 block(s)
-------------------------------------------------------------------------------------------------------------
 T = 25.023, DT = 1, NI = 1, LI = 1, RES = 6.1e-03 (2.6e-06), CFL=0.887 (ELAPSED 00:00:01, REMAINING 00:00:04 )
-------------------------------------------------------------------------------------------------------------
	 #1 (9.9901e-03, 2.5175e-03): lin 1 (0.0e+00)
Composition correction applied in 2 block(s)
	 #2 (1.0707e-02, 3.6016e-06): lin 1 (0.0e+00)
Composition correction applied in 2 block(s)
-------------------------------------------------------------------------------------------------------------
 T = 26.023, DT = 1, NI = 2, LI = 2, RES = 1.2e-03 (1.5e-05), CFL=0.830 (ELAPSED 00:00:01, REMAINING 00:00:04 )
-------------------------------------------------------------------------------------------------------------
	 #1 (7.0262e-03, 9.8559e-04): lin 1 (0.0e+00)
Composition correction applied in 2 block(s)
	 #2 (1.4683e-02, 4.7098e-06): lin 1 (0.0e+00)
Composition correction applied in 2 block(s)
-------------------------------------------------------------------------------------------------------------
 T = 27.023, DT = 1, NI = 2, LI = 2, RES = 9.2e-04 (3.7e-06), CFL=0.837 (ELAPSED 00:00:01, REMAINING 00:00:04 )
-------------------------------------------------------------------------------------------------------------
	 #1 (6.9938e-03, 1.4871e-04): lin 1 (0.0e+00)
Composition correction applied in 2 block(s)
	 #2 (1.4270e-02, 1.1523e-05): lin 1 (0.0e+00)
Composition correction applied in 2 block(s)
-------------------------------------------------------------------------------------------------------------
 T = 28.023, DT = 1, NI = 2, LI = 2, RES = 7.4e-04 (1.2e-05), CFL=0.836 (ELAPSED 00:00:01, REMAINING 00:00:04 )
-------------------------------------------------------------------------------------------------------------
	 #1 (6.8096e-03, 1.9673e-04): lin 1 (0.0e+00)
Composition correction applied in 2 block(s)
	 #2 (1.5421e-02, 3.6255e-07): lin 1 (0.0e+00)
Composition correction applied in 2 block(s)
-------------------------------------------------------------------------------------------------------------
 T = 29.023, DT = 1, NI = 2, LI = 2, RES = 3.5e-03 (2.2e-07), CFL=0.839 (ELAPSED 00:00:01, REMAINING 00:00:04 )
-------------------------------------------------------------------------------------------------------------
	 #1 (7.9423e-03, 1.5119e-04): lin 1 (0.0e+00)
Composition correction applied in 2 block(s)
	 #2 (1.9222e-02, 2.5830e-07): lin 1 (0.0e+00)
Composition correction applied in 2 block(s)
-------------------------------------------------------------------------------------------------------------
 T = 30.023, DT = 1, NI = 2, LI = 2, RES = 1.8e-03 (7.4e-07), CFL=0.830 (ELAPSED 00:00:01, REMAINING 00:00:04 )
-------------------------------------------------------------------------------------------------------------
	 #1 (6.7809e-03, 8.4981e-04): lin 1 (0.0e+00)
Composition correction applied in 2 block(s)
	 #2 (1.4517e-02, 9.9332e-06): lin 1 (0.0e+00)
Composition correction applied in 2 block(s)
-------------------------------------------------------------------------------------------------------------
 T = 31.023, DT = 1, NI = 2, LI = 2, RES = 7.7e-04 (6.9e-06), CFL=0.840 (ELAPSED 00:00:01, REMAINING 00:00:03 )
-------------------------------------------------------------------------------------------------------------
	 #1 (6.7230e-03, 2.6993e-04): lin 1 (0.0e+00)
Composition correction applied in 2 block(s)
-------------------------------------------------------------------------------------------------------------
 T = 32.023, DT = 1, NI = 1, LI = 1, RES = 6.1e-03 (6.1e-07), CFL=0.878 (ELAPSED 00:00:01, REMAINING 00:00:03 )
-------------------------------------------------------------------------------------------------------------
	 #1 (9.6300e-03, 1.7262e-03): lin 1 (0.0e+00)
Composition correction applied in 2 block(s)
	 #2 (1.0227e-02, 4.5986e-06): lin 1 (0.0e+00)
Composition correction applied in 2 block(s)
-------------------------------------------------------------------------------------------------------------
 T = 33.023, DT = 1, NI = 2, LI = 2, RES = 1.2e-03 (1.2e-05), CFL=0.830 (ELAPSED 00:00:01, REMAINING 00:00:03 )
-------------------------------------------------------------------------------------------------------------
	 #1 (6.7087e-03, 6.9990e-04): lin 1 (0.0e+00)
Composition correction applied in 2 block(s)
	 #2 (1.4450e-02, 3.1669e-06): lin 1 (0.0e+00)
Composition correction applied in 2 block(s)
-------------------------------------------------------------------------------------------------------------
 T = 34.023, DT = 1, NI = 2, LI = 2, RES = 9.4e-04 (2.5e-06), CFL=0.836 (ELAPSED 00:00:01, REMAINING 00:00:03 )
-------------------------------------------------------------------------------------------------------------
	 #1 (6.7025e-03, 8.8388e-05): lin 1 (0.0e+00)
Composition correction applied in 2 block(s)
	 #2 (1.4072e-02, 7.9799e-06): lin 1 (0.0e+00)
Composition correction applied in 2 block(s)
-------------------------------------------------------------------------------------------------------------
 T = 35.023, DT = 1, NI = 2, LI = 2, RES = 7.6e-04 (8.8e-06), CFL=0.835 (ELAPSED 00:00:01, REMAINING 00:00:03 )
-------------------------------------------------------------------------------------------------------------
	 #1 (6.5277e-03, 1.0764e-04): lin 1 (0.0e+00)
Composition correction applied in 2 block(s)
	 #2 (1.3688e-02, 1.7389e-07): lin 1 (0.0e+00)
Composition correction applied in 2 block(s)
-------------------------------------------------------------------------------------------------------------
 T = 36.023, DT = 1, NI = 2, LI = 2, RES = 3.2e-03 (1.8e-07), CFL=0.838 (ELAPSED 00:00:02, REMAINING 00:00:03 )
-------------------------------------------------------------------------------------------------------------
	 #1 (7.5475e-03, 1.2786e-04): lin 1 (0.0e+00)
Composition correction applied in 2 block(s)
	 #2 (1.8208e-02, 2.9588e-07): lin 1 (0.0e+00)
Composition correction applied in 2 block(s)
-------------------------------------------------------------------------------------------------------------
 T = 37.023, DT = 1, NI = 2, LI = 2, RES = 1.7e-03 (3.0e-07), CFL=0.828 (ELAPSED 00:00:02, REMAINING 00:00:03 )
-------------------------------------------------------------------------------------------------------------
	 #1 (6.5030e-03, 7.0553e-04): lin 1 (0.0e+00)
Composition correction applied in 2 block(s)
	 #2 (1.4157e-02, 6.5473e-06): lin 1 (0.0e+00)
Composition correction applied in 2 block(s)
-------------------------------------------------------------------------------------------------------------
 T = 38.023, DT = 1, NI = 2, LI = 2, RES = 7.8e-04 (4.5e-06), CFL=0.839 (ELAPSED 00:00:02, REMAINING 00:00:03 )
-------------------------------------------------------------------------------------------------------------
	 #1 (6.4748e-03, 2.2792e-04): lin 1 (0.0e+00)
Composition correction applied in 2 block(s)
-------------------------------------------------------------------------------------------------------------
 T = 39.023, DT = 1, NI = 1, LI = 1, RES = 5.7e-03 (1.6e-06), CFL=0.889 (ELAPSED 00:00:02, REMAINING 00:00:03 )
-------------------------------------------------------------------------------------------------------------
	 #1 (9.4719e-03, 1.9325e-03): lin 1 (0.0e+00)
Composition correction applied in 3 block(s)
-------------------------------------------------------------------------------------------------------------
 T = 40.023, DT = 1, NI = 1, LI = 1, RES = 9.6e-03 (1.3e-06), CFL=0.921 (ELAPSED 00:00:02, REMAINING 00:00:03 )
-------------------------------------------------------------------------------------------------------------
	 #1 (1.1994e-02, 2.8803e-03): lin 1 (0.0e+00)
Composition correction applied in 3 block(s)
	 #2 (3.0408e-02, 2.6398e-07): lin 1 (0.0e+00)
Composition correction applied in 3 block(s)
-------------------------------------------------------------------------------------------------------------
 T = 41.023, DT = 1, NI = 2, LI = 2, RES = 4.9e-03 (1.7e-07), CFL=0.836 (ELAPSED 00:00:02, REMAINING 00:00:02 )
-------------------------------------------------------------------------------------------------------------
	 #1 (8.4191e-03, 8.0282e-04): lin 1 (0.0e+00)
Composition correction applied in 3 block(s)
	 #2 (1.5990e-02, 4.4795e-06): lin 1 (0.0e+00)
Composition correction applied in 3 block(s)
-------------------------------------------------------------------------------------------------------------
 T = 42.023, DT = 1, NI = 2, LI = 2, RES = 9.6e-04 (3.8e-06), CFL=0.833 (ELAPSED 00:00:02, REMAINING 00:00:02 )
-------------------------------------------------------------------------------------------------------------
	 #1 (6.6909e-03, 1.6071e-04): lin 1 (0.0e+00)
Composition correction applied in 3 block(s)
-------------------------------------------------------------------------------------------------------------
 T = 43.023, DT = 1, NI = 1, LI = 1, RES = 6.1e-03 (1.0e-06), CFL=0.894 (ELAPSED 00:00:02, REMAINING 00:00:02 )
-------------------------------------------------------------------------------------------------------------
	 #1 (9.7980e-03, 1.4194e-03): lin 1 (0.0e+00)
Composition correction applied in 3 block(s)
	 #2 (1.0640e-02, 7.2965e-07): lin 1 (0.0e+00)
Composition correction applied in 3 block(s)
-------------------------------------------------------------------------------------------------------------
 T = 44.023, DT = 1, NI = 2, LI = 2, RES = 1.4e-03 (4.9e-06), CFL=0.822 (ELAPSED 00:00:02, REMAINING 00:00:02 )
-------------------------------------------------------------------------------------------------------------
	 #1 (6.5543e-03, 9.5613e-04): lin 1 (0.0e+00)
Composition correction applied in 3 block(s)
	 #2 (1.4175e-02, 9.7201e-07): lin 1 (0.0e+00)
Composition correction applied in 3 block(s)
-------------------------------------------------------------------------------------------------------------
 T = 45.023, DT = 1, NI = 2, LI = 2, RES = 9.9e-04 (1.3e-06), CFL=0.827 (ELAPSED 00:00:02, REMAINING 00:00:02 )
-------------------------------------------------------------------------------------------------------------
	 #1 (6.4017e-03, 5.8937e-04): lin 1 (0.0e+00)
Composition correction applied in 3 block(s)
	 #2 (1.4399e-02, 4.2022e-06): lin 1 (0.0e+00)
Composition correction applied in 3 block(s)
-------------------------------------------------------------------------------------------------------------
 T = 46.023, DT = 1, NI = 2, LI = 2, RES = 8.3e-04 (4.6e-06), CFL=0.829 (ELAPSED 00:00:02, REMAINING 00:00:02 )
-------------------------------------------------------------------------------------------------------------
	 #1 (6.2612e-03, 4.0050e-04): lin 1 (0.0e+00)
Composition correction applied in 4 block(s)
-------------------------------------------------------------------------------------------------------------
 T = 47.023, DT = 1, NI = 1, LI = 1, RES = 9.0e-03 (3.3e-07), CFL=0.924 (ELAPSED 00:00:02, REMAINING 00:00:02 )
-------------------------------------------------------------------------------------------------------------
	 #1 (1.0774e-02, 3.7302e-05): lin 1 (0.0e+00)
Composition correction applied in 4 block(s)
-------------------------------------------------------------------------------------------------------------
 T = 48.023, DT = 1, NI = 1, LI = 1, RES = 8.9e-03 (7.6e-06), CFL=0.900 (ELAPSED 00:00:02, REMAINING 00:00:02 )
-------------------------------------------------------------------------------------------------------------
	 #1 (1.1730e-02, 3.6604e-03): lin 1 (0.0e+00)
Composition correction applied in 4 block(s)
	 #2 (3.1726e-02, 3.2985e-06): lin 1 (0.0e+00)
Composition correction applied in 4 block(s)
-------------------------------------------------------------------------------------------------------------
 T = 49.023, DT = 1, NI = 2, LI = 2, RES = 4.1e-03 (3.1e-07), CFL=0.820 (ELAPSED 00:00:02, REMAINING 00:00:02 )
-------------------------------------------------------------------------------------------------------------
	 #1 (7.3802e-03, 1.4265e-03): lin 1 (0.0e+00)
Composition correction applied in 4 block(s)
	 #2 (1.5485e-02, 4.7470e-06): lin 1 (0.0e+00)
Composition correction applied in 4 block(s)
-------------------------------------------------------------------------------------------------------------
 T = 50.023, DT = 1, NI = 2, LI = 2, RES = 9.5e-04 (3.5e-06), CFL=0.831 (ELAPSED 00:00:02, REMAINING 00:00:02 )
-------------------------------------------------------------------------------------------------------------
	 #1 (6.5431e-03, 2.3685e-04): lin 1 (0.0e+00)
Composition correction applied in 4 block(s)
-------------------------------------------------------------------------------------------------------------
 T = 51.023, DT = 1, NI = 1, LI = 1, RES = 6.6e-03 (1.8e-07), CFL=0.871 (ELAPSED 00:00:02, REMAINING 00:00:02 )
-------------------------------------------------------------------------------------------------------------
	 #1 (9.5582e-03, 4.9888e-04): lin 1 (0.0e+00)
Composition correction applied in 4 block(s)
	 #2 (1.0192e-02, 2.8843e-06): lin 1 (0.0e+00)
Composition correction applied in 4 block(s)
-------------------------------------------------------------------------------------------------------------
 T = 52.023, DT = 1, NI = 2, LI = 2, RES = 1.3e-03 (6.6e-06), CFL=0.820 (ELAPSED 00:00:02, REMAINING 00:00:02 )
-------------------------------------------------------------------------------------------------------------
	 #1 (6.2837e-03, 8.4628e-04): lin 1 (0.0e+00)
Composition correction applied in 5 block(s)
	 #2 (1.4108e-02, 4.4457e-07): lin 1 (0.0e+00)
Composition correction applied in 5 block(s)
-------------------------------------------------------------------------------------------------------------
 T = 53.023, DT = 1, NI = 2, LI = 2, RES = 9.6e-04 (1.1e-06), CFL=0.828 (ELAPSED 00:00:02, REMAINING 00:00:02 )
-------------------------------------------------------------------------------------------------------------
	 #1 (6.2803e-03, 4.2500e-04): lin 1 (0.0e+00)
Composition correction applied in 5 block(s)
	 #2 (1.4339e-02, 3.3025e-06): lin 1 (0.0e+00)
Composition correction applied in 5 block(s)
-------------------------------------------------------------------------------------------------------------
 T = 54.023, DT = 1, NI = 2, LI = 2, RES = 8.4e-04 (3.2e-06), CFL=0.829 (ELAPSED 00:00:02, REMAINING 00:00:02 )
-------------------------------------------------------------------------------------------------------------
	 #1 (6.1124e-03, 3.5339e-04): lin 1 (0.0e+00)
Composition correction applied in 5 block(s)
	 #2 (1.0635e-02, 3.3018e-07): lin 1 (0.0e+00)
Composition correction applied in 5 block(s)
-------------------------------------------------------------------------------------------------------------
 T = 55.023, DT = 1, NI = 2, LI = 2, RES = 2.8e-03 (8.5e-07), CFL=0.832 (ELAPSED 00:00:02, REMAINING 00:00:02 )
-------------------------------------------------------------------------------------------------------------
	 #1 (6.9171e-03, 1.8228e-04): lin 1 (0.0e+00)
Composition correction applied in 5 block(s)
	 #2 (1.6615e-02, 3.2555e-07): lin 1 (0.0e+00)
Composition correction applied in 5 block(s)
-------------------------------------------------------------------------------------------------------------
 T = 56.023, DT = 1, NI = 2, LI = 2, RES = 1.6e-03 (1.7e-07), CFL=0.820 (ELAPSED 00:00:02, REMAINING 00:00:02 )
-------------------------------------------------------------------------------------------------------------
	 #1 (6.0108e-03, 7.8692e-04): lin 1 (0.0e+00)
Composition correction applied in 5 block(s)
	 #2 (1.3313e-02, 2.2474e-06): lin 1 (0.0e+00)
Composition correction applied in 5 block(s)
-------------------------------------------------------------------------------------------------------------
 T = 57.023, DT = 1, NI = 2, LI = 2, RES = 7.8e-04 (1.6e-06), CFL=0.834 (ELAPSED 00:00:02, REMAINING 00:00:01 )
-------------------------------------------------------------------------------------------------------------
	 #1 (6.0567e-03, 8.0523e-05): lin 1 (0.0e+00)
Composition correction applied in 5 block(s)
-------------------------------------------------------------------------------------------------------------
 T = 58.023, DT = 1, NI = 1, LI = 1, RES = 7.7e-03 (1.9e-06), CFL=0.917 (ELAPSED 00:00:02, REMAINING 00:00:01 )
-------------------------------------------------------------------------------------------------------------
	 #1 (1.0877e-02, 1.8828e-03): lin 1 (0.0e+00)
Composition correction applied in 6 block(s)
-------------------------------------------------------------------------------------------------------------
 T = 59.023, DT = 1, NI = 1, LI = 1, RES = 8.5e-03 (7.0e-07), CFL=0.904 (ELAPSED 00:00:02, REMAINING 00:00:01 )
-------------------------------------------------------------------------------------------------------------
	 #1 (1.0821e-02, 1.3797e-03): lin 1 (0.0e+00)
Composition correction applied in 6 block(s)
	 #2 (2.2055e-02, 5.4749e-07): lin 1 (0.0e+00)
Composition correction applied in 6 block(s)
-------------------------------------------------------------------------------------------------------------
 T = 60.023, DT = 1, NI = 2, LI = 2, RES = 3.2e-03 (1.2e-06), CFL=0.821 (ELAPSED 00:00:02, REMAINING 00:00:01 )
-------------------------------------------------------------------------------------------------------------
	 #1 (6.9648e-03, 6.7318e-04): lin 1 (0.0e+00)
Composition correction applied in 6 block(s)
	 #2 (1.4752e-02, 1.8076e-06): lin 1 (0.0e+00)
Composition correction applied in 6 block(s)
-------------------------------------------------------------------------------------------------------------
 T = 61.023, DT = 1, NI = 2, LI = 2, RES = 9.0e-04 (1.5e-06), CFL=0.831 (ELAPSED 00:00:02, REMAINING 00:00:01 )
-------------------------------------------------------------------------------------------------------------
	 #1 (6.2530e-03, 1.6610e-04): lin 1 (0.0e+00)
Composition correction applied in 6 block(s)
-------------------------------------------------------------------------------------------------------------
 T = 62.023, DT = 1, NI = 1, LI = 1, RES = 8.2e-03 (1.5e-06), CFL=0.925 (ELAPSED 00:00:02, REMAINING 00:00:01 )
-------------------------------------------------------------------------------------------------------------
	 #1 (1.1314e-02, 1.6741e-03): lin 1 (0.0e+00)
Composition correction applied in 6 block(s)
-------------------------------------------------------------------------------------------------------------
 T = 63.023, DT = 1, NI = 1, LI = 1, RES = 9.3e-03 (6.9e-07), CFL=0.921 (ELAPSED 00:00:02, REMAINING 00:00:01 )
-------------------------------------------------------------------------------------------------------------
	 #1 (1.1357e-02, 1.0232e-03): lin 1 (0.0e+00)
Composition correction applied in 7 block(s)
	 #2 (2.1967e-02, 4.0866e-07): lin 1 (0.0e+00)
Composition correction applied in 7 block(s)
-------------------------------------------------------------------------------------------------------------
 T = 64.023, DT = 1, NI = 2, LI = 2, RES = 3.3e-03 (1.3e-06), CFL=0.816 (ELAPSED 00:00:02, REMAINING 00:00:01 )
-------------------------------------------------------------------------------------------------------------
	 #1 (6.9749e-03, 8.0206e-04): lin 1 (0.0e+00)
Composition correction applied in 7 block(s)
	 #2 (1.4748e-02, 8.8082e-07): lin 1 (0.0e+00)
Composition correction applied in 7 block(s)
-------------------------------------------------------------------------------------------------------------
 T = 65.023, DT = 1, NI = 2, LI = 2, RES = 9.0e-04 (8.0e-07), CFL=0.827 (ELAPSED 00:00:02, REMAINING 00:00:01 )
-------------------------------------------------------------------------------------------------------------
	 #1 (6.2167e-03, 3.1097e-04): lin 1 (0.0e+00)
Composition correction applied in 7 block(s)
-------------------------------------------------------------------------------------------------------------
 T = 66.023, DT = 1, NI = 1, LI = 1, RES = 8.3e-03 (7.4e-07), CFL=0.924 (ELAPSED 00:00:02, REMAINING 00:00:01 )
-------------------------------------------------------------------------------------------------------------
	 #1 (1.1375e-02, 1.4577e-03): lin 1 (0.0e+00)
Composition correction applied in 7 block(s)
-------------------------------------------------------------------------------------------------------------
 T = 67.023, DT = 1, NI = 1, LI = 1, RES = 9.0e-03 (6.0e-07), CFL=0.913 (ELAPSED 00:00:02, REMAINING 00:00:01 )
-------------------------------------------------------------------------------------------------------------
	 #1 (1.1129e-02, 8.6431e-04): lin 1 (0.0e+00)
Composition correction applied in 7 block(s)
	 #2 (2.1233e-02, 9.0142e-07): lin 1 (0.0e+00)
Composition correction applied in 7 block(s)
-------------------------------------------------------------------------------------------------------------
 T = 68.023, DT = 1, NI = 2, LI = 2, RES = 3.2e-03 (1.2e-06), CFL=0.814 (ELAPSED 00:00:02, REMAINING 00:00:01 )
-------------------------------------------------------------------------------------------------------------
	 #1 (6.8964e-03, 8.4126e-04): lin 1 (0.0e+00)
Composition correction applied in 8 block(s)
	 #2 (1.4619e-02, 1.0168e-06): lin 1 (0.0e+00)
Composition correction applied in 8 block(s)
-------------------------------------------------------------------------------------------------------------
 T = 69.023, DT = 1, NI = 2, LI = 2, RES = 9.1e-04 (1.1e-06), CFL=0.825 (ELAPSED 00:00:02, REMAINING 00:00:01 )
-------------------------------------------------------------------------------------------------------------
	 #1 (6.1504e-03, 4.0591e-04): lin 1 (0.0e+00)
Composition correction applied in 8 block(s)
-------------------------------------------------------------------------------------------------------------
 T = 70.023, DT = 1, NI = 1, LI = 1, RES = 8.7e-03 (1.2e-06), CFL=0.927 (ELAPSED 00:00:02, REMAINING 00:00:01 )
-------------------------------------------------------------------------------------------------------------
	 #1 (1.1719e-02, 1.3580e-03): lin 1 (0.0e+00)
Composition correction applied in 8 block(s)
-------------------------------------------------------------------------------------------------------------
 T = 71.023, DT = 1, NI = 1, LI = 1, RES = 8.5e-03 (5.7e-07), CFL=0.899 (ELAPSED 00:00:03, REMAINING 00:00:01 )
-------------------------------------------------------------------------------------------------------------
	 #1 (1.0711e-02, 7.1823e-04): lin 1 (0.0e+00)
Composition correction applied in 8 block(s)
	 #2 (1.9792e-02, 3.1613e-07): lin 1 (0.0e+00)
Composition correction applied in 8 block(s)
-------------------------------------------------------------------------------------------------------------
 T = 72.023, DT = 1, NI = 2, LI = 2, RES = 2.9e-03 (1.2e-06), CFL=0.813 (ELAPSED 00:00:03, REMAINING 00:00:01 )
-------------------------------------------------------------------------------------------------------------
	 #1 (6.6847e-03, 8.4503e-04): lin 1 (0.0e+00)
Composition correction applied in 8 block(s)
	 #2 (1.4354e-02, 7.1562e-07): lin 1 (0.0e+00)
Composition correction applied in 8 block(s)
-------------------------------------------------------------------------------------------------------------
 T = 73.023, DT = 1, NI = 2, LI = 2, RES = 9.2e-04 (8.8e-07), CFL=0.822 (ELAPSED 00:00:03, REMAINING 00:00:01 )
-------------------------------------------------------------------------------------------------------------
	 #1 (6.0794e-03, 4.5680e-04): lin 1 (0.0e+00)
Composition correction applied in 9 block(s)
-------------------------------------------------------------------------------------------------------------
 T = 74.023, DT = 1, NI = 1, LI = 1, RES = 9.3e-03 (1.1e-06), CFL=0.931 (ELAPSED 00:00:03, REMAINING 00:00:01 )
-------------------------------------------------------------------------------------------------------------
	 #1 (1.2157e-02, 1.3045e-03): lin 1 (0.0e+00)
Composition correction applied in 9 block(s)
-------------------------------------------------------------------------------------------------------------
 T = 75.023, DT = 1, NI = 1, LI = 1, RES = 7.8e-03 (5.5e-07), CFL=0.880 (ELAPSED 00:00:03, REMAINING 00:00:01 )
-------------------------------------------------------------------------------------------------------------
	 #1 (1.0262e-02, 5.9748e-04): lin 1 (0.0e+00)
Composition correction applied in 9 block(s)
	 #2 (1.7640e-02, 2.5077e-07): lin 1 (0.0e+00)
Composition correction applied in 9 block(s)
-------------------------------------------------------------------------------------------------------------
 T = 76.023, DT = 1, NI = 2, LI = 2, RES = 2.7e-03 (1.2e-06), CFL=0.812 (ELAPSED 00:00:03, REMAINING 00:00:01 )
-------------------------------------------------------------------------------------------------------------
	 #1 (6.5331e-03, 8.1335e-04): lin 1 (0.0e+00)
Composition correction applied in 9 block(s)
	 #2 (1.3643e-02, 4.3744e-07): lin 1 (0.0e+00)
Composition correction applied in 9 block(s)
-------------------------------------------------------------------------------------------------------------
 T = 77.023, DT = 1, NI = 2, LI = 2, RES = 8.8e-04 (6.6e-07), CFL=0.821 (ELAPSED 00:00:03, REMAINING 00:00:00 )
-------------------------------------------------------------------------------------------------------------
	 #1 (5.9794e-03, 4.9985e-04): lin 1 (0.0e+00)
Composition correction applied in 10 block(s)
-------------------------------------------------------------------------------------------------------------
 T = 78.023, DT = 1, NI = 1, LI = 1, RES = 9.8e-03 (1.1e-06), CFL=0.934 (ELAPSED 00:00:03, REMAINING 00:00:00 )
-------------------------------------------------------------------------------------------------------------
	 #1 (1.2526e-02, 1.2543e-03): lin 1 (0.0e+00)
Composition correction applied in 10 block(s)
-------------------------------------------------------------------------------------------------------------
 T = 79.023, DT = 1, NI = 1, LI = 1, RES = 7.2e-03 (1.1e-06), CFL=0.870 (ELAPSED 00:00:03, REMAINING 00:00:00 )
-------------------------------------------------------------------------------------------------------------
	 #1 (9.8487e-03, 5.4640e-04): lin 1 (0.0e+00)
Composition correction applied in 10 block(s)
	 #2 (1.6071e-02, 2.2222e-07): lin 1 (0.0e+00)
Composition correction applied in 10 block(s)
-------------------------------------------------------------------------------------------------------------
 T = 80.023, DT = 1, NI = 2, LI = 2, RES = 2.5e-03 (1.2e-06), CFL=0.811 (ELAPSED 00:00:03, REMAINING 00:00:00 )
-------------------------------------------------------------------------------------------------------------
	 #1 (6.4131e-03, 7.8148e-04): lin 1 (0.0e+00)
Composition correction applied in 10 block(s)
	 #2 (1.4176e-02, 2.3374e-07): lin 1 (0.0e+00)
Composition correction applied in 10 block(s)
-------------------------------------------------------------------------------------------------------------
 T = 81.023, DT = 1, NI = 2, LI = 2, RES = 9.6e-04 (4.6e-07), CFL=0.819 (ELAPSED 00:00:03, REMAINING 00:00:00 )
-------------------------------------------------------------------------------------------------------------
	 #1 (5.9139e-03, 5.3790e-04): lin 1 (0.0e+00)
Composition correction applied in 10 block(s)
	 #2 (1.3189e-02, 1.2172e-06): lin 1 (0.0e+00)
Composition correction applied in 10 block(s)
-------------------------------------------------------------------------------------------------------------
 T = 82.023, DT = 1, NI = 2, LI = 2, RES = 7.6e-04 (1.8e-06), CFL=0.819 (ELAPSED 00:00:03, REMAINING 00:00:00 )
-------------------------------------------------------------------------------------------------------------
	 #1 (5.6567e-03, 5.4339e-04): lin 1 (0.0e+00)
Composition correction applied in 11 block(s)
	 #2 (1.0831e-02, 2.7259e-07): lin 1 (0.0e+00)
Composition correction applied in 11 block(s)
-------------------------------------------------------------------------------------------------------------
 T = 83.023, DT = 1, NI = 2, LI = 2, RES = 2.7e-03 (7.8e-07), CFL=0.823 (ELAPSED 00:00:03, REMAINING 00:00:00 )
-------------------------------------------------------------------------------------------------------------
	 #1 (6.5293e-03, 3.7668e-04): lin 1 (0.0e+00)
Composition correction applied in 11 block(s)
	 #2 (1.5520e-02, 3.1579e-07): lin 1 (0.0e+00)
Composition correction applied in 11 block(s)
-------------------------------------------------------------------------------------------------------------
 T = 84.023, DT = 1, NI = 2, LI = 2, RES = 1.5e-03 (2.4e-07), CFL=0.812 (ELAPSED 00:00:03, REMAINING 00:00:00 )
-------------------------------------------------------------------------------------------------------------
	 #1 (5.5465e-03, 7.6334e-04): lin 1 (0.0e+00)
Composition correction applied in 11 block(s)
	 #2 (1.2530e-02, 2.0238e-07): lin 1 (0.0e+00)
Composition correction applied in 11 block(s)
-------------------------------------------------------------------------------------------------------------
 T = 85.023, DT = 1, NI = 2, LI = 2, RES = 5.9e-04 (5.4e-07), CFL=0.825 (ELAPSED 00:00:03, REMAINING 00:00:00 )
-------------------------------------------------------------------------------------------------------------
	 #1 (5.5791e-03, 3.1421e-04): lin 1 (0.0e+00)
Composition correction applied in 11 block(s)
-------------------------------------------------------------------------------------------------------------
 T = 86.023, DT = 1, NI = 1, LI = 1, RES = 8.5e-03 (8.0e-07), CFL=0.920 (ELAPSED 00:00:03, REMAINING 00:00:00 )
-------------------------------------------------------------------------------------------------------------
	 #1 (1.1214e-02, 1.1734e-03): lin 1 (0.0e+00)
Composition correction applied in 12 block(s)
-------------------------------------------------------------------------------------------------------------
 T = 87.023, DT = 1, NI = 1, LI = 1, RES = 7.0e-03 (4.8e-07), CFL=0.872 (ELAPSED 00:00:03, REMAINING 00:00:00 )
-------------------------------------------------------------------------------------------------------------
	 #1 (9.6000e-03, 8.0023e-04): lin 1 (0.0e+00)
Composition correction applied in 12 block(s)
	 #2 (1.7286e-02, 3.1833e-07): lin 1 (0.0e+00)
Composition correction applied in 12 block(s)
-------------------------------------------------------------------------------------------------------------
 T = 88.023, DT = 1, NI = 2, LI = 2, RES = 2.7e-03 (2.5e-07), CFL=0.817 (ELAPSED 00:00:03, REMAINING 00:00:00 )
-------------------------------------------------------------------------------------------------------------
	 #1 (6.3807e-03, 4.6245e-04): lin 1 (0.0e+00)
Composition correction applied in 12 block(s)
	 #2 (1.4156e-02, 3.1437e-07): lin 1 (0.0e+00)
Composition correction applied in 12 block(s)
-------------------------------------------------------------------------------------------------------------
 T = 89.023, DT = 1, NI = 2, LI = 2, RES = 9.6e-04 (2.7e-07), CFL=0.824 (ELAPSED 00:00:03, REMAINING 00:00:00 )
-------------------------------------------------------------------------------------------------------------
	 #1 (5.8200e-03, 2.7464e-04): lin 1 (0.0e+00)
Composition correction applied in 12 block(s)
-------------------------------------------------------------------------------------------------------------
 T = 90.023, DT = 1, NI = 1, LI = 1, RES = 9.7e-03 (8.7e-07), CFL=0.939 (ELAPSED 00:00:03, REMAINING 00:00:00 )
-------------------------------------------------------------------------------------------------------------
	 #1 (1.2338e-02, 1.2341e-03): lin 1 (0.0e+00)
Composition correction applied in 13 block(s)
-------------------------------------------------------------------------------------------------------------
 T = 91.023, DT = 1, NI = 1, LI = 1, RES = 7.4e-03 (5.2e-07), CFL=0.873 (ELAPSED 00:00:03, REMAINING 00:00:00 )
-------------------------------------------------------------------------------------------------------------
	 #1 (9.7824e-03, 5.9604e-04): lin 1 (0.0e+00)
Composition correction applied in 13 block(s)
	 #2 (1.6350e-02, 7.0782e-07): lin 1 (0.0e+00)
Composition correction applied in 13 block(s)
-------------------------------------------------------------------------------------------------------------
 T = 92.023, DT = 1, NI = 2, LI = 2, RES = 2.6e-03 (8.8e-07), CFL=0.815 (ELAPSED 00:00:03, REMAINING 00:00:00 )
-------------------------------------------------------------------------------------------------------------
	 #1 (6.2659e-03, 5.3844e-04): lin 1 (0.0e+00)
Composition correction applied in 13 block(s)
	 #2 (1.4091e-02, 2.2779e-07): lin 1 (0.0e+00)
Composition correction applied in 13 block(s)
-------------------------------------------------------------------------------------------------------------
 T = 93.023, DT = 1, NI = 2, LI = 2, RES = 9.6e-04 (3.3e-07), CFL=0.822 (ELAPSED 00:00:03, REMAINING 00:00:00 )
-------------------------------------------------------------------------------------------------------------
	 #1 (5.7772e-03, 3.4303e-04): lin 1 (0.0e+00)
Composition correction applied in 13 block(s)
	 #2 (1.1522e-02, 6.2649e-07): lin 1 (0.0e+00)
Composition correction applied in 13 block(s)
-------------------------------------------------------------------------------------------------------------
 T = 94.023, DT = 1, NI = 2, LI = 2, RES = 7.4e-04 (9.4e-07), CFL=0.821 (ELAPSED 00:00:03, REMAINING 00:00:00 )
-------------------------------------------------------------------------------------------------------------
	 #1 (5.5342e-03, 3.6172e-04): lin 1 (0.0e+00)
Composition correction applied in 14 block(s)
	 #2 (1.2171e-02, 7.1739e-07): lin 1 (0.0e+00)
Composition correction applied in 14 block(s)
-------------------------------------------------------------------------------------------------------------
 T = 95.023, DT = 1, NI = 2, LI = 2, RES = 2.9e-03 (2.4e-07), CFL=0.826 (ELAPSED 00:00:03, REMAINING 00:00:00 )
-------------------------------------------------------------------------------------------------------------
	 #1 (6.5424e-03, 2.3733e-04): lin 1 (0.0e+00)
Composition correction applied in 14 block(s)
	 #2 (1.5621e-02, 3.1592e-07): lin 1 (0.0e+00)
Composition correction applied in 14 block(s)
-------------------------------------------------------------------------------------------------------------
 T = 96.023, DT = 1, NI = 2, LI = 2, RES = 1.5e-03 (2.4e-07), CFL=0.814 (ELAPSED 00:00:03, REMAINING 00:00:00 )
-------------------------------------------------------------------------------------------------------------
	 #1 (5.4546e-03, 5.7807e-04): lin 1 (0.0e+00)
Composition correction applied in 14 block(s)
	 #2 (1.2462e-02, 2.2528e-07): lin 1 (0.0e+00)
Composition correction applied in 14 block(s)
-------------------------------------------------------------------------------------------------------------
 T = 97.023, DT = 1, NI = 2, LI = 2, RES = 7.1e-04 (4.2e-07), CFL=0.827 (ELAPSED 00:00:03, REMAINING 00:00:00 )
-------------------------------------------------------------------------------------------------------------
	 #1 (5.4878e-03, 2.1961e-04): lin 1 (0.0e+00)
Composition correction applied in 15 block(s)
-------------------------------------------------------------------------------------------------------------
 T = 98.023, DT = 1, NI = 1, LI = 1, RES = 7.5e-03 (4.6e-07), CFL=0.915 (ELAPSED 00:00:03, REMAINING 00:00:00 )
-------------------------------------------------------------------------------------------------------------
	 #1 (1.0385e-02, 9.6748e-04): lin 1 (0.0e+00)
Composition correction applied in 15 block(s)
-------------------------------------------------------------------------------------------------------------
 T = 99.023, DT = 1, NI = 1, LI = 1, RES = 7.3e-03 (3.8e-07), CFL=0.884 (ELAPSED 00:00:03, REMAINING 00:00:00 )
-------------------------------------------------------------------------------------------------------------
	 #1 (9.5212e-03, 7.8502e-04): lin 1 (0.0e+00)
Composition correction applied in 15 block(s)
	 #2 (1.7569e-02, 8.6620e-07): lin 1 (0.0e+00)
Composition correction applied in 15 block(s)
-------------------------------------------------------------------------------------------------------------
 T = 100, DT = 0.977, NI = 2, LI = 2, RES = 2.9e-03 (3.5e-07), CFL=0.802 (ELAPSED 00:00:03, REMAINING 00:00:00 )
-------------------------------------------------------------------------------------------------------------

Total steps 109 (0) newton 181 (0) linear 181 (0)
---OBL Statistics---
Number of operators: 45
Number of points: 200
Number of interpolations: 13095000 
Number of points used: 15633 (0.001%)
Total elapsed 3.606592 sec
	jacobian assembly 3.066701 sec
		interpolation 2.883851 sec
			reservoir 0 interpolation 3.669914 sec
				body generation 3.499913 sec
					point generation 3.481155 sec
			well controls interpolation 0.027282 sec
				body generation 0.026632 sec
					point generation 0.026373 sec
			wellbore interpolation 0.047072 sec
				body generation 0.046027 sec
					point generation 0.045754 sec
	linear solver setup 0.000235 sec
		SUPERLU 0.000046 sec
	linear solver solve 0.498900 sec
		SUPERLU 0.461138 sec
	newton update 0.013764 sec
		composition correction 0.006514 sec
