darts-linear-solvers built on May  1 2023 11:41:06 by lorozco@login04 from GITDIR-NOTFOUND
darts-engines built on 15/05/2023, 14:52:47 by lorozco@login03 from 8e8f836-dirty
darts-package built on 15/05/2023 14:56:21 by lorozco@login03 from 8e8f836-dirty
Building connection list...
Processing mesh: 300 reservoir blocks, 4 well blocks, 744 connections
3-phase 3-component isothermal flow with kinetic reaction and diffusion CPU engine
Sim params: 
	First ts: 	1e-06
	Max ts: 	10
	Mult ts: 	2
	Max i newton: 	10
	Max i linear: 	50
	Tol newton: 	0.001
	Tol linear: 	1e-07

START SIMULATION
-------------------------------------------------------------------------------------------------------------
Well I1 initialized with BHP injector
Well P1 initialized with BHP producer
	 #1 (2.8623e-08, 4.8377e-01): lin 1 (0.0e+00)
Composition correction applied in 1 block(s)
-------------------------------------------------------------------------------------------------------------
 T = 1e-06, DT = 1e-06, NI = 1, LI = 1, RES = 3.8e-15 (1.3e-02), CFL=0.000 (ELAPSED 00:00:00 )
-------------------------------------------------------------------------------------------------------------
	 #1 (5.7222e-08, 1.0304e-01): lin 1 (0.0e+00)
Composition correction applied in 1 block(s)
-------------------------------------------------------------------------------------------------------------
 T = 3e-06, DT = 2e-06, NI = 1, LI = 1, RES = 1.3e-13 (2.7e-02), CFL=0.000 (ELAPSED 00:00:00 )
-------------------------------------------------------------------------------------------------------------
	 #1 (1.1441e-07, 2.0602e-01): lin 1 (0.0e+00)
Composition correction applied in 1 block(s)
	 #2 (6.0873e-14, 1.3630e-01): lin 1 (0.0e+00)
Composition correction applied in 1 block(s)
-------------------------------------------------------------------------------------------------------------
 T = 7e-06, DT = 4e-06, NI = 2, LI = 2, RES = 2.1e-16 (5.8e-02), CFL=0.000 (ELAPSED 00:00:00 )
-------------------------------------------------------------------------------------------------------------
	 #1 (2.2867e-07, 4.0708e-01): lin 1 (0.0e+00)
Composition correction applied in 1 block(s)
	 #2 (2.4286e-13, 4.1405e-01): lin 1 (0.0e+00)
Composition correction applied in 1 block(s)
	 #3 (1.9269e-16, 5.7310e-01): lin 1 (0.0e+00)
Composition correction applied in 1 block(s)
	 #4 (1.9052e-16, 7.0784e-01): lin 1 (0.0e+00)
Composition correction applied in 1 block(s)
	 #5 (2.7528e-16, 2.6695e+00): lin 1 (0.0e+00)
Composition correction applied in 1 block(s)
	 #6 (2.9187e-16, 5.2734e-01): lin 1 (0.0e+00)
Composition correction applied in 1 block(s)
	 #7 (1.9544e-16, 2.2304e-01): lin 1 (0.0e+00)
Composition correction applied in 1 block(s)
-------------------------------------------------------------------------------------------------------------
 T = 1.5e-05, DT = 8e-06, NI = 7, LI = 7, RES = 1.9e-16 (6.1e-02), CFL=0.000 (ELAPSED 00:00:00 )
-------------------------------------------------------------------------------------------------------------
	 #1 (4.5674e-07, 5.7979e-01): lin 1 (0.0e+00)
Composition correction applied in 1 block(s)
	 #2 (9.6648e-13, 3.9653e-01): lin 1 (0.0e+00)
Composition correction applied in 1 block(s)
-------------------------------------------------------------------------------------------------------------
 T = 3.1e-05, DT = 1.6e-05, NI = 2, LI = 2, RES = 1.2e-16 (3.9e-02), CFL=0.000 (ELAPSED 00:00:00 )
-------------------------------------------------------------------------------------------------------------
	 #1 (9.1115e-07, 2.8142e-01): lin 1 (0.0e+00)
Composition correction applied in 1 block(s)
-------------------------------------------------------------------------------------------------------------
 T = 6.3e-05, DT = 3.2e-05, NI = 1, LI = 1, RES = 3.8e-12 (3.3e-02), CFL=0.000 (ELAPSED 00:00:00 )
-------------------------------------------------------------------------------------------------------------
	 #1 (1.8132e-06, 6.1585e-02): lin 1 (0.0e+00)
Composition correction applied in 1 block(s)
-------------------------------------------------------------------------------------------------------------
 T = 0.000127, DT = 6.4e-05, NI = 1, LI = 1, RES = 2.3e-11 (2.9e-04), CFL=0.000 (ELAPSED 00:00:00 )
-------------------------------------------------------------------------------------------------------------
	 #1 (3.5913e-06, 1.7001e-03): lin 1 (0.0e+00)
Composition correction applied in 1 block(s)
-------------------------------------------------------------------------------------------------------------
 T = 0.000255, DT = 0.000128, NI = 1, LI = 1, RES = 7.0e-11 (2.4e-07), CFL=0.000 (ELAPSED 00:00:00 )
-------------------------------------------------------------------------------------------------------------
	 #1 (7.0537e-06, 3.5264e-05): lin 1 (0.0e+00)
Composition correction applied in 1 block(s)
-------------------------------------------------------------------------------------------------------------
 T = 0.000511, DT = 0.000256, NI = 1, LI = 1, RES = 2.2e-10 (7.8e-08), CFL=0.000 (ELAPSED 00:00:00 )
-------------------------------------------------------------------------------------------------------------
	 #1 (1.3667e-05, 3.0878e-06): lin 1 (0.0e+00)
Composition correction applied in 1 block(s)
-------------------------------------------------------------------------------------------------------------
 T = 0.001023, DT = 0.000512, NI = 1, LI = 1, RES = 8.3e-10 (1.7e-07), CFL=0.000 (ELAPSED 00:00:00 )
-------------------------------------------------------------------------------------------------------------
	 #1 (2.6016e-05, 6.1758e-06): lin 1 (0.0e+00)
Composition correction applied in 1 block(s)
-------------------------------------------------------------------------------------------------------------
 T = 0.002047, DT = 0.001024, NI = 1, LI = 1, RES = 3.0e-09 (2.5e-06), CFL=0.000 (ELAPSED 00:00:00 )
-------------------------------------------------------------------------------------------------------------
	 #1 (4.8758e-05, 1.2352e-05): lin 1 (0.0e+00)
Composition correction applied in 1 block(s)
-------------------------------------------------------------------------------------------------------------
 T = 0.004095, DT = 0.002048, NI = 1, LI = 1, RES = 1.0e-08 (2.2e-05), CFL=0.000 (ELAPSED 00:00:00 )
-------------------------------------------------------------------------------------------------------------
	 #1 (9.0793e-05, 4.7565e-05): lin 1 (0.0e+00)
Composition correction applied in 1 block(s)
-------------------------------------------------------------------------------------------------------------
 T = 0.008191, DT = 0.004096, NI = 1, LI = 1, RES = 3.0e-08 (1.4e-04), CFL=0.000 (ELAPSED 00:00:00 )
-------------------------------------------------------------------------------------------------------------
	 #1 (1.6855e-04, 2.8983e-04): lin 1 (0.0e+00)
Composition correction applied in 1 block(s)
-------------------------------------------------------------------------------------------------------------
 T = 0.016383, DT = 0.008192, NI = 1, LI = 1, RES = 1.1e-07 (8.2e-04), CFL=0.001 (ELAPSED 00:00:00 )
-------------------------------------------------------------------------------------------------------------
	 #1 (3.1046e-04, 1.6572e-03): lin 1 (0.0e+00)
Composition correction applied in 1 block(s)
-------------------------------------------------------------------------------------------------------------
 T = 0.032767, DT = 0.016384, NI = 1, LI = 1, RES = 3.6e-07 (5.2e-03), CFL=0.002 (ELAPSED 00:00:00 )
-------------------------------------------------------------------------------------------------------------
	 #1 (5.6354e-04, 1.0388e-02): lin 1 (0.0e+00)
Composition correction applied in 1 block(s)
-------------------------------------------------------------------------------------------------------------
 T = 0.065535, DT = 0.032768, NI = 1, LI = 1, RES = 1.2e-06 (3.2e-02), CFL=0.004 (ELAPSED 00:00:00 )
-------------------------------------------------------------------------------------------------------------
	 #1 (9.8863e-04, 6.3454e-02): lin 1 (0.0e+00)
Composition correction applied in 1 block(s)
	 #2 (4.5094e-06, 2.0599e-01): lin 1 (0.0e+00)
Composition correction applied in 1 block(s)
-------------------------------------------------------------------------------------------------------------
 T = 0.131071, DT = 0.065536, NI = 2, LI = 2, RES = 3.8e-11 (1.4e-07), CFL=0.006 (ELAPSED 00:00:00 )
-------------------------------------------------------------------------------------------------------------
	 #1 (1.6102e-03, 7.9168e-04): lin 1 (0.0e+00)
Composition correction applied in 1 block(s)
	 #2 (2.7889e-05, 1.7266e+01): lin 1 (0.0e+00)
Composition correction applied in 1 block(s)
-------------------------------------------------------------------------------------------------------------
 T = 0.262143, DT = 0.131072, NI = 2, LI = 2, RES = 2.1e-08 (7.9e-03), CFL=0.009 (ELAPSED 00:00:00 )
-------------------------------------------------------------------------------------------------------------
	 #1 (2.3614e-03, 1.5827e-02): lin 1 (0.0e+00)
Composition correction applied in 1 block(s)
	 #2 (1.1201e-04, 4.8840e+00): lin 1 (0.0e+00)
Composition correction applied in 1 block(s)
	 #3 (1.1096e-07, 1.9106e-01): lin 1 (0.0e+00)
Composition correction applied in 1 block(s)
-------------------------------------------------------------------------------------------------------------
 T = 0.524287, DT = 0.262144, NI = 3, LI = 3, RES = 1.3e-13 (4.5e-07), CFL=0.012 (ELAPSED 00:00:00 )
-------------------------------------------------------------------------------------------------------------
	 #1 (3.1839e-03, 3.4812e-03): lin 1 (0.0e+00)
Composition correction applied in 1 block(s)
	 #2 (1.4159e-04, 3.0011e+02): lin 1 (0.0e+00)
Composition correction applied in 1 block(s)
	 #3 (2.4082e-07, 6.2923e-01): lin 1 (0.0e+00)
Composition correction applied in 1 block(s)
-------------------------------------------------------------------------------------------------------------
 T = 1.04858, DT = 0.524288, NI = 3, LI = 3, RES = 5.6e-13 (8.2e-07), CFL=0.015 (ELAPSED 00:00:00 )
-------------------------------------------------------------------------------------------------------------
	 #1 (4.4021e-03, 7.6307e-03): lin 1 (0.0e+00)
Composition correction applied in 1 block(s)
	 #2 (1.0360e-03, 4.3953e+02): lin 1 (0.0e+00)
Composition correction applied in 1 block(s)
	 #3 (1.5368e-06, 1.8201e+00): lin 1 (0.0e+00)
Composition correction applied in 1 block(s)
-------------------------------------------------------------------------------------------------------------
 T = 2.09715, DT = 1.04858, NI = 3, LI = 3, RES = 3.2e-11 (5.9e-06), CFL=0.030 (ELAPSED 00:00:00 )
-------------------------------------------------------------------------------------------------------------
	 #1 (5.4111e-03, 1.6421e-02): lin 1 (0.0e+00)
Composition correction applied in 1 block(s)
	 #2 (2.2834e-03, 3.0711e+03): lin 1 (0.0e+00)
Composition correction applied in 1 block(s)
	 #3 (6.4263e-05, 2.1939e+03): lin 1 (0.0e+00)
Composition correction applied in 1 block(s)
	 #4 (2.4035e-08, 1.7885e+01): lin 1 (0.0e+00)
Composition correction applied in 1 block(s)
-------------------------------------------------------------------------------------------------------------
 T = 4.1943, DT = 2.09715, NI = 4, LI = 4, RES = 1.8e-14 (4.7e-04), CFL=0.059 (ELAPSED 00:00:00 )
-------------------------------------------------------------------------------------------------------------
	 #1 (6.4390e-03, 2.7304e-02): lin 1 (0.0e+00)
Composition correction applied in 1 block(s)
	 #2 (1.8735e-03, 1.0936e+04): lin 1 (0.0e+00)
Composition correction applied in 1 block(s)
	 #3 (9.3446e-06, 6.9398e+01): lin 1 (0.0e+00)
Composition correction applied in 1 block(s)
-------------------------------------------------------------------------------------------------------------
 T = 8.38861, DT = 4.1943, NI = 3, LI = 3, RES = 6.6e-10 (1.7e-03), CFL=0.119 (ELAPSED 00:00:00 )
-------------------------------------------------------------------------------------------------------------
	 #1 (9.0526e-03, 3.7109e-02): lin 1 (0.0e+00)
Composition correction applied in 1 block(s)
	 #2 (7.2981e-03, 2.2860e+04): lin 1 (0.0e+00)
Composition correction applied in 1 block(s)
	 #3 (9.2495e-04, 6.7735e+02): lin 1 (0.0e+00)
Composition correction applied in 1 block(s)
-------------------------------------------------------------------------------------------------------------
 T = 16.7772, DT = 8.38861, NI = 3, LI = 3, RES = 8.0e-06 (6.0e-02), CFL=0.236 (ELAPSED 00:00:01 )
-------------------------------------------------------------------------------------------------------------
	 #1 (1.0185e-02, 7.0999e-02): lin 1 (0.0e+00)
Composition correction applied in 1 block(s)
	 #2 (1.6920e-03, 6.4576e+03): lin 1 (0.0e+00)
Composition correction applied in 1 block(s)
	 #3 (1.1072e-04, 2.4025e+02): lin 1 (0.0e+00)
Composition correction applied in 1 block(s)
-------------------------------------------------------------------------------------------------------------
 T = 26.7772, DT = 10, NI = 3, LI = 3, RES = 7.9e-08 (1.2e-02), CFL=0.270 (ELAPSED 00:00:01, REMAINING 00:00:02 )
-------------------------------------------------------------------------------------------------------------
	 #1 (7.6417e-03, 1.1630e-01): lin 1 (0.0e+00)
Composition correction applied in 1 block(s)
	 #2 (3.5145e-03, 1.4746e+04): lin 1 (0.0e+00)
Composition correction applied in 1 block(s)
	 #3 (3.7364e-05, 1.4140e+02): lin 1 (0.0e+00)
Composition correction applied in 1 block(s)
-------------------------------------------------------------------------------------------------------------
 T = 36.7772, DT = 10, NI = 3, LI = 3, RES = 5.1e-08 (9.1e-03), CFL=0.274 (ELAPSED 00:00:01, REMAINING 00:00:01 )
-------------------------------------------------------------------------------------------------------------
	 #1 (6.7093e-03, 1.4863e-01): lin 1 (0.0e+00)
Composition correction applied in 1 block(s)
	 #2 (1.9749e-03, 1.6190e+04): lin 1 (0.0e+00)
Composition correction applied in 1 block(s)
	 #3 (9.8782e-06, 6.2756e+02): lin 1 (0.0e+00)
Composition correction applied in 1 block(s)
	 #4 (3.8982e-10, 2.5998e-01): lin 1 (0.0e+00)
Composition correction applied in 1 block(s)
-------------------------------------------------------------------------------------------------------------
 T = 46.7772, DT = 10, NI = 4, LI = 4, RES = 1.3e-14 (2.3e-06), CFL=0.272 (ELAPSED 00:00:01, REMAINING 00:00:01 )
-------------------------------------------------------------------------------------------------------------
	 #1 (6.5987e-03, 1.2802e-01): lin 1 (0.0e+00)
Composition correction applied in 1 block(s)
	 #2 (7.5125e-04, 7.8781e+02): lin 1 (0.0e+00)
Composition correction applied in 1 block(s)
	 #3 (1.1190e-05, 2.9782e-01): lin 1 (0.0e+00)
Composition correction applied in 1 block(s)
-------------------------------------------------------------------------------------------------------------
 T = 56.7772, DT = 10, NI = 3, LI = 3, RES = 1.5e-09 (3.9e-06), CFL=0.269 (ELAPSED 00:00:01, REMAINING 00:00:01 )
-------------------------------------------------------------------------------------------------------------
	 #1 (5.4615e-03, 1.9416e-02): lin 1 (0.0e+00)
Composition correction applied in 1 block(s)
	 #2 (1.7348e-03, 1.4237e+02): lin 1 (0.0e+00)
Composition correction applied in 1 block(s)
	 #3 (6.3097e-06, 1.2532e-01): lin 1 (0.0e+00)
Composition correction applied in 1 block(s)
-------------------------------------------------------------------------------------------------------------
 T = 66.7772, DT = 10, NI = 3, LI = 3, RES = 5.1e-10 (9.0e-08), CFL=0.277 (ELAPSED 00:00:02, REMAINING 00:00:00 )
-------------------------------------------------------------------------------------------------------------
	 #1 (5.3357e-03, 3.1971e-03): lin 1 (0.0e+00)
Composition correction applied in 1 block(s)
	 #2 (1.2412e-03, 6.7307e+01): lin 1 (0.0e+00)
Composition correction applied in 1 block(s)
-------------------------------------------------------------------------------------------------------------
 T = 76.7772, DT = 10, NI = 2, LI = 2, RES = 8.0e-06 (4.0e-03), CFL=0.294 (ELAPSED 00:00:02, REMAINING 00:00:00 )
-------------------------------------------------------------------------------------------------------------
	 #1 (5.8918e-03, 3.9171e-03): lin 1 (0.0e+00)
Composition correction applied in 1 block(s)
	 #2 (3.1499e-03, 3.2244e+01): lin 1 (0.0e+00)
Composition correction applied in 1 block(s)
-------------------------------------------------------------------------------------------------------------
 T = 86.7772, DT = 10, NI = 2, LI = 2, RES = 8.0e-05 (8.7e-04), CFL=0.299 (ELAPSED 00:00:02, REMAINING 00:00:00 )
-------------------------------------------------------------------------------------------------------------
	 #1 (5.4431e-03, 8.4448e-04): lin 1 (0.0e+00)
Composition correction applied in 1 block(s)
	 #2 (8.5166e-04, 2.3282e+01): lin 1 (0.0e+00)
Composition correction applied in 1 block(s)
-------------------------------------------------------------------------------------------------------------
 T = 96.7772, DT = 10, NI = 2, LI = 2, RES = 5.7e-06 (3.6e-02), CFL=0.302 (ELAPSED 00:00:02, REMAINING 00:00:00 )
-------------------------------------------------------------------------------------------------------------
	 #1 (1.6235e-03, 1.1502e-02): lin 1 (0.0e+00)
Composition correction applied in 1 block(s)
	 #2 (8.9702e-05, 3.1479e-01): lin 1 (0.0e+00)
Composition correction applied in 1 block(s)
-------------------------------------------------------------------------------------------------------------
 T = 100, DT = 3.22279, NI = 2, LI = 2, RES = 1.2e-07 (4.1e-06), CFL=0.098 (ELAPSED 00:00:02, REMAINING 00:00:00 )
-------------------------------------------------------------------------------------------------------------

Total steps 33 (0) newton 71 (0) linear 71 (0)
---OBL Statistics---
Number of operators: 37
Number of points: 5000
Number of interpolations: 1165500 
Number of points used: 7286 (0.000%)
Total elapsed 2.566542 sec
	jacobian assembly 2.217858 sec
		interpolation 2.194569 sec
			reservoir 0 interpolation 2.108045 sec
				body generation 2.094442 sec
					point generation 2.089151 sec
			well controls interpolation 0.036769 sec
				body generation 0.036632 sec
					point generation 0.036484 sec
			wellbore interpolation 0.093735 sec
				body generation 0.093497 sec
					point generation 0.093221 sec
	linear solver setup 0.000080 sec
		SUPERLU 0.000019 sec
	linear solver solve 0.302125 sec
		SUPERLU 0.294261 sec
	newton update 0.003743 sec
		composition correction 0.002277 sec
