darts-linear-solvers built on May  1 2023 11:41:06 by lorozco@login04 from GITDIR-NOTFOUND
darts-engines built on 15/05/2023, 14:52:47 by lorozco@login03 from 8e8f836-dirty
darts-package built on 15/05/2023 14:56:21 by lorozco@login03 from 8e8f836-dirty
Building connection list...
Added connection between well INJ head idx=3000 segment idx=12 and well PRD head idx=3013 segment idx=11
Processing mesh: 3000 reservoir blocks, 25 well blocks, 8347 connections
2-phase 1-component enthalpy-based thermal flow with gravity CPU engine
Sim params: 
	First ts: 	1e-05
	Max ts: 	31
	Mult ts: 	8
	Max i newton: 	20
	Max i linear: 	40
	Tol newton: 	0.0001
	Tol linear: 	1e-06

START SIMULATION
-------------------------------------------------------------------------------------------------------------
Well INJ initialized with gt BHP TEMP injector
Well PRD initialized with gt BHP producer
	 #1 (1.1826e-08, 5.3544e+02): lin 1 (0.0e+00)
	 #2 (6.0785e-12, 1.5628e+01): lin 1 (0.0e+00)
	 #3 (1.2228e-05, 4.0660e+00): lin 1 (0.0e+00)
	 #4 (2.3343e-08, 1.2960e+00): lin 1 (0.0e+00)
	 #5 (4.1168e-10, 3.1969e-01): lin 1 (0.0e+00)
-------------------------------------------------------------------------------------------------------------
 T = 1e-05, DT = 1e-05, NI = 5, LI = 5, RES = 3.5e-14 (1.8e-03), CFL=0.000 (ELAPSED 00:00:00 )
-------------------------------------------------------------------------------------------------------------
	 #1 (2.0348e-04, 9.6035e+00): lin 1 (0.0e+00)
	 #2 (2.9019e-07, 9.0159e+00): lin 1 (0.0e+00)
	 #3 (1.4529e-08, 4.8188e+00): lin 1 (0.0e+00)
	 #4 (3.2479e-10, 3.3502e-01): lin 1 (0.0e+00)
-------------------------------------------------------------------------------------------------------------
 T = 9e-05, DT = 8e-05, NI = 4, LI = 4, RES = 2.6e-14 (2.0e-03), CFL=0.000 (ELAPSED 00:00:01 )
-------------------------------------------------------------------------------------------------------------
	 #1 (2.2846e-03, 1.1764e+01): lin 1 (0.0e+00)
	 #2 (1.1835e-08, 1.0164e+01): lin 1 (0.0e+00)
	 #3 (6.6982e-12, 2.5213e-01): lin 1 (0.0e+00)
-------------------------------------------------------------------------------------------------------------
 T = 0.00073, DT = 0.00064, NI = 3, LI = 3, RES = 1.5e-13 (2.5e-07), CFL=0.000 (ELAPSED 00:00:01 )
-------------------------------------------------------------------------------------------------------------
	 #1 (1.8664e-02, 1.2067e+00): lin 1 (0.0e+00)
-------------------------------------------------------------------------------------------------------------
 T = 0.00585, DT = 0.00512, NI = 1, LI = 1, RES = 3.5e-09 (4.2e-03), CFL=0.000 (ELAPSED 00:00:01 )
-------------------------------------------------------------------------------------------------------------
	 #1 (1.4903e-01, 2.3709e-02): lin 1 (0.0e+00)
	 #2 (4.3645e-04, 1.1729e-03): lin 1 (0.0e+00)
-------------------------------------------------------------------------------------------------------------
 T = 0.04681, DT = 0.04096, NI = 2, LI = 2, RES = 1.1e-09 (3.1e-09), CFL=0.000 (ELAPSED 00:00:01 )
-------------------------------------------------------------------------------------------------------------
	 #1 (1.1734e+00, 2.0657e-03): lin 1 (0.0e+00)
	 #2 (2.6738e-02, 4.0940e-01): lin 1 (0.0e+00)
-------------------------------------------------------------------------------------------------------------
 T = 0.37449, DT = 0.32768, NI = 2, LI = 2, RES = 7.9e-05 (1.2e-03), CFL=0.000 (ELAPSED 00:00:01 )
-------------------------------------------------------------------------------------------------------------
	 #1 (8.3768e+00, 2.0745e-02): lin 1 (0.0e+00)
	 #2 (3.5403e-01, 8.1476e+00): lin 1 (0.0e+00)
	 #3 (1.6315e-04, 2.7816e-03): lin 1 (0.0e+00)
-------------------------------------------------------------------------------------------------------------
 T = 2.99593, DT = 2.62144, NI = 3, LI = 3, RES = 6.0e-10 (2.3e-07), CFL=0.000 (ELAPSED 00:00:01 )
-------------------------------------------------------------------------------------------------------------
	 #1 (3.3424e+01, 2.4436e-02): lin 1 (0.0e+00)
	 #2 (6.2936e-01, 3.9482e+00): lin 1 (0.0e+00)
	 #3 (4.7110e-04, 1.0453e-04): lin 1 (0.0e+00)
-------------------------------------------------------------------------------------------------------------
 T = 23.9675, DT = 20.9715, NI = 3, LI = 3, RES = 4.7e-09 (2.2e-06), CFL=0.000 (ELAPSED 00:00:02 )
-------------------------------------------------------------------------------------------------------------
	 #1 (4.8290e+00, 1.7475e-03): lin 1 (0.0e+00)
	 #2 (3.2407e-02, 1.5349e-01): lin 1 (0.0e+00)
	 #3 (1.3616e-04, 2.2652e-06): lin 1 (0.0e+00)
-------------------------------------------------------------------------------------------------------------
 T = 54.9674, DT = 31, NI = 3, LI = 3, RES = 6.7e-09 (2.5e-06), CFL=0.000 (ELAPSED 00:00:02, REMAINING 00:00:04 )
-------------------------------------------------------------------------------------------------------------
	 #1 (1.6324e+00, 1.4606e-04): lin 1 (0.0e+00)
	 #2 (1.0331e-02, 9.4813e-03): lin 1 (0.0e+00)
-------------------------------------------------------------------------------------------------------------
 T = 85.9674, DT = 31, NI = 2, LI = 2, RES = 9.9e-05 (2.0e-06), CFL=0.000 (ELAPSED 00:00:02, REMAINING 00:00:02 )
-------------------------------------------------------------------------------------------------------------
	 #1 (9.9981e-01, 4.9678e-05): lin 1 (0.0e+00)
	 #2 (6.6511e-03, 2.7643e-03): lin 1 (0.0e+00)
-------------------------------------------------------------------------------------------------------------
 T = 116.967, DT = 31, NI = 2, LI = 2, RES = 1.1e-05 (1.7e-06), CFL=0.000 (ELAPSED 00:00:02, REMAINING 00:00:02 )
-------------------------------------------------------------------------------------------------------------
	 #1 (6.5696e-01, 2.6844e-05): lin 1 (0.0e+00)
	 #2 (3.3356e-03, 1.0170e-03): lin 1 (0.0e+00)
-------------------------------------------------------------------------------------------------------------
 T = 147.967, DT = 31, NI = 2, LI = 2, RES = 2.6e-08 (2.2e-06), CFL=0.000 (ELAPSED 00:00:03, REMAINING 00:00:01 )
-------------------------------------------------------------------------------------------------------------
	 #1 (4.4111e-01, 1.6375e-05): lin 1 (0.0e+00)
	 #2 (1.9515e-03, 8.8073e-03): lin 1 (0.0e+00)
-------------------------------------------------------------------------------------------------------------
 T = 178.967, DT = 31, NI = 2, LI = 2, RES = 3.2e-08 (2.8e-06), CFL=0.000 (ELAPSED 00:00:03, REMAINING 00:00:01 )
-------------------------------------------------------------------------------------------------------------
	 #1 (2.9872e-01, 1.0771e-05): lin 1 (0.0e+00)
	 #2 (1.2967e-03, 1.4560e-03): lin 1 (0.0e+00)
-------------------------------------------------------------------------------------------------------------
 T = 209.967, DT = 31, NI = 2, LI = 2, RES = 8.3e-07 (3.2e-06), CFL=0.000 (ELAPSED 00:00:03, REMAINING 00:00:01 )
-------------------------------------------------------------------------------------------------------------
	 #1 (2.0302e-01, 7.6076e-06): lin 1 (0.0e+00)
	 #2 (7.2529e-04, 8.1576e-04): lin 1 (0.0e+00)
-------------------------------------------------------------------------------------------------------------
 T = 240.967, DT = 31, NI = 2, LI = 2, RES = 6.6e-09 (1.9e-06), CFL=0.000 (ELAPSED 00:00:03, REMAINING 00:00:01 )
-------------------------------------------------------------------------------------------------------------
	 #1 (1.3821e-01, 4.9791e-06): lin 1 (0.0e+00)
	 #2 (4.4491e-04, 3.5145e-05): lin 1 (0.0e+00)
-------------------------------------------------------------------------------------------------------------
 T = 271.967, DT = 31, NI = 2, LI = 2, RES = 2.7e-07 (2.0e-06), CFL=0.000 (ELAPSED 00:00:03, REMAINING 00:00:00 )
-------------------------------------------------------------------------------------------------------------
	 #1 (9.4175e-02, 3.6661e-06): lin 1 (0.0e+00)
	 #2 (2.1148e-04, 1.7680e-04): lin 1 (0.0e+00)
-------------------------------------------------------------------------------------------------------------
 T = 302.967, DT = 31, NI = 2, LI = 2, RES = 2.5e-08 (2.0e-06), CFL=0.000 (ELAPSED 00:00:03, REMAINING 00:00:00 )
-------------------------------------------------------------------------------------------------------------
	 #1 (6.4204e-02, 2.8429e-06): lin 1 (0.0e+00)
	 #2 (2.0798e-04, 7.7039e-06): lin 1 (0.0e+00)
-------------------------------------------------------------------------------------------------------------
 T = 333.967, DT = 31, NI = 2, LI = 2, RES = 1.5e-08 (2.5e-06), CFL=0.000 (ELAPSED 00:00:04, REMAINING 00:00:00 )
-------------------------------------------------------------------------------------------------------------
	 #1 (4.3784e-02, 2.9136e-06): lin 1 (0.0e+00)
	 #2 (1.2194e-04, 4.3852e-06): lin 1 (0.0e+00)
-------------------------------------------------------------------------------------------------------------
 T = 364.967, DT = 31, NI = 2, LI = 2, RES = 6.5e-09 (2.6e-06), CFL=0.000 (ELAPSED 00:00:04, REMAINING 00:00:00 )
-------------------------------------------------------------------------------------------------------------
	 #1 (3.1355e-05, 2.9019e-09): lin 1 (0.0e+00)
-------------------------------------------------------------------------------------------------------------
 T = 365, DT = 0.03255, NI = 1, LI = 1, RES = 6.8e-12 (2.3e-09), CFL=0.000 (ELAPSED 00:00:04, REMAINING 00:00:00 )
-------------------------------------------------------------------------------------------------------------

Total steps 20 (0) newton 47 (0) linear 47 (0)
---OBL Statistics---
Number of operators: 12
Number of points: 128
Number of interpolations: 2448000 
Number of points used: 44 (0.269%)
Total elapsed 4.439603 sec
	jacobian assembly 0.646582 sec
		interpolation 0.548191 sec
			reservoir interpolation 0.212082 sec
				body generation 0.188229 sec
					point generation 0.188159 sec
			well controls interpolation 0.093464 sec
				body generation 0.093251 sec
					point generation 0.093227 sec
			well interpolation 0.387221 sec
				body generation 0.386920 sec
					point generation 0.386830 sec
	linear solver setup 0.000083 sec
		SUPERLU 0.000016 sec
	linear solver solve 3.728486 sec
		SUPERLU 3.714507 sec
	newton update 0.003568 sec
		composition correction 0.000083 sec
