darts-linear-solvers built on May  1 2023 11:41:06 by lorozco@login04 from GITDIR-NOTFOUND
darts-engines built on 15/05/2023, 14:52:47 by lorozco@login03 from 8e8f836-dirty
darts-package built on 15/05/2023 14:56:21 by lorozco@login03 from 8e8f836-dirty
Reading PERMX from /scratch/lorozco/experiment_open-darts/open-darts/darts-models/GeoRising/permXVanEssen.in... 25200 values have been read.
Building connection list...
Processing mesh: 10800 reservoir blocks, 6 well blocks, 28448 connections
2-phase 1-component enthalpy-based thermal flow with gravity CPU engine
Sim params: 
	First ts: 	0.001
	Max ts: 	365
	Mult ts: 	8
	Max i newton: 	20
	Max i linear: 	40
	Tol newton: 	0.01
	Tol linear: 	1e-06

START SIMULATION
-------------------------------------------------------------------------------------------------------------
Well INJ initialized with water rate injector
Well PRD initialized with water rate producer
	 #1 (1.4404e-03, 2.6101e+05): lin 1 (0.0e+00)
	 #2 (2.4353e-04, 2.2968e+03): lin 1 (0.0e+00)
	 #3 (2.6291e-04, 8.8406e+00): lin 1 (0.0e+00)
-------------------------------------------------------------------------------------------------------------
 T = 0.001, DT = 0.001, NI = 3, LI = 3, RES = 3.1e-05 (3.8e-01), CFL=0.000 (ELAPSED 00:00:01 )
-------------------------------------------------------------------------------------------------------------
	 #1 (2.7653e-03, 6.2694e+00): lin 1 (0.0e+00)
-------------------------------------------------------------------------------------------------------------
 T = 0.009, DT = 0.008, NI = 1, LI = 1, RES = 1.2e-04 (7.6e-01), CFL=0.000 (ELAPSED 00:00:01 )
-------------------------------------------------------------------------------------------------------------
	 #1 (1.4570e-02, 6.0953e+00): lin 1 (0.0e+00)
-------------------------------------------------------------------------------------------------------------
 T = 0.073, DT = 0.064, NI = 1, LI = 1, RES = 1.8e-05 (4.5e-02), CFL=0.000 (ELAPSED 00:00:01 )
-------------------------------------------------------------------------------------------------------------
	 #1 (1.1054e-01, 3.5808e-01): lin 1 (0.0e+00)
-------------------------------------------------------------------------------------------------------------
 T = 0.585, DT = 0.512, NI = 1, LI = 1, RES = 2.8e-03 (4.3e-02), CFL=0.000 (ELAPSED 00:00:02 )
-------------------------------------------------------------------------------------------------------------
	 #1 (8.4297e-01, 3.4686e-01): lin 1 (0.0e+00)
	 #2 (3.4272e-01, 7.2522e+00): lin 1 (0.0e+00)
-------------------------------------------------------------------------------------------------------------
 T = 4.681, DT = 4.096, NI = 2, LI = 2, RES = 5.9e-04 (2.6e-04), CFL=0.000 (ELAPSED 00:00:02 )
-------------------------------------------------------------------------------------------------------------
	 #1 (5.2333e+00, 2.4689e-03): lin 1 (0.0e+00)
	 #2 (3.2235e+00, 5.7797e+01): lin 1 (0.0e+00)
	 #3 (1.7879e-02, 4.9590e-03): lin 1 (0.0e+00)
-------------------------------------------------------------------------------------------------------------
 T = 37.449, DT = 32.768, NI = 3, LI = 3, RES = 2.0e-06 (4.4e-07), CFL=0.000 (ELAPSED 00:00:03 )
-------------------------------------------------------------------------------------------------------------
	 #1 (1.8372e+01, 4.1814e-03): lin 1 (0.0e+00)
	 #2 (1.1957e+01, 1.2349e+01): lin 1 (0.0e+00)
	 #3 (2.3672e-01, 3.5297e-03): lin 1 (0.0e+00)
-------------------------------------------------------------------------------------------------------------
 T = 299.593, DT = 262.144, NI = 3, LI = 3, RES = 9.5e-04 (6.0e-07), CFL=0.000 (ELAPSED 00:00:05 )
-------------------------------------------------------------------------------------------------------------
	 #1 (1.0291e+01, 5.2344e-04): lin 1 (0.0e+00)
	 #2 (3.5486e+00, 3.5321e-02): lin 1 (0.0e+00)
	 #3 (3.5551e-02, 7.7147e-04): lin 1 (0.0e+00)
-------------------------------------------------------------------------------------------------------------
 T = 664.593, DT = 365, NI = 3, LI = 3, RES = 6.4e-06 (2.5e-06), CFL=0.000 (ELAPSED 00:00:06, REMAINING 00:00:12 )
-------------------------------------------------------------------------------------------------------------
	 #1 (6.8160e+00, 1.0106e-04): lin 1 (0.0e+00)
	 #2 (1.3173e+00, 7.0221e-01): lin 1 (0.0e+00)
	 #3 (1.6156e-02, 4.3742e-04): lin 1 (0.0e+00)
-------------------------------------------------------------------------------------------------------------
 T = 1029.59, DT = 365, NI = 3, LI = 3, RES = 9.8e-07 (1.8e-06), CFL=0.000 (ELAPSED 00:00:07, REMAINING 00:00:09 )
-------------------------------------------------------------------------------------------------------------
	 #1 (5.5772e+00, 8.8678e-04): lin 1 (0.0e+00)
	 #2 (7.1826e-01, 4.7652e-01): lin 1 (0.0e+00)
-------------------------------------------------------------------------------------------------------------
 T = 1394.59, DT = 365, NI = 2, LI = 2, RES = 6.3e-03 (1.7e-03), CFL=0.000 (ELAPSED 00:00:07, REMAINING 00:00:07 )
-------------------------------------------------------------------------------------------------------------
	 #1 (4.9000e+00, 2.7715e-03): lin 1 (0.0e+00)
	 #2 (4.6752e-01, 6.5792e+01): lin 1 (0.0e+00)
-------------------------------------------------------------------------------------------------------------
 T = 1759.59, DT = 365, NI = 2, LI = 2, RES = 2.0e-03 (2.1e-02), CFL=0.000 (ELAPSED 00:00:08, REMAINING 00:00:05 )
-------------------------------------------------------------------------------------------------------------
	 #1 (4.4542e+00, 2.0139e-02): lin 1 (0.0e+00)
	 #2 (3.3365e-01, 1.6405e+02): lin 1 (0.0e+00)
-------------------------------------------------------------------------------------------------------------
 T = 2124.59, DT = 365, NI = 2, LI = 2, RES = 5.5e-03 (2.4e-01), CFL=0.000 (ELAPSED 00:00:09, REMAINING 00:00:04 )
-------------------------------------------------------------------------------------------------------------
	 #1 (4.1269e+00, 2.4324e-01): lin 1 (0.0e+00)
	 #2 (2.9478e-01, 5.8038e+02): lin 1 (0.0e+00)
-------------------------------------------------------------------------------------------------------------
 T = 2489.59, DT = 365, NI = 2, LI = 2, RES = 1.1e-03 (1.5e-01), CFL=0.000 (ELAPSED 00:00:10, REMAINING 00:00:03 )
-------------------------------------------------------------------------------------------------------------
	 #1 (3.8648e+00, 1.4072e-01): lin 1 (0.0e+00)
	 #2 (2.0390e-01, 2.6387e+02): lin 1 (0.0e+00)
	 #3 (8.9201e-04, 3.9533e+01): lin 1 (0.0e+00)
-------------------------------------------------------------------------------------------------------------
 T = 2854.59, DT = 365, NI = 3, LI = 3, RES = 9.5e-09 (3.6e-04), CFL=0.000 (ELAPSED 00:00:11, REMAINING 00:00:02 )
-------------------------------------------------------------------------------------------------------------
	 #1 (3.6455e+00, 7.6772e-03): lin 1 (0.0e+00)
	 #2 (1.7331e-01, 1.3594e+03): lin 1 (0.0e+00)
-------------------------------------------------------------------------------------------------------------
 T = 3219.59, DT = 365, NI = 2, LI = 2, RES = 9.3e-04 (3.0e-01), CFL=0.000 (ELAPSED 00:00:11, REMAINING 00:00:01 )
-------------------------------------------------------------------------------------------------------------
	 #1 (3.4579e+00, 2.8757e-01): lin 1 (0.0e+00)
	 #2 (1.4173e-01, 9.8836e+02): lin 1 (0.0e+00)
-------------------------------------------------------------------------------------------------------------
 T = 3584.59, DT = 365, NI = 2, LI = 2, RES = 3.4e-04 (8.0e-01), CFL=0.000 (ELAPSED 00:00:12, REMAINING 00:00:01 )
-------------------------------------------------------------------------------------------------------------
	 #1 (5.9042e-01, 1.4347e-01): lin 1 (0.0e+00)
-------------------------------------------------------------------------------------------------------------
 T = 3650, DT = 65.407, NI = 1, LI = 1, RES = 2.6e-03 (5.9e-02), CFL=0.000 (ELAPSED 00:00:13, REMAINING 00:00:00 )
-------------------------------------------------------------------------------------------------------------

Total steps 17 (0) newton 36 (0) linear 36 (0)
---OBL Statistics---
Number of operators: 12
Number of points: 128
Number of interpolations: 6998400 
Number of points used: 215 (1.312%)
Total elapsed 13.167760 sec
	jacobian assembly 1.420685 sec
		interpolation 1.147870 sec
			reservoir interpolation 0.966503 sec
				body generation 0.910620 sec
					point generation 0.910362 sec
			well controls interpolation 0.119290 sec
				body generation 0.119110 sec
					point generation 0.119082 sec
			well interpolation 0.233422 sec
				body generation 0.233304 sec
					point generation 0.233254 sec
	linear solver setup 0.000059 sec
		SUPERLU 0.000008 sec
	linear solver solve 11.724743 sec
		SUPERLU 11.680489 sec
	newton update 0.008132 sec
		composition correction 0.000062 sec
